TpTrace Verbose: 0 : 165606, 1, 2026/02/19, 10:38:51.839, 1119168933038183, vstest.console.dll, Version: 18.0.1-release-26075-103 Current process architecture: X64
TpTrace Verbose: 0 : 165606, 1, 2026/02/19, 10:38:51.841, 1119168935032664, vstest.console.dll, Runtime location: /usr/share/dotnet/shared/Microsoft.NETCore.App/10.0.3
TpTrace Information: 0 : 165606, 1, 2026/02/19, 10:38:51.843, 1119168937447970, vstest.console.dll, Using .Net Framework version:.NETCoreApp,Version=v10.0
TpTrace Verbose: 0 : 165606, 1, 2026/02/19, 10:38:51.844, 1119168937561886, vstest.console.dll, ArtifactProcessingPostProcessModeProcessorExecutor.Initialize: ArtifactProcessingMode.Collect
TpTrace Verbose: 0 : 165606, 1, 2026/02/19, 10:38:51.844, 1119168937613727, vstest.console.dll, TestSessionCorrelationIdProcessorModeProcessorExecutor.Initialize: TestSessionCorrelationId '165580_c80adfb9-ed87-4a0d-b8ca-f9f59a6c3fb1'
TpTrace Information: 0 : 165606, 1, 2026/02/19, 10:38:51.847, 1119168940481416, vstest.console.dll, FilePatternParser: The given file /tmp/ghost-build/bin/Ghost.Plugin.LinkedIn.End2EndTests/Debug/net10.0/Ghost.Plugin.LinkedIn.End2EndTests.dll is a full path.
TpTrace Verbose: 0 : 165606, 1, 2026/02/19, 10:38:51.850, 1119168944041480, vstest.console.dll, TestPluginCache.DiscoverTestExtensions: finding test extensions in assemblies ends with: RuntimeProvider.dll TPluginInfo: Microsoft.VisualStudio.TestPlatform.Common.ExtensionFramework.Utilities.TestRuntimePluginInformation TExtension: Microsoft.VisualStudio.TestPlatform.ObjectModel.Host.ITestRuntimeProvider
TpTrace Verbose: 0 : 165606, 1, 2026/02/19, 10:38:51.851, 1119168944599652, vstest.console.dll, TestPluginCache.GetExtensionPaths: Filtered extension paths: 
TpTrace Verbose: 0 : 165606, 1, 2026/02/19, 10:38:51.851, 1119168944801782, vstest.console.dll, TestPluginCache.GetExtensionPaths: Added default extension paths: /usr/share/dotnet/sdk/10.0.103/Extensions/Microsoft.TestPlatform.Extensions.EventLogCollector.dll
/usr/share/dotnet/sdk/10.0.103/Extensions/Microsoft.VisualStudio.TestPlatform.Extensions.Trx.TestLogger.dll
/usr/share/dotnet/sdk/10.0.103/Extensions/Microsoft.TestPlatform.TestHostRuntimeProvider.dll
/usr/share/dotnet/sdk/10.0.103/Extensions/Microsoft.VisualStudio.TestPlatform.Extensions.Html.TestLogger.dll
/usr/share/dotnet/sdk/10.0.103/Extensions/Microsoft.Diagnostics.NETCore.Client.dll
/usr/share/dotnet/sdk/10.0.103/Extensions/Microsoft.TestPlatform.Extensions.BlameDataCollector.dll
TpTrace Verbose: 0 : 165606, 1, 2026/02/19, 10:38:51.851, 1119168944975871, vstest.console.dll, TestPluginCache.GetExtensionPaths: Added unfilterableExtensionPaths: 
TpTrace Information: 0 : 165606, 1, 2026/02/19, 10:38:51.852, 1119168945624066, vstest.console.dll, AssemblyResolver.ctor: Creating AssemblyResolver with searchDirectories /usr/share/dotnet/sdk/10.0.103/Extensions,/usr/share/dotnet/sdk/10.0.103
TpTrace Verbose: 0 : 165606, 1, 2026/02/19, 10:38:51.853, 1119168946812213, vstest.console.dll, TestPluginCache.DiscoverTestExtensions: Discovering the extensions using extension path.
TpTrace Verbose: 0 : 165606, 1, 2026/02/19, 10:38:51.853, 1119168947143864, vstest.console.dll, TestPluginCache.GetExtensionPaths: Filtered extension paths: 
TpTrace Verbose: 0 : 165606, 1, 2026/02/19, 10:38:51.853, 1119168947302932, vstest.console.dll, TestPluginCache.GetExtensionPaths: Added default extension paths: /usr/share/dotnet/sdk/10.0.103/Extensions/Microsoft.TestPlatform.Extensions.EventLogCollector.dll
/usr/share/dotnet/sdk/10.0.103/Extensions/Microsoft.VisualStudio.TestPlatform.Extensions.Trx.TestLogger.dll
/usr/share/dotnet/sdk/10.0.103/Extensions/Microsoft.TestPlatform.TestHostRuntimeProvider.dll
/usr/share/dotnet/sdk/10.0.103/Extensions/Microsoft.VisualStudio.TestPlatform.Extensions.Html.TestLogger.dll
/usr/share/dotnet/sdk/10.0.103/Extensions/Microsoft.Diagnostics.NETCore.Client.dll
/usr/share/dotnet/sdk/10.0.103/Extensions/Microsoft.TestPlatform.Extensions.BlameDataCollector.dll
TpTrace Verbose: 0 : 165606, 1, 2026/02/19, 10:38:51.854, 1119168947470855, vstest.console.dll, TestPluginCache.GetExtensionPaths: Added unfilterableExtensionPaths: 
TpTrace Verbose: 0 : 165606, 1, 2026/02/19, 10:38:51.854, 1119168947654044, vstest.console.dll, TestPluginCache.DiscoverTestExtensions: Discovering the extensions using allExtensionPaths: /usr/share/dotnet/sdk/10.0.103/Extensions/Microsoft.TestPlatform.Extensions.EventLogCollector.dll
/usr/share/dotnet/sdk/10.0.103/Extensions/Microsoft.VisualStudio.TestPlatform.Extensions.Trx.TestLogger.dll
/usr/share/dotnet/sdk/10.0.103/Extensions/Microsoft.TestPlatform.TestHostRuntimeProvider.dll
/usr/share/dotnet/sdk/10.0.103/Extensions/Microsoft.VisualStudio.TestPlatform.Extensions.Html.TestLogger.dll
/usr/share/dotnet/sdk/10.0.103/Extensions/Microsoft.Diagnostics.NETCore.Client.dll
/usr/share/dotnet/sdk/10.0.103/Extensions/Microsoft.TestPlatform.Extensions.BlameDataCollector.dll
TpTrace Information: 0 : 165606, 1, 2026/02/19, 10:38:51.854, 1119168947874060, vstest.console.dll, AssemblyResolver.AddSearchDirectories: Adding more searchDirectories /usr/share/dotnet/sdk/10.0.103/Extensions,/usr/share/dotnet/sdk/10.0.103
TpTrace Information: 0 : 165606, 1, 2026/02/19, 10:38:51.854, 1119168948047402, vstest.console.dll, AssemblyResolver.AddSearchDirectories: Adding more searchDirectories /usr/share/dotnet/sdk/10.0.103/Extensions,/usr/share/dotnet/sdk/10.0.103
TpTrace Information: 0 : 165606, 1, 2026/02/19, 10:38:51.854, 1119168948189472, vstest.console.dll, AssemblyResolver.AddSearchDirectories: Adding more searchDirectories /usr/share/dotnet/sdk/10.0.103/Extensions,/usr/share/dotnet/sdk/10.0.103
TpTrace Information: 0 : 165606, 1, 2026/02/19, 10:38:51.854, 1119168948314916, vstest.console.dll, AssemblyResolver.AddSearchDirectories: Adding more searchDirectories /usr/share/dotnet/sdk/10.0.103/Extensions,/usr/share/dotnet/sdk/10.0.103
TpTrace Information: 0 : 165606, 1, 2026/02/19, 10:38:51.854, 1119168948441112, vstest.console.dll, AssemblyResolver.AddSearchDirectories: Adding more searchDirectories /usr/share/dotnet/sdk/10.0.103/Extensions,/usr/share/dotnet/sdk/10.0.103
TpTrace Information: 0 : 165606, 1, 2026/02/19, 10:38:51.855, 1119168948586858, vstest.console.dll, AssemblyResolver.AddSearchDirectories: Adding more searchDirectories /usr/share/dotnet/sdk/10.0.103/Extensions,/usr/share/dotnet/sdk/10.0.103
TpTrace Information: 0 : 165606, 1, 2026/02/19, 10:38:51.855, 1119168949281452, vstest.console.dll, AssemblyResolver.OnResolve: Microsoft.TestPlatform.Extensions.EventLogCollector: Resolving assembly.
TpTrace Information: 0 : 165606, 1, 2026/02/19, 10:38:51.856, 1119168949509661, vstest.console.dll, AssemblyResolver.OnResolve: Microsoft.TestPlatform.Extensions.EventLogCollector: Searching in: '/usr/share/dotnet/sdk/10.0.103/Extensions'.
TpTrace Information: 0 : 165606, 1, 2026/02/19, 10:38:51.864, 1119168957714779, vstest.console.dll, AssemblyResolver.OnResolve: Microsoft.TestPlatform.Extensions.EventLogCollector: Loading assembly '/usr/share/dotnet/sdk/10.0.103/Extensions/Microsoft.TestPlatform.Extensions.EventLogCollector.dll'.
TpTrace Information: 0 : 165606, 1, 2026/02/19, 10:38:51.864, 1119168958196004, vstest.console.dll, AssemblyResolver.OnResolve: Resolved assembly: Microsoft.TestPlatform.Extensions.EventLogCollector, from path: /usr/share/dotnet/sdk/10.0.103/Extensions/Microsoft.TestPlatform.Extensions.EventLogCollector.dll
TpTrace Verbose: 0 : 165606, 1, 2026/02/19, 10:38:51.865, 1119168959289082, vstest.console.dll, MetadataReaderExtensionsHelper: Discovering extensions inside assembly 'Microsoft.TestPlatform.Extensions.EventLogCollector, Version=15.0.0.0, Culture=neutral, PublicKeyToken=b03f5f7f11d50a3a' file path '/usr/share/dotnet/sdk/10.0.103/Extensions/Microsoft.TestPlatform.Extensions.EventLogCollector.dll'
TpTrace Information: 0 : 165606, 1, 2026/02/19, 10:38:51.868, 1119168961630868, vstest.console.dll, AssemblyResolver.OnResolve: Microsoft.VisualStudio.TestPlatform.Extensions.Trx.TestLogger: Resolving assembly.
TpTrace Information: 0 : 165606, 1, 2026/02/19, 10:38:51.868, 1119168961885306, vstest.console.dll, AssemblyResolver.OnResolve: Microsoft.VisualStudio.TestPlatform.Extensions.Trx.TestLogger: Searching in: '/usr/share/dotnet/sdk/10.0.103/Extensions'.
TpTrace Information: 0 : 165606, 1, 2026/02/19, 10:38:51.868, 1119168962229815, vstest.console.dll, AssemblyResolver.OnResolve: Microsoft.VisualStudio.TestPlatform.Extensions.Trx.TestLogger: Loading assembly '/usr/share/dotnet/sdk/10.0.103/Extensions/Microsoft.VisualStudio.TestPlatform.Extensions.Trx.TestLogger.dll'.
TpTrace Information: 0 : 165606, 1, 2026/02/19, 10:38:51.869, 1119168962562218, vstest.console.dll, AssemblyResolver.OnResolve: Resolved assembly: Microsoft.VisualStudio.TestPlatform.Extensions.Trx.TestLogger, from path: /usr/share/dotnet/sdk/10.0.103/Extensions/Microsoft.VisualStudio.TestPlatform.Extensions.Trx.TestLogger.dll
TpTrace Verbose: 0 : 165606, 1, 2026/02/19, 10:38:51.869, 1119168962721114, vstest.console.dll, MetadataReaderExtensionsHelper: Discovering extensions inside assembly 'Microsoft.VisualStudio.TestPlatform.Extensions.Trx.TestLogger, Version=15.0.0.0, Culture=neutral, PublicKeyToken=b03f5f7f11d50a3a' file path '/usr/share/dotnet/sdk/10.0.103/Extensions/Microsoft.VisualStudio.TestPlatform.Extensions.Trx.TestLogger.dll'
TpTrace Information: 0 : 165606, 1, 2026/02/19, 10:38:51.870, 1119168963507932, vstest.console.dll, AssemblyResolver.OnResolve: Microsoft.TestPlatform.TestHostRuntimeProvider: Resolving assembly.
TpTrace Information: 0 : 165606, 1, 2026/02/19, 10:38:51.870, 1119168963707530, vstest.console.dll, AssemblyResolver.OnResolve: Microsoft.TestPlatform.TestHostRuntimeProvider: Searching in: '/usr/share/dotnet/sdk/10.0.103/Extensions'.
TpTrace Information: 0 : 165606, 1, 2026/02/19, 10:38:51.870, 1119168963949464, vstest.console.dll, AssemblyResolver.OnResolve: Microsoft.TestPlatform.TestHostRuntimeProvider: Loading assembly '/usr/share/dotnet/sdk/10.0.103/Extensions/Microsoft.TestPlatform.TestHostRuntimeProvider.dll'.
TpTrace Information: 0 : 165606, 1, 2026/02/19, 10:38:51.870, 1119168964265491, vstest.console.dll, AssemblyResolver.OnResolve: Resolved assembly: Microsoft.TestPlatform.TestHostRuntimeProvider, from path: /usr/share/dotnet/sdk/10.0.103/Extensions/Microsoft.TestPlatform.TestHostRuntimeProvider.dll
TpTrace Verbose: 0 : 165606, 1, 2026/02/19, 10:38:51.870, 1119168964444533, vstest.console.dll, MetadataReaderExtensionsHelper: Discovering extensions inside assembly 'Microsoft.TestPlatform.TestHostRuntimeProvider, Version=15.0.0.0, Culture=neutral, PublicKeyToken=b03f5f7f11d50a3a' file path '/usr/share/dotnet/sdk/10.0.103/Extensions/Microsoft.TestPlatform.TestHostRuntimeProvider.dll'
TpTrace Information: 0 : 165606, 1, 2026/02/19, 10:38:51.872, 1119168965757456, vstest.console.dll, GetTestExtensionFromType: Register extension with identifier data 'HostProvider://DefaultTestHost' and type 'Microsoft.VisualStudio.TestPlatform.CrossPlatEngine.Hosting.DefaultTestHostManager, Microsoft.TestPlatform.TestHostRuntimeProvider, Version=15.0.0.0, Culture=neutral, PublicKeyToken=b03f5f7f11d50a3a' inside file '/usr/share/dotnet/sdk/10.0.103/Extensions/Microsoft.TestPlatform.TestHostRuntimeProvider.dll'
TpTrace Information: 0 : 165606, 1, 2026/02/19, 10:38:51.872, 1119168966328582, vstest.console.dll, GetTestExtensionFromType: Register extension with identifier data 'HostProvider://DotnetTestHost' and type 'Microsoft.VisualStudio.TestPlatform.CrossPlatEngine.Hosting.DotnetTestHostManager, Microsoft.TestPlatform.TestHostRuntimeProvider, Version=15.0.0.0, Culture=neutral, PublicKeyToken=b03f5f7f11d50a3a' inside file '/usr/share/dotnet/sdk/10.0.103/Extensions/Microsoft.TestPlatform.TestHostRuntimeProvider.dll'
TpTrace Information: 0 : 165606, 1, 2026/02/19, 10:38:51.873, 1119168966566889, vstest.console.dll, AssemblyResolver.OnResolve: Microsoft.VisualStudio.TestPlatform.Extensions.Html.TestLogger: Resolving assembly.
TpTrace Information: 0 : 165606, 1, 2026/02/19, 10:38:51.873, 1119168966702102, vstest.console.dll, AssemblyResolver.OnResolve: Microsoft.VisualStudio.TestPlatform.Extensions.Html.TestLogger: Searching in: '/usr/share/dotnet/sdk/10.0.103/Extensions'.
TpTrace Information: 0 : 165606, 1, 2026/02/19, 10:38:51.873, 1119168966939058, vstest.console.dll, AssemblyResolver.OnResolve: Microsoft.VisualStudio.TestPlatform.Extensions.Html.TestLogger: Loading assembly '/usr/share/dotnet/sdk/10.0.103/Extensions/Microsoft.VisualStudio.TestPlatform.Extensions.Html.TestLogger.dll'.
TpTrace Information: 0 : 165606, 1, 2026/02/19, 10:38:51.873, 1119168967280277, vstest.console.dll, AssemblyResolver.OnResolve: Resolved assembly: Microsoft.VisualStudio.TestPlatform.Extensions.Html.TestLogger, from path: /usr/share/dotnet/sdk/10.0.103/Extensions/Microsoft.VisualStudio.TestPlatform.Extensions.Html.TestLogger.dll
TpTrace Verbose: 0 : 165606, 1, 2026/02/19, 10:38:51.873, 1119168967437967, vstest.console.dll, MetadataReaderExtensionsHelper: Discovering extensions inside assembly 'Microsoft.VisualStudio.TestPlatform.Extensions.Html.TestLogger, Version=15.0.0.0, Culture=neutral, PublicKeyToken=b03f5f7f11d50a3a' file path '/usr/share/dotnet/sdk/10.0.103/Extensions/Microsoft.VisualStudio.TestPlatform.Extensions.Html.TestLogger.dll'
TpTrace Information: 0 : 165606, 1, 2026/02/19, 10:38:51.874, 1119168968119427, vstest.console.dll, AssemblyResolver.OnResolve: Microsoft.Diagnostics.NETCore.Client: Resolving assembly.
TpTrace Information: 0 : 165606, 1, 2026/02/19, 10:38:51.874, 1119168968309022, vstest.console.dll, AssemblyResolver.OnResolve: Microsoft.Diagnostics.NETCore.Client: Searching in: '/usr/share/dotnet/sdk/10.0.103/Extensions'.
TpTrace Information: 0 : 165606, 1, 2026/02/19, 10:38:51.875, 1119168968541009, vstest.console.dll, AssemblyResolver.OnResolve: Microsoft.Diagnostics.NETCore.Client: Loading assembly '/usr/share/dotnet/sdk/10.0.103/Extensions/Microsoft.Diagnostics.NETCore.Client.dll'.
TpTrace Information: 0 : 165606, 1, 2026/02/19, 10:38:51.875, 1119168968840163, vstest.console.dll, AssemblyResolver.OnResolve: Resolved assembly: Microsoft.Diagnostics.NETCore.Client, from path: /usr/share/dotnet/sdk/10.0.103/Extensions/Microsoft.Diagnostics.NETCore.Client.dll
TpTrace Verbose: 0 : 165606, 1, 2026/02/19, 10:38:51.875, 1119168969186500, vstest.console.dll, MetadataReaderExtensionsHelper: Discovering extensions inside assembly 'Microsoft.Diagnostics.NETCore.Client, Version=0.2.14.7603, Culture=neutral, PublicKeyToken=31bf3856ad364e35' file path '/usr/share/dotnet/sdk/10.0.103/Extensions/Microsoft.Diagnostics.NETCore.Client.dll'
TpTrace Information: 0 : 165606, 1, 2026/02/19, 10:38:51.876, 1119168970021977, vstest.console.dll, AssemblyResolver.OnResolve: Microsoft.Bcl.AsyncInterfaces: Resolving assembly.
TpTrace Information: 0 : 165606, 1, 2026/02/19, 10:38:51.876, 1119168970218663, vstest.console.dll, AssemblyResolver.OnResolve: Microsoft.Bcl.AsyncInterfaces: Searching in: '/usr/share/dotnet/sdk/10.0.103/Extensions'.
TpTrace Information: 0 : 165606, 1, 2026/02/19, 10:38:51.876, 1119168970352669, vstest.console.dll, AssemblyResolver.OnResolve: Microsoft.Bcl.AsyncInterfaces: Assembly path does not exist: '/usr/share/dotnet/sdk/10.0.103/Extensions/Microsoft.Bcl.AsyncInterfaces.dll', returning.
TpTrace Information: 0 : 165606, 1, 2026/02/19, 10:38:51.877, 1119168970475011, vstest.console.dll, AssemblyResolver.OnResolve: Microsoft.Bcl.AsyncInterfaces: Assembly path does not exist: '/usr/share/dotnet/sdk/10.0.103/Extensions/Microsoft.Bcl.AsyncInterfaces.exe', returning.
TpTrace Information: 0 : 165606, 1, 2026/02/19, 10:38:51.877, 1119168970586709, vstest.console.dll, AssemblyResolver.OnResolve: Microsoft.Bcl.AsyncInterfaces: Searching in: '/usr/share/dotnet/sdk/10.0.103'.
TpTrace Information: 0 : 165606, 1, 2026/02/19, 10:38:51.877, 1119168970704792, vstest.console.dll, AssemblyResolver.OnResolve: Microsoft.Bcl.AsyncInterfaces: Assembly path does not exist: '/usr/share/dotnet/sdk/10.0.103/Microsoft.Bcl.AsyncInterfaces.dll', returning.
TpTrace Information: 0 : 165606, 1, 2026/02/19, 10:38:51.877, 1119168970829257, vstest.console.dll, AssemblyResolver.OnResolve: Microsoft.Bcl.AsyncInterfaces: Assembly path does not exist: '/usr/share/dotnet/sdk/10.0.103/Microsoft.Bcl.AsyncInterfaces.exe', returning.
TpTrace Information: 0 : 165606, 1, 2026/02/19, 10:38:51.877, 1119168970943012, vstest.console.dll, AssemblyResolver.OnResolve: Microsoft.Bcl.AsyncInterfaces: Failed to load assembly.
TpTrace Verbose: 0 : 165606, 1, 2026/02/19, 10:38:51.877, 1119168971106427, vstest.console.dll, CurrentDomainAssemblyResolve: Resolving assembly 'Microsoft.Bcl.AsyncInterfaces'.
TpTrace Information: 0 : 165606, 1, 2026/02/19, 10:38:51.877, 1119168971256232, vstest.console.dll, AssemblyResolver.OnResolve: Microsoft.Bcl.AsyncInterfaces: Resolving assembly.
TpTrace Information: 0 : 165606, 1, 2026/02/19, 10:38:51.877, 1119168971441016, vstest.console.dll, AssemblyResolver.OnResolve: Microsoft.Bcl.AsyncInterfaces: Resolved from cache.
TpTrace Verbose: 0 : 165606, 1, 2026/02/19, 10:38:51.878, 1119168971570803, vstest.console.dll, CurrentDomainAssemblyResolve: Resolving assembly 'Microsoft.Bcl.AsyncInterfaces'.
TpTrace Verbose: 0 : 165606, 1, 2026/02/19, 10:38:51.878, 1119168971698768, vstest.console.dll, CurrentDomainAssemblyResolve: Failed to resolve assembly 'Microsoft.Bcl.AsyncInterfaces'.
TpTrace Verbose: 0 : 165606, 1, 2026/02/19, 10:38:51.878, 1119168972049504, vstest.console.dll, CurrentDomainAssemblyResolve: Failed to resolve assembly 'Microsoft.Bcl.AsyncInterfaces'.
TpTrace Information: 0 : 165606, 1, 2026/02/19, 10:38:51.880, 1119168973809400, vstest.console.dll, AssemblyResolver.OnResolve: Microsoft.Bcl.AsyncInterfaces: Resolving assembly.
TpTrace Information: 0 : 165606, 1, 2026/02/19, 10:38:51.880, 1119168974049636, vstest.console.dll, AssemblyResolver.OnResolve: Microsoft.Bcl.AsyncInterfaces: Resolved from cache.
TpTrace Verbose: 0 : 165606, 1, 2026/02/19, 10:38:51.880, 1119168974204215, vstest.console.dll, CurrentDomainAssemblyResolve: Resolving assembly 'Microsoft.Bcl.AsyncInterfaces'.
TpTrace Verbose: 0 : 165606, 1, 2026/02/19, 10:38:51.880, 1119168974326912, vstest.console.dll, CurrentDomainAssemblyResolve: Failed to resolve assembly 'Microsoft.Bcl.AsyncInterfaces'.
TpTrace Information: 0 : 165606, 1, 2026/02/19, 10:38:51.881, 1119168975196953, vstest.console.dll, AssemblyResolver.OnResolve: Microsoft.Bcl.AsyncInterfaces: Resolving assembly.
TpTrace Information: 0 : 165606, 1, 2026/02/19, 10:38:51.881, 1119168975361869, vstest.console.dll, AssemblyResolver.OnResolve: Microsoft.Bcl.AsyncInterfaces: Resolved from cache.
TpTrace Verbose: 0 : 165606, 1, 2026/02/19, 10:38:51.882, 1119168975490391, vstest.console.dll, CurrentDomainAssemblyResolve: Resolving assembly 'Microsoft.Bcl.AsyncInterfaces'.
TpTrace Verbose: 0 : 165606, 1, 2026/02/19, 10:38:51.882, 1119168975626704, vstest.console.dll, CurrentDomainAssemblyResolve: Failed to resolve assembly 'Microsoft.Bcl.AsyncInterfaces'.
TpTrace Warning: 0 : 165606, 1, 2026/02/19, 10:38:51.891, 1119168984524373, vstest.console.dll, TestPluginDiscoverer: Failed to get types from assembly 'Microsoft.Diagnostics.NETCore.Client, Version=0.2.14.7603, Culture=neutral, PublicKeyToken=31bf3856ad364e35'. Error: System.Reflection.ReflectionTypeLoadException: Unable to load one or more of the requested types.
Could not load file or assembly 'Microsoft.Bcl.AsyncInterfaces, Version=9.0.0.8, Culture=neutral, PublicKeyToken=cc7b13ffcd2ddd51'. The system cannot find the file specified.

Could not load file or assembly 'Microsoft.Bcl.AsyncInterfaces, Version=9.0.0.8, Culture=neutral, PublicKeyToken=cc7b13ffcd2ddd51'. The system cannot find the file specified.

Could not load file or assembly 'Microsoft.Bcl.AsyncInterfaces, Version=9.0.0.8, Culture=neutral, PublicKeyToken=cc7b13ffcd2ddd51'. The system cannot find the file specified.

   at System.Reflection.RuntimeModule.GetDefinedTypes()
   at System.Reflection.RuntimeModule.GetTypes()
   at Microsoft.VisualStudio.TestPlatform.Common.ExtensionFramework.TestPluginDiscoverer.GetTestExtensionsFromAssembly[TPluginInfo,TExtension](Assembly assembly, Dictionary`2 pluginInfos, String filePath) in /_/src/vstest/src/Microsoft.TestPlatform.Common/ExtensionFramework/TestPluginDiscoverer.cs:line 159
System.IO.FileNotFoundException: Could not load file or assembly 'Microsoft.Bcl.AsyncInterfaces, Version=9.0.0.8, Culture=neutral, PublicKeyToken=cc7b13ffcd2ddd51'. The system cannot find the file specified.

File name: 'Microsoft.Bcl.AsyncInterfaces, Version=9.0.0.8, Culture=neutral, PublicKeyToken=cc7b13ffcd2ddd51'
 ---> System.IO.FileNotFoundException: Could not load file or assembly 'Microsoft.Bcl.AsyncInterfaces, Culture=neutral, PublicKeyToken=null'. The system cannot find the file specified.

File name: 'Microsoft.Bcl.AsyncInterfaces, Culture=neutral, PublicKeyToken=null'
   at System.Reflection.RuntimeAssembly.InternalLoad(AssemblyName assemblyName, StackCrawlMark& stackMark, AssemblyLoadContext assemblyLoadContext, RuntimeAssembly requestingAssembly, Boolean throwOnFileNotFound)
   at System.Reflection.Assembly.Load(AssemblyName assemblyRef)
   at Microsoft.VisualStudio.TestPlatform.Common.ExtensionFramework.TestPluginCache.CurrentDomainAssemblyResolve(Object sender, AssemblyResolveEventArgs args) in /_/src/vstest/src/Microsoft.TestPlatform.Common/ExtensionFramework/TestPluginCache.cs:line 514
   at System.Runtime.Loader.AssemblyLoadContext.GetFirstResolvedAssemblyFromResolvingEvent(AssemblyName assemblyName)
   at System.Runtime.Loader.AssemblyLoadContext.ResolveUsingEvent(AssemblyName assemblyName)
System.IO.FileNotFoundException: Could not load file or assembly 'Microsoft.Bcl.AsyncInterfaces, Version=9.0.0.8, Culture=neutral, PublicKeyToken=cc7b13ffcd2ddd51'. The system cannot find the file specified.

File name: 'Microsoft.Bcl.AsyncInterfaces, Version=9.0.0.8, Culture=neutral, PublicKeyToken=cc7b13ffcd2ddd51'
System.IO.FileNotFoundException: Could not load file or assembly 'Microsoft.Bcl.AsyncInterfaces, Version=9.0.0.8, Culture=neutral, PublicKeyToken=cc7b13ffcd2ddd51'. The system cannot find the file specified.

File name: 'Microsoft.Bcl.AsyncInterfaces, Version=9.0.0.8, Culture=neutral, PublicKeyToken=cc7b13ffcd2ddd51'
TpTrace Warning: 0 : 165606, 1, 2026/02/19, 10:38:51.891, 1119168985045721, vstest.console.dll, LoaderExceptions: System.IO.FileNotFoundException: Could not load file or assembly 'Microsoft.Bcl.AsyncInterfaces, Version=9.0.0.8, Culture=neutral, PublicKeyToken=cc7b13ffcd2ddd51'. The system cannot find the file specified.

File name: 'Microsoft.Bcl.AsyncInterfaces, Version=9.0.0.8, Culture=neutral, PublicKeyToken=cc7b13ffcd2ddd51'
 ---> System.IO.FileNotFoundException: Could not load file or assembly 'Microsoft.Bcl.AsyncInterfaces, Culture=neutral, PublicKeyToken=null'. The system cannot find the file specified.

File name: 'Microsoft.Bcl.AsyncInterfaces, Culture=neutral, PublicKeyToken=null'
   at System.Reflection.RuntimeAssembly.InternalLoad(AssemblyName assemblyName, StackCrawlMark& stackMark, AssemblyLoadContext assemblyLoadContext, RuntimeAssembly requestingAssembly, Boolean throwOnFileNotFound)
   at System.Reflection.Assembly.Load(AssemblyName assemblyRef)
   at Microsoft.VisualStudio.TestPlatform.Common.ExtensionFramework.TestPluginCache.CurrentDomainAssemblyResolve(Object sender, AssemblyResolveEventArgs args) in /_/src/vstest/src/Microsoft.TestPlatform.Common/ExtensionFramework/TestPluginCache.cs:line 514
   at System.Runtime.Loader.AssemblyLoadContext.GetFirstResolvedAssemblyFromResolvingEvent(AssemblyName assemblyName)
   at System.Runtime.Loader.AssemblyLoadContext.ResolveUsingEvent(AssemblyName assemblyName)
TpTrace Warning: 0 : 165606, 1, 2026/02/19, 10:38:51.891, 1119168985241297, vstest.console.dll, LoaderExceptions: System.IO.FileNotFoundException: Could not load file or assembly 'Microsoft.Bcl.AsyncInterfaces, Version=9.0.0.8, Culture=neutral, PublicKeyToken=cc7b13ffcd2ddd51'. The system cannot find the file specified.

File name: 'Microsoft.Bcl.AsyncInterfaces, Version=9.0.0.8, Culture=neutral, PublicKeyToken=cc7b13ffcd2ddd51'
TpTrace Warning: 0 : 165606, 1, 2026/02/19, 10:38:51.891, 1119168985366118, vstest.console.dll, LoaderExceptions: System.IO.FileNotFoundException: Could not load file or assembly 'Microsoft.Bcl.AsyncInterfaces, Version=9.0.0.8, Culture=neutral, PublicKeyToken=cc7b13ffcd2ddd51'. The system cannot find the file specified.

File name: 'Microsoft.Bcl.AsyncInterfaces, Version=9.0.0.8, Culture=neutral, PublicKeyToken=cc7b13ffcd2ddd51'
TpTrace Information: 0 : 165606, 1, 2026/02/19, 10:38:51.892, 1119168985526475, vstest.console.dll, AssemblyResolver.OnResolve: Microsoft.TestPlatform.Extensions.BlameDataCollector: Resolving assembly.
TpTrace Information: 0 : 165606, 1, 2026/02/19, 10:38:51.892, 1119168985658439, vstest.console.dll, AssemblyResolver.OnResolve: Microsoft.TestPlatform.Extensions.BlameDataCollector: Searching in: '/usr/share/dotnet/sdk/10.0.103/Extensions'.
TpTrace Information: 0 : 165606, 1, 2026/02/19, 10:38:51.892, 1119168985880601, vstest.console.dll, AssemblyResolver.OnResolve: Microsoft.TestPlatform.Extensions.BlameDataCollector: Loading assembly '/usr/share/dotnet/sdk/10.0.103/Extensions/Microsoft.TestPlatform.Extensions.BlameDataCollector.dll'.
TpTrace Information: 0 : 165606, 1, 2026/02/19, 10:38:51.892, 1119168986318077, vstest.console.dll, AssemblyResolver.OnResolve: Resolved assembly: Microsoft.TestPlatform.Extensions.BlameDataCollector, from path: /usr/share/dotnet/sdk/10.0.103/Extensions/Microsoft.TestPlatform.Extensions.BlameDataCollector.dll
TpTrace Verbose: 0 : 165606, 1, 2026/02/19, 10:38:51.893, 1119168986518700, vstest.console.dll, MetadataReaderExtensionsHelper: Discovering extensions inside assembly 'Microsoft.TestPlatform.Extensions.BlameDataCollector, Version=15.0.0.0, Culture=neutral, PublicKeyToken=b03f5f7f11d50a3a' file path '/usr/share/dotnet/sdk/10.0.103/Extensions/Microsoft.TestPlatform.Extensions.BlameDataCollector.dll'
TpTrace Verbose: 0 : 165606, 1, 2026/02/19, 10:38:51.894, 1119168987572013, vstest.console.dll, TestPluginCache: Discovered the extensions using extension path ''.
TpTrace Verbose: 0 : 165606, 1, 2026/02/19, 10:38:51.894, 1119168987803531, vstest.console.dll, TestPluginCache: Discoverers are ''.
TpTrace Verbose: 0 : 165606, 1, 2026/02/19, 10:38:51.894, 1119168987936154, vstest.console.dll, TestPluginCache: Executors are ''.
TpTrace Verbose: 0 : 165606, 1, 2026/02/19, 10:38:51.894, 1119168988082334, vstest.console.dll, TestPluginCache: Executors2 are ''.
TpTrace Verbose: 0 : 165606, 1, 2026/02/19, 10:38:51.894, 1119168988210996, vstest.console.dll, TestPluginCache: Setting providers are ''.
TpTrace Verbose: 0 : 165606, 1, 2026/02/19, 10:38:51.894, 1119168988326889, vstest.console.dll, TestPluginCache: Loggers are ''.
TpTrace Verbose: 0 : 165606, 1, 2026/02/19, 10:38:51.895, 1119168988604112, vstest.console.dll, TestPluginCache: TestHosts are 'HostProvider://DefaultTestHost,HostProvider://DotnetTestHost'.
TpTrace Verbose: 0 : 165606, 1, 2026/02/19, 10:38:51.895, 1119168988762771, vstest.console.dll, TestPluginCache: DataCollectors are ''.
TpTrace Information: 0 : 165606, 1, 2026/02/19, 10:38:51.905, 1119168999418651, vstest.console.dll, RunTestsArgumentProcessor:Execute: Test run is starting.
TpTrace Verbose: 0 : 165606, 1, 2026/02/19, 10:38:51.906, 1119168999478601, vstest.console.dll, RunTestsArgumentProcessor:Execute: Queuing Test run.
TpTrace Information: 0 : 165606, 1, 2026/02/19, 10:38:51.906, 1119168999672233, vstest.console.dll, TestRequestManager.RunTests: run tests started.
TpTrace Information: 0 : 165606, 1, 2026/02/19, 10:38:51.907, 1119169001379141, vstest.console.dll, AssemblyMetadataProvider.GetFrameworkName: Determined framework:'.NETCoreApp,Version=v1.0' for source: '/tmp/ghost-build/bin/Ghost.Plugin.LinkedIn.End2EndTests/Debug/net10.0/Ghost.Plugin.LinkedIn.End2EndTests.dll'
TpTrace Information: 0 : 165606, 1, 2026/02/19, 10:38:51.908, 1119169001668474, vstest.console.dll, Determined framework for all sources: .NETCoreApp,Version=v1.0
TpTrace Verbose: 0 : 165606, 1, 2026/02/19, 10:38:51.909, 1119169003355017, vstest.console.dll, TestRequestManager.UpdateRunSettingsIfRequired: Default architecture: X64 IsDefaultTargetArchitecture: True, Current process architecture: X64 OperatingSystem: Unix.
TpTrace Information: 0 : 165606, 1, 2026/02/19, 10:38:51.911, 1119169004991483, vstest.console.dll, AssemblyMetadataProvider.GetArchitecture: Determined architecture:AnyCPU info for assembly: /tmp/ghost-build/bin/Ghost.Plugin.LinkedIn.End2EndTests/Debug/net10.0/Ghost.Plugin.LinkedIn.End2EndTests.dll
TpTrace Information: 0 : 165606, 1, 2026/02/19, 10:38:51.911, 1119169005287035, vstest.console.dll, Determined platform for source '/tmp/ghost-build/bin/Ghost.Plugin.LinkedIn.End2EndTests/Debug/net10.0/Ghost.Plugin.LinkedIn.End2EndTests.dll' was AnyCPU and it will use the default plaform X64.
TpTrace Information: 0 : 165606, 1, 2026/02/19, 10:38:51.911, 1119169005411156, vstest.console.dll, None of the sources provided any runnable platform, using the default platform: X64
TpTrace Information: 0 : 165606, 1, 2026/02/19, 10:38:51.912, 1119169005617993, vstest.console.dll, Platform was updated to 'X64'.
TpTrace Information: 0 : 165606, 1, 2026/02/19, 10:38:51.914, 1119169007545713, vstest.console.dll, Compatible sources list: 
TpTrace Information: 0 : 165606, 1, 2026/02/19, 10:38:51.914, 1119169007779691, vstest.console.dll, /tmp/ghost-build/bin/Ghost.Plugin.LinkedIn.End2EndTests/Debug/net10.0/Ghost.Plugin.LinkedIn.End2EndTests.dll
TpTrace Information: 0 : 165606, 1, 2026/02/19, 10:38:51.917, 1119169010613187, vstest.console.dll, InferRunSettingsHelper.IsTestSettingsEnabled: Unable to navigate to RunSettings/MSTest. Current node: RunSettings
TpTrace Information: 0 : 165606, 1, 2026/02/19, 10:38:51.918, 1119169011510079, vstest.console.dll, AssemblyResolver.OnResolve: Microsoft.VisualStudio.TestPlatform.Fakes: Resolving assembly.
TpTrace Information: 0 : 165606, 1, 2026/02/19, 10:38:51.918, 1119169011726705, vstest.console.dll, AssemblyResolver.OnResolve: Microsoft.VisualStudio.TestPlatform.Fakes: Searching in: '/usr/share/dotnet/sdk/10.0.103/Extensions'.
TpTrace Information: 0 : 165606, 1, 2026/02/19, 10:38:51.918, 1119169011861274, vstest.console.dll, AssemblyResolver.OnResolve: Microsoft.VisualStudio.TestPlatform.Fakes: Assembly path does not exist: '/usr/share/dotnet/sdk/10.0.103/Extensions/Microsoft.VisualStudio.TestPlatform.Fakes.dll', returning.
TpTrace Information: 0 : 165606, 1, 2026/02/19, 10:38:51.918, 1119169011988766, vstest.console.dll, AssemblyResolver.OnResolve: Microsoft.VisualStudio.TestPlatform.Fakes: Assembly path does not exist: '/usr/share/dotnet/sdk/10.0.103/Extensions/Microsoft.VisualStudio.TestPlatform.Fakes.exe', returning.
TpTrace Information: 0 : 165606, 1, 2026/02/19, 10:38:51.918, 1119169012136254, vstest.console.dll, AssemblyResolver.OnResolve: Microsoft.VisualStudio.TestPlatform.Fakes: Searching in: '/usr/share/dotnet/sdk/10.0.103'.
TpTrace Information: 0 : 165606, 1, 2026/02/19, 10:38:51.918, 1119169012266592, vstest.console.dll, AssemblyResolver.OnResolve: Microsoft.VisualStudio.TestPlatform.Fakes: Assembly path does not exist: '/usr/share/dotnet/sdk/10.0.103/Microsoft.VisualStudio.TestPlatform.Fakes.dll', returning.
TpTrace Information: 0 : 165606, 1, 2026/02/19, 10:38:51.918, 1119169012389918, vstest.console.dll, AssemblyResolver.OnResolve: Microsoft.VisualStudio.TestPlatform.Fakes: Assembly path does not exist: '/usr/share/dotnet/sdk/10.0.103/Microsoft.VisualStudio.TestPlatform.Fakes.exe', returning.
TpTrace Information: 0 : 165606, 1, 2026/02/19, 10:38:51.919, 1119169012503251, vstest.console.dll, AssemblyResolver.OnResolve: Microsoft.VisualStudio.TestPlatform.Fakes: Failed to load assembly.
TpTrace Information: 0 : 165606, 1, 2026/02/19, 10:38:51.919, 1119169012818191, vstest.console.dll, Failed to load assembly Microsoft.VisualStudio.TestPlatform.Fakes, Version=18.0.0.0, Culture=neutral. Reason:System.IO.FileNotFoundException: Could not load file or assembly 'Microsoft.VisualStudio.TestPlatform.Fakes, Version=18.0.0.0, Culture=neutral, PublicKeyToken=null'. The system cannot find the file specified.

File name: 'Microsoft.VisualStudio.TestPlatform.Fakes, Version=18.0.0.0, Culture=neutral, PublicKeyToken=null'
   at System.Reflection.RuntimeAssembly.InternalLoad(AssemblyName assemblyName, StackCrawlMark& stackMark, AssemblyLoadContext assemblyLoadContext, RuntimeAssembly requestingAssembly, Boolean throwOnFileNotFound)
   at System.Reflection.Assembly.Load(AssemblyName assemblyRef)
   at Microsoft.VisualStudio.TestPlatform.Common.Utilities.FakesUtilities.LoadTestPlatformAssembly() in /_/src/vstest/src/Microsoft.TestPlatform.Common/Utilities/FakesUtilities.cs:line 200
TpTrace Verbose: 0 : 165606, 1, 2026/02/19, 10:38:51.920, 1119169014145722, vstest.console.dll, TestPluginCache: Update extensions started. Skip filter = False
TpTrace Verbose: 0 : 165606, 1, 2026/02/19, 10:38:51.921, 1119169015032237, vstest.console.dll, TestPluginCache: Using directories for assembly resolution '/home/rrj/.nuget/packages/coverlet.collector/6.0.3/build/netstandard2.0'.
TpTrace Verbose: 0 : 165606, 1, 2026/02/19, 10:38:51.921, 1119169015218428, vstest.console.dll, TestPluginCache: Updated the available extensions to '/home/rrj/.nuget/packages/coverlet.collector/6.0.3/build/netstandard2.0/coverlet.collector.dll'.
TpTrace Verbose: 0 : 165606, 1, 2026/02/19, 10:38:51.930, 1119169023730479, vstest.console.dll, TestEngine: Initializing Parallel Execution as MaxCpuCount is set to: 1
TpTrace Information: 0 : 165606, 1, 2026/02/19, 10:38:51.931, 1119169025093221, vstest.console.dll, TestPluginManager.CreateTestExtension: Attempting to load test extension: Microsoft.VisualStudio.TestPlatform.CrossPlatEngine.Hosting.DefaultTestHostManager
TpTrace Information: 0 : 165606, 1, 2026/02/19, 10:38:51.932, 1119169025584794, vstest.console.dll, TestPluginManager.CreateTestExtension: Attempting to load test extension: Microsoft.VisualStudio.TestPlatform.CrossPlatEngine.Hosting.DotnetTestHostManager
TpTrace Verbose: 0 : 165606, 1, 2026/02/19, 10:38:51.932, 1119169025912624, vstest.console.dll, TestHostManagerCallbacks.ctor: Forwarding output is enabled.
TpTrace Information: 0 : 165606, 1, 2026/02/19, 10:38:51.932, 1119169026445710, vstest.console.dll, InferRunSettingsHelper.IsTestSettingsEnabled: Unable to navigate to RunSettings/MSTest. Current node: RunSettings
TpTrace Verbose: 0 : 165606, 1, 2026/02/19, 10:38:51.934, 1119169028103074, vstest.console.dll, ParallelOperationManager.ClearSlots: Clearing all slots. Slots should accept more work: True
TpTrace Verbose: 0 : 165606, 1, 2026/02/19, 10:38:51.936, 1119169029720086, vstest.console.dll, ParallelOperationManager.SetOccupiedSlotCount: Setting slot counts AvailableSlotCount = 1, OccupiedSlotCount = 0.
TpTrace Verbose: 0 : 165606, 1, 2026/02/19, 10:38:51.936, 1119169030340510, vstest.console.dll, Occupied slots:

TpTrace Verbose: 0 : 165606, 1, 2026/02/19, 10:38:51.940, 1119169033874361, vstest.console.dll, TestEngine.GetExecutionManager: Chosen execution manager 'Microsoft.VisualStudio.TestPlatform.CrossPlatEngine.Client.Parallel.ParallelProxyExecutionManager, Microsoft.TestPlatform.CrossPlatEngine, Version=15.0.0.0, Culture=neutral, PublicKeyToken=b03f5f7f11d50a3a' ParallelLevel '1'.
TpTrace Verbose: 0 : 165606, 1, 2026/02/19, 10:38:51.940, 1119169034291553, vstest.console.dll, TestPlatform.GetSkipDefaultAdapters: Not skipping default adapters SkipDefaultAdapters was false.
TpTrace Verbose: 0 : 165606, 1, 2026/02/19, 10:38:51.941, 1119169034506754, vstest.console.dll, TestRunRequest.ExecuteAsync: Creating test run request.
TpTrace Verbose: 0 : 165606, 1, 2026/02/19, 10:38:51.941, 1119169035189574, vstest.console.dll, TestRunRequest.ExecuteAsync: Starting.
TpTrace Information: 0 : 165606, 1, 2026/02/19, 10:38:51.942, 1119169035579170, vstest.console.dll, TestRunRequest.ExecuteAsync: Starting run with settings:TestRunCriteria:
   KeepAlive=False,FrequencyOfRunStatsChangeEvent=10,RunStatsChangeEventTimeout=00:00:01.5000000,TestCaseFilter=,TestExecutorLauncher=
   Settingsxml=<RunSettings>
  <RunConfiguration>
    <ResultsDirectory>/home/rrj/src/github/rudironsoni/Ghost/tests/Plugins/LinkedIn/Ghost.Plugin.LinkedIn.End2EndTests/TestResults</ResultsDirectory>
    <TargetPlatform>X64</TargetPlatform>
    <TargetFrameworkVersion>.NETCoreApp,Version=v10.0</TargetFrameworkVersion>
    <TestAdaptersPaths>/home/rrj/.nuget/packages/coverlet.collector/6.0.3/build/netstandard2.0/</TestAdaptersPaths>
    <DesignMode>False</DesignMode>
    <CollectSourceInformation>False</CollectSourceInformation>
  </RunConfiguration>
  <LoggerRunSettings>
    <Loggers>
      <Logger friendlyName="Console" assemblyQualifiedName="Microsoft.VisualStudio.TestPlatform.CommandLine.Internal.ConsoleLogger, vstest.console, Version=15.0.0.0, Culture=neutral, PublicKeyToken=b03f5f7f11d50a3a" codeBase="/usr/share/dotnet/sdk/10.0.103/vstest.console.dll" enabled="True">
        <Configuration>
          <Verbosity>minimal</Verbosity>
        </Configuration>
      </Logger>
    </Loggers>
  </LoggerRunSettings>
</RunSettings>

TpTrace Verbose: 0 : 165606, 1, 2026/02/19, 10:38:51.942, 1119169035814514, vstest.console.dll, TestRunRequest.ExecuteAsync: Wait for the first run request is over.
TpTrace Verbose: 0 : 165606, 1, 2026/02/19, 10:38:51.942, 1119169036247657, vstest.console.dll, MulticastDelegateUtilities.SafeInvoke: TestRun.TestRunStart: Invoking callbacks was skipped because there are no subscribers.
TpTrace Verbose: 0 : 165606, 4, 2026/02/19, 10:38:51.944, 1119169037463263, vstest.console.dll, MulticastDelegateUtilities.SafeInvoke: InternalTestLoggerEvents.SendTestRunStart: Invoking callback 1/1 for Microsoft.VisualStudio.TestPlatform.CommandLine.Internal.ConsoleLogger., took 1 ms.
TpTrace Verbose: 0 : 165606, 1, 2026/02/19, 10:38:51.944, 1119169037722755, vstest.console.dll, ParallelProxyExecutionManager: Start execution. Total sources: 1
TpTrace Verbose: 0 : 165606, 1, 2026/02/19, 10:38:51.944, 1119169038069680, vstest.console.dll, ParallelOperationManager.StartWork: Starting adding 1 workloads.
TpTrace Verbose: 0 : 165606, 1, 2026/02/19, 10:38:51.944, 1119169038124498, vstest.console.dll, ParallelOperationManager.ClearSlots: Clearing all slots. Slots should accept more work: True
TpTrace Verbose: 0 : 165606, 1, 2026/02/19, 10:38:51.944, 1119169038205599, vstest.console.dll, ParallelOperationManager.SetOccupiedSlotCount: Setting slot counts AvailableSlotCount = 1, OccupiedSlotCount = 0.
TpTrace Verbose: 0 : 165606, 1, 2026/02/19, 10:38:51.944, 1119169038234117, vstest.console.dll, Occupied slots:

TpTrace Verbose: 0 : 165606, 1, 2026/02/19, 10:38:51.946, 1119169039603776, vstest.console.dll, TestHostManagerCallbacks.ctor: Forwarding output is enabled.
TpTrace Verbose: 0 : 165606, 1, 2026/02/19, 10:38:51.946, 1119169039854366, vstest.console.dll, TestRequestSender is acting as server.
TpTrace Verbose: 0 : 165606, 1, 2026/02/19, 10:38:51.946, 1119169040144103, vstest.console.dll, ParallelOperationManager.RunWorkInParallel: Adding 1 workload to slot, remaining workloads 0.
TpTrace Verbose: 0 : 165606, 1, 2026/02/19, 10:38:51.946, 1119169040195876, vstest.console.dll, ParallelOperationManager.SetOccupiedSlotCount: Setting slot counts AvailableSlotCount = 0, OccupiedSlotCount = 1.
TpTrace Verbose: 0 : 165606, 1, 2026/02/19, 10:38:51.946, 1119169040293567, vstest.console.dll, Occupied slots:
0: /tmp/ghost-build/bin/Ghost.Plugin.LinkedIn.End2EndTests/Debug/net10.0/Ghost.Plugin.LinkedIn.End2EndTests.dll
TpTrace Verbose: 0 : 165606, 1, 2026/02/19, 10:38:51.948, 1119169041641110, vstest.console.dll, ParallelOperationManager.RunWorkInParallel: Started host in slot number 0 for work (source): /tmp/ghost-build/bin/Ghost.Plugin.LinkedIn.End2EndTests/Debug/net10.0/Ghost.Plugin.LinkedIn.End2EndTests.dll.
TpTrace Verbose: 0 : 165606, 1, 2026/02/19, 10:38:51.950, 1119169043797118, vstest.console.dll, ParallelOperationManager.RunWorkInParallel: We started 1 work items, which is the max parallel level. Won't start more work.
TpTrace Verbose: 0 : 165606, 1, 2026/02/19, 10:38:51.950, 1119169043849543, vstest.console.dll, ParallelOperationManager.RunWorkInParallel: We started 1 work items in here, returning True.
TpTrace Information: 0 : 165606, 1, 2026/02/19, 10:38:51.950, 1119169043870630, vstest.console.dll, TestRunRequest.ExecuteAsync: Started.
TpTrace Verbose: 0 : 165606, 1, 2026/02/19, 10:38:51.950, 1119169043928363, vstest.console.dll, TestRunRequest.WaitForCompletion: Waiting with timeout -1.
TpTrace Verbose: 0 : 165606, 5, 2026/02/19, 10:38:51.950, 1119169044280297, vstest.console.dll, ParallelProxyExecutionManager.StartTestRunOnConcurrentManager: Initializing uninitialized client. Started clients: 0
TpTrace Verbose: 0 : 165606, 5, 2026/02/19, 10:38:51.950, 1119169044398020, vstest.console.dll, ParallelProxyExecutionManager.StartTestRunOnConcurrentManager: Initializing test run. Started clients: 0
TpTrace Verbose: 0 : 165606, 5, 2026/02/19, 10:38:51.951, 1119169044462424, vstest.console.dll, ProxyExecutionManager: Test host is always Lazy initialize.
TpTrace Verbose: 0 : 165606, 5, 2026/02/19, 10:38:51.951, 1119169044643606, vstest.console.dll, TestRequestSender.InitializeCommunication: initialize communication. 
TpTrace Information: 0 : 165606, 5, 2026/02/19, 10:38:51.958, 1119169051717431, vstest.console.dll, SocketServer.Start: Listening on endpoint : 127.0.0.1:38723
TpTrace Verbose: 0 : 165606, 5, 2026/02/19, 10:38:51.962, 1119169056390259, vstest.console.dll, DotnetTestHostmanager.GetTestHostProcessStartInfo: Platform environment 'X64' target architecture 'X64' framework '.NETCoreApp,Version=v10.0' OS 'Unix'
TpTrace Verbose: 0 : 165606, 5, 2026/02/19, 10:38:51.963, 1119169056677698, vstest.console.dll, DotnetTestHostmanager.LaunchTestHostAsync: VSTEST_DOTNET_ROOT_PATH=/usr/share/dotnet
TpTrace Verbose: 0 : 165606, 5, 2026/02/19, 10:38:51.963, 1119169056806210, vstest.console.dll, DotnetTestHostmanager.LaunchTestHostAsync: VSTEST_DOTNET_ROOT_ARCHITECTURE=X64
TpTrace Verbose: 0 : 165606, 5, 2026/02/19, 10:38:51.963, 1119169056974090, vstest.console.dll, DotnetTestHostManager.SetDotnetRootForArchitecture: Adding DOTNET_ROOT_X64=/usr/share/dotnet to testhost start info.
TpTrace Verbose: 0 : 165606, 5, 2026/02/19, 10:38:51.963, 1119169057217018, vstest.console.dll, DotnetTestHostmanager: Adding  --runtimeconfig "/tmp/ghost-build/bin/Ghost.Plugin.LinkedIn.End2EndTests/Debug/net10.0/Ghost.Plugin.LinkedIn.End2EndTests.runtimeconfig.json" in args
TpTrace Verbose: 0 : 165606, 5, 2026/02/19, 10:38:51.963, 1119169057363096, vstest.console.dll, DotnetTestHostmanager: Adding  --depsfile "/tmp/ghost-build/bin/Ghost.Plugin.LinkedIn.End2EndTests/Debug/net10.0/Ghost.Plugin.LinkedIn.End2EndTests.deps.json" in args
TpTrace Information: 0 : 165606, 5, 2026/02/19, 10:38:51.964, 1119169057539121, vstest.console.dll, AssemblyResolver.OnResolve: Microsoft.Extensions.DependencyModel: Resolving assembly.
TpTrace Information: 0 : 165606, 5, 2026/02/19, 10:38:51.964, 1119169057665040, vstest.console.dll, AssemblyResolver.OnResolve: Microsoft.Extensions.DependencyModel: Searching in: '/usr/share/dotnet/sdk/10.0.103/Extensions'.
TpTrace Information: 0 : 165606, 5, 2026/02/19, 10:38:51.964, 1119169057806897, vstest.console.dll, AssemblyResolver.OnResolve: Microsoft.Extensions.DependencyModel: Assembly path does not exist: '/usr/share/dotnet/sdk/10.0.103/Extensions/Microsoft.Extensions.DependencyModel.dll', returning.
TpTrace Information: 0 : 165606, 5, 2026/02/19, 10:38:51.964, 1119169057936581, vstest.console.dll, AssemblyResolver.OnResolve: Microsoft.Extensions.DependencyModel: Assembly path does not exist: '/usr/share/dotnet/sdk/10.0.103/Extensions/Microsoft.Extensions.DependencyModel.exe', returning.
TpTrace Information: 0 : 165606, 5, 2026/02/19, 10:38:51.964, 1119169058100114, vstest.console.dll, AssemblyResolver.OnResolve: Microsoft.Extensions.DependencyModel: Searching in: '/usr/share/dotnet/sdk/10.0.103'.
TpTrace Information: 0 : 165606, 5, 2026/02/19, 10:38:51.964, 1119169058333489, vstest.console.dll, AssemblyResolver.OnResolve: Microsoft.Extensions.DependencyModel: Loading assembly '/usr/share/dotnet/sdk/10.0.103/Microsoft.Extensions.DependencyModel.dll'.
TpTrace Information: 0 : 165606, 5, 2026/02/19, 10:38:51.965, 1119169058621862, vstest.console.dll, AssemblyResolver.OnResolve: Resolved assembly: Microsoft.Extensions.DependencyModel, from path: /usr/share/dotnet/sdk/10.0.103/Microsoft.Extensions.DependencyModel.dll
TpTrace Verbose: 0 : 165606, 5, 2026/02/19, 10:38:51.965, 1119169059153264, vstest.console.dll, DotnetTestHostmanager: Runtimeconfig.dev.json /tmp/ghost-build/bin/Ghost.Plugin.LinkedIn.End2EndTests/Debug/net10.0/Ghost.Plugin.LinkedIn.End2EndTests.runtimeconfig.dev.json does not exist.
TpTrace Verbose: 0 : 165606, 5, 2026/02/19, 10:38:51.965, 1119169059312838, vstest.console.dll, DotnetTestHostManager: Found testhost.dll in source directory: /tmp/ghost-build/bin/Ghost.Plugin.LinkedIn.End2EndTests/Debug/net10.0/testhost.dll.
TpTrace Verbose: 0 : 165606, 5, 2026/02/19, 10:38:51.966, 1119169059461458, vstest.console.dll, DotnetTestHostmanager: Current process architetcure 'X64'
TpTrace Verbose: 0 : 165606, 5, 2026/02/19, 10:38:51.967, 1119169060701939, vstest.console.dll, DotnetTestHostmanager.LaunchTestHostAsync: Compatible muxer architecture of running process 'X64' and target architecture 'X64'
TpTrace Verbose: 0 : 165606, 5, 2026/02/19, 10:38:51.967, 1119169060856034, vstest.console.dll, DotnetTestHostmanager: Full path of testhost.dll is /tmp/ghost-build/bin/Ghost.Plugin.LinkedIn.End2EndTests/Debug/net10.0/testhost.dll
TpTrace Verbose: 0 : 165606, 5, 2026/02/19, 10:38:51.967, 1119169061021162, vstest.console.dll, DotnetTestHostmanager: Full path of host exe is /usr/share/dotnet/dotnet
TpTrace Verbose: 0 : 165606, 5, 2026/02/19, 10:38:51.968, 1119169062138148, vstest.console.dll, DotnetTestHostManager: Starting process '0' with command line '1' and DOTNET environment: DOTNET_ROOT_X64=/usr/share/dotnet 
TpTrace Verbose: 0 : 165606, 5, 2026/02/19, 10:38:51.973, 1119169066465464, vstest.console.dll, Test Runtime launched
TpTrace Verbose: 0 : 165606, 5, 2026/02/19, 10:38:51.973, 1119169066729149, vstest.console.dll, MulticastDelegateUtilities.SafeInvoke: HostProviderEvents.OnHostLaunched: Invoking callback 1/1 for Microsoft.VisualStudio.TestPlatform.CrossPlatEngine.Client.ProxyOperationManager., took 0 ms.
TpTrace Verbose: 0 : 165606, 5, 2026/02/19, 10:38:51.973, 1119169067139947, vstest.console.dll, TestRequestSender.WaitForRequestHandlerConnection: waiting for connection with timeout: 90000.
TpTrace Verbose: 0 : 165606, 5, 2026/02/19, 10:38:52.102, 1119169195650769, vstest.console.dll, TestRequestSender.WaitForRequestHandlerConnection: waiting took 128 ms, with timeout 90000 ms, and result 0, which is success.
TpTrace Verbose: 0 : 165606, 10, 2026/02/19, 10:38:52.104, 1119169198119711, vstest.console.dll, MulticastDelegateUtilities.SafeInvoke: SocketServer: ClientConnected: Invoking callback 1/1 for Microsoft.VisualStudio.TestPlatform.CommunicationUtilities.TestRequestSender., took 2 ms.
TpTrace Verbose: 0 : 165606, 10, 2026/02/19, 10:38:52.104, 1119169198181196, vstest.console.dll, SocketServer.OnClientConnected: Client connected for endPoint: 127.0.0.1:38723, starting MessageLoopAsync:
TpTrace Verbose: 0 : 165606, 7, 2026/02/19, 10:38:52.105, 1119169199354373, vstest.console.dll, TcpClientExtensions.MessageLoopAsync: Polling on remoteEndPoint: 127.0.0.1:39034 localEndPoint: 127.0.0.1:38723 after 0 ms
TpTrace Verbose: 0 : 165606, 5, 2026/02/19, 10:38:52.139, 1119169232848531, vstest.console.dll, TestRequestSender.CheckVersionWithTestHost: Sending check version message: {"MessageType":"ProtocolVersion","Payload":7}
TpTrace Verbose: 0 : 165606, 7, 2026/02/19, 10:38:52.231, 1119169324803245, vstest.console.dll, TcpClientExtensions.MessageLoopAsync: NotifyDataAvailable remoteEndPoint: 127.0.0.1:39034 localEndPoint: 127.0.0.1:38723
TpTrace Verbose: 0 : 165606, 7, 2026/02/19, 10:38:52.231, 1119169325100468, vstest.console.dll, TestRequestSender.CheckVersionWithTestHost: onMessageReceived received message: (ProtocolVersion) -> {"MessageType":"ProtocolVersion","Payload":7}
TpTrace Verbose: 0 : 165606, 7, 2026/02/19, 10:38:52.234, 1119169328196455, vstest.console.dll, MulticastDelegateUtilities.SafeInvoke: LengthPrefixCommunicationChannel: MessageReceived: Invoking callback 1/1 for Microsoft.VisualStudio.TestPlatform.CommunicationUtilities.TestRequestSender+<>c__DisplayClass29_0., took 3 ms.
TpTrace Verbose: 0 : 165606, 7, 2026/02/19, 10:38:52.234, 1119169328294261, vstest.console.dll, TcpClientExtensions.MessageLoopAsync: Polling on remoteEndPoint: 127.0.0.1:39034 localEndPoint: 127.0.0.1:38723 after 128 ms
TpTrace Verbose: 0 : 165606, 5, 2026/02/19, 10:38:52.234, 1119169328395883, vstest.console.dll, TestPluginCache.GetExtensionPaths: Filtered extension paths: 
TpTrace Verbose: 0 : 165606, 5, 2026/02/19, 10:38:52.234, 1119169328435347, vstest.console.dll, TestPluginCache.GetExtensionPaths: Added default extension paths: /usr/share/dotnet/sdk/10.0.103/Extensions/Microsoft.TestPlatform.Extensions.EventLogCollector.dll
/usr/share/dotnet/sdk/10.0.103/Extensions/Microsoft.VisualStudio.TestPlatform.Extensions.Trx.TestLogger.dll
/usr/share/dotnet/sdk/10.0.103/Extensions/Microsoft.TestPlatform.TestHostRuntimeProvider.dll
/usr/share/dotnet/sdk/10.0.103/Extensions/Microsoft.VisualStudio.TestPlatform.Extensions.Html.TestLogger.dll
/usr/share/dotnet/sdk/10.0.103/Extensions/Microsoft.Diagnostics.NETCore.Client.dll
/usr/share/dotnet/sdk/10.0.103/Extensions/Microsoft.TestPlatform.Extensions.BlameDataCollector.dll
TpTrace Verbose: 0 : 165606, 5, 2026/02/19, 10:38:52.235, 1119169328453479, vstest.console.dll, TestPluginCache.GetExtensionPaths: Added unfilterableExtensionPaths: 
TpTrace Verbose: 0 : 165606, 7, 2026/02/19, 10:38:52.235, 1119169329444717, vstest.console.dll, TcpClientExtensions.MessageLoopAsync: NotifyDataAvailable remoteEndPoint: 127.0.0.1:39034 localEndPoint: 127.0.0.1:38723
TpTrace Verbose: 0 : 165606, 5, 2026/02/19, 10:38:52.238, 1119169331679556, vstest.console.dll, TestRequestSender.InitializeExecution: Sending initialize execution with message: {"Version":7,"MessageType":"TestExecution.Initialize","Payload":["/tmp/ghost-build/bin/Ghost.Plugin.LinkedIn.End2EndTests/Debug/net10.0/xunit.runner.visualstudio.testadapter.dll"]}
TpTrace Verbose: 0 : 165606, 5, 2026/02/19, 10:38:52.238, 1119169331859659, vstest.console.dll, ParallelProxyExecutionManager.StartTestRunOnConcurrentManager: Execution starting. Started clients: 1
TpTrace Warning: 0 : 165606, 5, 2026/02/19, 10:38:52.238, 1119169332228827, vstest.console.dll, InferRunSettingsHelper.MakeRunsettingsCompatible: Removing the following settings: TargetPlatform from RunSettings file. To use those settings please move to latest version of Microsoft.NET.Test.Sdk
TpTrace Verbose: 0 : 165606, 7, 2026/02/19, 10:38:52.239, 1119169332865118, vstest.console.dll, TestRequestSender.OnExecutionMessageReceived: Received message: {"Version":7,"MessageType":"TestSession.Message","Payload":{"MessageLevel":0,"Message":"Logging TestHost Diagnostics in file: /home/rrj/src/github/rudironsoni/Ghost/test-log.host.26-02-19_10-38-51_96247_5.txt"}}
TpTrace Verbose: 0 : 165606, 7, 2026/02/19, 10:38:52.242, 1119169335970149, vstest.console.dll, TestRunRequest:SendTestRunMessage: Starting.
TpTrace Verbose: 0 : 165606, 7, 2026/02/19, 10:38:52.243, 1119169336455998, vstest.console.dll, MulticastDelegateUtilities.SafeInvoke: TestRun.LogMessages: Invoking callback 1/1 for Microsoft.VisualStudio.TestPlatform.CommandLine.TestRunResultAggregator., took 0 ms.
TpTrace Information: 0 : 165606, 7, 2026/02/19, 10:38:52.243, 1119169336482584, vstest.console.dll, TestRunRequest:SendTestRunMessage: Completed.
TpTrace Verbose: 0 : 165606, 7, 2026/02/19, 10:38:52.243, 1119169336503217, vstest.console.dll, MulticastDelegateUtilities.SafeInvoke: LengthPrefixCommunicationChannel: MessageReceived: Invoking callback 1/1 for Microsoft.VisualStudio.TestPlatform.CommunicationUtilities.TestRequestSender+<>c__DisplayClass34_0., took 3 ms.
TpTrace Verbose: 0 : 165606, 7, 2026/02/19, 10:38:52.243, 1119169336522588, vstest.console.dll, TcpClientExtensions.MessageLoopAsync: Polling on remoteEndPoint: 127.0.0.1:39034 localEndPoint: 127.0.0.1:38723 after 8 ms
TpTrace Verbose: 0 : 165606, 4, 2026/02/19, 10:38:52.245, 1119169339335308, vstest.console.dll, MulticastDelegateUtilities.SafeInvoke: InternalTestLoggerEvents.SendTestRunMessage: Invoking callback 1/1 for Microsoft.VisualStudio.TestPlatform.CommandLine.Internal.ConsoleLogger., took 0 ms.
TpTrace Verbose: 0 : 165606, 5, 2026/02/19, 10:38:52.251, 1119169344759683, vstest.console.dll, TestRequestSender.StartTestRun: Sending test run with message: {"Version":7,"MessageType":"TestExecution.StartWithSources","Payload":{"AdapterSourceMap":{"_none_":["/tmp/ghost-build/bin/Ghost.Plugin.LinkedIn.End2EndTests/Debug/net10.0/Ghost.Plugin.LinkedIn.End2EndTests.dll"]},"RunSettings":"<RunSettings>\n  <RunConfiguration>\n    <ResultsDirectory>/home/rrj/src/github/rudironsoni/Ghost/tests/Plugins/LinkedIn/Ghost.Plugin.LinkedIn.End2EndTests/TestResults</ResultsDirectory>\n    <TargetFrameworkVersion>.NETCoreApp,Version=v10.0</TargetFrameworkVersion>\n    <TestAdaptersPaths>/home/rrj/.nuget/packages/coverlet.collector/6.0.3/build/netstandard2.0/</TestAdaptersPaths>\n    <DesignMode>False</DesignMode>\n    <CollectSourceInformation>False</CollectSourceInformation>\n  </RunConfiguration>\n  <LoggerRunSettings>\n    <Loggers>\n      <Logger friendlyName=\"Console\" assemblyQualifiedName=\"Microsoft.VisualStudio.TestPlatform.CommandLine.Internal.ConsoleLogger, vstest.console, Version=15.0.0.0, Culture=neutral, PublicKeyToken=b03f5f7f11d50a3a\" codeBase=\"/usr/share/dotnet/sdk/10.0.103/vstest.console.dll\" enabled=\"True\">\n        <Configuration>\n          <Verbosity>minimal</Verbosity>\n        </Configuration>\n      </Logger>\n    </Loggers>\n  </LoggerRunSettings>\n</RunSettings>","TestExecutionContext":{"FrequencyOfRunStatsChangeEvent":10,"RunStatsChangeEventTimeout":"00:00:01.5000000","InIsolation":false,"KeepAlive":false,"AreTestCaseLevelEventsRequired":false,"IsDebug":false,"TestCaseFilter":null,"FilterOptions":null},"Package":null}}
TpTrace Verbose: 0 : 165606, 5, 2026/02/19, 10:38:52.251, 1119169345053413, vstest.console.dll, ParallelProxyExecutionManager.StartTestRunOnConcurrentManager: Execution started. Started clients: 1
TpTrace Verbose: 0 : 165606, 7, 2026/02/19, 10:38:52.357, 1119169451406378, vstest.console.dll, TcpClientExtensions.MessageLoopAsync: NotifyDataAvailable remoteEndPoint: 127.0.0.1:39034 localEndPoint: 127.0.0.1:38723
TpTrace Verbose: 0 : 165606, 7, 2026/02/19, 10:38:52.358, 1119169451499251, vstest.console.dll, TestRequestSender.OnExecutionMessageReceived: Received message: {"Version":7,"MessageType":"TestSession.Message","Payload":{"MessageLevel":0,"Message":"[xUnit.net 00:00:00.00] xUnit.net VSTest Adapter v2.8.2+699d445a1a (64-bit .NET 10.0.3)"}}
TpTrace Verbose: 0 : 165606, 7, 2026/02/19, 10:38:52.358, 1119169451659875, vstest.console.dll, TestRunRequest:SendTestRunMessage: Starting.
TpTrace Verbose: 0 : 165606, 7, 2026/02/19, 10:38:52.358, 1119169451712429, vstest.console.dll, MulticastDelegateUtilities.SafeInvoke: TestRun.LogMessages: Invoking callback 1/1 for Microsoft.VisualStudio.TestPlatform.CommandLine.TestRunResultAggregator., took 0 ms.
TpTrace Information: 0 : 165606, 7, 2026/02/19, 10:38:52.358, 1119169451729470, vstest.console.dll, TestRunRequest:SendTestRunMessage: Completed.
TpTrace Verbose: 0 : 165606, 7, 2026/02/19, 10:38:52.358, 1119169451744397, vstest.console.dll, MulticastDelegateUtilities.SafeInvoke: LengthPrefixCommunicationChannel: MessageReceived: Invoking callback 1/1 for Microsoft.VisualStudio.TestPlatform.CommunicationUtilities.TestRequestSender+<>c__DisplayClass34_0., took 0 ms.
TpTrace Verbose: 0 : 165606, 7, 2026/02/19, 10:38:52.358, 1119169451760513, vstest.console.dll, TcpClientExtensions.MessageLoopAsync: Polling on remoteEndPoint: 127.0.0.1:39034 localEndPoint: 127.0.0.1:38723 after 115 ms
TpTrace Verbose: 0 : 165606, 4, 2026/02/19, 10:38:52.358, 1119169452073331, vstest.console.dll, MulticastDelegateUtilities.SafeInvoke: InternalTestLoggerEvents.SendTestRunMessage: Invoking callback 1/1 for Microsoft.VisualStudio.TestPlatform.CommandLine.Internal.ConsoleLogger., took 0 ms.
TpTrace Verbose: 0 : 165606, 7, 2026/02/19, 10:38:52.440, 1119169533610122, vstest.console.dll, TcpClientExtensions.MessageLoopAsync: NotifyDataAvailable remoteEndPoint: 127.0.0.1:39034 localEndPoint: 127.0.0.1:38723
TpTrace Verbose: 0 : 165606, 7, 2026/02/19, 10:38:52.440, 1119169533710536, vstest.console.dll, TestRequestSender.OnExecutionMessageReceived: Received message: {"Version":7,"MessageType":"TestSession.Message","Payload":{"MessageLevel":0,"Message":"[xUnit.net 00:00:00.08]   Discovering: Ghost.Plugin.LinkedIn.End2EndTests"}}
TpTrace Verbose: 0 : 165606, 7, 2026/02/19, 10:38:52.440, 1119169533781249, vstest.console.dll, TestRunRequest:SendTestRunMessage: Starting.
TpTrace Verbose: 0 : 165606, 7, 2026/02/19, 10:38:52.440, 1119169533887114, vstest.console.dll, MulticastDelegateUtilities.SafeInvoke: TestRun.LogMessages: Invoking callback 1/1 for Microsoft.VisualStudio.TestPlatform.CommandLine.TestRunResultAggregator., took 0 ms.
TpTrace Information: 0 : 165606, 7, 2026/02/19, 10:38:52.440, 1119169533910902, vstest.console.dll, TestRunRequest:SendTestRunMessage: Completed.
TpTrace Verbose: 0 : 165606, 7, 2026/02/19, 10:38:52.440, 1119169533925016, vstest.console.dll, MulticastDelegateUtilities.SafeInvoke: LengthPrefixCommunicationChannel: MessageReceived: Invoking callback 1/1 for Microsoft.VisualStudio.TestPlatform.CommunicationUtilities.TestRequestSender+<>c__DisplayClass34_0., took 0 ms.
TpTrace Verbose: 0 : 165606, 7, 2026/02/19, 10:38:52.440, 1119169533942427, vstest.console.dll, TcpClientExtensions.MessageLoopAsync: Polling on remoteEndPoint: 127.0.0.1:39034 localEndPoint: 127.0.0.1:38723 after 82 ms
TpTrace Verbose: 0 : 165606, 4, 2026/02/19, 10:38:52.440, 1119169533977919, vstest.console.dll, MulticastDelegateUtilities.SafeInvoke: InternalTestLoggerEvents.SendTestRunMessage: Invoking callback 1/1 for Microsoft.VisualStudio.TestPlatform.CommandLine.Internal.ConsoleLogger., took 0 ms.
TpTrace Verbose: 0 : 165606, 7, 2026/02/19, 10:38:52.493, 1119169586562584, vstest.console.dll, TcpClientExtensions.MessageLoopAsync: NotifyDataAvailable remoteEndPoint: 127.0.0.1:39034 localEndPoint: 127.0.0.1:38723
TpTrace Verbose: 0 : 165606, 7, 2026/02/19, 10:38:52.493, 1119169586669013, vstest.console.dll, TestRequestSender.OnExecutionMessageReceived: Received message: {"Version":7,"MessageType":"TestSession.Message","Payload":{"MessageLevel":0,"Message":"[xUnit.net 00:00:00.13]   Discovered:  Ghost.Plugin.LinkedIn.End2EndTests"}}
TpTrace Verbose: 0 : 165606, 7, 2026/02/19, 10:38:52.493, 1119169586742500, vstest.console.dll, TestRunRequest:SendTestRunMessage: Starting.
TpTrace Verbose: 0 : 165606, 7, 2026/02/19, 10:38:52.493, 1119169586823728, vstest.console.dll, MulticastDelegateUtilities.SafeInvoke: TestRun.LogMessages: Invoking callback 1/1 for Microsoft.VisualStudio.TestPlatform.CommandLine.TestRunResultAggregator., took 0 ms.
TpTrace Information: 0 : 165606, 7, 2026/02/19, 10:38:52.493, 1119169586842583, vstest.console.dll, TestRunRequest:SendTestRunMessage: Completed.
TpTrace Verbose: 0 : 165606, 7, 2026/02/19, 10:38:52.493, 1119169586856682, vstest.console.dll, MulticastDelegateUtilities.SafeInvoke: LengthPrefixCommunicationChannel: MessageReceived: Invoking callback 1/1 for Microsoft.VisualStudio.TestPlatform.CommunicationUtilities.TestRequestSender+<>c__DisplayClass34_0., took 0 ms.
TpTrace Verbose: 0 : 165606, 7, 2026/02/19, 10:38:52.493, 1119169586873871, vstest.console.dll, TcpClientExtensions.MessageLoopAsync: Polling on remoteEndPoint: 127.0.0.1:39034 localEndPoint: 127.0.0.1:38723 after 52 ms
TpTrace Verbose: 0 : 165606, 4, 2026/02/19, 10:38:52.493, 1119169586907599, vstest.console.dll, MulticastDelegateUtilities.SafeInvoke: InternalTestLoggerEvents.SendTestRunMessage: Invoking callback 1/1 for Microsoft.VisualStudio.TestPlatform.CommandLine.Internal.ConsoleLogger., took 0 ms.
TpTrace Verbose: 0 : 165606, 7, 2026/02/19, 10:38:52.497, 1119169591061764, vstest.console.dll, TcpClientExtensions.MessageLoopAsync: NotifyDataAvailable remoteEndPoint: 127.0.0.1:39034 localEndPoint: 127.0.0.1:38723
TpTrace Verbose: 0 : 165606, 7, 2026/02/19, 10:38:52.497, 1119169591175900, vstest.console.dll, TestRequestSender.OnExecutionMessageReceived: Received message: {"Version":7,"MessageType":"TestSession.Message","Payload":{"MessageLevel":0,"Message":"[xUnit.net 00:00:00.14]   Starting:    Ghost.Plugin.LinkedIn.End2EndTests"}}
TpTrace Verbose: 0 : 165606, 7, 2026/02/19, 10:38:52.497, 1119169591246772, vstest.console.dll, TestRunRequest:SendTestRunMessage: Starting.
TpTrace Verbose: 0 : 165606, 7, 2026/02/19, 10:38:52.497, 1119169591285044, vstest.console.dll, MulticastDelegateUtilities.SafeInvoke: TestRun.LogMessages: Invoking callback 1/1 for Microsoft.VisualStudio.TestPlatform.CommandLine.TestRunResultAggregator., took 0 ms.
TpTrace Information: 0 : 165606, 7, 2026/02/19, 10:38:52.497, 1119169591307379, vstest.console.dll, TestRunRequest:SendTestRunMessage: Completed.
TpTrace Verbose: 0 : 165606, 4, 2026/02/19, 10:38:52.497, 1119169591312229, vstest.console.dll, MulticastDelegateUtilities.SafeInvoke: InternalTestLoggerEvents.SendTestRunMessage: Invoking callback 1/1 for Microsoft.VisualStudio.TestPlatform.CommandLine.Internal.ConsoleLogger., took 0 ms.
TpTrace Verbose: 0 : 165606, 7, 2026/02/19, 10:38:52.497, 1119169591321741, vstest.console.dll, MulticastDelegateUtilities.SafeInvoke: LengthPrefixCommunicationChannel: MessageReceived: Invoking callback 1/1 for Microsoft.VisualStudio.TestPlatform.CommunicationUtilities.TestRequestSender+<>c__DisplayClass34_0., took 0 ms.
TpTrace Verbose: 0 : 165606, 7, 2026/02/19, 10:38:52.497, 1119169591380752, vstest.console.dll, TcpClientExtensions.MessageLoopAsync: Polling on remoteEndPoint: 127.0.0.1:39034 localEndPoint: 127.0.0.1:38723 after 4 ms
TpTrace Verbose: 0 : 165606, 5, 2026/02/19, 10:38:53.314, 1119170407521554, vstest.console.dll, TestHostManagerCallbacks.StandardOutputReceivedCallback Test host standard output line: warn: Microsoft.AspNetCore.Server.Kestrel[0]
TpTrace Verbose: 0 : 165606, 5, 2026/02/19, 10:38:53.314, 1119170407722822, vstest.console.dll, MulticastDelegateUtilities.SafeInvoke: TestRunMessageLoggerProxy.SendMessage: Invoking callback 1/1 for Microsoft.VisualStudio.TestPlatform.Common.Logging.InternalTestLoggerEvents., took 0 ms.
TpTrace Verbose: 0 : 165606, 4, 2026/02/19, 10:38:53.314, 1119170407754770, vstest.console.dll, MulticastDelegateUtilities.SafeInvoke: InternalTestLoggerEvents.SendMessage: Invoking callback 1/1 for Microsoft.VisualStudio.TestPlatform.CommandLine.Internal.ConsoleLogger., took 0 ms.
TpTrace Verbose: 0 : 165606, 5, 2026/02/19, 10:38:53.314, 1119170407760157, vstest.console.dll, TestHostManagerCallbacks.StandardOutputReceivedCallback Test host standard output line:       Overriding address(es) 'http://localhost:34667'. Binding to endpoints defined via IConfiguration and/or UseKestrel() instead.
TpTrace Verbose: 0 : 165606, 5, 2026/02/19, 10:38:53.314, 1119170407963109, vstest.console.dll, MulticastDelegateUtilities.SafeInvoke: TestRunMessageLoggerProxy.SendMessage: Invoking callback 1/1 for Microsoft.VisualStudio.TestPlatform.Common.Logging.InternalTestLoggerEvents., took 0 ms.
TpTrace Verbose: 0 : 165606, 4, 2026/02/19, 10:38:53.314, 1119170407988724, vstest.console.dll, MulticastDelegateUtilities.SafeInvoke: InternalTestLoggerEvents.SendMessage: Invoking callback 1/1 for Microsoft.VisualStudio.TestPlatform.CommandLine.Internal.ConsoleLogger., took 0 ms.
TpTrace Verbose: 0 : 165606, 5, 2026/02/19, 10:38:53.381, 1119170474917443, vstest.console.dll, TestHostManagerCallbacks.StandardOutputReceivedCallback Test host standard output line: info: Ghost.Plugin.LinkedIn.LinkedInJobClient[1]
TpTrace Verbose: 0 : 165606, 5, 2026/02/19, 10:38:53.381, 1119170475042729, vstest.console.dll, MulticastDelegateUtilities.SafeInvoke: TestRunMessageLoggerProxy.SendMessage: Invoking callback 1/1 for Microsoft.VisualStudio.TestPlatform.Common.Logging.InternalTestLoggerEvents., took 0 ms.
TpTrace Verbose: 0 : 165606, 5, 2026/02/19, 10:38:53.381, 1119170475082447, vstest.console.dll, TestHostManagerCallbacks.StandardOutputReceivedCallback Test host standard output line:       Executing Job Search. Strategy: Browser, Query: Engineer
TpTrace Verbose: 0 : 165606, 5, 2026/02/19, 10:38:53.381, 1119170475108347, vstest.console.dll, MulticastDelegateUtilities.SafeInvoke: TestRunMessageLoggerProxy.SendMessage: Invoking callback 1/1 for Microsoft.VisualStudio.TestPlatform.Common.Logging.InternalTestLoggerEvents., took 0 ms.
TpTrace Verbose: 0 : 165606, 4, 2026/02/19, 10:38:53.381, 1119170475182239, vstest.console.dll, MulticastDelegateUtilities.SafeInvoke: InternalTestLoggerEvents.SendMessage: Invoking callback 1/1 for Microsoft.VisualStudio.TestPlatform.CommandLine.Internal.ConsoleLogger., took 0 ms.
TpTrace Verbose: 0 : 165606, 4, 2026/02/19, 10:38:53.381, 1119170475228959, vstest.console.dll, MulticastDelegateUtilities.SafeInvoke: InternalTestLoggerEvents.SendMessage: Invoking callback 1/1 for Microsoft.VisualStudio.TestPlatform.CommandLine.Internal.ConsoleLogger., took 0 ms.
TpTrace Verbose: 0 : 165606, 7, 2026/02/19, 10:38:53.502, 1119170596095962, vstest.console.dll, TcpClientExtensions.MessageLoopAsync: Polling on remoteEndPoint: 127.0.0.1:39034 localEndPoint: 127.0.0.1:38723 after 1004 ms
TpTrace Verbose: 0 : 165606, 7, 2026/02/19, 10:38:53.832, 1119170926159976, vstest.console.dll, TcpClientExtensions.MessageLoopAsync: NotifyDataAvailable remoteEndPoint: 127.0.0.1:39034 localEndPoint: 127.0.0.1:38723
TpTrace Verbose: 0 : 165606, 7, 2026/02/19, 10:38:53.832, 1119170926311372, vstest.console.dll, TestRequestSender.OnExecutionMessageReceived: Received message: {"Version":7,"MessageType":"TestExecution.StatsChange","Payload":{"NewTestResults":[],"TestRunStatistics":{"ExecutedTests":0,"Stats":{}},"ActiveTests":[{"Id":"b9542156-ab48-24af-2d9f-ee883ec751d0","FullyQualifiedName":"Ghost.Plugin.LinkedIn.End2EndTests.LinkedInJobClientE2ETests.SearchJobsAsync_RequiredFieldsContract_PassesAsync","DisplayName":"Ghost.Plugin.LinkedIn.End2EndTests.LinkedInJobClientE2ETests.SearchJobsAsync_RequiredFieldsContract_PassesAsync","ExecutorUri":"executor://xunit/VsTestRunner2/netcoreapp","Source":"/tmp/ghost-build/bin/Ghost.Plugin.LinkedIn.End2EndTests/Debug/net10.0/Ghost.Plugin.LinkedIn.End2EndTests.dll","CodeFilePath":null,"LineNumber":0,"Properties":[{"Key":{"Id":"TestObject.Traits","Label":"Traits","Category":"","Description":"","Attributes":5,"ValueType":"System.Collections.Generic.KeyValuePair`2[[System.String],[System.String]][]"},"Value":[{"Key":"TestType","Value":"End2End"},{"Key":"Category","Value":"End2End"}]}]}]}}
TpTrace Verbose: 0 : 165606, 7, 2026/02/19, 10:38:53.868, 1119170961931287, vstest.console.dll, TestRunRequest:SendTestRunStatsChange: Starting.
TpTrace Verbose: 0 : 165606, 7, 2026/02/19, 10:38:53.868, 1119170962106920, vstest.console.dll, InProgress is Ghost.Plugin.LinkedIn.End2EndTests.LinkedInJobClientE2ETests.SearchJobsAsync_RequiredFieldsContract_PassesAsync
TpTrace Verbose: 0 : 165606, 7, 2026/02/19, 10:38:53.868, 1119170962184477, vstest.console.dll, MulticastDelegateUtilities.SafeInvoke: TestRun.RunStatsChanged: Invoking callbacks was skipped because there are no subscribers.
TpTrace Information: 0 : 165606, 7, 2026/02/19, 10:38:53.868, 1119170962211296, vstest.console.dll, TestRunRequest:SendTestRunStatsChange: Completed.
TpTrace Verbose: 0 : 165606, 7, 2026/02/19, 10:38:53.868, 1119170962231540, vstest.console.dll, MulticastDelegateUtilities.SafeInvoke: LengthPrefixCommunicationChannel: MessageReceived: Invoking callback 1/1 for Microsoft.VisualStudio.TestPlatform.CommunicationUtilities.TestRequestSender+<>c__DisplayClass34_0., took 35 ms.
TpTrace Verbose: 0 : 165606, 7, 2026/02/19, 10:38:53.868, 1119170962256193, vstest.console.dll, TcpClientExtensions.MessageLoopAsync: Polling on remoteEndPoint: 127.0.0.1:39034 localEndPoint: 127.0.0.1:38723 after 366 ms
TpTrace Verbose: 0 : 165606, 7, 2026/02/19, 10:38:54.873, 1119171967104656, vstest.console.dll, TcpClientExtensions.MessageLoopAsync: Polling on remoteEndPoint: 127.0.0.1:39034 localEndPoint: 127.0.0.1:38723 after 1004 ms
TpTrace Verbose: 0 : 165606, 7, 2026/02/19, 10:38:55.878, 1119172972034092, vstest.console.dll, TcpClientExtensions.MessageLoopAsync: Polling on remoteEndPoint: 127.0.0.1:39034 localEndPoint: 127.0.0.1:38723 after 1004 ms
TpTrace Verbose: 0 : 165606, 7, 2026/02/19, 10:38:56.883, 1119173977104906, vstest.console.dll, TcpClientExtensions.MessageLoopAsync: Polling on remoteEndPoint: 127.0.0.1:39034 localEndPoint: 127.0.0.1:38723 after 1004 ms
TpTrace Verbose: 0 : 165606, 7, 2026/02/19, 10:38:57.888, 1119174982155124, vstest.console.dll, TcpClientExtensions.MessageLoopAsync: Polling on remoteEndPoint: 127.0.0.1:39034 localEndPoint: 127.0.0.1:38723 after 1004 ms
TpTrace Verbose: 0 : 165606, 7, 2026/02/19, 10:38:58.893, 1119175987092154, vstest.console.dll, TcpClientExtensions.MessageLoopAsync: Polling on remoteEndPoint: 127.0.0.1:39034 localEndPoint: 127.0.0.1:38723 after 1004 ms
TpTrace Verbose: 0 : 165606, 5, 2026/02/19, 10:38:59.778, 1119176871792734, vstest.console.dll, TestHostManagerCallbacks.StandardOutputReceivedCallback Test host standard output line: info: Ghost.Plugin.LinkedIn.LinkedInJobClient[1]
TpTrace Verbose: 0 : 165606, 5, 2026/02/19, 10:38:59.778, 1119176871925485, vstest.console.dll, MulticastDelegateUtilities.SafeInvoke: TestRunMessageLoggerProxy.SendMessage: Invoking callback 1/1 for Microsoft.VisualStudio.TestPlatform.Common.Logging.InternalTestLoggerEvents., took 0 ms.
TpTrace Verbose: 0 : 165606, 5, 2026/02/19, 10:38:59.778, 1119176871952180, vstest.console.dll, TestHostManagerCallbacks.StandardOutputReceivedCallback Test host standard output line:       Executing Job Search. Strategy: Browser, Query: software engineer
TpTrace Verbose: 0 : 165606, 5, 2026/02/19, 10:38:59.778, 1119176871982156, vstest.console.dll, MulticastDelegateUtilities.SafeInvoke: TestRunMessageLoggerProxy.SendMessage: Invoking callback 1/1 for Microsoft.VisualStudio.TestPlatform.Common.Logging.InternalTestLoggerEvents., took 0 ms.
TpTrace Verbose: 0 : 165606, 4, 2026/02/19, 10:38:59.778, 1119176872247397, vstest.console.dll, MulticastDelegateUtilities.SafeInvoke: InternalTestLoggerEvents.SendMessage: Invoking callback 1/1 for Microsoft.VisualStudio.TestPlatform.CommandLine.Internal.ConsoleLogger., took 0 ms.
TpTrace Verbose: 0 : 165606, 4, 2026/02/19, 10:38:59.778, 1119176872284741, vstest.console.dll, MulticastDelegateUtilities.SafeInvoke: InternalTestLoggerEvents.SendMessage: Invoking callback 1/1 for Microsoft.VisualStudio.TestPlatform.CommandLine.Internal.ConsoleLogger., took 0 ms.
TpTrace Verbose: 0 : 165606, 7, 2026/02/19, 10:38:59.898, 1119176992113024, vstest.console.dll, TcpClientExtensions.MessageLoopAsync: Polling on remoteEndPoint: 127.0.0.1:39034 localEndPoint: 127.0.0.1:38723 after 1004 ms
TpTrace Verbose: 0 : 165606, 7, 2026/02/19, 10:39:00.903, 1119177997044708, vstest.console.dll, TcpClientExtensions.MessageLoopAsync: Polling on remoteEndPoint: 127.0.0.1:39034 localEndPoint: 127.0.0.1:38723 after 1004 ms
TpTrace Verbose: 0 : 165606, 7, 2026/02/19, 10:39:01.908, 1119179002175703, vstest.console.dll, TcpClientExtensions.MessageLoopAsync: Polling on remoteEndPoint: 127.0.0.1:39034 localEndPoint: 127.0.0.1:38723 after 1004 ms
TpTrace Verbose: 0 : 165606, 7, 2026/02/19, 10:39:02.913, 1119180007391686, vstest.console.dll, TcpClientExtensions.MessageLoopAsync: Polling on remoteEndPoint: 127.0.0.1:39034 localEndPoint: 127.0.0.1:38723 after 1005 ms
TpTrace Verbose: 0 : 165606, 7, 2026/02/19, 10:39:03.918, 1119181012068648, vstest.console.dll, TcpClientExtensions.MessageLoopAsync: Polling on remoteEndPoint: 127.0.0.1:39034 localEndPoint: 127.0.0.1:38723 after 1004 ms
TpTrace Verbose: 0 : 165606, 7, 2026/02/19, 10:39:04.923, 1119182017132514, vstest.console.dll, TcpClientExtensions.MessageLoopAsync: Polling on remoteEndPoint: 127.0.0.1:39034 localEndPoint: 127.0.0.1:38723 after 1004 ms
TpTrace Verbose: 0 : 165606, 7, 2026/02/19, 10:39:04.979, 1119182073164285, vstest.console.dll, TcpClientExtensions.MessageLoopAsync: NotifyDataAvailable remoteEndPoint: 127.0.0.1:39034 localEndPoint: 127.0.0.1:38723
TpTrace Verbose: 0 : 165606, 7, 2026/02/19, 10:39:04.979, 1119182073320904, vstest.console.dll, TestRequestSender.OnExecutionMessageReceived: Received message: {"Version":7,"MessageType":"TestExecution.StatsChange","Payload":{"NewTestResults":[{"TestCase":{"Id":"b9542156-ab48-24af-2d9f-ee883ec751d0","FullyQualifiedName":"Ghost.Plugin.LinkedIn.End2EndTests.LinkedInJobClientE2ETests.SearchJobsAsync_RequiredFieldsContract_PassesAsync","DisplayName":"Ghost.Plugin.LinkedIn.End2EndTests.LinkedInJobClientE2ETests.SearchJobsAsync_RequiredFieldsContract_PassesAsync","ExecutorUri":"executor://xunit/VsTestRunner2/netcoreapp","Source":"/tmp/ghost-build/bin/Ghost.Plugin.LinkedIn.End2EndTests/Debug/net10.0/Ghost.Plugin.LinkedIn.End2EndTests.dll","CodeFilePath":null,"LineNumber":0,"Properties":[{"Key":{"Id":"TestObject.Traits","Label":"Traits","Category":"","Description":"","Attributes":5,"ValueType":"System.Collections.Generic.KeyValuePair`2[[System.String],[System.String]][]"},"Value":[{"Key":"TestType","Value":"End2End"},{"Key":"Category","Value":"End2End"}]}]},"Attachments":[],"Outcome":1,"ErrorMessage":null,"ErrorStackTrace":null,"DisplayName":"Ghost.Plugin.LinkedIn.End2EndTests.LinkedInJobClientE2ETests.SearchJobsAsync_RequiredFieldsContract_PassesAsync","Messages":[{"Category":"StdOutMsgs","Text":"RequiredFieldsContract passed. Context: {}\n"}],"ComputerName":"docker","Duration":"00:00:11.5833943","StartTime":"2026-02-19T09:39:04.9674583+00:00","EndTime":"2026-02-19T09:39:04.9674813+00:00","Properties":[]}],"TestRunStatistics":{"ExecutedTests":1,"Stats":{"Passed":1}},"ActiveTests":[{"Id":"89272532-fa49-beae-b20b-a12e9fbee9f6","FullyQualifiedName":"Ghost.Plugin.LinkedIn.End2EndTests.LinkedInJobClientE2ETests.SearchJobsAsync_RespectsMaxResultsAsync","DisplayName":"Ghost.Plugin.LinkedIn.End2EndTests.LinkedInJobClientE2ETests.SearchJobsAsync_RespectsMaxResultsAsync","ExecutorUri":"executor://xunit/VsTestRunner2/netcoreapp","Source":"/tmp/ghost-build/bin/Ghost.Plugin.LinkedIn.End2EndTests/Debug/net10.0/Ghost.Plugin.LinkedIn.End2EndTests.dll","CodeFilePath":null,"LineNumber":0,"Properties":[{"Key":{"Id":"TestObject.Traits","Label":"Traits","Category":"","Description":"","Attributes":5,"ValueType":"System.Collections.Generic.KeyValuePair`2[[System.String],[System.String]][]"},"Value":[{"Key":"TestType","Value":"End2End"},{"Key":"Category","Value":"End2End"}]}]}]}}
TpTrace Verbose: 0 : 165606, 7, 2026/02/19, 10:39:04.989, 1119182082792117, vstest.console.dll, TestRunRequest:SendTestRunStatsChange: Starting.
TpTrace Verbose: 0 : 165606, 7, 2026/02/19, 10:39:04.989, 1119182083076547, vstest.console.dll, InProgress is Ghost.Plugin.LinkedIn.End2EndTests.LinkedInJobClientE2ETests.SearchJobsAsync_RespectsMaxResultsAsync
TpTrace Verbose: 0 : 165606, 7, 2026/02/19, 10:39:04.989, 1119182083405877, vstest.console.dll, MulticastDelegateUtilities.SafeInvoke: TestRun.RunStatsChanged: Invoking callbacks was skipped because there are no subscribers.
TpTrace Information: 0 : 165606, 7, 2026/02/19, 10:39:04.990, 1119182083560663, vstest.console.dll, TestRunRequest:SendTestRunStatsChange: Completed.
TpTrace Verbose: 0 : 165606, 7, 2026/02/19, 10:39:04.990, 1119182083676527, vstest.console.dll, MulticastDelegateUtilities.SafeInvoke: LengthPrefixCommunicationChannel: MessageReceived: Invoking callback 1/1 for Microsoft.VisualStudio.TestPlatform.CommunicationUtilities.TestRequestSender+<>c__DisplayClass34_0., took 10 ms.
TpTrace Verbose: 0 : 165606, 7, 2026/02/19, 10:39:04.990, 1119182083795240, vstest.console.dll, TcpClientExtensions.MessageLoopAsync: Polling on remoteEndPoint: 127.0.0.1:39034 localEndPoint: 127.0.0.1:38723 after 66 ms
TpTrace Verbose: 0 : 165606, 4, 2026/02/19, 10:39:04.992, 1119182085461498, vstest.console.dll, MulticastDelegateUtilities.SafeInvoke: InternalTestLoggerEvents.SendTestResult: Invoking callback 1/1 for Microsoft.VisualStudio.TestPlatform.CommandLine.Internal.ConsoleLogger., took 1 ms.
TpTrace Verbose: 0 : 165606, 5, 2026/02/19, 10:39:05.009, 1119182103272662, vstest.console.dll, TestHostManagerCallbacks.StandardOutputReceivedCallback Test host standard output line: warn: Microsoft.AspNetCore.Server.Kestrel[0]
TpTrace Verbose: 0 : 165606, 5, 2026/02/19, 10:39:05.009, 1119182103401096, vstest.console.dll, MulticastDelegateUtilities.SafeInvoke: TestRunMessageLoggerProxy.SendMessage: Invoking callback 1/1 for Microsoft.VisualStudio.TestPlatform.Common.Logging.InternalTestLoggerEvents., took 0 ms.
TpTrace Verbose: 0 : 165606, 5, 2026/02/19, 10:39:05.009, 1119182103424375, vstest.console.dll, TestHostManagerCallbacks.StandardOutputReceivedCallback Test host standard output line:       Overriding address(es) 'http://localhost:44077'. Binding to endpoints defined via IConfiguration and/or UseKestrel() instead.
TpTrace Verbose: 0 : 165606, 5, 2026/02/19, 10:39:05.009, 1119182103444873, vstest.console.dll, MulticastDelegateUtilities.SafeInvoke: TestRunMessageLoggerProxy.SendMessage: Invoking callback 1/1 for Microsoft.VisualStudio.TestPlatform.Common.Logging.InternalTestLoggerEvents., took 0 ms.
TpTrace Verbose: 0 : 165606, 4, 2026/02/19, 10:39:05.010, 1119182103506684, vstest.console.dll, MulticastDelegateUtilities.SafeInvoke: InternalTestLoggerEvents.SendMessage: Invoking callback 1/1 for Microsoft.VisualStudio.TestPlatform.CommandLine.Internal.ConsoleLogger., took 0 ms.
TpTrace Verbose: 0 : 165606, 4, 2026/02/19, 10:39:05.010, 1119182103542715, vstest.console.dll, MulticastDelegateUtilities.SafeInvoke: InternalTestLoggerEvents.SendMessage: Invoking callback 1/1 for Microsoft.VisualStudio.TestPlatform.CommandLine.Internal.ConsoleLogger., took 0 ms.
TpTrace Verbose: 0 : 165606, 5, 2026/02/19, 10:39:05.016, 1119182110447317, vstest.console.dll, TestHostManagerCallbacks.StandardOutputReceivedCallback Test host standard output line: info: Ghost.Plugin.LinkedIn.LinkedInJobClient[1]
TpTrace Verbose: 0 : 165606, 5, 2026/02/19, 10:39:05.017, 1119182110556074, vstest.console.dll, MulticastDelegateUtilities.SafeInvoke: TestRunMessageLoggerProxy.SendMessage: Invoking callback 1/1 for Microsoft.VisualStudio.TestPlatform.Common.Logging.InternalTestLoggerEvents., took 0 ms.
TpTrace Verbose: 0 : 165606, 5, 2026/02/19, 10:39:05.017, 1119182110590649, vstest.console.dll, TestHostManagerCallbacks.StandardOutputReceivedCallback Test host standard output line:       Executing Job Search. Strategy: Browser, Query: Developer
TpTrace Verbose: 0 : 165606, 5, 2026/02/19, 10:39:05.017, 1119182110610828, vstest.console.dll, MulticastDelegateUtilities.SafeInvoke: TestRunMessageLoggerProxy.SendMessage: Invoking callback 1/1 for Microsoft.VisualStudio.TestPlatform.Common.Logging.InternalTestLoggerEvents., took 0 ms.
TpTrace Verbose: 0 : 165606, 4, 2026/02/19, 10:39:05.017, 1119182110984439, vstest.console.dll, MulticastDelegateUtilities.SafeInvoke: InternalTestLoggerEvents.SendMessage: Invoking callback 1/1 for Microsoft.VisualStudio.TestPlatform.CommandLine.Internal.ConsoleLogger., took 0 ms.
TpTrace Verbose: 0 : 165606, 4, 2026/02/19, 10:39:05.017, 1119182111066148, vstest.console.dll, MulticastDelegateUtilities.SafeInvoke: InternalTestLoggerEvents.SendMessage: Invoking callback 1/1 for Microsoft.VisualStudio.TestPlatform.CommandLine.Internal.ConsoleLogger., took 0 ms.
TpTrace Verbose: 0 : 165606, 7, 2026/02/19, 10:39:05.994, 1119183088039857, vstest.console.dll, TcpClientExtensions.MessageLoopAsync: Polling on remoteEndPoint: 127.0.0.1:39034 localEndPoint: 127.0.0.1:38723 after 1004 ms
TpTrace Verbose: 0 : 165606, 7, 2026/02/19, 10:39:06.999, 1119184093074941, vstest.console.dll, TcpClientExtensions.MessageLoopAsync: Polling on remoteEndPoint: 127.0.0.1:39034 localEndPoint: 127.0.0.1:38723 after 1004 ms
TpTrace Verbose: 0 : 165606, 7, 2026/02/19, 10:39:08.004, 1119185097855541, vstest.console.dll, TcpClientExtensions.MessageLoopAsync: Polling on remoteEndPoint: 127.0.0.1:39034 localEndPoint: 127.0.0.1:38723 after 1004 ms
TpTrace Verbose: 0 : 165606, 7, 2026/02/19, 10:39:09.008, 1119186102230024, vstest.console.dll, TcpClientExtensions.MessageLoopAsync: Polling on remoteEndPoint: 127.0.0.1:39034 localEndPoint: 127.0.0.1:38723 after 1004 ms
TpTrace Verbose: 0 : 165606, 7, 2026/02/19, 10:39:10.013, 1119187107228631, vstest.console.dll, TcpClientExtensions.MessageLoopAsync: Polling on remoteEndPoint: 127.0.0.1:39034 localEndPoint: 127.0.0.1:38723 after 1004 ms
TpTrace Verbose: 0 : 165606, 7, 2026/02/19, 10:39:10.489, 1119187582875782, vstest.console.dll, TcpClientExtensions.MessageLoopAsync: NotifyDataAvailable remoteEndPoint: 127.0.0.1:39034 localEndPoint: 127.0.0.1:38723
TpTrace Verbose: 0 : 165606, 7, 2026/02/19, 10:39:10.489, 1119187583272419, vstest.console.dll, TestRequestSender.OnExecutionMessageReceived: Received message: {"Version":7,"MessageType":"TestExecution.StatsChange","Payload":{"NewTestResults":[{"TestCase":{"Id":"89272532-fa49-beae-b20b-a12e9fbee9f6","FullyQualifiedName":"Ghost.Plugin.LinkedIn.End2EndTests.LinkedInJobClientE2ETests.SearchJobsAsync_RespectsMaxResultsAsync","DisplayName":"Ghost.Plugin.LinkedIn.End2EndTests.LinkedInJobClientE2ETests.SearchJobsAsync_RespectsMaxResultsAsync","ExecutorUri":"executor://xunit/VsTestRunner2/netcoreapp","Source":"/tmp/ghost-build/bin/Ghost.Plugin.LinkedIn.End2EndTests/Debug/net10.0/Ghost.Plugin.LinkedIn.End2EndTests.dll","CodeFilePath":null,"LineNumber":0,"Properties":[{"Key":{"Id":"TestObject.Traits","Label":"Traits","Category":"","Description":"","Attributes":5,"ValueType":"System.Collections.Generic.KeyValuePair`2[[System.String],[System.String]][]"},"Value":[{"Key":"TestType","Value":"End2End"},{"Key":"Category","Value":"End2End"}]}]},"Attachments":[],"Outcome":1,"ErrorMessage":null,"ErrorStackTrace":null,"DisplayName":"Ghost.Plugin.LinkedIn.End2EndTests.LinkedInJobClientE2ETests.SearchJobsAsync_RespectsMaxResultsAsync","Messages":[{"Category":"StdOutMsgs","Text":"Requested 5 results, got 4\n"}],"ComputerName":"docker","Duration":"00:00:05.4666104","StartTime":"2026-02-19T09:39:10.4860479+00:00","EndTime":"2026-02-19T09:39:10.4860481+00:00","Properties":[]}],"TestRunStatistics":{"ExecutedTests":2,"Stats":{"Passed":2}},"ActiveTests":[{"Id":"12c6b3a1-3100-2220-7619-843144320a78","FullyQualifiedName":"Ghost.Plugin.LinkedIn.End2EndTests.LinkedInJobClientE2ETests.GetSavedJobsAsync_ThrowsNotImplementedExceptionAsync","DisplayName":"Ghost.Plugin.LinkedIn.End2EndTests.LinkedInJobClientE2ETests.GetSavedJobsAsync_ThrowsNotImplementedExceptionAsync","ExecutorUri":"executor://xunit/VsTestRunner2/netcoreapp","Source":"/tmp/ghost-build/bin/Ghost.Plugin.LinkedIn.End2EndTests/Debug/net10.0/Ghost.Plugin.LinkedIn.End2EndTests.dll","CodeFilePath":null,"LineNumber":0,"Properties":[{"Key":{"Id":"TestObject.Traits","Label":"Traits","Category":"","Description":"","Attributes":5,"ValueType":"System.Collections.Generic.KeyValuePair`2[[System.String],[System.String]][]"},"Value":[{"Key":"TestType","Value":"End2End"},{"Key":"Category","Value":"End2End"}]}]}]}}
TpTrace Verbose: 0 : 165606, 7, 2026/02/19, 10:39:10.492, 1119187586037229, vstest.console.dll, TestRunRequest:SendTestRunStatsChange: Starting.
TpTrace Verbose: 0 : 165606, 7, 2026/02/19, 10:39:10.492, 1119187586089842, vstest.console.dll, InProgress is Ghost.Plugin.LinkedIn.End2EndTests.LinkedInJobClientE2ETests.GetSavedJobsAsync_ThrowsNotImplementedExceptionAsync
TpTrace Verbose: 0 : 165606, 7, 2026/02/19, 10:39:10.492, 1119187586139668, vstest.console.dll, MulticastDelegateUtilities.SafeInvoke: TestRun.RunStatsChanged: Invoking callbacks was skipped because there are no subscribers.
TpTrace Information: 0 : 165606, 7, 2026/02/19, 10:39:10.492, 1119187586153003, vstest.console.dll, TestRunRequest:SendTestRunStatsChange: Completed.
TpTrace Verbose: 0 : 165606, 7, 2026/02/19, 10:39:10.492, 1119187586166051, vstest.console.dll, MulticastDelegateUtilities.SafeInvoke: LengthPrefixCommunicationChannel: MessageReceived: Invoking callback 1/1 for Microsoft.VisualStudio.TestPlatform.CommunicationUtilities.TestRequestSender+<>c__DisplayClass34_0., took 2 ms.
TpTrace Verbose: 0 : 165606, 7, 2026/02/19, 10:39:10.492, 1119187586183657, vstest.console.dll, TcpClientExtensions.MessageLoopAsync: Polling on remoteEndPoint: 127.0.0.1:39034 localEndPoint: 127.0.0.1:38723 after 478 ms
TpTrace Verbose: 0 : 165606, 4, 2026/02/19, 10:39:10.494, 1119187587811942, vstest.console.dll, MulticastDelegateUtilities.SafeInvoke: InternalTestLoggerEvents.SendTestResult: Invoking callback 1/1 for Microsoft.VisualStudio.TestPlatform.CommandLine.Internal.ConsoleLogger., took 1 ms.
TpTrace Verbose: 0 : 165606, 5, 2026/02/19, 10:39:10.499, 1119187593412395, vstest.console.dll, TestHostManagerCallbacks.StandardOutputReceivedCallback Test host standard output line: warn: Microsoft.AspNetCore.Server.Kestrel[0]
TpTrace Verbose: 0 : 165606, 5, 2026/02/19, 10:39:10.500, 1119187593513515, vstest.console.dll, MulticastDelegateUtilities.SafeInvoke: TestRunMessageLoggerProxy.SendMessage: Invoking callback 1/1 for Microsoft.VisualStudio.TestPlatform.Common.Logging.InternalTestLoggerEvents., took 0 ms.
TpTrace Verbose: 0 : 165606, 5, 2026/02/19, 10:39:10.500, 1119187593540119, vstest.console.dll, TestHostManagerCallbacks.StandardOutputReceivedCallback Test host standard output line:       Overriding address(es) 'http://localhost:36465'. Binding to endpoints defined via IConfiguration and/or UseKestrel() instead.
TpTrace Verbose: 0 : 165606, 5, 2026/02/19, 10:39:10.500, 1119187593561201, vstest.console.dll, MulticastDelegateUtilities.SafeInvoke: TestRunMessageLoggerProxy.SendMessage: Invoking callback 1/1 for Microsoft.VisualStudio.TestPlatform.Common.Logging.InternalTestLoggerEvents., took 0 ms.
TpTrace Verbose: 0 : 165606, 4, 2026/02/19, 10:39:10.500, 1119187593618199, vstest.console.dll, MulticastDelegateUtilities.SafeInvoke: InternalTestLoggerEvents.SendMessage: Invoking callback 1/1 for Microsoft.VisualStudio.TestPlatform.CommandLine.Internal.ConsoleLogger., took 0 ms.
TpTrace Verbose: 0 : 165606, 4, 2026/02/19, 10:39:10.500, 1119187593636545, vstest.console.dll, MulticastDelegateUtilities.SafeInvoke: InternalTestLoggerEvents.SendMessage: Invoking callback 1/1 for Microsoft.VisualStudio.TestPlatform.CommandLine.Internal.ConsoleLogger., took 0 ms.
TpTrace Verbose: 0 : 165606, 11, 2026/02/19, 10:39:10.517, 1119187610791169, vstest.console.dll, TestHostManagerCallbacks.StandardOutputReceivedCallback Test host standard output line: warn: Microsoft.AspNetCore.Server.Kestrel[0]
TpTrace Verbose: 0 : 165606, 11, 2026/02/19, 10:39:10.517, 1119187611072213, vstest.console.dll, MulticastDelegateUtilities.SafeInvoke: TestRunMessageLoggerProxy.SendMessage: Invoking callback 1/1 for Microsoft.VisualStudio.TestPlatform.Common.Logging.InternalTestLoggerEvents., took 0 ms.
TpTrace Verbose: 0 : 165606, 11, 2026/02/19, 10:39:10.518, 1119187611730269, vstest.console.dll, TestHostManagerCallbacks.StandardOutputReceivedCallback Test host standard output line:       Overriding address(es) 'http://localhost:46843'. Binding to endpoints defined via IConfiguration and/or UseKestrel() instead.
TpTrace Verbose: 0 : 165606, 4, 2026/02/19, 10:39:10.517, 1119187611121230, vstest.console.dll, MulticastDelegateUtilities.SafeInvoke: InternalTestLoggerEvents.SendMessage: Invoking callback 1/1 for Microsoft.VisualStudio.TestPlatform.CommandLine.Internal.ConsoleLogger., took 0 ms.
TpTrace Verbose: 0 : 165606, 4, 2026/02/19, 10:39:10.518, 1119187611881497, vstest.console.dll, MulticastDelegateUtilities.SafeInvoke: InternalTestLoggerEvents.SendMessage: Invoking callback 1/1 for Microsoft.VisualStudio.TestPlatform.CommandLine.Internal.ConsoleLogger., took 0 ms.
TpTrace Verbose: 0 : 165606, 11, 2026/02/19, 10:39:10.518, 1119187611985095, vstest.console.dll, MulticastDelegateUtilities.SafeInvoke: TestRunMessageLoggerProxy.SendMessage: Invoking callback 1/1 for Microsoft.VisualStudio.TestPlatform.Common.Logging.InternalTestLoggerEvents., took 0 ms.
TpTrace Verbose: 0 : 165606, 11, 2026/02/19, 10:39:10.535, 1119187628529418, vstest.console.dll, TestHostManagerCallbacks.StandardOutputReceivedCallback Test host standard output line: warn: Microsoft.AspNetCore.Server.Kestrel[0]
TpTrace Verbose: 0 : 165606, 11, 2026/02/19, 10:39:10.535, 1119187628758217, vstest.console.dll, MulticastDelegateUtilities.SafeInvoke: TestRunMessageLoggerProxy.SendMessage: Invoking callback 1/1 for Microsoft.VisualStudio.TestPlatform.Common.Logging.InternalTestLoggerEvents., took 0 ms.
TpTrace Verbose: 0 : 165606, 4, 2026/02/19, 10:39:10.535, 1119187628806124, vstest.console.dll, MulticastDelegateUtilities.SafeInvoke: InternalTestLoggerEvents.SendMessage: Invoking callback 1/1 for Microsoft.VisualStudio.TestPlatform.CommandLine.Internal.ConsoleLogger., took 0 ms.
TpTrace Verbose: 0 : 165606, 11, 2026/02/19, 10:39:10.535, 1119187628883229, vstest.console.dll, TestHostManagerCallbacks.StandardOutputReceivedCallback Test host standard output line:       Overriding address(es) 'http://localhost:42481'. Binding to endpoints defined via IConfiguration and/or UseKestrel() instead.
TpTrace Verbose: 0 : 165606, 11, 2026/02/19, 10:39:10.536, 1119187629649186, vstest.console.dll, MulticastDelegateUtilities.SafeInvoke: TestRunMessageLoggerProxy.SendMessage: Invoking callback 1/1 for Microsoft.VisualStudio.TestPlatform.Common.Logging.InternalTestLoggerEvents., took 0 ms.
TpTrace Verbose: 0 : 165606, 4, 2026/02/19, 10:39:10.536, 1119187629692499, vstest.console.dll, MulticastDelegateUtilities.SafeInvoke: InternalTestLoggerEvents.SendMessage: Invoking callback 1/1 for Microsoft.VisualStudio.TestPlatform.CommandLine.Internal.ConsoleLogger., took 0 ms.
TpTrace Verbose: 0 : 165606, 11, 2026/02/19, 10:39:10.543, 1119187636541246, vstest.console.dll, TestHostManagerCallbacks.StandardOutputReceivedCallback Test host standard output line: info: Ghost.Plugin.LinkedIn.LinkedInJobClient[1]
TpTrace Verbose: 0 : 165606, 11, 2026/02/19, 10:39:10.543, 1119187637394056, vstest.console.dll, MulticastDelegateUtilities.SafeInvoke: TestRunMessageLoggerProxy.SendMessage: Invoking callback 1/1 for Microsoft.VisualStudio.TestPlatform.Common.Logging.InternalTestLoggerEvents., took 0 ms.
TpTrace Verbose: 0 : 165606, 11, 2026/02/19, 10:39:10.544, 1119187637586121, vstest.console.dll, TestHostManagerCallbacks.StandardOutputReceivedCallback Test host standard output line:       Executing Job Search. Strategy: Browser, Query: Software Engineer
TpTrace Verbose: 0 : 165606, 11, 2026/02/19, 10:39:10.544, 1119187637708879, vstest.console.dll, MulticastDelegateUtilities.SafeInvoke: TestRunMessageLoggerProxy.SendMessage: Invoking callback 1/1 for Microsoft.VisualStudio.TestPlatform.Common.Logging.InternalTestLoggerEvents., took 0 ms.
TpTrace Verbose: 0 : 165606, 4, 2026/02/19, 10:39:10.543, 1119187637445684, vstest.console.dll, MulticastDelegateUtilities.SafeInvoke: InternalTestLoggerEvents.SendMessage: Invoking callback 1/1 for Microsoft.VisualStudio.TestPlatform.CommandLine.Internal.ConsoleLogger., took 0 ms.
TpTrace Verbose: 0 : 165606, 4, 2026/02/19, 10:39:10.544, 1119187638408995, vstest.console.dll, MulticastDelegateUtilities.SafeInvoke: InternalTestLoggerEvents.SendMessage: Invoking callback 1/1 for Microsoft.VisualStudio.TestPlatform.CommandLine.Internal.ConsoleLogger., took 0 ms.
TpTrace Verbose: 0 : 165606, 7, 2026/02/19, 10:39:11.497, 1119188591061143, vstest.console.dll, TcpClientExtensions.MessageLoopAsync: Polling on remoteEndPoint: 127.0.0.1:39034 localEndPoint: 127.0.0.1:38723 after 1004 ms
TpTrace Verbose: 0 : 165606, 7, 2026/02/19, 10:39:11.989, 1119189082934699, vstest.console.dll, TcpClientExtensions.MessageLoopAsync: NotifyDataAvailable remoteEndPoint: 127.0.0.1:39034 localEndPoint: 127.0.0.1:38723
TpTrace Verbose: 0 : 165606, 7, 2026/02/19, 10:39:11.989, 1119189083079911, vstest.console.dll, TestRequestSender.OnExecutionMessageReceived: Received message: {"Version":7,"MessageType":"TestExecution.StatsChange","Payload":{"NewTestResults":[{"TestCase":{"Id":"12c6b3a1-3100-2220-7619-843144320a78","FullyQualifiedName":"Ghost.Plugin.LinkedIn.End2EndTests.LinkedInJobClientE2ETests.GetSavedJobsAsync_ThrowsNotImplementedExceptionAsync","DisplayName":"Ghost.Plugin.LinkedIn.End2EndTests.LinkedInJobClientE2ETests.GetSavedJobsAsync_ThrowsNotImplementedExceptionAsync","ExecutorUri":"executor://xunit/VsTestRunner2/netcoreapp","Source":"/tmp/ghost-build/bin/Ghost.Plugin.LinkedIn.End2EndTests/Debug/net10.0/Ghost.Plugin.LinkedIn.End2EndTests.dll","CodeFilePath":null,"LineNumber":0,"Properties":[{"Key":{"Id":"TestObject.Traits","Label":"Traits","Category":"","Description":"","Attributes":5,"ValueType":"System.Collections.Generic.KeyValuePair`2[[System.String],[System.String]][]"},"Value":[{"Key":"TestType","Value":"End2End"},{"Key":"Category","Value":"End2End"}]}]},"Attachments":[],"Outcome":1,"ErrorMessage":null,"ErrorStackTrace":null,"DisplayName":"Ghost.Plugin.LinkedIn.End2EndTests.LinkedInJobClientE2ETests.GetSavedJobsAsync_ThrowsNotImplementedExceptionAsync","Messages":[],"ComputerName":"docker","Duration":"00:00:00.0029995","StartTime":"2026-02-19T09:39:10.5096449+00:00","EndTime":"2026-02-19T09:39:10.5096451+00:00","Properties":[]},{"TestCase":{"Id":"d0d803ef-7c38-fe30-0236-22ca943f3989","FullyQualifiedName":"Ghost.Plugin.LinkedIn.End2EndTests.LinkedInJobClientE2ETests.PlatformName_ReturnsLinkedInAsync","DisplayName":"Ghost.Plugin.LinkedIn.End2EndTests.LinkedInJobClientE2ETests.PlatformName_ReturnsLinkedInAsync","ExecutorUri":"executor://xunit/VsTestRunner2/netcoreapp","Source":"/tmp/ghost-build/bin/Ghost.Plugin.LinkedIn.End2EndTests/Debug/net10.0/Ghost.Plugin.LinkedIn.End2EndTests.dll","CodeFilePath":null,"LineNumber":0,"Properties":[{"Key":{"Id":"TestObject.Traits","Label":"Traits","Category":"","Description":"","Attributes":5,"ValueType":"System.Collections.Generic.KeyValuePair`2[[System.String],[System.String]][]"},"Value":[{"Key":"TestType","Value":"End2End"},{"Key":"Category","Value":"End2End"}]}]},"Attachments":[],"Outcome":1,"ErrorMessage":null,"ErrorStackTrace":null,"DisplayName":"Ghost.Plugin.LinkedIn.End2EndTests.LinkedInJobClientE2ETests.PlatformName_ReturnsLinkedInAsync","Messages":[],"ComputerName":"docker","Duration":"00:00:00.0016126","StartTime":"2026-02-19T09:39:10.5252556+00:00","EndTime":"2026-02-19T09:39:10.5252557+00:00","Properties":[]}],"TestRunStatistics":{"ExecutedTests":4,"Stats":{"Passed":4}},"ActiveTests":[{"Id":"f96be87d-e549-2d1b-9d9a-b12d1e9460f7","FullyQualifiedName":"Ghost.Plugin.LinkedIn.End2EndTests.LinkedInJobClientE2ETests.SearchJobsAsync_ReturnsJobs_WhenKeywordsProvidedAsync","DisplayName":"Ghost.Plugin.LinkedIn.End2EndTests.LinkedInJobClientE2ETests.SearchJobsAsync_ReturnsJobs_WhenKeywordsProvidedAsync","ExecutorUri":"executor://xunit/VsTestRunner2/netcoreapp","Source":"/tmp/ghost-build/bin/Ghost.Plugin.LinkedIn.End2EndTests/Debug/net10.0/Ghost.Plugin.LinkedIn.End2EndTests.dll","CodeFilePath":null,"LineNumber":0,"Properties":[{"Key":{"Id":"TestObject.Traits","Label":"Traits","Category":"","Description":"","Attributes":5,"ValueType":"System.Collections.Generic.KeyValuePair`2[[System.String],[System.String]][]"},"Value":[{"Key":"TestType","Value":"End2End"},{"Key":"Category","Value":"End2End"}]}]}]}}
TpTrace Verbose: 0 : 165606, 7, 2026/02/19, 10:39:11.990, 1119189083759326, vstest.console.dll, TestRunRequest:SendTestRunStatsChange: Starting.
TpTrace Verbose: 0 : 165606, 7, 2026/02/19, 10:39:11.990, 1119189083793001, vstest.console.dll, InProgress is Ghost.Plugin.LinkedIn.End2EndTests.LinkedInJobClientE2ETests.SearchJobsAsync_ReturnsJobs_WhenKeywordsProvidedAsync
TpTrace Verbose: 0 : 165606, 7, 2026/02/19, 10:39:11.990, 1119189083824548, vstest.console.dll, MulticastDelegateUtilities.SafeInvoke: TestRun.RunStatsChanged: Invoking callbacks was skipped because there are no subscribers.
TpTrace Information: 0 : 165606, 7, 2026/02/19, 10:39:11.990, 1119189083836748, vstest.console.dll, TestRunRequest:SendTestRunStatsChange: Completed.
TpTrace Verbose: 0 : 165606, 7, 2026/02/19, 10:39:11.990, 1119189083852306, vstest.console.dll, MulticastDelegateUtilities.SafeInvoke: LengthPrefixCommunicationChannel: MessageReceived: Invoking callback 1/1 for Microsoft.VisualStudio.TestPlatform.CommunicationUtilities.TestRequestSender+<>c__DisplayClass34_0., took 0 ms.
TpTrace Verbose: 0 : 165606, 7, 2026/02/19, 10:39:11.990, 1119189083869197, vstest.console.dll, TcpClientExtensions.MessageLoopAsync: Polling on remoteEndPoint: 127.0.0.1:39034 localEndPoint: 127.0.0.1:38723 after 492 ms
TpTrace Verbose: 0 : 165606, 4, 2026/02/19, 10:39:11.990, 1119189083970202, vstest.console.dll, MulticastDelegateUtilities.SafeInvoke: InternalTestLoggerEvents.SendTestResult: Invoking callback 1/1 for Microsoft.VisualStudio.TestPlatform.CommandLine.Internal.ConsoleLogger., took 0 ms.
TpTrace Verbose: 0 : 165606, 4, 2026/02/19, 10:39:11.990, 1119189083996072, vstest.console.dll, MulticastDelegateUtilities.SafeInvoke: InternalTestLoggerEvents.SendTestResult: Invoking callback 1/1 for Microsoft.VisualStudio.TestPlatform.CommandLine.Internal.ConsoleLogger., took 0 ms.
TpTrace Verbose: 0 : 165606, 7, 2026/02/19, 10:39:12.995, 1119190089013209, vstest.console.dll, TcpClientExtensions.MessageLoopAsync: Polling on remoteEndPoint: 127.0.0.1:39034 localEndPoint: 127.0.0.1:38723 after 1005 ms
TpTrace Verbose: 0 : 165606, 7, 2026/02/19, 10:39:13.995, 1119191089403215, vstest.console.dll, TcpClientExtensions.MessageLoopAsync: Polling on remoteEndPoint: 127.0.0.1:39034 localEndPoint: 127.0.0.1:38723 after 1000 ms
TpTrace Verbose: 0 : 165606, 7, 2026/02/19, 10:39:15.000, 1119192094239605, vstest.console.dll, TcpClientExtensions.MessageLoopAsync: Polling on remoteEndPoint: 127.0.0.1:39034 localEndPoint: 127.0.0.1:38723 after 1004 ms
TpTrace Verbose: 0 : 165606, 7, 2026/02/19, 10:39:15.742, 1119192836068991, vstest.console.dll, TcpClientExtensions.MessageLoopAsync: NotifyDataAvailable remoteEndPoint: 127.0.0.1:39034 localEndPoint: 127.0.0.1:38723
TpTrace Verbose: 0 : 165606, 7, 2026/02/19, 10:39:15.743, 1119192836657066, vstest.console.dll, TestRequestSender.OnExecutionMessageReceived: Received message: {"Version":7,"MessageType":"TestExecution.StatsChange","Payload":{"NewTestResults":[{"TestCase":{"Id":"f96be87d-e549-2d1b-9d9a-b12d1e9460f7","FullyQualifiedName":"Ghost.Plugin.LinkedIn.End2EndTests.LinkedInJobClientE2ETests.SearchJobsAsync_ReturnsJobs_WhenKeywordsProvidedAsync","DisplayName":"Ghost.Plugin.LinkedIn.End2EndTests.LinkedInJobClientE2ETests.SearchJobsAsync_ReturnsJobs_WhenKeywordsProvidedAsync","ExecutorUri":"executor://xunit/VsTestRunner2/netcoreapp","Source":"/tmp/ghost-build/bin/Ghost.Plugin.LinkedIn.End2EndTests/Debug/net10.0/Ghost.Plugin.LinkedIn.End2EndTests.dll","CodeFilePath":null,"LineNumber":0,"Properties":[{"Key":{"Id":"TestObject.Traits","Label":"Traits","Category":"","Description":"","Attributes":5,"ValueType":"System.Collections.Generic.KeyValuePair`2[[System.String],[System.String]][]"},"Value":[{"Key":"TestType","Value":"End2End"},{"Key":"Category","Value":"End2End"}]}]},"Attachments":[],"Outcome":1,"ErrorMessage":null,"ErrorStackTrace":null,"DisplayName":"Ghost.Plugin.LinkedIn.End2EndTests.LinkedInJobClientE2ETests.SearchJobsAsync_ReturnsJobs_WhenKeywordsProvidedAsync","Messages":[{"Category":"StdOutMsgs","Text":"Found 1 jobs\n"}],"ComputerName":"docker","Duration":"00:00:05.1916795","StartTime":"2026-02-19T09:39:15.7388146+00:00","EndTime":"2026-02-19T09:39:15.7388147+00:00","Properties":[]}],"TestRunStatistics":{"ExecutedTests":5,"Stats":{"Passed":5}},"ActiveTests":[{"Id":"96962c9f-a5a0-e229-4db7-b15f7f8174af","FullyQualifiedName":"Ghost.Plugin.LinkedIn.End2EndTests.LinkedInJobClientE2ETests.GetJobDetailsAsync_ReturnsCompleteJob_WhenValidUrlProvidedAsync","DisplayName":"Ghost.Plugin.LinkedIn.End2EndTests.LinkedInJobClientE2ETests.GetJobDetailsAsync_ReturnsCompleteJob_WhenValidUrlProvidedAsync","ExecutorUri":"executor://xunit/VsTestRunner2/netcoreapp","Source":"/tmp/ghost-build/bin/Ghost.Plugin.LinkedIn.End2EndTests/Debug/net10.0/Ghost.Plugin.LinkedIn.End2EndTests.dll","CodeFilePath":null,"LineNumber":0,"Properties":[{"Key":{"Id":"TestObject.Traits","Label":"Traits","Category":"","Description":"","Attributes":5,"ValueType":"System.Collections.Generic.KeyValuePair`2[[System.String],[System.String]][]"},"Value":[{"Key":"TestType","Value":"End2End"},{"Key":"Category","Value":"End2End"}]}]}]}}
TpTrace Verbose: 0 : 165606, 7, 2026/02/19, 10:39:15.744, 1119192837534591, vstest.console.dll, TestRunRequest:SendTestRunStatsChange: Starting.
TpTrace Verbose: 0 : 165606, 7, 2026/02/19, 10:39:15.744, 1119192837747383, vstest.console.dll, InProgress is Ghost.Plugin.LinkedIn.End2EndTests.LinkedInJobClientE2ETests.GetJobDetailsAsync_ReturnsCompleteJob_WhenValidUrlProvidedAsync
TpTrace Verbose: 0 : 165606, 7, 2026/02/19, 10:39:15.744, 1119192837792340, vstest.console.dll, MulticastDelegateUtilities.SafeInvoke: TestRun.RunStatsChanged: Invoking callbacks was skipped because there are no subscribers.
TpTrace Information: 0 : 165606, 7, 2026/02/19, 10:39:15.744, 1119192837805333, vstest.console.dll, TestRunRequest:SendTestRunStatsChange: Completed.
TpTrace Verbose: 0 : 165606, 7, 2026/02/19, 10:39:15.744, 1119192837820307, vstest.console.dll, MulticastDelegateUtilities.SafeInvoke: LengthPrefixCommunicationChannel: MessageReceived: Invoking callback 1/1 for Microsoft.VisualStudio.TestPlatform.CommunicationUtilities.TestRequestSender+<>c__DisplayClass34_0., took 1 ms.
TpTrace Verbose: 0 : 165606, 7, 2026/02/19, 10:39:15.744, 1119192837845823, vstest.console.dll, TcpClientExtensions.MessageLoopAsync: Polling on remoteEndPoint: 127.0.0.1:39034 localEndPoint: 127.0.0.1:38723 after 743 ms
TpTrace Verbose: 0 : 165606, 4, 2026/02/19, 10:39:15.744, 1119192837996385, vstest.console.dll, MulticastDelegateUtilities.SafeInvoke: InternalTestLoggerEvents.SendTestResult: Invoking callback 1/1 for Microsoft.VisualStudio.TestPlatform.CommandLine.Internal.ConsoleLogger., took 0 ms.
TpTrace Verbose: 0 : 165606, 11, 2026/02/19, 10:39:15.752, 1119192846257854, vstest.console.dll, TestHostManagerCallbacks.StandardOutputReceivedCallback Test host standard output line: warn: Microsoft.AspNetCore.Server.Kestrel[0]
TpTrace Verbose: 0 : 165606, 11, 2026/02/19, 10:39:15.752, 1119192846330680, vstest.console.dll, MulticastDelegateUtilities.SafeInvoke: TestRunMessageLoggerProxy.SendMessage: Invoking callback 1/1 for Microsoft.VisualStudio.TestPlatform.Common.Logging.InternalTestLoggerEvents., took 0 ms.
TpTrace Verbose: 0 : 165606, 11, 2026/02/19, 10:39:15.752, 1119192846352510, vstest.console.dll, TestHostManagerCallbacks.StandardOutputReceivedCallback Test host standard output line:       Overriding address(es) 'http://localhost:38439'. Binding to endpoints defined via IConfiguration and/or UseKestrel() instead.
TpTrace Verbose: 0 : 165606, 4, 2026/02/19, 10:39:15.752, 1119192846353558, vstest.console.dll, MulticastDelegateUtilities.SafeInvoke: InternalTestLoggerEvents.SendMessage: Invoking callback 1/1 for Microsoft.VisualStudio.TestPlatform.CommandLine.Internal.ConsoleLogger., took 0 ms.
TpTrace Verbose: 0 : 165606, 4, 2026/02/19, 10:39:15.752, 1119192846394441, vstest.console.dll, MulticastDelegateUtilities.SafeInvoke: InternalTestLoggerEvents.SendMessage: Invoking callback 1/1 for Microsoft.VisualStudio.TestPlatform.CommandLine.Internal.ConsoleLogger., took 0 ms.
TpTrace Verbose: 0 : 165606, 11, 2026/02/19, 10:39:15.752, 1119192846369831, vstest.console.dll, MulticastDelegateUtilities.SafeInvoke: TestRunMessageLoggerProxy.SendMessage: Invoking callback 1/1 for Microsoft.VisualStudio.TestPlatform.Common.Logging.InternalTestLoggerEvents., took 0 ms.
TpTrace Verbose: 0 : 165606, 7, 2026/02/19, 10:39:15.861, 1119192954585492, vstest.console.dll, TcpClientExtensions.MessageLoopAsync: NotifyDataAvailable remoteEndPoint: 127.0.0.1:39034 localEndPoint: 127.0.0.1:38723
TpTrace Verbose: 0 : 165606, 7, 2026/02/19, 10:39:15.861, 1119192954945869, vstest.console.dll, TestRequestSender.OnExecutionMessageReceived: Received message: {"Version":7,"MessageType":"TestSession.Message","Payload":{"MessageLevel":1,"Message":"[xUnit.net 00:00:23.50]     Ghost.Plugin.LinkedIn.End2EndTests.LinkedInJobClientE2ETests.ApplyForJobAsync_ThrowsNotImplementedAsync [SKIP]"}}
TpTrace Verbose: 0 : 165606, 7, 2026/02/19, 10:39:15.861, 1119192955138672, vstest.console.dll, TestRunRequest:SendTestRunMessage: Starting.
TpTrace Verbose: 0 : 165606, 7, 2026/02/19, 10:39:15.862, 1119192955710250, vstest.console.dll, MulticastDelegateUtilities.SafeInvoke: TestRun.LogMessages: Invoking callback 1/1 for Microsoft.VisualStudio.TestPlatform.CommandLine.TestRunResultAggregator., took 0 ms.
TpTrace Information: 0 : 165606, 7, 2026/02/19, 10:39:15.862, 1119192955726695, vstest.console.dll, TestRunRequest:SendTestRunMessage: Completed.
TpTrace Verbose: 0 : 165606, 7, 2026/02/19, 10:39:15.862, 1119192955739945, vstest.console.dll, MulticastDelegateUtilities.SafeInvoke: LengthPrefixCommunicationChannel: MessageReceived: Invoking callback 1/1 for Microsoft.VisualStudio.TestPlatform.CommunicationUtilities.TestRequestSender+<>c__DisplayClass34_0., took 0 ms.
TpTrace Verbose: 0 : 165606, 7, 2026/02/19, 10:39:15.862, 1119192955756177, vstest.console.dll, TcpClientExtensions.MessageLoopAsync: Polling on remoteEndPoint: 127.0.0.1:39034 localEndPoint: 127.0.0.1:38723 after 117 ms
TpTrace Verbose: 0 : 165606, 7, 2026/02/19, 10:39:15.862, 1119192955773164, vstest.console.dll, TcpClientExtensions.MessageLoopAsync: NotifyDataAvailable remoteEndPoint: 127.0.0.1:39034 localEndPoint: 127.0.0.1:38723
TpTrace Verbose: 0 : 165606, 7, 2026/02/19, 10:39:15.862, 1119192955807929, vstest.console.dll, TestRequestSender.OnExecutionMessageReceived: Received message: {"Version":7,"MessageType":"TestSession.Message","Payload":{"MessageLevel":0,"Message":"[xUnit.net 00:00:23.50]       Application functionality requires external infrastructure"}}
TpTrace Verbose: 0 : 165606, 7, 2026/02/19, 10:39:15.862, 1119192955860800, vstest.console.dll, TestRunRequest:SendTestRunMessage: Starting.
TpTrace Verbose: 0 : 165606, 4, 2026/02/19, 10:39:15.862, 1119192955868698, vstest.console.dll, MulticastDelegateUtilities.SafeInvoke: InternalTestLoggerEvents.SendTestRunMessage: Invoking callback 1/1 for Microsoft.VisualStudio.TestPlatform.CommandLine.Internal.ConsoleLogger., took 0 ms.
TpTrace Verbose: 0 : 165606, 7, 2026/02/19, 10:39:15.862, 1119192955881055, vstest.console.dll, MulticastDelegateUtilities.SafeInvoke: TestRun.LogMessages: Invoking callback 1/1 for Microsoft.VisualStudio.TestPlatform.CommandLine.TestRunResultAggregator., took 0 ms.
TpTrace Verbose: 0 : 165606, 4, 2026/02/19, 10:39:15.862, 1119192955904436, vstest.console.dll, MulticastDelegateUtilities.SafeInvoke: InternalTestLoggerEvents.SendTestRunMessage: Invoking callback 1/1 for Microsoft.VisualStudio.TestPlatform.CommandLine.Internal.ConsoleLogger., took 0 ms.
TpTrace Information: 0 : 165606, 7, 2026/02/19, 10:39:15.862, 1119192955906986, vstest.console.dll, TestRunRequest:SendTestRunMessage: Completed.
TpTrace Verbose: 0 : 165606, 7, 2026/02/19, 10:39:15.864, 1119192957646755, vstest.console.dll, MulticastDelegateUtilities.SafeInvoke: LengthPrefixCommunicationChannel: MessageReceived: Invoking callback 1/1 for Microsoft.VisualStudio.TestPlatform.CommunicationUtilities.TestRequestSender+<>c__DisplayClass34_0., took 1 ms.
TpTrace Verbose: 0 : 165606, 7, 2026/02/19, 10:39:15.864, 1119192957949978, vstest.console.dll, TcpClientExtensions.MessageLoopAsync: Polling on remoteEndPoint: 127.0.0.1:39034 localEndPoint: 127.0.0.1:38723 after 2 ms
TpTrace Verbose: 0 : 165606, 11, 2026/02/19, 10:39:15.867, 1119192961416082, vstest.console.dll, TestHostManagerCallbacks.StandardOutputReceivedCallback Test host standard output line: warn: Microsoft.AspNetCore.Server.Kestrel[0]
TpTrace Verbose: 0 : 165606, 11, 2026/02/19, 10:39:15.868, 1119192961492612, vstest.console.dll, MulticastDelegateUtilities.SafeInvoke: TestRunMessageLoggerProxy.SendMessage: Invoking callback 1/1 for Microsoft.VisualStudio.TestPlatform.Common.Logging.InternalTestLoggerEvents., took 0 ms.
TpTrace Verbose: 0 : 165606, 11, 2026/02/19, 10:39:15.868, 1119192961509429, vstest.console.dll, TestHostManagerCallbacks.StandardOutputReceivedCallback Test host standard output line:       Overriding address(es) 'http://localhost:34355'. Binding to endpoints defined via IConfiguration and/or UseKestrel() instead.
TpTrace Verbose: 0 : 165606, 11, 2026/02/19, 10:39:15.868, 1119192961525437, vstest.console.dll, MulticastDelegateUtilities.SafeInvoke: TestRunMessageLoggerProxy.SendMessage: Invoking callback 1/1 for Microsoft.VisualStudio.TestPlatform.Common.Logging.InternalTestLoggerEvents., took 0 ms.
TpTrace Verbose: 0 : 165606, 4, 2026/02/19, 10:39:15.868, 1119192961673972, vstest.console.dll, MulticastDelegateUtilities.SafeInvoke: InternalTestLoggerEvents.SendMessage: Invoking callback 1/1 for Microsoft.VisualStudio.TestPlatform.CommandLine.Internal.ConsoleLogger., took 0 ms.
TpTrace Verbose: 0 : 165606, 4, 2026/02/19, 10:39:15.868, 1119192961690837, vstest.console.dll, MulticastDelegateUtilities.SafeInvoke: InternalTestLoggerEvents.SendMessage: Invoking callback 1/1 for Microsoft.VisualStudio.TestPlatform.CommandLine.Internal.ConsoleLogger., took 0 ms.
TpTrace Verbose: 0 : 165606, 11, 2026/02/19, 10:39:15.885, 1119192978470853, vstest.console.dll, TestHostManagerCallbacks.StandardOutputReceivedCallback Test host standard output line: warn: Microsoft.AspNetCore.Server.Kestrel[0]
TpTrace Verbose: 0 : 165606, 11, 2026/02/19, 10:39:15.885, 1119192978570060, vstest.console.dll, MulticastDelegateUtilities.SafeInvoke: TestRunMessageLoggerProxy.SendMessage: Invoking callback 1/1 for Microsoft.VisualStudio.TestPlatform.Common.Logging.InternalTestLoggerEvents., took 0 ms.
TpTrace Verbose: 0 : 165606, 11, 2026/02/19, 10:39:15.885, 1119192978593982, vstest.console.dll, TestHostManagerCallbacks.StandardOutputReceivedCallback Test host standard output line:       Overriding address(es) 'http://localhost:42479'. Binding to endpoints defined via IConfiguration and/or UseKestrel() instead.
TpTrace Verbose: 0 : 165606, 11, 2026/02/19, 10:39:15.885, 1119192978614940, vstest.console.dll, MulticastDelegateUtilities.SafeInvoke: TestRunMessageLoggerProxy.SendMessage: Invoking callback 1/1 for Microsoft.VisualStudio.TestPlatform.Common.Logging.InternalTestLoggerEvents., took 0 ms.
TpTrace Verbose: 0 : 165606, 4, 2026/02/19, 10:39:15.885, 1119192978679177, vstest.console.dll, MulticastDelegateUtilities.SafeInvoke: InternalTestLoggerEvents.SendMessage: Invoking callback 1/1 for Microsoft.VisualStudio.TestPlatform.CommandLine.Internal.ConsoleLogger., took 0 ms.
TpTrace Verbose: 0 : 165606, 4, 2026/02/19, 10:39:15.885, 1119192978696046, vstest.console.dll, MulticastDelegateUtilities.SafeInvoke: InternalTestLoggerEvents.SendMessage: Invoking callback 1/1 for Microsoft.VisualStudio.TestPlatform.CommandLine.Internal.ConsoleLogger., took 0 ms.
TpTrace Verbose: 0 : 165606, 11, 2026/02/19, 10:39:15.900, 1119192993900221, vstest.console.dll, TestHostManagerCallbacks.StandardOutputReceivedCallback Test host standard output line: warn: Microsoft.AspNetCore.Server.Kestrel[0]
TpTrace Verbose: 0 : 165606, 11, 2026/02/19, 10:39:15.900, 1119192993977042, vstest.console.dll, MulticastDelegateUtilities.SafeInvoke: TestRunMessageLoggerProxy.SendMessage: Invoking callback 1/1 for Microsoft.VisualStudio.TestPlatform.Common.Logging.InternalTestLoggerEvents., took 0 ms.
TpTrace Verbose: 0 : 165606, 11, 2026/02/19, 10:39:15.900, 1119192993996034, vstest.console.dll, TestHostManagerCallbacks.StandardOutputReceivedCallback Test host standard output line:       Overriding address(es) 'http://localhost:33793'. Binding to endpoints defined via IConfiguration and/or UseKestrel() instead.
TpTrace Verbose: 0 : 165606, 11, 2026/02/19, 10:39:15.900, 1119192994018856, vstest.console.dll, MulticastDelegateUtilities.SafeInvoke: TestRunMessageLoggerProxy.SendMessage: Invoking callback 1/1 for Microsoft.VisualStudio.TestPlatform.Common.Logging.InternalTestLoggerEvents., took 0 ms.
TpTrace Verbose: 0 : 165606, 4, 2026/02/19, 10:39:15.900, 1119192994171550, vstest.console.dll, MulticastDelegateUtilities.SafeInvoke: InternalTestLoggerEvents.SendMessage: Invoking callback 1/1 for Microsoft.VisualStudio.TestPlatform.CommandLine.Internal.ConsoleLogger., took 0 ms.
TpTrace Verbose: 0 : 165606, 4, 2026/02/19, 10:39:15.900, 1119192994188987, vstest.console.dll, MulticastDelegateUtilities.SafeInvoke: InternalTestLoggerEvents.SendMessage: Invoking callback 1/1 for Microsoft.VisualStudio.TestPlatform.CommandLine.Internal.ConsoleLogger., took 0 ms.
TpTrace Verbose: 0 : 165606, 11, 2026/02/19, 10:39:15.919, 1119193013348207, vstest.console.dll, TestHostManagerCallbacks.StandardOutputReceivedCallback Test host standard output line: warn: Microsoft.AspNetCore.Server.Kestrel[0]
TpTrace Verbose: 0 : 165606, 4, 2026/02/19, 10:39:15.920, 1119193013461446, vstest.console.dll, MulticastDelegateUtilities.SafeInvoke: InternalTestLoggerEvents.SendMessage: Invoking callback 1/1 for Microsoft.VisualStudio.TestPlatform.CommandLine.Internal.ConsoleLogger., took 0 ms.
TpTrace Verbose: 0 : 165606, 11, 2026/02/19, 10:39:15.920, 1119193013485166, vstest.console.dll, MulticastDelegateUtilities.SafeInvoke: TestRunMessageLoggerProxy.SendMessage: Invoking callback 1/1 for Microsoft.VisualStudio.TestPlatform.Common.Logging.InternalTestLoggerEvents., took 0 ms.
TpTrace Verbose: 0 : 165606, 11, 2026/02/19, 10:39:15.920, 1119193013499934, vstest.console.dll, TestHostManagerCallbacks.StandardOutputReceivedCallback Test host standard output line:       Overriding address(es) 'http://localhost:42541'. Binding to endpoints defined via IConfiguration and/or UseKestrel() instead.
TpTrace Verbose: 0 : 165606, 4, 2026/02/19, 10:39:15.920, 1119193013560309, vstest.console.dll, MulticastDelegateUtilities.SafeInvoke: InternalTestLoggerEvents.SendMessage: Invoking callback 1/1 for Microsoft.VisualStudio.TestPlatform.CommandLine.Internal.ConsoleLogger., took 0 ms.
TpTrace Verbose: 0 : 165606, 11, 2026/02/19, 10:39:15.920, 1119193013578791, vstest.console.dll, MulticastDelegateUtilities.SafeInvoke: TestRunMessageLoggerProxy.SendMessage: Invoking callback 1/1 for Microsoft.VisualStudio.TestPlatform.Common.Logging.InternalTestLoggerEvents., took 0 ms.
TpTrace Verbose: 0 : 165606, 11, 2026/02/19, 10:39:15.933, 1119193026702560, vstest.console.dll, TestHostManagerCallbacks.StandardOutputReceivedCallback Test host standard output line: warn: Microsoft.AspNetCore.Server.Kestrel[0]
TpTrace Verbose: 0 : 165606, 11, 2026/02/19, 10:39:15.933, 1119193026787391, vstest.console.dll, MulticastDelegateUtilities.SafeInvoke: TestRunMessageLoggerProxy.SendMessage: Invoking callback 1/1 for Microsoft.VisualStudio.TestPlatform.Common.Logging.InternalTestLoggerEvents., took 0 ms.
TpTrace Verbose: 0 : 165606, 11, 2026/02/19, 10:39:15.933, 1119193026804069, vstest.console.dll, TestHostManagerCallbacks.StandardOutputReceivedCallback Test host standard output line:       Overriding address(es) 'http://localhost:44139'. Binding to endpoints defined via IConfiguration and/or UseKestrel() instead.
TpTrace Verbose: 0 : 165606, 11, 2026/02/19, 10:39:15.933, 1119193026821361, vstest.console.dll, MulticastDelegateUtilities.SafeInvoke: TestRunMessageLoggerProxy.SendMessage: Invoking callback 1/1 for Microsoft.VisualStudio.TestPlatform.Common.Logging.InternalTestLoggerEvents., took 0 ms.
TpTrace Verbose: 0 : 165606, 4, 2026/02/19, 10:39:15.933, 1119193026883892, vstest.console.dll, MulticastDelegateUtilities.SafeInvoke: InternalTestLoggerEvents.SendMessage: Invoking callback 1/1 for Microsoft.VisualStudio.TestPlatform.CommandLine.Internal.ConsoleLogger., took 0 ms.
TpTrace Verbose: 0 : 165606, 4, 2026/02/19, 10:39:15.933, 1119193026900133, vstest.console.dll, MulticastDelegateUtilities.SafeInvoke: InternalTestLoggerEvents.SendMessage: Invoking callback 1/1 for Microsoft.VisualStudio.TestPlatform.CommandLine.Internal.ConsoleLogger., took 0 ms.
TpTrace Verbose: 0 : 165606, 7, 2026/02/19, 10:39:16.868, 1119193962158740, vstest.console.dll, TcpClientExtensions.MessageLoopAsync: Polling on remoteEndPoint: 127.0.0.1:39034 localEndPoint: 127.0.0.1:38723 after 1004 ms
TpTrace Verbose: 0 : 165606, 7, 2026/02/19, 10:39:17.240, 1119194334228962, vstest.console.dll, TcpClientExtensions.MessageLoopAsync: NotifyDataAvailable remoteEndPoint: 127.0.0.1:39034 localEndPoint: 127.0.0.1:38723
TpTrace Verbose: 0 : 165606, 7, 2026/02/19, 10:39:17.244, 1119194337529263, vstest.console.dll, TestRequestSender.OnExecutionMessageReceived: Received message: {"Version":7,"MessageType":"TestExecution.StatsChange","Payload":{"NewTestResults":[{"TestCase":{"Id":"96962c9f-a5a0-e229-4db7-b15f7f8174af","FullyQualifiedName":"Ghost.Plugin.LinkedIn.End2EndTests.LinkedInJobClientE2ETests.GetJobDetailsAsync_ReturnsCompleteJob_WhenValidUrlProvidedAsync","DisplayName":"Ghost.Plugin.LinkedIn.End2EndTests.LinkedInJobClientE2ETests.GetJobDetailsAsync_ReturnsCompleteJob_WhenValidUrlProvidedAsync","ExecutorUri":"executor://xunit/VsTestRunner2/netcoreapp","Source":"/tmp/ghost-build/bin/Ghost.Plugin.LinkedIn.End2EndTests/Debug/net10.0/Ghost.Plugin.LinkedIn.End2EndTests.dll","CodeFilePath":null,"LineNumber":0,"Properties":[{"Key":{"Id":"TestObject.Traits","Label":"Traits","Category":"","Description":"","Attributes":5,"ValueType":"System.Collections.Generic.KeyValuePair`2[[System.String],[System.String]][]"},"Value":[{"Key":"TestType","Value":"End2End"},{"Key":"Category","Value":"End2End"}]}]},"Attachments":[],"Outcome":1,"ErrorMessage":null,"ErrorStackTrace":null,"DisplayName":"Ghost.Plugin.LinkedIn.End2EndTests.LinkedInJobClientE2ETests.GetJobDetailsAsync_ReturnsCompleteJob_WhenValidUrlProvidedAsync","Messages":[{"Category":"StdOutMsgs","Text":"Job details - ID: linkedin-job-001, Title: Senior Software Engineer, Company: TechCorp\n"}],"ComputerName":"docker","Duration":"00:00:00.0976824","StartTime":"2026-02-19T09:39:15.8597644+00:00","EndTime":"2026-02-19T09:39:15.8597646+00:00","Properties":[]},{"TestCase":{"Id":"4c5bfca1-887e-569a-9ee7-b94bcedb56ce","FullyQualifiedName":"Ghost.Plugin.LinkedIn.End2EndTests.LinkedInJobClientE2ETests.ApplyForJobAsync_ThrowsNotImplementedAsync","DisplayName":"Ghost.Plugin.LinkedIn.End2EndTests.LinkedInJobClientE2ETests.ApplyForJobAsync_ThrowsNotImplementedAsync","ExecutorUri":"executor://xunit/VsTestRunner2/netcoreapp","Source":"/tmp/ghost-build/bin/Ghost.Plugin.LinkedIn.End2EndTests/Debug/net10.0/Ghost.Plugin.LinkedIn.End2EndTests.dll","CodeFilePath":null,"LineNumber":0,"Properties":[{"Key":{"Id":"TestObject.Traits","Label":"Traits","Category":"","Description":"","Attributes":5,"ValueType":"System.Collections.Generic.KeyValuePair`2[[System.String],[System.String]][]"},"Value":[{"Key":"TestType","Value":"End2End"},{"Key":"Category","Value":"End2End"}]}]},"Attachments":[],"Outcome":3,"ErrorMessage":"Application functionality requires external infrastructure","ErrorStackTrace":null,"DisplayName":"Ghost.Plugin.LinkedIn.End2EndTests.LinkedInJobClientE2ETests.ApplyForJobAsync_ThrowsNotImplementedAsync","Messages":[],"ComputerName":"docker","Duration":"00:00:00.0010000","StartTime":"2026-02-19T09:39:15.861777+00:00","EndTime":"2026-02-19T09:39:15.8617774+00:00","Properties":[]},{"TestCase":{"Id":"44a6797f-6215-cb69-7712-0dbc7663bb53","FullyQualifiedName":"Ghost.Plugin.LinkedIn.End2EndTests.LinkedInJobClientE2ETests.GetApplicationsAsync_ThrowsNotImplementedExceptionAsync","DisplayName":"Ghost.Plugin.LinkedIn.End2EndTests.LinkedInJobClientE2ETests.GetApplicationsAsync_ThrowsNotImplementedExceptionAsync","ExecutorUri":"executor://xunit/VsTestRunner2/netcoreapp","Source":"/tmp/ghost-build/bin/Ghost.Plugin.LinkedIn.End2EndTests/Debug/net10.0/Ghost.Plugin.LinkedIn.End2EndTests.dll","CodeFilePath":null,"LineNumber":0,"Properties":[{"Key":{"Id":"TestObject.Traits","Label":"Traits","Category":"","Description":"","Attributes":5,"ValueType":"System.Collections.Generic.KeyValuePair`2[[System.String],[System.String]][]"},"Value":[{"Key":"TestType","Value":"End2End"},{"Key":"Category","Value":"End2End"}]}]},"Attachments":[],"Outcome":1,"ErrorMessage":null,"ErrorStackTrace":null,"DisplayName":"Ghost.Plugin.LinkedIn.End2EndTests.LinkedInJobClientE2ETests.GetApplicationsAsync_ThrowsNotImplementedExceptionAsync","Messages":[],"ComputerName":"docker","Duration":"00:00:00.0014535","StartTime":"2026-02-19T09:39:15.8749686+00:00","EndTime":"2026-02-19T09:39:15.8749687+00:00","Properties":[]},{"TestCase":{"Id":"5155c848-1f8f-1e2d-3a6e-8e081e6d0f3c","FullyQualifiedName":"Ghost.Plugin.LinkedIn.End2EndTests.LinkedInNewsClientE2ETests.GetArticle_ThrowsNotImplementedExceptionAsync","DisplayName":"Ghost.Plugin.LinkedIn.End2EndTests.LinkedInNewsClientE2ETests.GetArticle_ThrowsNotImplementedExceptionAsync","ExecutorUri":"executor://xunit/VsTestRunner2/netcoreapp","Source":"/tmp/ghost-build/bin/Ghost.Plugin.LinkedIn.End2EndTests/Debug/net10.0/Ghost.Plugin.LinkedIn.End2EndTests.dll","CodeFilePath":null,"LineNumber":0,"Properties":[{"Key":{"Id":"TestObject.Traits","Label":"Traits","Category":"","Description":"","Attributes":5,"ValueType":"System.Collections.Generic.KeyValuePair`2[[System.String],[System.String]][]"},"Value":[{"Key":"TestType","Value":"End2End"},{"Key":"Category","Value":"End2End"}]}]},"Attachments":[],"Outcome":1,"ErrorMessage":null,"ErrorStackTrace":null,"DisplayName":"Ghost.Plugin.LinkedIn.End2EndTests.LinkedInNewsClientE2ETests.GetArticle_ThrowsNotImplementedExceptionAsync","Messages":[],"ComputerName":"docker","Duration":"00:00:00.0014709","StartTime":"2026-02-19T09:39:15.9117631+00:00","EndTime":"2026-02-19T09:39:15.9117634+00:00","Properties":[]},{"TestCase":{"Id":"9bb3d920-21f2-e1ea-e085-573de267a3c9","FullyQualifiedName":"Ghost.Plugin.LinkedIn.End2EndTests.LinkedInNewsClientE2ETests.PlatformName_ReturnsExpectedValue","DisplayName":"Ghost.Plugin.LinkedIn.End2EndTests.LinkedInNewsClientE2ETests.PlatformName_ReturnsExpectedValue","ExecutorUri":"executor://xunit/VsTestRunner2/netcoreapp","Source":"/tmp/ghost-build/bin/Ghost.Plugin.LinkedIn.End2EndTests/Debug/net10.0/Ghost.Plugin.LinkedIn.End2EndTests.dll","CodeFilePath":null,"LineNumber":0,"Properties":[{"Key":{"Id":"TestObject.Traits","Label":"Traits","Category":"","Description":"","Attributes":5,"ValueType":"System.Collections.Generic.KeyValuePair`2[[System.String],[System.String]][]"},"Value":[{"Key":"TestType","Value":"End2End"},{"Key":"Category","Value":"End2End"}]}]},"Attachments":[],"Outcome":1,"ErrorMessage":null,"ErrorStackTrace":null,"DisplayName":"Ghost.Plugin.LinkedIn.End2EndTests.LinkedInNewsClientE2ETests.PlatformName_ReturnsExpectedValue","Messages":[],"ComputerName":"docker","Duration":"00:00:00.0017053","StartTime":"2026-02-19T09:39:15.9281574+00:00","EndTime":"2026-02-19T09:39:15.9281576+00:00","Properties":[]}],"TestRunStatistics":{"ExecutedTests":10,"Stats":{"Passed":9,"Skipped":1}},"ActiveTests":[{"Id":"8d0677ea-baf6-350d-8756-b27c3794e240","FullyQualifiedName":"Ghost.Plugin.LinkedIn.End2EndTests.LinkedInNewsClientE2ETests.Search_WithValidQuery_ReturnsArticlesAsync","DisplayName":"Ghost.Plugin.LinkedIn.End2EndTests.LinkedInNewsClientE2ETests.Search_WithValidQuery_ReturnsArticlesAsync","ExecutorUri":"executor://xunit/VsTestRunner2/netcoreapp","Source":"/tmp/ghost-build/bin/Ghost.Plugin.LinkedIn.End2EndTests/Debug/net10.0/Ghost.Plugin.LinkedIn.End2EndTests.dll","CodeFilePath":null,"LineNumber":0,"Properties":[{"Key":{"Id":"TestObject.Traits","Label":"Traits","Category":"","Description":"","Attributes":5,"ValueType":"System.Collections.Generic.KeyValuePair`2[[System.String],[System.String]][]"},"Value":[{"Key":"TestType","Value":"End2End"},{"Key":"Category","Value":"End2End"}]}]}]}}
TpTrace Verbose: 0 : 165606, 7, 2026/02/19, 10:39:17.245, 1119194338673283, vstest.console.dll, TestRunRequest:SendTestRunStatsChange: Starting.
TpTrace Verbose: 0 : 165606, 7, 2026/02/19, 10:39:17.245, 1119194338734625, vstest.console.dll, InProgress is Ghost.Plugin.LinkedIn.End2EndTests.LinkedInNewsClientE2ETests.Search_WithValidQuery_ReturnsArticlesAsync
TpTrace Verbose: 0 : 165606, 7, 2026/02/19, 10:39:17.245, 1119194338768731, vstest.console.dll, MulticastDelegateUtilities.SafeInvoke: TestRun.RunStatsChanged: Invoking callbacks was skipped because there are no subscribers.
TpTrace Information: 0 : 165606, 7, 2026/02/19, 10:39:17.245, 1119194338781241, vstest.console.dll, TestRunRequest:SendTestRunStatsChange: Completed.
TpTrace Verbose: 0 : 165606, 7, 2026/02/19, 10:39:17.245, 1119194338798001, vstest.console.dll, MulticastDelegateUtilities.SafeInvoke: LengthPrefixCommunicationChannel: MessageReceived: Invoking callback 1/1 for Microsoft.VisualStudio.TestPlatform.CommunicationUtilities.TestRequestSender+<>c__DisplayClass34_0., took 1 ms.
TpTrace Verbose: 0 : 165606, 7, 2026/02/19, 10:39:17.245, 1119194338812951, vstest.console.dll, TcpClientExtensions.MessageLoopAsync: Polling on remoteEndPoint: 127.0.0.1:39034 localEndPoint: 127.0.0.1:38723 after 376 ms
TpTrace Verbose: 0 : 165606, 4, 2026/02/19, 10:39:17.245, 1119194339280705, vstest.console.dll, MulticastDelegateUtilities.SafeInvoke: InternalTestLoggerEvents.SendTestResult: Invoking callback 1/1 for Microsoft.VisualStudio.TestPlatform.CommandLine.Internal.ConsoleLogger., took 0 ms.
TpTrace Verbose: 0 : 165606, 4, 2026/02/19, 10:39:17.245, 1119194339413774, vstest.console.dll, MulticastDelegateUtilities.SafeInvoke: InternalTestLoggerEvents.SendTestResult: Invoking callback 1/1 for Microsoft.VisualStudio.TestPlatform.CommandLine.Internal.ConsoleLogger., took 0 ms.
TpTrace Verbose: 0 : 165606, 4, 2026/02/19, 10:39:17.245, 1119194339445255, vstest.console.dll, MulticastDelegateUtilities.SafeInvoke: InternalTestLoggerEvents.SendTestResult: Invoking callback 1/1 for Microsoft.VisualStudio.TestPlatform.CommandLine.Internal.ConsoleLogger., took 0 ms.
TpTrace Verbose: 0 : 165606, 4, 2026/02/19, 10:39:17.246, 1119194339468218, vstest.console.dll, MulticastDelegateUtilities.SafeInvoke: InternalTestLoggerEvents.SendTestResult: Invoking callback 1/1 for Microsoft.VisualStudio.TestPlatform.CommandLine.Internal.ConsoleLogger., took 0 ms.
TpTrace Verbose: 0 : 165606, 4, 2026/02/19, 10:39:17.246, 1119194339493776, vstest.console.dll, MulticastDelegateUtilities.SafeInvoke: InternalTestLoggerEvents.SendTestResult: Invoking callback 1/1 for Microsoft.VisualStudio.TestPlatform.CommandLine.Internal.ConsoleLogger., took 0 ms.
TpTrace Verbose: 0 : 165606, 7, 2026/02/19, 10:39:18.249, 1119195343058356, vstest.console.dll, TcpClientExtensions.MessageLoopAsync: Polling on remoteEndPoint: 127.0.0.1:39034 localEndPoint: 127.0.0.1:38723 after 1004 ms
TpTrace Verbose: 0 : 165606, 7, 2026/02/19, 10:39:19.254, 1119196348056676, vstest.console.dll, TcpClientExtensions.MessageLoopAsync: Polling on remoteEndPoint: 127.0.0.1:39034 localEndPoint: 127.0.0.1:38723 after 1004 ms
TpTrace Verbose: 0 : 165606, 7, 2026/02/19, 10:39:20.259, 1119197353066620, vstest.console.dll, TcpClientExtensions.MessageLoopAsync: Polling on remoteEndPoint: 127.0.0.1:39034 localEndPoint: 127.0.0.1:38723 after 1004 ms
TpTrace Verbose: 0 : 165606, 7, 2026/02/19, 10:39:21.265, 1119198358507142, vstest.console.dll, TcpClientExtensions.MessageLoopAsync: Polling on remoteEndPoint: 127.0.0.1:39034 localEndPoint: 127.0.0.1:38723 after 1005 ms
TpTrace Verbose: 0 : 165606, 7, 2026/02/19, 10:39:22.269, 1119199363034676, vstest.console.dll, TcpClientExtensions.MessageLoopAsync: Polling on remoteEndPoint: 127.0.0.1:39034 localEndPoint: 127.0.0.1:38723 after 1004 ms
TpTrace Verbose: 0 : 165606, 7, 2026/02/19, 10:39:23.274, 1119200368033184, vstest.console.dll, TcpClientExtensions.MessageLoopAsync: Polling on remoteEndPoint: 127.0.0.1:39034 localEndPoint: 127.0.0.1:38723 after 1004 ms
TpTrace Verbose: 0 : 165606, 7, 2026/02/19, 10:39:24.279, 1119201373136817, vstest.console.dll, TcpClientExtensions.MessageLoopAsync: Polling on remoteEndPoint: 127.0.0.1:39034 localEndPoint: 127.0.0.1:38723 after 1005 ms
TpTrace Verbose: 0 : 165606, 7, 2026/02/19, 10:39:25.284, 1119202378205726, vstest.console.dll, TcpClientExtensions.MessageLoopAsync: Polling on remoteEndPoint: 127.0.0.1:39034 localEndPoint: 127.0.0.1:38723 after 1004 ms
TpTrace Verbose: 0 : 165606, 7, 2026/02/19, 10:39:26.289, 1119203383075337, vstest.console.dll, TcpClientExtensions.MessageLoopAsync: Polling on remoteEndPoint: 127.0.0.1:39034 localEndPoint: 127.0.0.1:38723 after 1004 ms
TpTrace Verbose: 0 : 165606, 7, 2026/02/19, 10:39:27.294, 1119204388055344, vstest.console.dll, TcpClientExtensions.MessageLoopAsync: Polling on remoteEndPoint: 127.0.0.1:39034 localEndPoint: 127.0.0.1:38723 after 1004 ms
TpTrace Verbose: 0 : 165606, 7, 2026/02/19, 10:39:28.300, 1119205394069657, vstest.console.dll, TcpClientExtensions.MessageLoopAsync: Polling on remoteEndPoint: 127.0.0.1:39034 localEndPoint: 127.0.0.1:38723 after 1005 ms
TpTrace Verbose: 0 : 165606, 7, 2026/02/19, 10:39:29.305, 1119206399026772, vstest.console.dll, TcpClientExtensions.MessageLoopAsync: Polling on remoteEndPoint: 127.0.0.1:39034 localEndPoint: 127.0.0.1:38723 after 1004 ms
TpTrace Verbose: 0 : 165606, 7, 2026/02/19, 10:39:30.310, 1119207404061275, vstest.console.dll, TcpClientExtensions.MessageLoopAsync: Polling on remoteEndPoint: 127.0.0.1:39034 localEndPoint: 127.0.0.1:38723 after 1004 ms
TpTrace Verbose: 0 : 165606, 7, 2026/02/19, 10:39:31.315, 1119208409056946, vstest.console.dll, TcpClientExtensions.MessageLoopAsync: Polling on remoteEndPoint: 127.0.0.1:39034 localEndPoint: 127.0.0.1:38723 after 1004 ms
TpTrace Verbose: 0 : 165606, 7, 2026/02/19, 10:39:32.320, 1119209414053505, vstest.console.dll, TcpClientExtensions.MessageLoopAsync: Polling on remoteEndPoint: 127.0.0.1:39034 localEndPoint: 127.0.0.1:38723 after 1004 ms
TpTrace Verbose: 0 : 165606, 7, 2026/02/19, 10:39:33.325, 1119210419189287, vstest.console.dll, TcpClientExtensions.MessageLoopAsync: Polling on remoteEndPoint: 127.0.0.1:39034 localEndPoint: 127.0.0.1:38723 after 1005 ms
TpTrace Verbose: 0 : 165606, 7, 2026/02/19, 10:39:34.330, 1119211424158611, vstest.console.dll, TcpClientExtensions.MessageLoopAsync: Polling on remoteEndPoint: 127.0.0.1:39034 localEndPoint: 127.0.0.1:38723 after 1004 ms
TpTrace Verbose: 0 : 165606, 7, 2026/02/19, 10:39:35.335, 1119212429166966, vstest.console.dll, TcpClientExtensions.MessageLoopAsync: Polling on remoteEndPoint: 127.0.0.1:39034 localEndPoint: 127.0.0.1:38723 after 1004 ms
TpTrace Verbose: 0 : 165606, 7, 2026/02/19, 10:39:36.340, 1119213434051918, vstest.console.dll, TcpClientExtensions.MessageLoopAsync: Polling on remoteEndPoint: 127.0.0.1:39034 localEndPoint: 127.0.0.1:38723 after 1004 ms
TpTrace Verbose: 0 : 165606, 7, 2026/02/19, 10:39:37.345, 1119214439064232, vstest.console.dll, TcpClientExtensions.MessageLoopAsync: Polling on remoteEndPoint: 127.0.0.1:39034 localEndPoint: 127.0.0.1:38723 after 1004 ms
TpTrace Verbose: 0 : 165606, 7, 2026/02/19, 10:39:38.350, 1119215444027893, vstest.console.dll, TcpClientExtensions.MessageLoopAsync: Polling on remoteEndPoint: 127.0.0.1:39034 localEndPoint: 127.0.0.1:38723 after 1004 ms
TpTrace Verbose: 0 : 165606, 7, 2026/02/19, 10:39:39.355, 1119216449054354, vstest.console.dll, TcpClientExtensions.MessageLoopAsync: Polling on remoteEndPoint: 127.0.0.1:39034 localEndPoint: 127.0.0.1:38723 after 1004 ms
TpTrace Verbose: 0 : 165606, 7, 2026/02/19, 10:39:40.360, 1119217454085921, vstest.console.dll, TcpClientExtensions.MessageLoopAsync: Polling on remoteEndPoint: 127.0.0.1:39034 localEndPoint: 127.0.0.1:38723 after 1004 ms
TpTrace Verbose: 0 : 165606, 7, 2026/02/19, 10:39:41.365, 1119218459143024, vstest.console.dll, TcpClientExtensions.MessageLoopAsync: Polling on remoteEndPoint: 127.0.0.1:39034 localEndPoint: 127.0.0.1:38723 after 1004 ms
TpTrace Verbose: 0 : 165606, 7, 2026/02/19, 10:39:42.370, 1119219464039762, vstest.console.dll, TcpClientExtensions.MessageLoopAsync: Polling on remoteEndPoint: 127.0.0.1:39034 localEndPoint: 127.0.0.1:38723 after 1004 ms
TpTrace Verbose: 0 : 165606, 7, 2026/02/19, 10:39:43.375, 1119220469023731, vstest.console.dll, TcpClientExtensions.MessageLoopAsync: Polling on remoteEndPoint: 127.0.0.1:39034 localEndPoint: 127.0.0.1:38723 after 1004 ms
TpTrace Verbose: 0 : 165606, 7, 2026/02/19, 10:39:44.380, 1119221474084562, vstest.console.dll, TcpClientExtensions.MessageLoopAsync: Polling on remoteEndPoint: 127.0.0.1:39034 localEndPoint: 127.0.0.1:38723 after 1004 ms
TpTrace Verbose: 0 : 165606, 7, 2026/02/19, 10:39:45.385, 1119222479074416, vstest.console.dll, TcpClientExtensions.MessageLoopAsync: Polling on remoteEndPoint: 127.0.0.1:39034 localEndPoint: 127.0.0.1:38723 after 1004 ms
TpTrace Verbose: 0 : 165606, 7, 2026/02/19, 10:39:46.391, 1119223485039519, vstest.console.dll, TcpClientExtensions.MessageLoopAsync: Polling on remoteEndPoint: 127.0.0.1:39034 localEndPoint: 127.0.0.1:38723 after 1005 ms
TpTrace Verbose: 0 : 165606, 7, 2026/02/19, 10:39:47.396, 1119224490050411, vstest.console.dll, TcpClientExtensions.MessageLoopAsync: Polling on remoteEndPoint: 127.0.0.1:39034 localEndPoint: 127.0.0.1:38723 after 1004 ms
TpTrace Verbose: 0 : 165606, 7, 2026/02/19, 10:39:48.401, 1119225495043631, vstest.console.dll, TcpClientExtensions.MessageLoopAsync: Polling on remoteEndPoint: 127.0.0.1:39034 localEndPoint: 127.0.0.1:38723 after 1004 ms
TpTrace Verbose: 0 : 165606, 7, 2026/02/19, 10:39:49.406, 1119226500055345, vstest.console.dll, TcpClientExtensions.MessageLoopAsync: Polling on remoteEndPoint: 127.0.0.1:39034 localEndPoint: 127.0.0.1:38723 after 1004 ms
TpTrace Verbose: 0 : 165606, 7, 2026/02/19, 10:39:50.411, 1119227505054507, vstest.console.dll, TcpClientExtensions.MessageLoopAsync: Polling on remoteEndPoint: 127.0.0.1:39034 localEndPoint: 127.0.0.1:38723 after 1004 ms
TpTrace Verbose: 0 : 165606, 7, 2026/02/19, 10:39:51.416, 1119228510061219, vstest.console.dll, TcpClientExtensions.MessageLoopAsync: Polling on remoteEndPoint: 127.0.0.1:39034 localEndPoint: 127.0.0.1:38723 after 1004 ms
TpTrace Verbose: 0 : 165606, 7, 2026/02/19, 10:39:52.421, 1119229515036041, vstest.console.dll, TcpClientExtensions.MessageLoopAsync: Polling on remoteEndPoint: 127.0.0.1:39034 localEndPoint: 127.0.0.1:38723 after 1004 ms
TpTrace Verbose: 0 : 165606, 7, 2026/02/19, 10:39:53.427, 1119230521196363, vstest.console.dll, TcpClientExtensions.MessageLoopAsync: Polling on remoteEndPoint: 127.0.0.1:39034 localEndPoint: 127.0.0.1:38723 after 1005 ms
TpTrace Verbose: 0 : 165606, 7, 2026/02/19, 10:39:54.432, 1119231526031416, vstest.console.dll, TcpClientExtensions.MessageLoopAsync: Polling on remoteEndPoint: 127.0.0.1:39034 localEndPoint: 127.0.0.1:38723 after 1004 ms
TpTrace Verbose: 0 : 165606, 7, 2026/02/19, 10:39:55.437, 1119232531036380, vstest.console.dll, TcpClientExtensions.MessageLoopAsync: Polling on remoteEndPoint: 127.0.0.1:39034 localEndPoint: 127.0.0.1:38723 after 1004 ms
TpTrace Verbose: 0 : 165606, 7, 2026/02/19, 10:39:56.442, 1119233536034064, vstest.console.dll, TcpClientExtensions.MessageLoopAsync: Polling on remoteEndPoint: 127.0.0.1:39034 localEndPoint: 127.0.0.1:38723 after 1004 ms
TpTrace Verbose: 0 : 165606, 7, 2026/02/19, 10:39:57.447, 1119234541033344, vstest.console.dll, TcpClientExtensions.MessageLoopAsync: Polling on remoteEndPoint: 127.0.0.1:39034 localEndPoint: 127.0.0.1:38723 after 1004 ms
TpTrace Verbose: 0 : 165606, 7, 2026/02/19, 10:39:58.452, 1119235546080794, vstest.console.dll, TcpClientExtensions.MessageLoopAsync: Polling on remoteEndPoint: 127.0.0.1:39034 localEndPoint: 127.0.0.1:38723 after 1004 ms
TpTrace Verbose: 0 : 165606, 7, 2026/02/19, 10:39:59.457, 1119236551169074, vstest.console.dll, TcpClientExtensions.MessageLoopAsync: Polling on remoteEndPoint: 127.0.0.1:39034 localEndPoint: 127.0.0.1:38723 after 1005 ms
TpTrace Verbose: 0 : 165606, 7, 2026/02/19, 10:40:00.462, 1119237556037219, vstest.console.dll, TcpClientExtensions.MessageLoopAsync: Polling on remoteEndPoint: 127.0.0.1:39034 localEndPoint: 127.0.0.1:38723 after 1004 ms
TpTrace Verbose: 0 : 165606, 7, 2026/02/19, 10:40:01.467, 1119238561132294, vstest.console.dll, TcpClientExtensions.MessageLoopAsync: Polling on remoteEndPoint: 127.0.0.1:39034 localEndPoint: 127.0.0.1:38723 after 1004 ms
TpTrace Verbose: 0 : 165606, 7, 2026/02/19, 10:40:02.472, 1119239566054141, vstest.console.dll, TcpClientExtensions.MessageLoopAsync: Polling on remoteEndPoint: 127.0.0.1:39034 localEndPoint: 127.0.0.1:38723 after 1004 ms
TpTrace Verbose: 0 : 165606, 7, 2026/02/19, 10:40:03.477, 1119240571048898, vstest.console.dll, TcpClientExtensions.MessageLoopAsync: Polling on remoteEndPoint: 127.0.0.1:39034 localEndPoint: 127.0.0.1:38723 after 1004 ms
TpTrace Verbose: 0 : 165606, 7, 2026/02/19, 10:40:04.482, 1119241576057842, vstest.console.dll, TcpClientExtensions.MessageLoopAsync: Polling on remoteEndPoint: 127.0.0.1:39034 localEndPoint: 127.0.0.1:38723 after 1004 ms
TpTrace Verbose: 0 : 165606, 7, 2026/02/19, 10:40:05.487, 1119242581037537, vstest.console.dll, TcpClientExtensions.MessageLoopAsync: Polling on remoteEndPoint: 127.0.0.1:39034 localEndPoint: 127.0.0.1:38723 after 1004 ms
TpTrace Verbose: 0 : 165606, 7, 2026/02/19, 10:40:06.492, 1119243586062261, vstest.console.dll, TcpClientExtensions.MessageLoopAsync: Polling on remoteEndPoint: 127.0.0.1:39034 localEndPoint: 127.0.0.1:38723 after 1004 ms
TpTrace Verbose: 0 : 165606, 7, 2026/02/19, 10:40:07.497, 1119244591038407, vstest.console.dll, TcpClientExtensions.MessageLoopAsync: Polling on remoteEndPoint: 127.0.0.1:39034 localEndPoint: 127.0.0.1:38723 after 1004 ms
TpTrace Verbose: 0 : 165606, 7, 2026/02/19, 10:40:08.502, 1119245596039621, vstest.console.dll, TcpClientExtensions.MessageLoopAsync: Polling on remoteEndPoint: 127.0.0.1:39034 localEndPoint: 127.0.0.1:38723 after 1004 ms
TpTrace Verbose: 0 : 165606, 7, 2026/02/19, 10:40:09.507, 1119246601032890, vstest.console.dll, TcpClientExtensions.MessageLoopAsync: Polling on remoteEndPoint: 127.0.0.1:39034 localEndPoint: 127.0.0.1:38723 after 1004 ms
TpTrace Verbose: 0 : 165606, 7, 2026/02/19, 10:40:10.512, 1119247606042784, vstest.console.dll, TcpClientExtensions.MessageLoopAsync: Polling on remoteEndPoint: 127.0.0.1:39034 localEndPoint: 127.0.0.1:38723 after 1004 ms
TpTrace Verbose: 0 : 165606, 7, 2026/02/19, 10:40:11.517, 1119248611043067, vstest.console.dll, TcpClientExtensions.MessageLoopAsync: Polling on remoteEndPoint: 127.0.0.1:39034 localEndPoint: 127.0.0.1:38723 after 1004 ms
TpTrace Verbose: 0 : 165606, 7, 2026/02/19, 10:40:12.522, 1119249616083559, vstest.console.dll, TcpClientExtensions.MessageLoopAsync: Polling on remoteEndPoint: 127.0.0.1:39034 localEndPoint: 127.0.0.1:38723 after 1004 ms
TpTrace Verbose: 0 : 165606, 7, 2026/02/19, 10:40:13.527, 1119250621080104, vstest.console.dll, TcpClientExtensions.MessageLoopAsync: Polling on remoteEndPoint: 127.0.0.1:39034 localEndPoint: 127.0.0.1:38723 after 1004 ms
TpTrace Verbose: 0 : 165606, 7, 2026/02/19, 10:40:14.532, 1119251626037131, vstest.console.dll, TcpClientExtensions.MessageLoopAsync: Polling on remoteEndPoint: 127.0.0.1:39034 localEndPoint: 127.0.0.1:38723 after 1004 ms
TpTrace Verbose: 0 : 165606, 7, 2026/02/19, 10:40:15.537, 1119252631034039, vstest.console.dll, TcpClientExtensions.MessageLoopAsync: Polling on remoteEndPoint: 127.0.0.1:39034 localEndPoint: 127.0.0.1:38723 after 1004 ms
TpTrace Verbose: 0 : 165606, 7, 2026/02/19, 10:40:16.542, 1119253636048162, vstest.console.dll, TcpClientExtensions.MessageLoopAsync: Polling on remoteEndPoint: 127.0.0.1:39034 localEndPoint: 127.0.0.1:38723 after 1004 ms
TpTrace Verbose: 0 : 165606, 7, 2026/02/19, 10:40:17.547, 1119254641215894, vstest.console.dll, TcpClientExtensions.MessageLoopAsync: Polling on remoteEndPoint: 127.0.0.1:39034 localEndPoint: 127.0.0.1:38723 after 1005 ms
TpTrace Verbose: 0 : 165606, 7, 2026/02/19, 10:40:18.552, 1119255646075275, vstest.console.dll, TcpClientExtensions.MessageLoopAsync: Polling on remoteEndPoint: 127.0.0.1:39034 localEndPoint: 127.0.0.1:38723 after 1004 ms
TpTrace Verbose: 0 : 165606, 7, 2026/02/19, 10:40:19.557, 1119256651088537, vstest.console.dll, TcpClientExtensions.MessageLoopAsync: Polling on remoteEndPoint: 127.0.0.1:39034 localEndPoint: 127.0.0.1:38723 after 1004 ms
TpTrace Verbose: 0 : 165606, 7, 2026/02/19, 10:40:20.562, 1119257656120949, vstest.console.dll, TcpClientExtensions.MessageLoopAsync: Polling on remoteEndPoint: 127.0.0.1:39034 localEndPoint: 127.0.0.1:38723 after 1004 ms
TpTrace Verbose: 0 : 165606, 7, 2026/02/19, 10:40:21.567, 1119258661125162, vstest.console.dll, TcpClientExtensions.MessageLoopAsync: Polling on remoteEndPoint: 127.0.0.1:39034 localEndPoint: 127.0.0.1:38723 after 1004 ms
TpTrace Verbose: 0 : 165606, 7, 2026/02/19, 10:40:22.572, 1119259666054780, vstest.console.dll, TcpClientExtensions.MessageLoopAsync: Polling on remoteEndPoint: 127.0.0.1:39034 localEndPoint: 127.0.0.1:38723 after 1004 ms
TpTrace Verbose: 0 : 165606, 7, 2026/02/19, 10:40:23.578, 1119260672028114, vstest.console.dll, TcpClientExtensions.MessageLoopAsync: Polling on remoteEndPoint: 127.0.0.1:39034 localEndPoint: 127.0.0.1:38723 after 1005 ms
TpTrace Verbose: 0 : 165606, 7, 2026/02/19, 10:40:24.583, 1119261677032767, vstest.console.dll, TcpClientExtensions.MessageLoopAsync: Polling on remoteEndPoint: 127.0.0.1:39034 localEndPoint: 127.0.0.1:38723 after 1004 ms
TpTrace Verbose: 0 : 165606, 7, 2026/02/19, 10:40:25.588, 1119262682148862, vstest.console.dll, TcpClientExtensions.MessageLoopAsync: Polling on remoteEndPoint: 127.0.0.1:39034 localEndPoint: 127.0.0.1:38723 after 1004 ms
TpTrace Verbose: 0 : 165606, 7, 2026/02/19, 10:40:26.593, 1119263687036184, vstest.console.dll, TcpClientExtensions.MessageLoopAsync: Polling on remoteEndPoint: 127.0.0.1:39034 localEndPoint: 127.0.0.1:38723 after 1004 ms
TpTrace Verbose: 0 : 165606, 7, 2026/02/19, 10:40:27.598, 1119264692147067, vstest.console.dll, TcpClientExtensions.MessageLoopAsync: Polling on remoteEndPoint: 127.0.0.1:39034 localEndPoint: 127.0.0.1:38723 after 1004 ms
TpTrace Verbose: 0 : 165606, 7, 2026/02/19, 10:40:28.603, 1119265697034740, vstest.console.dll, TcpClientExtensions.MessageLoopAsync: Polling on remoteEndPoint: 127.0.0.1:39034 localEndPoint: 127.0.0.1:38723 after 1004 ms
TpTrace Verbose: 0 : 165606, 7, 2026/02/19, 10:40:29.609, 1119266703027488, vstest.console.dll, TcpClientExtensions.MessageLoopAsync: Polling on remoteEndPoint: 127.0.0.1:39034 localEndPoint: 127.0.0.1:38723 after 1005 ms
TpTrace Verbose: 0 : 165606, 7, 2026/02/19, 10:40:30.614, 1119267708038448, vstest.console.dll, TcpClientExtensions.MessageLoopAsync: Polling on remoteEndPoint: 127.0.0.1:39034 localEndPoint: 127.0.0.1:38723 after 1004 ms
TpTrace Verbose: 0 : 165606, 7, 2026/02/19, 10:40:31.619, 1119268713042990, vstest.console.dll, TcpClientExtensions.MessageLoopAsync: Polling on remoteEndPoint: 127.0.0.1:39034 localEndPoint: 127.0.0.1:38723 after 1004 ms
TpTrace Verbose: 0 : 165606, 7, 2026/02/19, 10:40:32.624, 1119269718028028, vstest.console.dll, TcpClientExtensions.MessageLoopAsync: Polling on remoteEndPoint: 127.0.0.1:39034 localEndPoint: 127.0.0.1:38723 after 1004 ms
TpTrace Verbose: 0 : 165606, 7, 2026/02/19, 10:40:33.629, 1119270723032246, vstest.console.dll, TcpClientExtensions.MessageLoopAsync: Polling on remoteEndPoint: 127.0.0.1:39034 localEndPoint: 127.0.0.1:38723 after 1004 ms
TpTrace Verbose: 0 : 165606, 7, 2026/02/19, 10:40:34.634, 1119271728030806, vstest.console.dll, TcpClientExtensions.MessageLoopAsync: Polling on remoteEndPoint: 127.0.0.1:39034 localEndPoint: 127.0.0.1:38723 after 1004 ms
TpTrace Verbose: 0 : 165606, 7, 2026/02/19, 10:40:35.639, 1119272733030773, vstest.console.dll, TcpClientExtensions.MessageLoopAsync: Polling on remoteEndPoint: 127.0.0.1:39034 localEndPoint: 127.0.0.1:38723 after 1004 ms
TpTrace Verbose: 0 : 165606, 7, 2026/02/19, 10:40:36.644, 1119273738033409, vstest.console.dll, TcpClientExtensions.MessageLoopAsync: Polling on remoteEndPoint: 127.0.0.1:39034 localEndPoint: 127.0.0.1:38723 after 1004 ms
TpTrace Verbose: 0 : 165606, 7, 2026/02/19, 10:40:37.649, 1119274743035404, vstest.console.dll, TcpClientExtensions.MessageLoopAsync: Polling on remoteEndPoint: 127.0.0.1:39034 localEndPoint: 127.0.0.1:38723 after 1004 ms
TpTrace Verbose: 0 : 165606, 7, 2026/02/19, 10:40:38.654, 1119275748026569, vstest.console.dll, TcpClientExtensions.MessageLoopAsync: Polling on remoteEndPoint: 127.0.0.1:39034 localEndPoint: 127.0.0.1:38723 after 1004 ms
TpTrace Verbose: 0 : 165606, 7, 2026/02/19, 10:40:39.659, 1119276753033670, vstest.console.dll, TcpClientExtensions.MessageLoopAsync: Polling on remoteEndPoint: 127.0.0.1:39034 localEndPoint: 127.0.0.1:38723 after 1004 ms
TpTrace Verbose: 0 : 165606, 7, 2026/02/19, 10:40:40.664, 1119277758037764, vstest.console.dll, TcpClientExtensions.MessageLoopAsync: Polling on remoteEndPoint: 127.0.0.1:39034 localEndPoint: 127.0.0.1:38723 after 1004 ms
TpTrace Verbose: 0 : 165606, 7, 2026/02/19, 10:40:41.669, 1119278763032456, vstest.console.dll, TcpClientExtensions.MessageLoopAsync: Polling on remoteEndPoint: 127.0.0.1:39034 localEndPoint: 127.0.0.1:38723 after 1004 ms
TpTrace Verbose: 0 : 165606, 7, 2026/02/19, 10:40:42.675, 1119279769037026, vstest.console.dll, TcpClientExtensions.MessageLoopAsync: Polling on remoteEndPoint: 127.0.0.1:39034 localEndPoint: 127.0.0.1:38723 after 1005 ms
TpTrace Verbose: 0 : 165606, 7, 2026/02/19, 10:40:43.682, 1119280776263423, vstest.console.dll, TcpClientExtensions.MessageLoopAsync: Polling on remoteEndPoint: 127.0.0.1:39034 localEndPoint: 127.0.0.1:38723 after 1006 ms
TpTrace Verbose: 0 : 165606, 7, 2026/02/19, 10:40:44.687, 1119281781031806, vstest.console.dll, TcpClientExtensions.MessageLoopAsync: Polling on remoteEndPoint: 127.0.0.1:39034 localEndPoint: 127.0.0.1:38723 after 1004 ms
TpTrace Verbose: 0 : 165606, 7, 2026/02/19, 10:40:45.692, 1119282786261770, vstest.console.dll, TcpClientExtensions.MessageLoopAsync: Polling on remoteEndPoint: 127.0.0.1:39034 localEndPoint: 127.0.0.1:38723 after 1004 ms
TpTrace Verbose: 0 : 165606, 7, 2026/02/19, 10:40:46.698, 1119283791492913, vstest.console.dll, TcpClientExtensions.MessageLoopAsync: Polling on remoteEndPoint: 127.0.0.1:39034 localEndPoint: 127.0.0.1:38723 after 1004 ms
TpTrace Verbose: 0 : 165606, 7, 2026/02/19, 10:40:47.702, 1119284796052627, vstest.console.dll, TcpClientExtensions.MessageLoopAsync: Polling on remoteEndPoint: 127.0.0.1:39034 localEndPoint: 127.0.0.1:38723 after 1004 ms
TpTrace Verbose: 0 : 165606, 7, 2026/02/19, 10:40:48.707, 1119285801043331, vstest.console.dll, TcpClientExtensions.MessageLoopAsync: Polling on remoteEndPoint: 127.0.0.1:39034 localEndPoint: 127.0.0.1:38723 after 1004 ms
TpTrace Verbose: 0 : 165606, 7, 2026/02/19, 10:40:49.712, 1119286806037396, vstest.console.dll, TcpClientExtensions.MessageLoopAsync: Polling on remoteEndPoint: 127.0.0.1:39034 localEndPoint: 127.0.0.1:38723 after 1004 ms
TpTrace Verbose: 0 : 165606, 7, 2026/02/19, 10:40:50.717, 1119287811035609, vstest.console.dll, TcpClientExtensions.MessageLoopAsync: Polling on remoteEndPoint: 127.0.0.1:39034 localEndPoint: 127.0.0.1:38723 after 1004 ms
TpTrace Verbose: 0 : 165606, 7, 2026/02/19, 10:40:51.722, 1119288816084164, vstest.console.dll, TcpClientExtensions.MessageLoopAsync: Polling on remoteEndPoint: 127.0.0.1:39034 localEndPoint: 127.0.0.1:38723 after 1004 ms
TpTrace Verbose: 0 : 165606, 7, 2026/02/19, 10:40:52.728, 1119289822039658, vstest.console.dll, TcpClientExtensions.MessageLoopAsync: Polling on remoteEndPoint: 127.0.0.1:39034 localEndPoint: 127.0.0.1:38723 after 1004 ms
TpTrace Verbose: 0 : 165606, 7, 2026/02/19, 10:40:53.733, 1119290827077558, vstest.console.dll, TcpClientExtensions.MessageLoopAsync: Polling on remoteEndPoint: 127.0.0.1:39034 localEndPoint: 127.0.0.1:38723 after 1004 ms
TpTrace Verbose: 0 : 165606, 7, 2026/02/19, 10:40:54.738, 1119291832077864, vstest.console.dll, TcpClientExtensions.MessageLoopAsync: Polling on remoteEndPoint: 127.0.0.1:39034 localEndPoint: 127.0.0.1:38723 after 1004 ms
TpTrace Verbose: 0 : 165606, 7, 2026/02/19, 10:40:55.743, 1119292837059931, vstest.console.dll, TcpClientExtensions.MessageLoopAsync: Polling on remoteEndPoint: 127.0.0.1:39034 localEndPoint: 127.0.0.1:38723 after 1004 ms
TpTrace Verbose: 0 : 165606, 7, 2026/02/19, 10:40:56.748, 1119293842086926, vstest.console.dll, TcpClientExtensions.MessageLoopAsync: Polling on remoteEndPoint: 127.0.0.1:39034 localEndPoint: 127.0.0.1:38723 after 1004 ms
TpTrace Verbose: 0 : 165606, 7, 2026/02/19, 10:40:57.753, 1119294847072362, vstest.console.dll, TcpClientExtensions.MessageLoopAsync: Polling on remoteEndPoint: 127.0.0.1:39034 localEndPoint: 127.0.0.1:38723 after 1004 ms
TpTrace Verbose: 0 : 165606, 7, 2026/02/19, 10:40:58.758, 1119295852037888, vstest.console.dll, TcpClientExtensions.MessageLoopAsync: Polling on remoteEndPoint: 127.0.0.1:39034 localEndPoint: 127.0.0.1:38723 after 1004 ms
TpTrace Verbose: 0 : 165606, 7, 2026/02/19, 10:40:59.764, 1119296857449773, vstest.console.dll, TcpClientExtensions.MessageLoopAsync: Polling on remoteEndPoint: 127.0.0.1:39034 localEndPoint: 127.0.0.1:38723 after 1005 ms
TpTrace Verbose: 0 : 165606, 7, 2026/02/19, 10:41:00.768, 1119297862081392, vstest.console.dll, TcpClientExtensions.MessageLoopAsync: Polling on remoteEndPoint: 127.0.0.1:39034 localEndPoint: 127.0.0.1:38723 after 1004 ms
TpTrace Verbose: 0 : 165606, 7, 2026/02/19, 10:41:01.773, 1119298867067203, vstest.console.dll, TcpClientExtensions.MessageLoopAsync: Polling on remoteEndPoint: 127.0.0.1:39034 localEndPoint: 127.0.0.1:38723 after 1004 ms
TpTrace Verbose: 0 : 165606, 7, 2026/02/19, 10:41:02.778, 1119299872164173, vstest.console.dll, TcpClientExtensions.MessageLoopAsync: Polling on remoteEndPoint: 127.0.0.1:39034 localEndPoint: 127.0.0.1:38723 after 1005 ms
TpTrace Verbose: 0 : 165606, 7, 2026/02/19, 10:41:03.783, 1119300877087651, vstest.console.dll, TcpClientExtensions.MessageLoopAsync: Polling on remoteEndPoint: 127.0.0.1:39034 localEndPoint: 127.0.0.1:38723 after 1004 ms
TpTrace Verbose: 0 : 165606, 7, 2026/02/19, 10:41:04.788, 1119301882160955, vstest.console.dll, TcpClientExtensions.MessageLoopAsync: Polling on remoteEndPoint: 127.0.0.1:39034 localEndPoint: 127.0.0.1:38723 after 1004 ms
TpTrace Verbose: 0 : 165606, 7, 2026/02/19, 10:41:05.793, 1119302887242402, vstest.console.dll, TcpClientExtensions.MessageLoopAsync: Polling on remoteEndPoint: 127.0.0.1:39034 localEndPoint: 127.0.0.1:38723 after 1005 ms
TpTrace Verbose: 0 : 165606, 7, 2026/02/19, 10:41:06.798, 1119303892273746, vstest.console.dll, TcpClientExtensions.MessageLoopAsync: Polling on remoteEndPoint: 127.0.0.1:39034 localEndPoint: 127.0.0.1:38723 after 1004 ms
TpTrace Verbose: 0 : 165606, 7, 2026/02/19, 10:41:07.803, 1119304897067961, vstest.console.dll, TcpClientExtensions.MessageLoopAsync: Polling on remoteEndPoint: 127.0.0.1:39034 localEndPoint: 127.0.0.1:38723 after 1004 ms
TpTrace Verbose: 0 : 165606, 7, 2026/02/19, 10:41:08.808, 1119305902161108, vstest.console.dll, TcpClientExtensions.MessageLoopAsync: Polling on remoteEndPoint: 127.0.0.1:39034 localEndPoint: 127.0.0.1:38723 after 1005 ms
TpTrace Verbose: 0 : 165606, 7, 2026/02/19, 10:41:09.813, 1119306907061867, vstest.console.dll, TcpClientExtensions.MessageLoopAsync: Polling on remoteEndPoint: 127.0.0.1:39034 localEndPoint: 127.0.0.1:38723 after 1004 ms
TpTrace Verbose: 0 : 165606, 7, 2026/02/19, 10:41:10.818, 1119307912076414, vstest.console.dll, TcpClientExtensions.MessageLoopAsync: Polling on remoteEndPoint: 127.0.0.1:39034 localEndPoint: 127.0.0.1:38723 after 1004 ms
TpTrace Verbose: 0 : 165606, 7, 2026/02/19, 10:41:11.823, 1119308917084186, vstest.console.dll, TcpClientExtensions.MessageLoopAsync: Polling on remoteEndPoint: 127.0.0.1:39034 localEndPoint: 127.0.0.1:38723 after 1004 ms
TpTrace Verbose: 0 : 165606, 7, 2026/02/19, 10:41:12.828, 1119309922043048, vstest.console.dll, TcpClientExtensions.MessageLoopAsync: Polling on remoteEndPoint: 127.0.0.1:39034 localEndPoint: 127.0.0.1:38723 after 1004 ms
TpTrace Verbose: 0 : 165606, 7, 2026/02/19, 10:41:13.833, 1119310927156897, vstest.console.dll, TcpClientExtensions.MessageLoopAsync: Polling on remoteEndPoint: 127.0.0.1:39034 localEndPoint: 127.0.0.1:38723 after 1005 ms
TpTrace Verbose: 0 : 165606, 7, 2026/02/19, 10:41:14.837, 1119311931160597, vstest.console.dll, TcpClientExtensions.MessageLoopAsync: Polling on remoteEndPoint: 127.0.0.1:39034 localEndPoint: 127.0.0.1:38723 after 1003 ms
TpTrace Verbose: 0 : 165606, 7, 2026/02/19, 10:41:15.842, 1119312936078119, vstest.console.dll, TcpClientExtensions.MessageLoopAsync: Polling on remoteEndPoint: 127.0.0.1:39034 localEndPoint: 127.0.0.1:38723 after 1004 ms
TpTrace Verbose: 0 : 165606, 7, 2026/02/19, 10:41:16.847, 1119313941069200, vstest.console.dll, TcpClientExtensions.MessageLoopAsync: Polling on remoteEndPoint: 127.0.0.1:39034 localEndPoint: 127.0.0.1:38723 after 1004 ms
TpTrace Verbose: 0 : 165606, 7, 2026/02/19, 10:41:17.852, 1119314946023071, vstest.console.dll, TcpClientExtensions.MessageLoopAsync: Polling on remoteEndPoint: 127.0.0.1:39034 localEndPoint: 127.0.0.1:38723 after 1004 ms
TpTrace Verbose: 0 : 165606, 7, 2026/02/19, 10:41:18.857, 1119315951091770, vstest.console.dll, TcpClientExtensions.MessageLoopAsync: Polling on remoteEndPoint: 127.0.0.1:39034 localEndPoint: 127.0.0.1:38723 after 1004 ms
TpTrace Verbose: 0 : 165606, 7, 2026/02/19, 10:41:19.862, 1119316956067201, vstest.console.dll, TcpClientExtensions.MessageLoopAsync: Polling on remoteEndPoint: 127.0.0.1:39034 localEndPoint: 127.0.0.1:38723 after 1004 ms
TpTrace Verbose: 0 : 165606, 7, 2026/02/19, 10:41:20.867, 1119317961070970, vstest.console.dll, TcpClientExtensions.MessageLoopAsync: Polling on remoteEndPoint: 127.0.0.1:39034 localEndPoint: 127.0.0.1:38723 after 1004 ms
TpTrace Verbose: 0 : 165606, 7, 2026/02/19, 10:41:21.872, 1119318966036265, vstest.console.dll, TcpClientExtensions.MessageLoopAsync: Polling on remoteEndPoint: 127.0.0.1:39034 localEndPoint: 127.0.0.1:38723 after 1004 ms
TpTrace Verbose: 0 : 165606, 7, 2026/02/19, 10:41:22.877, 1119319971050908, vstest.console.dll, TcpClientExtensions.MessageLoopAsync: Polling on remoteEndPoint: 127.0.0.1:39034 localEndPoint: 127.0.0.1:38723 after 1004 ms
TpTrace Verbose: 0 : 165606, 7, 2026/02/19, 10:41:23.882, 1119320976035208, vstest.console.dll, TcpClientExtensions.MessageLoopAsync: Polling on remoteEndPoint: 127.0.0.1:39034 localEndPoint: 127.0.0.1:38723 after 1004 ms
TpTrace Verbose: 0 : 165606, 7, 2026/02/19, 10:41:24.887, 1119321981074156, vstest.console.dll, TcpClientExtensions.MessageLoopAsync: Polling on remoteEndPoint: 127.0.0.1:39034 localEndPoint: 127.0.0.1:38723 after 1004 ms
TpTrace Verbose: 0 : 165606, 7, 2026/02/19, 10:41:25.892, 1119322986067235, vstest.console.dll, TcpClientExtensions.MessageLoopAsync: Polling on remoteEndPoint: 127.0.0.1:39034 localEndPoint: 127.0.0.1:38723 after 1004 ms
TpTrace Verbose: 0 : 165606, 7, 2026/02/19, 10:41:26.897, 1119323991027126, vstest.console.dll, TcpClientExtensions.MessageLoopAsync: Polling on remoteEndPoint: 127.0.0.1:39034 localEndPoint: 127.0.0.1:38723 after 1004 ms
TpTrace Verbose: 0 : 165606, 7, 2026/02/19, 10:41:27.902, 1119324996023455, vstest.console.dll, TcpClientExtensions.MessageLoopAsync: Polling on remoteEndPoint: 127.0.0.1:39034 localEndPoint: 127.0.0.1:38723 after 1004 ms
TpTrace Verbose: 0 : 165606, 7, 2026/02/19, 10:41:28.907, 1119326001135805, vstest.console.dll, TcpClientExtensions.MessageLoopAsync: Polling on remoteEndPoint: 127.0.0.1:39034 localEndPoint: 127.0.0.1:38723 after 1005 ms
TpTrace Verbose: 0 : 165606, 7, 2026/02/19, 10:41:29.912, 1119327006054995, vstest.console.dll, TcpClientExtensions.MessageLoopAsync: Polling on remoteEndPoint: 127.0.0.1:39034 localEndPoint: 127.0.0.1:38723 after 1004 ms
TpTrace Verbose: 0 : 165606, 7, 2026/02/19, 10:41:30.917, 1119328011101688, vstest.console.dll, TcpClientExtensions.MessageLoopAsync: Polling on remoteEndPoint: 127.0.0.1:39034 localEndPoint: 127.0.0.1:38723 after 1004 ms
TpTrace Verbose: 0 : 165606, 7, 2026/02/19, 10:41:31.922, 1119329016112914, vstest.console.dll, TcpClientExtensions.MessageLoopAsync: Polling on remoteEndPoint: 127.0.0.1:39034 localEndPoint: 127.0.0.1:38723 after 1004 ms
TpTrace Verbose: 0 : 165606, 7, 2026/02/19, 10:41:32.927, 1119330021027232, vstest.console.dll, TcpClientExtensions.MessageLoopAsync: Polling on remoteEndPoint: 127.0.0.1:39034 localEndPoint: 127.0.0.1:38723 after 1004 ms
TpTrace Verbose: 0 : 165606, 7, 2026/02/19, 10:41:33.932, 1119331026084068, vstest.console.dll, TcpClientExtensions.MessageLoopAsync: Polling on remoteEndPoint: 127.0.0.1:39034 localEndPoint: 127.0.0.1:38723 after 1004 ms
TpTrace Verbose: 0 : 165606, 7, 2026/02/19, 10:41:34.937, 1119332031059336, vstest.console.dll, TcpClientExtensions.MessageLoopAsync: Polling on remoteEndPoint: 127.0.0.1:39034 localEndPoint: 127.0.0.1:38723 after 1004 ms
TpTrace Verbose: 0 : 165606, 7, 2026/02/19, 10:41:35.942, 1119333036053156, vstest.console.dll, TcpClientExtensions.MessageLoopAsync: Polling on remoteEndPoint: 127.0.0.1:39034 localEndPoint: 127.0.0.1:38723 after 1004 ms
TpTrace Verbose: 0 : 165606, 7, 2026/02/19, 10:41:36.947, 1119334041035294, vstest.console.dll, TcpClientExtensions.MessageLoopAsync: Polling on remoteEndPoint: 127.0.0.1:39034 localEndPoint: 127.0.0.1:38723 after 1004 ms
TpTrace Verbose: 0 : 165606, 7, 2026/02/19, 10:41:37.948, 1119335041894395, vstest.console.dll, TcpClientExtensions.MessageLoopAsync: Polling on remoteEndPoint: 127.0.0.1:39034 localEndPoint: 127.0.0.1:38723 after 1000 ms
TpTrace Verbose: 0 : 165606, 7, 2026/02/19, 10:41:38.952, 1119336046071690, vstest.console.dll, TcpClientExtensions.MessageLoopAsync: Polling on remoteEndPoint: 127.0.0.1:39034 localEndPoint: 127.0.0.1:38723 after 1004 ms
TpTrace Verbose: 0 : 165606, 7, 2026/02/19, 10:41:39.957, 1119337051078930, vstest.console.dll, TcpClientExtensions.MessageLoopAsync: Polling on remoteEndPoint: 127.0.0.1:39034 localEndPoint: 127.0.0.1:38723 after 1004 ms
TpTrace Verbose: 0 : 165606, 7, 2026/02/19, 10:41:40.962, 1119338056075883, vstest.console.dll, TcpClientExtensions.MessageLoopAsync: Polling on remoteEndPoint: 127.0.0.1:39034 localEndPoint: 127.0.0.1:38723 after 1004 ms
TpTrace Verbose: 0 : 165606, 7, 2026/02/19, 10:41:41.967, 1119339061195295, vstest.console.dll, TcpClientExtensions.MessageLoopAsync: Polling on remoteEndPoint: 127.0.0.1:39034 localEndPoint: 127.0.0.1:38723 after 1005 ms
TpTrace Verbose: 0 : 165606, 7, 2026/02/19, 10:41:42.972, 1119340066066491, vstest.console.dll, TcpClientExtensions.MessageLoopAsync: Polling on remoteEndPoint: 127.0.0.1:39034 localEndPoint: 127.0.0.1:38723 after 1004 ms
TpTrace Verbose: 0 : 165606, 7, 2026/02/19, 10:41:43.977, 1119341071027860, vstest.console.dll, TcpClientExtensions.MessageLoopAsync: Polling on remoteEndPoint: 127.0.0.1:39034 localEndPoint: 127.0.0.1:38723 after 1004 ms
TpTrace Verbose: 0 : 165606, 7, 2026/02/19, 10:41:44.982, 1119342076229030, vstest.console.dll, TcpClientExtensions.MessageLoopAsync: Polling on remoteEndPoint: 127.0.0.1:39034 localEndPoint: 127.0.0.1:38723 after 1005 ms
TpTrace Verbose: 0 : 165606, 7, 2026/02/19, 10:41:45.987, 1119343081079093, vstest.console.dll, TcpClientExtensions.MessageLoopAsync: Polling on remoteEndPoint: 127.0.0.1:39034 localEndPoint: 127.0.0.1:38723 after 1004 ms
TpTrace Verbose: 0 : 165606, 7, 2026/02/19, 10:41:46.992, 1119344086058653, vstest.console.dll, TcpClientExtensions.MessageLoopAsync: Polling on remoteEndPoint: 127.0.0.1:39034 localEndPoint: 127.0.0.1:38723 after 1004 ms
TpTrace Verbose: 0 : 165606, 7, 2026/02/19, 10:41:47.997, 1119345091071911, vstest.console.dll, TcpClientExtensions.MessageLoopAsync: Polling on remoteEndPoint: 127.0.0.1:39034 localEndPoint: 127.0.0.1:38723 after 1004 ms
TpTrace Verbose: 0 : 165606, 7, 2026/02/19, 10:41:49.002, 1119346096036157, vstest.console.dll, TcpClientExtensions.MessageLoopAsync: Polling on remoteEndPoint: 127.0.0.1:39034 localEndPoint: 127.0.0.1:38723 after 1004 ms
TpTrace Verbose: 0 : 165606, 7, 2026/02/19, 10:41:50.007, 1119347101064915, vstest.console.dll, TcpClientExtensions.MessageLoopAsync: Polling on remoteEndPoint: 127.0.0.1:39034 localEndPoint: 127.0.0.1:38723 after 1004 ms
TpTrace Verbose: 0 : 165606, 7, 2026/02/19, 10:41:51.008, 1119348101705075, vstest.console.dll, TcpClientExtensions.MessageLoopAsync: Polling on remoteEndPoint: 127.0.0.1:39034 localEndPoint: 127.0.0.1:38723 after 1000 ms
TpTrace Verbose: 0 : 165606, 7, 2026/02/19, 10:41:52.012, 1119349106023580, vstest.console.dll, TcpClientExtensions.MessageLoopAsync: Polling on remoteEndPoint: 127.0.0.1:39034 localEndPoint: 127.0.0.1:38723 after 1004 ms
TpTrace Verbose: 0 : 165606, 7, 2026/02/19, 10:41:53.017, 1119350111046224, vstest.console.dll, TcpClientExtensions.MessageLoopAsync: Polling on remoteEndPoint: 127.0.0.1:39034 localEndPoint: 127.0.0.1:38723 after 1004 ms
TpTrace Verbose: 0 : 165606, 7, 2026/02/19, 10:41:54.022, 1119351116084528, vstest.console.dll, TcpClientExtensions.MessageLoopAsync: Polling on remoteEndPoint: 127.0.0.1:39034 localEndPoint: 127.0.0.1:38723 after 1004 ms
TpTrace Verbose: 0 : 165606, 7, 2026/02/19, 10:41:55.027, 1119352121058299, vstest.console.dll, TcpClientExtensions.MessageLoopAsync: Polling on remoteEndPoint: 127.0.0.1:39034 localEndPoint: 127.0.0.1:38723 after 1004 ms
TpTrace Verbose: 0 : 165606, 7, 2026/02/19, 10:41:56.032, 1119353126058770, vstest.console.dll, TcpClientExtensions.MessageLoopAsync: Polling on remoteEndPoint: 127.0.0.1:39034 localEndPoint: 127.0.0.1:38723 after 1004 ms
TpTrace Verbose: 0 : 165606, 7, 2026/02/19, 10:41:57.037, 1119354131045477, vstest.console.dll, TcpClientExtensions.MessageLoopAsync: Polling on remoteEndPoint: 127.0.0.1:39034 localEndPoint: 127.0.0.1:38723 after 1004 ms
TpTrace Verbose: 0 : 165606, 7, 2026/02/19, 10:41:58.042, 1119355136084810, vstest.console.dll, TcpClientExtensions.MessageLoopAsync: Polling on remoteEndPoint: 127.0.0.1:39034 localEndPoint: 127.0.0.1:38723 after 1004 ms
TpTrace Verbose: 0 : 165606, 7, 2026/02/19, 10:41:59.047, 1119356141145306, vstest.console.dll, TcpClientExtensions.MessageLoopAsync: Polling on remoteEndPoint: 127.0.0.1:39034 localEndPoint: 127.0.0.1:38723 after 1005 ms
TpTrace Verbose: 0 : 165606, 7, 2026/02/19, 10:42:00.052, 1119357146042935, vstest.console.dll, TcpClientExtensions.MessageLoopAsync: Polling on remoteEndPoint: 127.0.0.1:39034 localEndPoint: 127.0.0.1:38723 after 1004 ms
TpTrace Verbose: 0 : 165606, 7, 2026/02/19, 10:42:01.059, 1119358153031412, vstest.console.dll, TcpClientExtensions.MessageLoopAsync: Polling on remoteEndPoint: 127.0.0.1:39034 localEndPoint: 127.0.0.1:38723 after 1004 ms
TpTrace Verbose: 0 : 165606, 7, 2026/02/19, 10:42:02.065, 1119359158500150, vstest.console.dll, TcpClientExtensions.MessageLoopAsync: Polling on remoteEndPoint: 127.0.0.1:39034 localEndPoint: 127.0.0.1:38723 after 1005 ms
TpTrace Verbose: 0 : 165606, 7, 2026/02/19, 10:42:03.070, 1119360163700724, vstest.console.dll, TcpClientExtensions.MessageLoopAsync: Polling on remoteEndPoint: 127.0.0.1:39034 localEndPoint: 127.0.0.1:38723 after 1005 ms
TpTrace Verbose: 0 : 165606, 7, 2026/02/19, 10:42:04.074, 1119361168335197, vstest.console.dll, TcpClientExtensions.MessageLoopAsync: Polling on remoteEndPoint: 127.0.0.1:39034 localEndPoint: 127.0.0.1:38723 after 1004 ms
TpTrace Verbose: 0 : 165606, 7, 2026/02/19, 10:42:05.079, 1119362173087650, vstest.console.dll, TcpClientExtensions.MessageLoopAsync: Polling on remoteEndPoint: 127.0.0.1:39034 localEndPoint: 127.0.0.1:38723 after 1004 ms
TpTrace Verbose: 0 : 165606, 7, 2026/02/19, 10:42:06.084, 1119363178033800, vstest.console.dll, TcpClientExtensions.MessageLoopAsync: Polling on remoteEndPoint: 127.0.0.1:39034 localEndPoint: 127.0.0.1:38723 after 1004 ms
TpTrace Verbose: 0 : 165606, 7, 2026/02/19, 10:42:07.090, 1119364184039855, vstest.console.dll, TcpClientExtensions.MessageLoopAsync: Polling on remoteEndPoint: 127.0.0.1:39034 localEndPoint: 127.0.0.1:38723 after 1005 ms
TpTrace Verbose: 0 : 165606, 7, 2026/02/19, 10:42:08.095, 1119365189133128, vstest.console.dll, TcpClientExtensions.MessageLoopAsync: Polling on remoteEndPoint: 127.0.0.1:39034 localEndPoint: 127.0.0.1:38723 after 1005 ms
TpTrace Verbose: 0 : 165606, 7, 2026/02/19, 10:42:09.100, 1119366194199155, vstest.console.dll, TcpClientExtensions.MessageLoopAsync: Polling on remoteEndPoint: 127.0.0.1:39034 localEndPoint: 127.0.0.1:38723 after 1005 ms
TpTrace Verbose: 0 : 165606, 7, 2026/02/19, 10:42:10.105, 1119367199083584, vstest.console.dll, TcpClientExtensions.MessageLoopAsync: Polling on remoteEndPoint: 127.0.0.1:39034 localEndPoint: 127.0.0.1:38723 after 1004 ms
TpTrace Verbose: 0 : 165606, 7, 2026/02/19, 10:42:11.110, 1119368204026562, vstest.console.dll, TcpClientExtensions.MessageLoopAsync: Polling on remoteEndPoint: 127.0.0.1:39034 localEndPoint: 127.0.0.1:38723 after 1004 ms
TpTrace Verbose: 0 : 165606, 7, 2026/02/19, 10:42:12.111, 1119369204703928, vstest.console.dll, TcpClientExtensions.MessageLoopAsync: Polling on remoteEndPoint: 127.0.0.1:39034 localEndPoint: 127.0.0.1:38723 after 1000 ms
TpTrace Verbose: 0 : 165606, 7, 2026/02/19, 10:42:13.115, 1119370209054130, vstest.console.dll, TcpClientExtensions.MessageLoopAsync: Polling on remoteEndPoint: 127.0.0.1:39034 localEndPoint: 127.0.0.1:38723 after 1004 ms
TpTrace Verbose: 0 : 165606, 7, 2026/02/19, 10:42:14.120, 1119371214056733, vstest.console.dll, TcpClientExtensions.MessageLoopAsync: Polling on remoteEndPoint: 127.0.0.1:39034 localEndPoint: 127.0.0.1:38723 after 1004 ms
TpTrace Verbose: 0 : 165606, 7, 2026/02/19, 10:42:15.125, 1119372219088939, vstest.console.dll, TcpClientExtensions.MessageLoopAsync: Polling on remoteEndPoint: 127.0.0.1:39034 localEndPoint: 127.0.0.1:38723 after 1004 ms
TpTrace Verbose: 0 : 165606, 7, 2026/02/19, 10:42:16.130, 1119373224035704, vstest.console.dll, TcpClientExtensions.MessageLoopAsync: Polling on remoteEndPoint: 127.0.0.1:39034 localEndPoint: 127.0.0.1:38723 after 1004 ms
TpTrace Verbose: 0 : 165606, 7, 2026/02/19, 10:42:17.135, 1119374229034001, vstest.console.dll, TcpClientExtensions.MessageLoopAsync: Polling on remoteEndPoint: 127.0.0.1:39034 localEndPoint: 127.0.0.1:38723 after 1004 ms
TpTrace Verbose: 0 : 165606, 7, 2026/02/19, 10:42:18.141, 1119375235039602, vstest.console.dll, TcpClientExtensions.MessageLoopAsync: Polling on remoteEndPoint: 127.0.0.1:39034 localEndPoint: 127.0.0.1:38723 after 1004 ms
TpTrace Verbose: 0 : 165606, 7, 2026/02/19, 10:42:19.146, 1119376240036863, vstest.console.dll, TcpClientExtensions.MessageLoopAsync: Polling on remoteEndPoint: 127.0.0.1:39034 localEndPoint: 127.0.0.1:38723 after 1004 ms
TpTrace Verbose: 0 : 165606, 7, 2026/02/19, 10:42:20.151, 1119377245037032, vstest.console.dll, TcpClientExtensions.MessageLoopAsync: Polling on remoteEndPoint: 127.0.0.1:39034 localEndPoint: 127.0.0.1:38723 after 1004 ms
TpTrace Verbose: 0 : 165606, 7, 2026/02/19, 10:42:21.202, 1119378295730697, vstest.console.dll, TcpClientExtensions.MessageLoopAsync: Polling on remoteEndPoint: 127.0.0.1:39034 localEndPoint: 127.0.0.1:38723 after 1050 ms
TpTrace Verbose: 0 : 165606, 7, 2026/02/19, 10:42:22.207, 1119379301038129, vstest.console.dll, TcpClientExtensions.MessageLoopAsync: Polling on remoteEndPoint: 127.0.0.1:39034 localEndPoint: 127.0.0.1:38723 after 1004 ms
TpTrace Verbose: 0 : 165606, 7, 2026/02/19, 10:42:23.338, 1119380432254456, vstest.console.dll, TcpClientExtensions.MessageLoopAsync: Polling on remoteEndPoint: 127.0.0.1:39034 localEndPoint: 127.0.0.1:38723 after 1130 ms
TpTrace Verbose: 0 : 165606, 7, 2026/02/19, 10:42:24.345, 1119381439072310, vstest.console.dll, TcpClientExtensions.MessageLoopAsync: Polling on remoteEndPoint: 127.0.0.1:39034 localEndPoint: 127.0.0.1:38723 after 1006 ms
TpTrace Verbose: 0 : 165606, 7, 2026/02/19, 10:42:25.350, 1119382444032393, vstest.console.dll, TcpClientExtensions.MessageLoopAsync: Polling on remoteEndPoint: 127.0.0.1:39034 localEndPoint: 127.0.0.1:38723 after 1004 ms
TpTrace Verbose: 0 : 165606, 7, 2026/02/19, 10:42:26.358, 1119383452030630, vstest.console.dll, TcpClientExtensions.MessageLoopAsync: Polling on remoteEndPoint: 127.0.0.1:39034 localEndPoint: 127.0.0.1:38723 after 1007 ms
TpTrace Verbose: 0 : 165606, 7, 2026/02/19, 10:42:27.363, 1119384457043867, vstest.console.dll, TcpClientExtensions.MessageLoopAsync: Polling on remoteEndPoint: 127.0.0.1:39034 localEndPoint: 127.0.0.1:38723 after 1004 ms
TpTrace Verbose: 0 : 165606, 7, 2026/02/19, 10:42:28.368, 1119385462026774, vstest.console.dll, TcpClientExtensions.MessageLoopAsync: Polling on remoteEndPoint: 127.0.0.1:39034 localEndPoint: 127.0.0.1:38723 after 1004 ms
TpTrace Verbose: 0 : 165606, 7, 2026/02/19, 10:42:29.373, 1119386467064688, vstest.console.dll, TcpClientExtensions.MessageLoopAsync: Polling on remoteEndPoint: 127.0.0.1:39034 localEndPoint: 127.0.0.1:38723 after 1004 ms
TpTrace Verbose: 0 : 165606, 7, 2026/02/19, 10:42:30.378, 1119387472037875, vstest.console.dll, TcpClientExtensions.MessageLoopAsync: Polling on remoteEndPoint: 127.0.0.1:39034 localEndPoint: 127.0.0.1:38723 after 1004 ms
TpTrace Verbose: 0 : 165606, 7, 2026/02/19, 10:42:31.384, 1119388477787166, vstest.console.dll, TcpClientExtensions.MessageLoopAsync: Polling on remoteEndPoint: 127.0.0.1:39034 localEndPoint: 127.0.0.1:38723 after 1005 ms
TpTrace Verbose: 0 : 165606, 7, 2026/02/19, 10:42:32.394, 1119389488440963, vstest.console.dll, TcpClientExtensions.MessageLoopAsync: Polling on remoteEndPoint: 127.0.0.1:39034 localEndPoint: 127.0.0.1:38723 after 1010 ms
TpTrace Verbose: 0 : 165606, 7, 2026/02/19, 10:42:33.399, 1119390493231605, vstest.console.dll, TcpClientExtensions.MessageLoopAsync: Polling on remoteEndPoint: 127.0.0.1:39034 localEndPoint: 127.0.0.1:38723 after 1004 ms
TpTrace Verbose: 0 : 165606, 7, 2026/02/19, 10:42:34.406, 1119391500045995, vstest.console.dll, TcpClientExtensions.MessageLoopAsync: Polling on remoteEndPoint: 127.0.0.1:39034 localEndPoint: 127.0.0.1:38723 after 1004 ms
TpTrace Verbose: 0 : 165606, 7, 2026/02/19, 10:42:35.411, 1119392505035035, vstest.console.dll, TcpClientExtensions.MessageLoopAsync: Polling on remoteEndPoint: 127.0.0.1:39034 localEndPoint: 127.0.0.1:38723 after 1004 ms
TpTrace Verbose: 0 : 165606, 7, 2026/02/19, 10:42:36.416, 1119393510053885, vstest.console.dll, TcpClientExtensions.MessageLoopAsync: Polling on remoteEndPoint: 127.0.0.1:39034 localEndPoint: 127.0.0.1:38723 after 1004 ms
TpTrace Verbose: 0 : 165606, 7, 2026/02/19, 10:42:37.421, 1119394515052447, vstest.console.dll, TcpClientExtensions.MessageLoopAsync: Polling on remoteEndPoint: 127.0.0.1:39034 localEndPoint: 127.0.0.1:38723 after 1004 ms
TpTrace Verbose: 0 : 165606, 7, 2026/02/19, 10:42:38.426, 1119395520052020, vstest.console.dll, TcpClientExtensions.MessageLoopAsync: Polling on remoteEndPoint: 127.0.0.1:39034 localEndPoint: 127.0.0.1:38723 after 1004 ms
TpTrace Verbose: 0 : 165606, 7, 2026/02/19, 10:42:39.432, 1119396526022804, vstest.console.dll, TcpClientExtensions.MessageLoopAsync: Polling on remoteEndPoint: 127.0.0.1:39034 localEndPoint: 127.0.0.1:38723 after 1005 ms
TpTrace Verbose: 0 : 165606, 7, 2026/02/19, 10:42:40.438, 1119397532405826, vstest.console.dll, TcpClientExtensions.MessageLoopAsync: Polling on remoteEndPoint: 127.0.0.1:39034 localEndPoint: 127.0.0.1:38723 after 1005 ms
TpTrace Verbose: 0 : 165606, 7, 2026/02/19, 10:42:41.444, 1119398537749830, vstest.console.dll, TcpClientExtensions.MessageLoopAsync: Polling on remoteEndPoint: 127.0.0.1:39034 localEndPoint: 127.0.0.1:38723 after 1004 ms
TpTrace Verbose: 0 : 165606, 7, 2026/02/19, 10:42:42.449, 1119399543106203, vstest.console.dll, TcpClientExtensions.MessageLoopAsync: Polling on remoteEndPoint: 127.0.0.1:39034 localEndPoint: 127.0.0.1:38723 after 1004 ms
TpTrace Verbose: 0 : 165606, 7, 2026/02/19, 10:42:43.455, 1119400548735100, vstest.console.dll, TcpClientExtensions.MessageLoopAsync: Polling on remoteEndPoint: 127.0.0.1:39034 localEndPoint: 127.0.0.1:38723 after 1005 ms
TpTrace Verbose: 0 : 165606, 7, 2026/02/19, 10:42:44.460, 1119401554354191, vstest.console.dll, TcpClientExtensions.MessageLoopAsync: Polling on remoteEndPoint: 127.0.0.1:39034 localEndPoint: 127.0.0.1:38723 after 1005 ms
TpTrace Verbose: 0 : 165606, 7, 2026/02/19, 10:42:45.465, 1119402559051845, vstest.console.dll, TcpClientExtensions.MessageLoopAsync: Polling on remoteEndPoint: 127.0.0.1:39034 localEndPoint: 127.0.0.1:38723 after 1004 ms
TpTrace Verbose: 0 : 165606, 7, 2026/02/19, 10:42:46.470, 1119403564152753, vstest.console.dll, TcpClientExtensions.MessageLoopAsync: Polling on remoteEndPoint: 127.0.0.1:39034 localEndPoint: 127.0.0.1:38723 after 1005 ms
TpTrace Verbose: 0 : 165606, 7, 2026/02/19, 10:42:47.475, 1119404569026869, vstest.console.dll, TcpClientExtensions.MessageLoopAsync: Polling on remoteEndPoint: 127.0.0.1:39034 localEndPoint: 127.0.0.1:38723 after 1004 ms
TpTrace Verbose: 0 : 165606, 7, 2026/02/19, 10:42:48.480, 1119405574061107, vstest.console.dll, TcpClientExtensions.MessageLoopAsync: Polling on remoteEndPoint: 127.0.0.1:39034 localEndPoint: 127.0.0.1:38723 after 1004 ms
TpTrace Verbose: 0 : 165606, 7, 2026/02/19, 10:42:49.485, 1119406579041702, vstest.console.dll, TcpClientExtensions.MessageLoopAsync: Polling on remoteEndPoint: 127.0.0.1:39034 localEndPoint: 127.0.0.1:38723 after 1004 ms
TpTrace Verbose: 0 : 165606, 7, 2026/02/19, 10:42:50.490, 1119407584036878, vstest.console.dll, TcpClientExtensions.MessageLoopAsync: Polling on remoteEndPoint: 127.0.0.1:39034 localEndPoint: 127.0.0.1:38723 after 1004 ms
TpTrace Verbose: 0 : 165606, 7, 2026/02/19, 10:42:51.495, 1119408589031131, vstest.console.dll, TcpClientExtensions.MessageLoopAsync: Polling on remoteEndPoint: 127.0.0.1:39034 localEndPoint: 127.0.0.1:38723 after 1004 ms
TpTrace Verbose: 0 : 165606, 7, 2026/02/19, 10:42:52.500, 1119409594037695, vstest.console.dll, TcpClientExtensions.MessageLoopAsync: Polling on remoteEndPoint: 127.0.0.1:39034 localEndPoint: 127.0.0.1:38723 after 1004 ms
TpTrace Verbose: 0 : 165606, 7, 2026/02/19, 10:42:53.505, 1119410599032589, vstest.console.dll, TcpClientExtensions.MessageLoopAsync: Polling on remoteEndPoint: 127.0.0.1:39034 localEndPoint: 127.0.0.1:38723 after 1004 ms
TpTrace Verbose: 0 : 165606, 7, 2026/02/19, 10:42:54.510, 1119411604034251, vstest.console.dll, TcpClientExtensions.MessageLoopAsync: Polling on remoteEndPoint: 127.0.0.1:39034 localEndPoint: 127.0.0.1:38723 after 1004 ms
TpTrace Verbose: 0 : 165606, 7, 2026/02/19, 10:42:55.517, 1119412611030725, vstest.console.dll, TcpClientExtensions.MessageLoopAsync: Polling on remoteEndPoint: 127.0.0.1:39034 localEndPoint: 127.0.0.1:38723 after 1006 ms
TpTrace Verbose: 0 : 165606, 7, 2026/02/19, 10:42:56.522, 1119413616038651, vstest.console.dll, TcpClientExtensions.MessageLoopAsync: Polling on remoteEndPoint: 127.0.0.1:39034 localEndPoint: 127.0.0.1:38723 after 1004 ms
TpTrace Verbose: 0 : 165606, 7, 2026/02/19, 10:42:57.527, 1119414621030660, vstest.console.dll, TcpClientExtensions.MessageLoopAsync: Polling on remoteEndPoint: 127.0.0.1:39034 localEndPoint: 127.0.0.1:38723 after 1004 ms
TpTrace Verbose: 0 : 165606, 7, 2026/02/19, 10:42:58.533, 1119415626448236, vstest.console.dll, TcpClientExtensions.MessageLoopAsync: Polling on remoteEndPoint: 127.0.0.1:39034 localEndPoint: 127.0.0.1:38723 after 1004 ms
TpTrace Verbose: 0 : 165606, 7, 2026/02/19, 10:42:59.537, 1119416631048281, vstest.console.dll, TcpClientExtensions.MessageLoopAsync: Polling on remoteEndPoint: 127.0.0.1:39034 localEndPoint: 127.0.0.1:38723 after 1004 ms
TpTrace Verbose: 0 : 165606, 7, 2026/02/19, 10:43:00.542, 1119417636034265, vstest.console.dll, TcpClientExtensions.MessageLoopAsync: Polling on remoteEndPoint: 127.0.0.1:39034 localEndPoint: 127.0.0.1:38723 after 1004 ms
TpTrace Verbose: 0 : 165606, 7, 2026/02/19, 10:43:01.547, 1119418641029914, vstest.console.dll, TcpClientExtensions.MessageLoopAsync: Polling on remoteEndPoint: 127.0.0.1:39034 localEndPoint: 127.0.0.1:38723 after 1004 ms
TpTrace Verbose: 0 : 165606, 7, 2026/02/19, 10:43:02.552, 1119419646032474, vstest.console.dll, TcpClientExtensions.MessageLoopAsync: Polling on remoteEndPoint: 127.0.0.1:39034 localEndPoint: 127.0.0.1:38723 after 1004 ms
TpTrace Verbose: 0 : 165606, 7, 2026/02/19, 10:43:03.557, 1119420651029507, vstest.console.dll, TcpClientExtensions.MessageLoopAsync: Polling on remoteEndPoint: 127.0.0.1:39034 localEndPoint: 127.0.0.1:38723 after 1004 ms
TpTrace Verbose: 0 : 165606, 7, 2026/02/19, 10:43:04.562, 1119421656042450, vstest.console.dll, TcpClientExtensions.MessageLoopAsync: Polling on remoteEndPoint: 127.0.0.1:39034 localEndPoint: 127.0.0.1:38723 after 1004 ms
TpTrace Verbose: 0 : 165606, 7, 2026/02/19, 10:43:05.567, 1119422661043731, vstest.console.dll, TcpClientExtensions.MessageLoopAsync: Polling on remoteEndPoint: 127.0.0.1:39034 localEndPoint: 127.0.0.1:38723 after 1004 ms
TpTrace Verbose: 0 : 165606, 7, 2026/02/19, 10:43:06.573, 1119423666886451, vstest.console.dll, TcpClientExtensions.MessageLoopAsync: Polling on remoteEndPoint: 127.0.0.1:39034 localEndPoint: 127.0.0.1:38723 after 1005 ms
TpTrace Verbose: 0 : 165606, 7, 2026/02/19, 10:43:07.578, 1119424672056123, vstest.console.dll, TcpClientExtensions.MessageLoopAsync: Polling on remoteEndPoint: 127.0.0.1:39034 localEndPoint: 127.0.0.1:38723 after 1005 ms
TpTrace Verbose: 0 : 165606, 7, 2026/02/19, 10:43:08.583, 1119425677031956, vstest.console.dll, TcpClientExtensions.MessageLoopAsync: Polling on remoteEndPoint: 127.0.0.1:39034 localEndPoint: 127.0.0.1:38723 after 1004 ms
TpTrace Verbose: 0 : 165606, 7, 2026/02/19, 10:43:09.588, 1119426682037951, vstest.console.dll, TcpClientExtensions.MessageLoopAsync: Polling on remoteEndPoint: 127.0.0.1:39034 localEndPoint: 127.0.0.1:38723 after 1004 ms
TpTrace Verbose: 0 : 165606, 7, 2026/02/19, 10:43:10.594, 1119427687501699, vstest.console.dll, TcpClientExtensions.MessageLoopAsync: Polling on remoteEndPoint: 127.0.0.1:39034 localEndPoint: 127.0.0.1:38723 after 1005 ms
TpTrace Verbose: 0 : 165606, 7, 2026/02/19, 10:43:11.599, 1119428692596274, vstest.console.dll, TcpClientExtensions.MessageLoopAsync: Polling on remoteEndPoint: 127.0.0.1:39034 localEndPoint: 127.0.0.1:38723 after 1004 ms
TpTrace Verbose: 0 : 165606, 7, 2026/02/19, 10:43:12.605, 1119429699029658, vstest.console.dll, TcpClientExtensions.MessageLoopAsync: Polling on remoteEndPoint: 127.0.0.1:39034 localEndPoint: 127.0.0.1:38723 after 1004 ms
TpTrace Verbose: 0 : 165606, 7, 2026/02/19, 10:43:13.610, 1119430704245762, vstest.console.dll, TcpClientExtensions.MessageLoopAsync: Polling on remoteEndPoint: 127.0.0.1:39034 localEndPoint: 127.0.0.1:38723 after 1004 ms
TpTrace Verbose: 0 : 165606, 7, 2026/02/19, 10:43:14.615, 1119431709037910, vstest.console.dll, TcpClientExtensions.MessageLoopAsync: Polling on remoteEndPoint: 127.0.0.1:39034 localEndPoint: 127.0.0.1:38723 after 1004 ms
TpTrace Verbose: 0 : 165606, 7, 2026/02/19, 10:43:15.620, 1119432714032077, vstest.console.dll, TcpClientExtensions.MessageLoopAsync: Polling on remoteEndPoint: 127.0.0.1:39034 localEndPoint: 127.0.0.1:38723 after 1004 ms
TpTrace Verbose: 0 : 165606, 7, 2026/02/19, 10:43:16.625, 1119433719037738, vstest.console.dll, TcpClientExtensions.MessageLoopAsync: Polling on remoteEndPoint: 127.0.0.1:39034 localEndPoint: 127.0.0.1:38723 after 1004 ms
TpTrace Verbose: 0 : 165606, 7, 2026/02/19, 10:43:17.630, 1119434724057971, vstest.console.dll, TcpClientExtensions.MessageLoopAsync: Polling on remoteEndPoint: 127.0.0.1:39034 localEndPoint: 127.0.0.1:38723 after 1004 ms
TpTrace Verbose: 0 : 165606, 7, 2026/02/19, 10:43:18.635, 1119435729089233, vstest.console.dll, TcpClientExtensions.MessageLoopAsync: Polling on remoteEndPoint: 127.0.0.1:39034 localEndPoint: 127.0.0.1:38723 after 1004 ms
TpTrace Verbose: 0 : 165606, 7, 2026/02/19, 10:43:19.640, 1119436734040972, vstest.console.dll, TcpClientExtensions.MessageLoopAsync: Polling on remoteEndPoint: 127.0.0.1:39034 localEndPoint: 127.0.0.1:38723 after 1004 ms
TpTrace Verbose: 0 : 165606, 7, 2026/02/19, 10:43:20.645, 1119437739033445, vstest.console.dll, TcpClientExtensions.MessageLoopAsync: Polling on remoteEndPoint: 127.0.0.1:39034 localEndPoint: 127.0.0.1:38723 after 1004 ms
TpTrace Verbose: 0 : 165606, 7, 2026/02/19, 10:43:21.650, 1119438744147665, vstest.console.dll, TcpClientExtensions.MessageLoopAsync: Polling on remoteEndPoint: 127.0.0.1:39034 localEndPoint: 127.0.0.1:38723 after 1005 ms
TpTrace Verbose: 0 : 165606, 7, 2026/02/19, 10:43:22.655, 1119439749318399, vstest.console.dll, TcpClientExtensions.MessageLoopAsync: Polling on remoteEndPoint: 127.0.0.1:39034 localEndPoint: 127.0.0.1:38723 after 1005 ms
TpTrace Verbose: 0 : 165606, 7, 2026/02/19, 10:43:23.660, 1119440754055657, vstest.console.dll, TcpClientExtensions.MessageLoopAsync: Polling on remoteEndPoint: 127.0.0.1:39034 localEndPoint: 127.0.0.1:38723 after 1004 ms
TpTrace Verbose: 0 : 165606, 7, 2026/02/19, 10:43:24.665, 1119441759093437, vstest.console.dll, TcpClientExtensions.MessageLoopAsync: Polling on remoteEndPoint: 127.0.0.1:39034 localEndPoint: 127.0.0.1:38723 after 1004 ms
TpTrace Verbose: 0 : 165606, 7, 2026/02/19, 10:43:25.670, 1119442764074511, vstest.console.dll, TcpClientExtensions.MessageLoopAsync: Polling on remoteEndPoint: 127.0.0.1:39034 localEndPoint: 127.0.0.1:38723 after 1004 ms
TpTrace Verbose: 0 : 165606, 7, 2026/02/19, 10:43:26.675, 1119443769375910, vstest.console.dll, TcpClientExtensions.MessageLoopAsync: Polling on remoteEndPoint: 127.0.0.1:39034 localEndPoint: 127.0.0.1:38723 after 1005 ms
TpTrace Verbose: 0 : 165606, 7, 2026/02/19, 10:43:27.677, 1119444771391274, vstest.console.dll, TcpClientExtensions.MessageLoopAsync: Polling on remoteEndPoint: 127.0.0.1:39034 localEndPoint: 127.0.0.1:38723 after 1001 ms
TpTrace Verbose: 0 : 165606, 7, 2026/02/19, 10:43:28.682, 1119445776074478, vstest.console.dll, TcpClientExtensions.MessageLoopAsync: Polling on remoteEndPoint: 127.0.0.1:39034 localEndPoint: 127.0.0.1:38723 after 1004 ms
TpTrace Verbose: 0 : 165606, 7, 2026/02/19, 10:43:29.687, 1119446781069003, vstest.console.dll, TcpClientExtensions.MessageLoopAsync: Polling on remoteEndPoint: 127.0.0.1:39034 localEndPoint: 127.0.0.1:38723 after 1004 ms
TpTrace Verbose: 0 : 165606, 7, 2026/02/19, 10:43:30.692, 1119447786047280, vstest.console.dll, TcpClientExtensions.MessageLoopAsync: Polling on remoteEndPoint: 127.0.0.1:39034 localEndPoint: 127.0.0.1:38723 after 1004 ms
TpTrace Verbose: 0 : 165606, 7, 2026/02/19, 10:43:31.697, 1119448791068103, vstest.console.dll, TcpClientExtensions.MessageLoopAsync: Polling on remoteEndPoint: 127.0.0.1:39034 localEndPoint: 127.0.0.1:38723 after 1004 ms
TpTrace Verbose: 0 : 165606, 7, 2026/02/19, 10:43:32.702, 1119449796079142, vstest.console.dll, TcpClientExtensions.MessageLoopAsync: Polling on remoteEndPoint: 127.0.0.1:39034 localEndPoint: 127.0.0.1:38723 after 1004 ms
TpTrace Verbose: 0 : 165606, 7, 2026/02/19, 10:43:33.707, 1119450800808446, vstest.console.dll, TcpClientExtensions.MessageLoopAsync: Polling on remoteEndPoint: 127.0.0.1:39034 localEndPoint: 127.0.0.1:38723 after 1004 ms
TpTrace Verbose: 0 : 165606, 7, 2026/02/19, 10:43:34.712, 1119451806066576, vstest.console.dll, TcpClientExtensions.MessageLoopAsync: Polling on remoteEndPoint: 127.0.0.1:39034 localEndPoint: 127.0.0.1:38723 after 1004 ms
TpTrace Verbose: 0 : 165606, 7, 2026/02/19, 10:43:35.717, 1119452811149194, vstest.console.dll, TcpClientExtensions.MessageLoopAsync: Polling on remoteEndPoint: 127.0.0.1:39034 localEndPoint: 127.0.0.1:38723 after 1004 ms
TpTrace Verbose: 0 : 165606, 7, 2026/02/19, 10:43:36.722, 1119453816036532, vstest.console.dll, TcpClientExtensions.MessageLoopAsync: Polling on remoteEndPoint: 127.0.0.1:39034 localEndPoint: 127.0.0.1:38723 after 1004 ms
TpTrace Verbose: 0 : 165606, 7, 2026/02/19, 10:43:37.727, 1119454821063317, vstest.console.dll, TcpClientExtensions.MessageLoopAsync: Polling on remoteEndPoint: 127.0.0.1:39034 localEndPoint: 127.0.0.1:38723 after 1004 ms
TpTrace Verbose: 0 : 165606, 7, 2026/02/19, 10:43:38.732, 1119455826057102, vstest.console.dll, TcpClientExtensions.MessageLoopAsync: Polling on remoteEndPoint: 127.0.0.1:39034 localEndPoint: 127.0.0.1:38723 after 1004 ms
TpTrace Verbose: 0 : 165606, 7, 2026/02/19, 10:43:39.737, 1119456831073827, vstest.console.dll, TcpClientExtensions.MessageLoopAsync: Polling on remoteEndPoint: 127.0.0.1:39034 localEndPoint: 127.0.0.1:38723 after 1004 ms
TpTrace Verbose: 0 : 165606, 7, 2026/02/19, 10:43:40.742, 1119457836039904, vstest.console.dll, TcpClientExtensions.MessageLoopAsync: Polling on remoteEndPoint: 127.0.0.1:39034 localEndPoint: 127.0.0.1:38723 after 1004 ms
TpTrace Verbose: 0 : 165606, 7, 2026/02/19, 10:43:41.747, 1119458841068992, vstest.console.dll, TcpClientExtensions.MessageLoopAsync: Polling on remoteEndPoint: 127.0.0.1:39034 localEndPoint: 127.0.0.1:38723 after 1004 ms
TpTrace Verbose: 0 : 165606, 7, 2026/02/19, 10:43:42.752, 1119459846056740, vstest.console.dll, TcpClientExtensions.MessageLoopAsync: Polling on remoteEndPoint: 127.0.0.1:39034 localEndPoint: 127.0.0.1:38723 after 1004 ms
TpTrace Verbose: 0 : 165606, 7, 2026/02/19, 10:43:43.757, 1119460851040368, vstest.console.dll, TcpClientExtensions.MessageLoopAsync: Polling on remoteEndPoint: 127.0.0.1:39034 localEndPoint: 127.0.0.1:38723 after 1004 ms
TpTrace Verbose: 0 : 165606, 7, 2026/02/19, 10:43:44.762, 1119461856140568, vstest.console.dll, TcpClientExtensions.MessageLoopAsync: Polling on remoteEndPoint: 127.0.0.1:39034 localEndPoint: 127.0.0.1:38723 after 1005 ms
TpTrace Verbose: 0 : 165606, 7, 2026/02/19, 10:43:45.767, 1119462861054706, vstest.console.dll, TcpClientExtensions.MessageLoopAsync: Polling on remoteEndPoint: 127.0.0.1:39034 localEndPoint: 127.0.0.1:38723 after 1004 ms
TpTrace Verbose: 0 : 165606, 7, 2026/02/19, 10:43:46.772, 1119463866134309, vstest.console.dll, TcpClientExtensions.MessageLoopAsync: Polling on remoteEndPoint: 127.0.0.1:39034 localEndPoint: 127.0.0.1:38723 after 1004 ms
TpTrace Verbose: 0 : 165606, 7, 2026/02/19, 10:43:47.777, 1119464871244511, vstest.console.dll, TcpClientExtensions.MessageLoopAsync: Polling on remoteEndPoint: 127.0.0.1:39034 localEndPoint: 127.0.0.1:38723 after 1004 ms
TpTrace Verbose: 0 : 165606, 7, 2026/02/19, 10:43:48.782, 1119465876084919, vstest.console.dll, TcpClientExtensions.MessageLoopAsync: Polling on remoteEndPoint: 127.0.0.1:39034 localEndPoint: 127.0.0.1:38723 after 1004 ms
TpTrace Verbose: 0 : 165606, 7, 2026/02/19, 10:43:49.787, 1119466881053472, vstest.console.dll, TcpClientExtensions.MessageLoopAsync: Polling on remoteEndPoint: 127.0.0.1:39034 localEndPoint: 127.0.0.1:38723 after 1004 ms
TpTrace Verbose: 0 : 165606, 7, 2026/02/19, 10:43:50.792, 1119467886337843, vstest.console.dll, TcpClientExtensions.MessageLoopAsync: Polling on remoteEndPoint: 127.0.0.1:39034 localEndPoint: 127.0.0.1:38723 after 1005 ms
TpTrace Verbose: 0 : 165606, 7, 2026/02/19, 10:43:51.797, 1119468891145568, vstest.console.dll, TcpClientExtensions.MessageLoopAsync: Polling on remoteEndPoint: 127.0.0.1:39034 localEndPoint: 127.0.0.1:38723 after 1004 ms
TpTrace Verbose: 0 : 165606, 7, 2026/02/19, 10:43:52.802, 1119469896086845, vstest.console.dll, TcpClientExtensions.MessageLoopAsync: Polling on remoteEndPoint: 127.0.0.1:39034 localEndPoint: 127.0.0.1:38723 after 1004 ms
TpTrace Verbose: 0 : 165606, 7, 2026/02/19, 10:43:53.807, 1119470901052666, vstest.console.dll, TcpClientExtensions.MessageLoopAsync: Polling on remoteEndPoint: 127.0.0.1:39034 localEndPoint: 127.0.0.1:38723 after 1004 ms
TpTrace Verbose: 0 : 165606, 7, 2026/02/19, 10:43:54.812, 1119471906031927, vstest.console.dll, TcpClientExtensions.MessageLoopAsync: Polling on remoteEndPoint: 127.0.0.1:39034 localEndPoint: 127.0.0.1:38723 after 1004 ms
TpTrace Verbose: 0 : 165606, 7, 2026/02/19, 10:43:55.817, 1119472911089166, vstest.console.dll, TcpClientExtensions.MessageLoopAsync: Polling on remoteEndPoint: 127.0.0.1:39034 localEndPoint: 127.0.0.1:38723 after 1004 ms
TpTrace Verbose: 0 : 165606, 7, 2026/02/19, 10:43:56.822, 1119473916146755, vstest.console.dll, TcpClientExtensions.MessageLoopAsync: Polling on remoteEndPoint: 127.0.0.1:39034 localEndPoint: 127.0.0.1:38723 after 1004 ms
TpTrace Verbose: 0 : 165606, 7, 2026/02/19, 10:43:57.827, 1119474921045066, vstest.console.dll, TcpClientExtensions.MessageLoopAsync: Polling on remoteEndPoint: 127.0.0.1:39034 localEndPoint: 127.0.0.1:38723 after 1004 ms
TpTrace Verbose: 0 : 165606, 7, 2026/02/19, 10:43:58.832, 1119475926053376, vstest.console.dll, TcpClientExtensions.MessageLoopAsync: Polling on remoteEndPoint: 127.0.0.1:39034 localEndPoint: 127.0.0.1:38723 after 1004 ms
TpTrace Verbose: 0 : 165606, 7, 2026/02/19, 10:43:59.837, 1119476931120548, vstest.console.dll, TcpClientExtensions.MessageLoopAsync: Polling on remoteEndPoint: 127.0.0.1:39034 localEndPoint: 127.0.0.1:38723 after 1005 ms
TpTrace Verbose: 0 : 165606, 7, 2026/02/19, 10:44:00.842, 1119477936221370, vstest.console.dll, TcpClientExtensions.MessageLoopAsync: Polling on remoteEndPoint: 127.0.0.1:39034 localEndPoint: 127.0.0.1:38723 after 1005 ms
TpTrace Verbose: 0 : 165606, 7, 2026/02/19, 10:44:01.847, 1119478941089169, vstest.console.dll, TcpClientExtensions.MessageLoopAsync: Polling on remoteEndPoint: 127.0.0.1:39034 localEndPoint: 127.0.0.1:38723 after 1004 ms
TpTrace Verbose: 0 : 165606, 7, 2026/02/19, 10:44:02.852, 1119479946136499, vstest.console.dll, TcpClientExtensions.MessageLoopAsync: Polling on remoteEndPoint: 127.0.0.1:39034 localEndPoint: 127.0.0.1:38723 after 1004 ms
TpTrace Verbose: 0 : 165606, 7, 2026/02/19, 10:44:03.857, 1119480951059184, vstest.console.dll, TcpClientExtensions.MessageLoopAsync: Polling on remoteEndPoint: 127.0.0.1:39034 localEndPoint: 127.0.0.1:38723 after 1004 ms
TpTrace Verbose: 0 : 165606, 7, 2026/02/19, 10:44:04.862, 1119481956135554, vstest.console.dll, TcpClientExtensions.MessageLoopAsync: Polling on remoteEndPoint: 127.0.0.1:39034 localEndPoint: 127.0.0.1:38723 after 1005 ms
TpTrace Verbose: 0 : 165606, 7, 2026/02/19, 10:44:05.868, 1119482961463033, vstest.console.dll, TcpClientExtensions.MessageLoopAsync: Polling on remoteEndPoint: 127.0.0.1:39034 localEndPoint: 127.0.0.1:38723 after 1005 ms
TpTrace Verbose: 0 : 165606, 7, 2026/02/19, 10:44:06.873, 1119483966548013, vstest.console.dll, TcpClientExtensions.MessageLoopAsync: Polling on remoteEndPoint: 127.0.0.1:39034 localEndPoint: 127.0.0.1:38723 after 1005 ms
TpTrace Verbose: 0 : 165606, 7, 2026/02/19, 10:44:07.877, 1119484971423931, vstest.console.dll, TcpClientExtensions.MessageLoopAsync: Polling on remoteEndPoint: 127.0.0.1:39034 localEndPoint: 127.0.0.1:38723 after 1004 ms
TpTrace Verbose: 0 : 165606, 7, 2026/02/19, 10:44:08.883, 1119485976882877, vstest.console.dll, TcpClientExtensions.MessageLoopAsync: Polling on remoteEndPoint: 127.0.0.1:39034 localEndPoint: 127.0.0.1:38723 after 1005 ms
TpTrace Verbose: 0 : 165606, 7, 2026/02/19, 10:44:09.887, 1119486981137194, vstest.console.dll, TcpClientExtensions.MessageLoopAsync: Polling on remoteEndPoint: 127.0.0.1:39034 localEndPoint: 127.0.0.1:38723 after 1004 ms
TpTrace Verbose: 0 : 165606, 7, 2026/02/19, 10:44:10.892, 1119487986156794, vstest.console.dll, TcpClientExtensions.MessageLoopAsync: Polling on remoteEndPoint: 127.0.0.1:39034 localEndPoint: 127.0.0.1:38723 after 1004 ms
TpTrace Verbose: 0 : 165606, 7, 2026/02/19, 10:44:11.897, 1119488991038363, vstest.console.dll, TcpClientExtensions.MessageLoopAsync: Polling on remoteEndPoint: 127.0.0.1:39034 localEndPoint: 127.0.0.1:38723 after 1004 ms
TpTrace Verbose: 0 : 165606, 7, 2026/02/19, 10:44:12.903, 1119489997060058, vstest.console.dll, TcpClientExtensions.MessageLoopAsync: Polling on remoteEndPoint: 127.0.0.1:39034 localEndPoint: 127.0.0.1:38723 after 1005 ms
TpTrace Verbose: 0 : 165606, 7, 2026/02/19, 10:44:13.908, 1119491002071821, vstest.console.dll, TcpClientExtensions.MessageLoopAsync: Polling on remoteEndPoint: 127.0.0.1:39034 localEndPoint: 127.0.0.1:38723 after 1004 ms
TpTrace Verbose: 0 : 165606, 7, 2026/02/19, 10:44:14.913, 1119492007057590, vstest.console.dll, TcpClientExtensions.MessageLoopAsync: Polling on remoteEndPoint: 127.0.0.1:39034 localEndPoint: 127.0.0.1:38723 after 1004 ms
TpTrace Verbose: 0 : 165606, 7, 2026/02/19, 10:44:15.918, 1119493012080688, vstest.console.dll, TcpClientExtensions.MessageLoopAsync: Polling on remoteEndPoint: 127.0.0.1:39034 localEndPoint: 127.0.0.1:38723 after 1004 ms
TpTrace Verbose: 0 : 165606, 7, 2026/02/19, 10:44:16.923, 1119494017045590, vstest.console.dll, TcpClientExtensions.MessageLoopAsync: Polling on remoteEndPoint: 127.0.0.1:39034 localEndPoint: 127.0.0.1:38723 after 1004 ms
TpTrace Verbose: 0 : 165606, 7, 2026/02/19, 10:44:17.928, 1119495022025837, vstest.console.dll, TcpClientExtensions.MessageLoopAsync: Polling on remoteEndPoint: 127.0.0.1:39034 localEndPoint: 127.0.0.1:38723 after 1004 ms
TpTrace Verbose: 0 : 165606, 7, 2026/02/19, 10:44:18.933, 1119496027021564, vstest.console.dll, TcpClientExtensions.MessageLoopAsync: Polling on remoteEndPoint: 127.0.0.1:39034 localEndPoint: 127.0.0.1:38723 after 1004 ms
TpTrace Verbose: 0 : 165606, 7, 2026/02/19, 10:44:19.938, 1119497032025818, vstest.console.dll, TcpClientExtensions.MessageLoopAsync: Polling on remoteEndPoint: 127.0.0.1:39034 localEndPoint: 127.0.0.1:38723 after 1004 ms
TpTrace Verbose: 0 : 165606, 7, 2026/02/19, 10:44:20.943, 1119498037057367, vstest.console.dll, TcpClientExtensions.MessageLoopAsync: Polling on remoteEndPoint: 127.0.0.1:39034 localEndPoint: 127.0.0.1:38723 after 1004 ms
TpTrace Verbose: 0 : 165606, 7, 2026/02/19, 10:44:21.948, 1119499042125129, vstest.console.dll, TcpClientExtensions.MessageLoopAsync: Polling on remoteEndPoint: 127.0.0.1:39034 localEndPoint: 127.0.0.1:38723 after 1005 ms
TpTrace Verbose: 0 : 165606, 7, 2026/02/19, 10:44:22.953, 1119500047052544, vstest.console.dll, TcpClientExtensions.MessageLoopAsync: Polling on remoteEndPoint: 127.0.0.1:39034 localEndPoint: 127.0.0.1:38723 after 1004 ms
TpTrace Verbose: 0 : 165606, 7, 2026/02/19, 10:44:23.958, 1119501052060555, vstest.console.dll, TcpClientExtensions.MessageLoopAsync: Polling on remoteEndPoint: 127.0.0.1:39034 localEndPoint: 127.0.0.1:38723 after 1004 ms
TpTrace Verbose: 0 : 165606, 7, 2026/02/19, 10:44:24.963, 1119502057071853, vstest.console.dll, TcpClientExtensions.MessageLoopAsync: Polling on remoteEndPoint: 127.0.0.1:39034 localEndPoint: 127.0.0.1:38723 after 1004 ms
TpTrace Verbose: 0 : 165606, 7, 2026/02/19, 10:44:25.968, 1119503062058053, vstest.console.dll, TcpClientExtensions.MessageLoopAsync: Polling on remoteEndPoint: 127.0.0.1:39034 localEndPoint: 127.0.0.1:38723 after 1004 ms
TpTrace Verbose: 0 : 165606, 7, 2026/02/19, 10:44:26.973, 1119504067072465, vstest.console.dll, TcpClientExtensions.MessageLoopAsync: Polling on remoteEndPoint: 127.0.0.1:39034 localEndPoint: 127.0.0.1:38723 after 1004 ms
TpTrace Verbose: 0 : 165606, 7, 2026/02/19, 10:44:27.978, 1119505072032241, vstest.console.dll, TcpClientExtensions.MessageLoopAsync: Polling on remoteEndPoint: 127.0.0.1:39034 localEndPoint: 127.0.0.1:38723 after 1004 ms
TpTrace Verbose: 0 : 165606, 7, 2026/02/19, 10:44:28.983, 1119506077151240, vstest.console.dll, TcpClientExtensions.MessageLoopAsync: Polling on remoteEndPoint: 127.0.0.1:39034 localEndPoint: 127.0.0.1:38723 after 1005 ms
TpTrace Verbose: 0 : 165606, 7, 2026/02/19, 10:44:29.988, 1119507082042423, vstest.console.dll, TcpClientExtensions.MessageLoopAsync: Polling on remoteEndPoint: 127.0.0.1:39034 localEndPoint: 127.0.0.1:38723 after 1004 ms
TpTrace Verbose: 0 : 165606, 7, 2026/02/19, 10:44:30.993, 1119508087070454, vstest.console.dll, TcpClientExtensions.MessageLoopAsync: Polling on remoteEndPoint: 127.0.0.1:39034 localEndPoint: 127.0.0.1:38723 after 1004 ms
TpTrace Verbose: 0 : 165606, 7, 2026/02/19, 10:44:31.998, 1119509092029656, vstest.console.dll, TcpClientExtensions.MessageLoopAsync: Polling on remoteEndPoint: 127.0.0.1:39034 localEndPoint: 127.0.0.1:38723 after 1004 ms
TpTrace Verbose: 0 : 165606, 7, 2026/02/19, 10:44:33.003, 1119510097114966, vstest.console.dll, TcpClientExtensions.MessageLoopAsync: Polling on remoteEndPoint: 127.0.0.1:39034 localEndPoint: 127.0.0.1:38723 after 1004 ms
TpTrace Verbose: 0 : 165606, 7, 2026/02/19, 10:44:34.008, 1119511102220969, vstest.console.dll, TcpClientExtensions.MessageLoopAsync: Polling on remoteEndPoint: 127.0.0.1:39034 localEndPoint: 127.0.0.1:38723 after 1005 ms
TpTrace Verbose: 0 : 165606, 7, 2026/02/19, 10:44:35.013, 1119512107052823, vstest.console.dll, TcpClientExtensions.MessageLoopAsync: Polling on remoteEndPoint: 127.0.0.1:39034 localEndPoint: 127.0.0.1:38723 after 1004 ms
TpTrace Verbose: 0 : 165606, 7, 2026/02/19, 10:44:36.018, 1119513112056342, vstest.console.dll, TcpClientExtensions.MessageLoopAsync: Polling on remoteEndPoint: 127.0.0.1:39034 localEndPoint: 127.0.0.1:38723 after 1004 ms
TpTrace Verbose: 0 : 165606, 7, 2026/02/19, 10:44:37.023, 1119514117063300, vstest.console.dll, TcpClientExtensions.MessageLoopAsync: Polling on remoteEndPoint: 127.0.0.1:39034 localEndPoint: 127.0.0.1:38723 after 1004 ms
TpTrace Verbose: 0 : 165606, 7, 2026/02/19, 10:44:38.029, 1119515123064252, vstest.console.dll, TcpClientExtensions.MessageLoopAsync: Polling on remoteEndPoint: 127.0.0.1:39034 localEndPoint: 127.0.0.1:38723 after 1005 ms
TpTrace Verbose: 0 : 165606, 7, 2026/02/19, 10:44:39.034, 1119516128036054, vstest.console.dll, TcpClientExtensions.MessageLoopAsync: Polling on remoteEndPoint: 127.0.0.1:39034 localEndPoint: 127.0.0.1:38723 after 1004 ms
TpTrace Verbose: 0 : 165606, 7, 2026/02/19, 10:44:40.039, 1119517133036811, vstest.console.dll, TcpClientExtensions.MessageLoopAsync: Polling on remoteEndPoint: 127.0.0.1:39034 localEndPoint: 127.0.0.1:38723 after 1004 ms
TpTrace Verbose: 0 : 165606, 7, 2026/02/19, 10:44:41.044, 1119518138045470, vstest.console.dll, TcpClientExtensions.MessageLoopAsync: Polling on remoteEndPoint: 127.0.0.1:39034 localEndPoint: 127.0.0.1:38723 after 1004 ms
TpTrace Verbose: 0 : 165606, 7, 2026/02/19, 10:44:42.049, 1119519143029291, vstest.console.dll, TcpClientExtensions.MessageLoopAsync: Polling on remoteEndPoint: 127.0.0.1:39034 localEndPoint: 127.0.0.1:38723 after 1004 ms
TpTrace Verbose: 0 : 165606, 7, 2026/02/19, 10:44:43.055, 1119520149217318, vstest.console.dll, TcpClientExtensions.MessageLoopAsync: Polling on remoteEndPoint: 127.0.0.1:39034 localEndPoint: 127.0.0.1:38723 after 1005 ms
TpTrace Verbose: 0 : 165606, 7, 2026/02/19, 10:44:44.064, 1119521157508723, vstest.console.dll, TcpClientExtensions.MessageLoopAsync: Polling on remoteEndPoint: 127.0.0.1:39034 localEndPoint: 127.0.0.1:38723 after 1005 ms
TpTrace Verbose: 0 : 165606, 7, 2026/02/19, 10:44:45.069, 1119522163033387, vstest.console.dll, TcpClientExtensions.MessageLoopAsync: Polling on remoteEndPoint: 127.0.0.1:39034 localEndPoint: 127.0.0.1:38723 after 1004 ms
TpTrace Verbose: 0 : 165606, 7, 2026/02/19, 10:44:46.074, 1119523168027621, vstest.console.dll, TcpClientExtensions.MessageLoopAsync: Polling on remoteEndPoint: 127.0.0.1:39034 localEndPoint: 127.0.0.1:38723 after 1004 ms
TpTrace Verbose: 0 : 165606, 7, 2026/02/19, 10:44:47.080, 1119524174030802, vstest.console.dll, TcpClientExtensions.MessageLoopAsync: Polling on remoteEndPoint: 127.0.0.1:39034 localEndPoint: 127.0.0.1:38723 after 1005 ms
TpTrace Verbose: 0 : 165606, 7, 2026/02/19, 10:44:48.085, 1119525179034633, vstest.console.dll, TcpClientExtensions.MessageLoopAsync: Polling on remoteEndPoint: 127.0.0.1:39034 localEndPoint: 127.0.0.1:38723 after 1004 ms
TpTrace Verbose: 0 : 165606, 7, 2026/02/19, 10:44:49.090, 1119526184386807, vstest.console.dll, TcpClientExtensions.MessageLoopAsync: Polling on remoteEndPoint: 127.0.0.1:39034 localEndPoint: 127.0.0.1:38723 after 1004 ms
TpTrace Verbose: 0 : 165606, 7, 2026/02/19, 10:44:50.096, 1119527190034727, vstest.console.dll, TcpClientExtensions.MessageLoopAsync: Polling on remoteEndPoint: 127.0.0.1:39034 localEndPoint: 127.0.0.1:38723 after 1004 ms
TpTrace Verbose: 0 : 165606, 7, 2026/02/19, 10:44:51.102, 1119528195734306, vstest.console.dll, TcpClientExtensions.MessageLoopAsync: Polling on remoteEndPoint: 127.0.0.1:39034 localEndPoint: 127.0.0.1:38723 after 1005 ms
TpTrace Verbose: 0 : 165606, 7, 2026/02/19, 10:44:52.107, 1119529201028051, vstest.console.dll, TcpClientExtensions.MessageLoopAsync: Polling on remoteEndPoint: 127.0.0.1:39034 localEndPoint: 127.0.0.1:38723 after 1004 ms
TpTrace Verbose: 0 : 165606, 7, 2026/02/19, 10:44:53.139, 1119530232522597, vstest.console.dll, TcpClientExtensions.MessageLoopAsync: Polling on remoteEndPoint: 127.0.0.1:39034 localEndPoint: 127.0.0.1:38723 after 1031 ms
TpTrace Verbose: 0 : 165606, 7, 2026/02/19, 10:44:54.144, 1119531237772390, vstest.console.dll, TcpClientExtensions.MessageLoopAsync: Polling on remoteEndPoint: 127.0.0.1:39034 localEndPoint: 127.0.0.1:38723 after 1004 ms
TpTrace Verbose: 0 : 165606, 7, 2026/02/19, 10:44:55.149, 1119532243028994, vstest.console.dll, TcpClientExtensions.MessageLoopAsync: Polling on remoteEndPoint: 127.0.0.1:39034 localEndPoint: 127.0.0.1:38723 after 1004 ms
TpTrace Verbose: 0 : 165606, 7, 2026/02/19, 10:44:56.154, 1119533248321316, vstest.console.dll, TcpClientExtensions.MessageLoopAsync: Polling on remoteEndPoint: 127.0.0.1:39034 localEndPoint: 127.0.0.1:38723 after 1004 ms
TpTrace Verbose: 0 : 165606, 7, 2026/02/19, 10:44:57.159, 1119534253032158, vstest.console.dll, TcpClientExtensions.MessageLoopAsync: Polling on remoteEndPoint: 127.0.0.1:39034 localEndPoint: 127.0.0.1:38723 after 1004 ms
TpTrace Verbose: 0 : 165606, 7, 2026/02/19, 10:44:58.164, 1119535258029975, vstest.console.dll, TcpClientExtensions.MessageLoopAsync: Polling on remoteEndPoint: 127.0.0.1:39034 localEndPoint: 127.0.0.1:38723 after 1004 ms
TpTrace Verbose: 0 : 165606, 7, 2026/02/19, 10:44:59.174, 1119536267485664, vstest.console.dll, TcpClientExtensions.MessageLoopAsync: Polling on remoteEndPoint: 127.0.0.1:39034 localEndPoint: 127.0.0.1:38723 after 1009 ms
TpTrace Verbose: 0 : 165606, 7, 2026/02/19, 10:45:00.178, 1119537272169517, vstest.console.dll, TcpClientExtensions.MessageLoopAsync: Polling on remoteEndPoint: 127.0.0.1:39034 localEndPoint: 127.0.0.1:38723 after 1004 ms
TpTrace Verbose: 0 : 165606, 7, 2026/02/19, 10:45:01.183, 1119538277306749, vstest.console.dll, TcpClientExtensions.MessageLoopAsync: Polling on remoteEndPoint: 127.0.0.1:39034 localEndPoint: 127.0.0.1:38723 after 1004 ms
TpTrace Verbose: 0 : 165606, 7, 2026/02/19, 10:45:02.189, 1119539283079747, vstest.console.dll, TcpClientExtensions.MessageLoopAsync: Polling on remoteEndPoint: 127.0.0.1:39034 localEndPoint: 127.0.0.1:38723 after 1004 ms
TpTrace Verbose: 0 : 165606, 7, 2026/02/19, 10:45:03.194, 1119540288056660, vstest.console.dll, TcpClientExtensions.MessageLoopAsync: Polling on remoteEndPoint: 127.0.0.1:39034 localEndPoint: 127.0.0.1:38723 after 1004 ms
TpTrace Verbose: 0 : 165606, 7, 2026/02/19, 10:45:04.199, 1119541293023877, vstest.console.dll, TcpClientExtensions.MessageLoopAsync: Polling on remoteEndPoint: 127.0.0.1:39034 localEndPoint: 127.0.0.1:38723 after 1004 ms
TpTrace Verbose: 0 : 165606, 7, 2026/02/19, 10:45:05.204, 1119542298040188, vstest.console.dll, TcpClientExtensions.MessageLoopAsync: Polling on remoteEndPoint: 127.0.0.1:39034 localEndPoint: 127.0.0.1:38723 after 1004 ms
TpTrace Verbose: 0 : 165606, 7, 2026/02/19, 10:45:06.209, 1119543303149900, vstest.console.dll, TcpClientExtensions.MessageLoopAsync: Polling on remoteEndPoint: 127.0.0.1:39034 localEndPoint: 127.0.0.1:38723 after 1005 ms
TpTrace Verbose: 0 : 165606, 7, 2026/02/19, 10:45:07.214, 1119544308035470, vstest.console.dll, TcpClientExtensions.MessageLoopAsync: Polling on remoteEndPoint: 127.0.0.1:39034 localEndPoint: 127.0.0.1:38723 after 1004 ms
TpTrace Verbose: 0 : 165606, 7, 2026/02/19, 10:45:08.219, 1119545313025744, vstest.console.dll, TcpClientExtensions.MessageLoopAsync: Polling on remoteEndPoint: 127.0.0.1:39034 localEndPoint: 127.0.0.1:38723 after 1004 ms
TpTrace Verbose: 0 : 165606, 7, 2026/02/19, 10:45:09.224, 1119546318053925, vstest.console.dll, TcpClientExtensions.MessageLoopAsync: Polling on remoteEndPoint: 127.0.0.1:39034 localEndPoint: 127.0.0.1:38723 after 1004 ms
TpTrace Verbose: 0 : 165606, 7, 2026/02/19, 10:45:10.229, 1119547323035818, vstest.console.dll, TcpClientExtensions.MessageLoopAsync: Polling on remoteEndPoint: 127.0.0.1:39034 localEndPoint: 127.0.0.1:38723 after 1004 ms
TpTrace Verbose: 0 : 165606, 7, 2026/02/19, 10:45:11.234, 1119548328150417, vstest.console.dll, TcpClientExtensions.MessageLoopAsync: Polling on remoteEndPoint: 127.0.0.1:39034 localEndPoint: 127.0.0.1:38723 after 1005 ms
TpTrace Verbose: 0 : 165606, 7, 2026/02/19, 10:45:12.239, 1119549333097518, vstest.console.dll, TcpClientExtensions.MessageLoopAsync: Polling on remoteEndPoint: 127.0.0.1:39034 localEndPoint: 127.0.0.1:38723 after 1004 ms
TpTrace Verbose: 0 : 165606, 7, 2026/02/19, 10:45:13.244, 1119550338036715, vstest.console.dll, TcpClientExtensions.MessageLoopAsync: Polling on remoteEndPoint: 127.0.0.1:39034 localEndPoint: 127.0.0.1:38723 after 1004 ms
TpTrace Verbose: 0 : 165606, 7, 2026/02/19, 10:45:14.249, 1119551343039146, vstest.console.dll, TcpClientExtensions.MessageLoopAsync: Polling on remoteEndPoint: 127.0.0.1:39034 localEndPoint: 127.0.0.1:38723 after 1004 ms
TpTrace Verbose: 0 : 165606, 7, 2026/02/19, 10:45:15.254, 1119552348055054, vstest.console.dll, TcpClientExtensions.MessageLoopAsync: Polling on remoteEndPoint: 127.0.0.1:39034 localEndPoint: 127.0.0.1:38723 after 1004 ms
TpTrace Verbose: 0 : 165606, 7, 2026/02/19, 10:45:16.259, 1119553353203009, vstest.console.dll, TcpClientExtensions.MessageLoopAsync: Polling on remoteEndPoint: 127.0.0.1:39034 localEndPoint: 127.0.0.1:38723 after 1005 ms
TpTrace Verbose: 0 : 165606, 7, 2026/02/19, 10:45:17.264, 1119554358032711, vstest.console.dll, TcpClientExtensions.MessageLoopAsync: Polling on remoteEndPoint: 127.0.0.1:39034 localEndPoint: 127.0.0.1:38723 after 1004 ms
TpTrace Verbose: 0 : 165606, 7, 2026/02/19, 10:45:18.269, 1119555363052010, vstest.console.dll, TcpClientExtensions.MessageLoopAsync: Polling on remoteEndPoint: 127.0.0.1:39034 localEndPoint: 127.0.0.1:38723 after 1004 ms
TpTrace Verbose: 0 : 165606, 7, 2026/02/19, 10:45:19.274, 1119556368039094, vstest.console.dll, TcpClientExtensions.MessageLoopAsync: Polling on remoteEndPoint: 127.0.0.1:39034 localEndPoint: 127.0.0.1:38723 after 1004 ms
TpTrace Verbose: 0 : 165606, 7, 2026/02/19, 10:45:20.279, 1119557373074438, vstest.console.dll, TcpClientExtensions.MessageLoopAsync: Polling on remoteEndPoint: 127.0.0.1:39034 localEndPoint: 127.0.0.1:38723 after 1004 ms
TpTrace Verbose: 0 : 165606, 7, 2026/02/19, 10:45:21.284, 1119558378101089, vstest.console.dll, TcpClientExtensions.MessageLoopAsync: Polling on remoteEndPoint: 127.0.0.1:39034 localEndPoint: 127.0.0.1:38723 after 1004 ms
TpTrace Verbose: 0 : 165606, 7, 2026/02/19, 10:45:22.289, 1119559383042500, vstest.console.dll, TcpClientExtensions.MessageLoopAsync: Polling on remoteEndPoint: 127.0.0.1:39034 localEndPoint: 127.0.0.1:38723 after 1004 ms
TpTrace Verbose: 0 : 165606, 7, 2026/02/19, 10:45:23.294, 1119560388064894, vstest.console.dll, TcpClientExtensions.MessageLoopAsync: Polling on remoteEndPoint: 127.0.0.1:39034 localEndPoint: 127.0.0.1:38723 after 1004 ms
TpTrace Verbose: 0 : 165606, 7, 2026/02/19, 10:45:24.300, 1119561393805648, vstest.console.dll, TcpClientExtensions.MessageLoopAsync: Polling on remoteEndPoint: 127.0.0.1:39034 localEndPoint: 127.0.0.1:38723 after 1005 ms
TpTrace Verbose: 0 : 165606, 7, 2026/02/19, 10:45:25.304, 1119562398205452, vstest.console.dll, TcpClientExtensions.MessageLoopAsync: Polling on remoteEndPoint: 127.0.0.1:39034 localEndPoint: 127.0.0.1:38723 after 1004 ms
TpTrace Verbose: 0 : 165606, 7, 2026/02/19, 10:45:26.309, 1119563403079047, vstest.console.dll, TcpClientExtensions.MessageLoopAsync: Polling on remoteEndPoint: 127.0.0.1:39034 localEndPoint: 127.0.0.1:38723 after 1004 ms
TpTrace Verbose: 0 : 165606, 7, 2026/02/19, 10:45:27.314, 1119564408070374, vstest.console.dll, TcpClientExtensions.MessageLoopAsync: Polling on remoteEndPoint: 127.0.0.1:39034 localEndPoint: 127.0.0.1:38723 after 1004 ms
TpTrace Verbose: 0 : 165606, 7, 2026/02/19, 10:45:28.319, 1119565413033612, vstest.console.dll, TcpClientExtensions.MessageLoopAsync: Polling on remoteEndPoint: 127.0.0.1:39034 localEndPoint: 127.0.0.1:38723 after 1004 ms
TpTrace Verbose: 0 : 165606, 7, 2026/02/19, 10:45:29.324, 1119566418073140, vstest.console.dll, TcpClientExtensions.MessageLoopAsync: Polling on remoteEndPoint: 127.0.0.1:39034 localEndPoint: 127.0.0.1:38723 after 1004 ms
TpTrace Verbose: 0 : 165606, 7, 2026/02/19, 10:45:30.329, 1119567423035727, vstest.console.dll, TcpClientExtensions.MessageLoopAsync: Polling on remoteEndPoint: 127.0.0.1:39034 localEndPoint: 127.0.0.1:38723 after 1004 ms
TpTrace Verbose: 0 : 165606, 7, 2026/02/19, 10:45:31.335, 1119568429036852, vstest.console.dll, TcpClientExtensions.MessageLoopAsync: Polling on remoteEndPoint: 127.0.0.1:39034 localEndPoint: 127.0.0.1:38723 after 1005 ms
TpTrace Verbose: 0 : 165606, 7, 2026/02/19, 10:45:32.340, 1119569434052231, vstest.console.dll, TcpClientExtensions.MessageLoopAsync: Polling on remoteEndPoint: 127.0.0.1:39034 localEndPoint: 127.0.0.1:38723 after 1004 ms
TpTrace Verbose: 0 : 165606, 7, 2026/02/19, 10:45:33.345, 1119570439082449, vstest.console.dll, TcpClientExtensions.MessageLoopAsync: Polling on remoteEndPoint: 127.0.0.1:39034 localEndPoint: 127.0.0.1:38723 after 1004 ms
TpTrace Verbose: 0 : 165606, 7, 2026/02/19, 10:45:34.351, 1119571444768294, vstest.console.dll, TcpClientExtensions.MessageLoopAsync: Polling on remoteEndPoint: 127.0.0.1:39034 localEndPoint: 127.0.0.1:38723 after 1005 ms
TpTrace Verbose: 0 : 165606, 7, 2026/02/19, 10:45:35.356, 1119572450032666, vstest.console.dll, TcpClientExtensions.MessageLoopAsync: Polling on remoteEndPoint: 127.0.0.1:39034 localEndPoint: 127.0.0.1:38723 after 1004 ms
TpTrace Verbose: 0 : 165606, 7, 2026/02/19, 10:45:36.361, 1119573455069823, vstest.console.dll, TcpClientExtensions.MessageLoopAsync: Polling on remoteEndPoint: 127.0.0.1:39034 localEndPoint: 127.0.0.1:38723 after 1004 ms
TpTrace Verbose: 0 : 165606, 7, 2026/02/19, 10:45:37.366, 1119574460040152, vstest.console.dll, TcpClientExtensions.MessageLoopAsync: Polling on remoteEndPoint: 127.0.0.1:39034 localEndPoint: 127.0.0.1:38723 after 1004 ms
TpTrace Verbose: 0 : 165606, 7, 2026/02/19, 10:45:38.371, 1119575465165398, vstest.console.dll, TcpClientExtensions.MessageLoopAsync: Polling on remoteEndPoint: 127.0.0.1:39034 localEndPoint: 127.0.0.1:38723 after 1005 ms
TpTrace Verbose: 0 : 165606, 7, 2026/02/19, 10:45:39.376, 1119576470171412, vstest.console.dll, TcpClientExtensions.MessageLoopAsync: Polling on remoteEndPoint: 127.0.0.1:39034 localEndPoint: 127.0.0.1:38723 after 1004 ms
TpTrace Verbose: 0 : 165606, 7, 2026/02/19, 10:45:40.381, 1119577475281227, vstest.console.dll, TcpClientExtensions.MessageLoopAsync: Polling on remoteEndPoint: 127.0.0.1:39034 localEndPoint: 127.0.0.1:38723 after 1005 ms
TpTrace Verbose: 0 : 165606, 7, 2026/02/19, 10:45:41.386, 1119578480152578, vstest.console.dll, TcpClientExtensions.MessageLoopAsync: Polling on remoteEndPoint: 127.0.0.1:39034 localEndPoint: 127.0.0.1:38723 after 1004 ms
TpTrace Verbose: 0 : 165606, 7, 2026/02/19, 10:45:42.391, 1119579485051866, vstest.console.dll, TcpClientExtensions.MessageLoopAsync: Polling on remoteEndPoint: 127.0.0.1:39034 localEndPoint: 127.0.0.1:38723 after 1004 ms
TpTrace Verbose: 0 : 165606, 7, 2026/02/19, 10:45:43.396, 1119580490090949, vstest.console.dll, TcpClientExtensions.MessageLoopAsync: Polling on remoteEndPoint: 127.0.0.1:39034 localEndPoint: 127.0.0.1:38723 after 1004 ms
TpTrace Verbose: 0 : 165606, 7, 2026/02/19, 10:45:44.401, 1119581495062203, vstest.console.dll, TcpClientExtensions.MessageLoopAsync: Polling on remoteEndPoint: 127.0.0.1:39034 localEndPoint: 127.0.0.1:38723 after 1004 ms
TpTrace Verbose: 0 : 165606, 7, 2026/02/19, 10:45:45.406, 1119582500065433, vstest.console.dll, TcpClientExtensions.MessageLoopAsync: Polling on remoteEndPoint: 127.0.0.1:39034 localEndPoint: 127.0.0.1:38723 after 1004 ms
TpTrace Verbose: 0 : 165606, 7, 2026/02/19, 10:45:46.411, 1119583505081215, vstest.console.dll, TcpClientExtensions.MessageLoopAsync: Polling on remoteEndPoint: 127.0.0.1:39034 localEndPoint: 127.0.0.1:38723 after 1004 ms
TpTrace Verbose: 0 : 165606, 7, 2026/02/19, 10:45:47.416, 1119584510070382, vstest.console.dll, TcpClientExtensions.MessageLoopAsync: Polling on remoteEndPoint: 127.0.0.1:39034 localEndPoint: 127.0.0.1:38723 after 1004 ms
TpTrace Verbose: 0 : 165606, 7, 2026/02/19, 10:45:48.421, 1119585515050024, vstest.console.dll, TcpClientExtensions.MessageLoopAsync: Polling on remoteEndPoint: 127.0.0.1:39034 localEndPoint: 127.0.0.1:38723 after 1004 ms
TpTrace Verbose: 0 : 165606, 7, 2026/02/19, 10:45:49.426, 1119586520134758, vstest.console.dll, TcpClientExtensions.MessageLoopAsync: Polling on remoteEndPoint: 127.0.0.1:39034 localEndPoint: 127.0.0.1:38723 after 1005 ms
TpTrace Verbose: 0 : 165606, 7, 2026/02/19, 10:45:50.431, 1119587525203882, vstest.console.dll, TcpClientExtensions.MessageLoopAsync: Polling on remoteEndPoint: 127.0.0.1:39034 localEndPoint: 127.0.0.1:38723 after 1005 ms
TpTrace Verbose: 0 : 165606, 7, 2026/02/19, 10:45:51.436, 1119588530078280, vstest.console.dll, TcpClientExtensions.MessageLoopAsync: Polling on remoteEndPoint: 127.0.0.1:39034 localEndPoint: 127.0.0.1:38723 after 1004 ms
TpTrace Verbose: 0 : 165606, 7, 2026/02/19, 10:45:52.441, 1119589535091513, vstest.console.dll, TcpClientExtensions.MessageLoopAsync: Polling on remoteEndPoint: 127.0.0.1:39034 localEndPoint: 127.0.0.1:38723 after 1004 ms
TpTrace Verbose: 0 : 165606, 7, 2026/02/19, 10:45:53.446, 1119590540072257, vstest.console.dll, TcpClientExtensions.MessageLoopAsync: Polling on remoteEndPoint: 127.0.0.1:39034 localEndPoint: 127.0.0.1:38723 after 1004 ms
TpTrace Verbose: 0 : 165606, 7, 2026/02/19, 10:45:54.451, 1119591545085274, vstest.console.dll, TcpClientExtensions.MessageLoopAsync: Polling on remoteEndPoint: 127.0.0.1:39034 localEndPoint: 127.0.0.1:38723 after 1004 ms
TpTrace Verbose: 0 : 165606, 7, 2026/02/19, 10:45:55.456, 1119592550072095, vstest.console.dll, TcpClientExtensions.MessageLoopAsync: Polling on remoteEndPoint: 127.0.0.1:39034 localEndPoint: 127.0.0.1:38723 after 1004 ms
TpTrace Verbose: 0 : 165606, 7, 2026/02/19, 10:45:56.461, 1119593555140820, vstest.console.dll, TcpClientExtensions.MessageLoopAsync: Polling on remoteEndPoint: 127.0.0.1:39034 localEndPoint: 127.0.0.1:38723 after 1005 ms
TpTrace Verbose: 0 : 165606, 7, 2026/02/19, 10:45:57.466, 1119594560360065, vstest.console.dll, TcpClientExtensions.MessageLoopAsync: Polling on remoteEndPoint: 127.0.0.1:39034 localEndPoint: 127.0.0.1:38723 after 1005 ms
TpTrace Verbose: 0 : 165606, 7, 2026/02/19, 10:45:58.471, 1119595565038343, vstest.console.dll, TcpClientExtensions.MessageLoopAsync: Polling on remoteEndPoint: 127.0.0.1:39034 localEndPoint: 127.0.0.1:38723 after 1004 ms
TpTrace Verbose: 0 : 165606, 7, 2026/02/19, 10:45:59.476, 1119596570043437, vstest.console.dll, TcpClientExtensions.MessageLoopAsync: Polling on remoteEndPoint: 127.0.0.1:39034 localEndPoint: 127.0.0.1:38723 after 1004 ms
TpTrace Verbose: 0 : 165606, 7, 2026/02/19, 10:46:00.481, 1119597575070228, vstest.console.dll, TcpClientExtensions.MessageLoopAsync: Polling on remoteEndPoint: 127.0.0.1:39034 localEndPoint: 127.0.0.1:38723 after 1004 ms
TpTrace Verbose: 0 : 165606, 7, 2026/02/19, 10:46:01.486, 1119598580036186, vstest.console.dll, TcpClientExtensions.MessageLoopAsync: Polling on remoteEndPoint: 127.0.0.1:39034 localEndPoint: 127.0.0.1:38723 after 1004 ms
TpTrace Verbose: 0 : 165606, 7, 2026/02/19, 10:46:02.491, 1119599585055509, vstest.console.dll, TcpClientExtensions.MessageLoopAsync: Polling on remoteEndPoint: 127.0.0.1:39034 localEndPoint: 127.0.0.1:38723 after 1004 ms
TpTrace Verbose: 0 : 165606, 7, 2026/02/19, 10:46:03.496, 1119600590056036, vstest.console.dll, TcpClientExtensions.MessageLoopAsync: Polling on remoteEndPoint: 127.0.0.1:39034 localEndPoint: 127.0.0.1:38723 after 1004 ms
TpTrace Verbose: 0 : 165606, 7, 2026/02/19, 10:46:04.501, 1119601595088521, vstest.console.dll, TcpClientExtensions.MessageLoopAsync: Polling on remoteEndPoint: 127.0.0.1:39034 localEndPoint: 127.0.0.1:38723 after 1004 ms
TpTrace Verbose: 0 : 165606, 7, 2026/02/19, 10:46:05.506, 1119602600025938, vstest.console.dll, TcpClientExtensions.MessageLoopAsync: Polling on remoteEndPoint: 127.0.0.1:39034 localEndPoint: 127.0.0.1:38723 after 1004 ms
TpTrace Verbose: 0 : 165606, 7, 2026/02/19, 10:46:06.511, 1119603604739814, vstest.console.dll, TcpClientExtensions.MessageLoopAsync: Polling on remoteEndPoint: 127.0.0.1:39034 localEndPoint: 127.0.0.1:38723 after 1004 ms
TpTrace Verbose: 0 : 165606, 7, 2026/02/19, 10:46:07.515, 1119604609027294, vstest.console.dll, TcpClientExtensions.MessageLoopAsync: Polling on remoteEndPoint: 127.0.0.1:39034 localEndPoint: 127.0.0.1:38723 after 1004 ms
TpTrace Verbose: 0 : 165606, 7, 2026/02/19, 10:46:08.520, 1119605614055753, vstest.console.dll, TcpClientExtensions.MessageLoopAsync: Polling on remoteEndPoint: 127.0.0.1:39034 localEndPoint: 127.0.0.1:38723 after 1004 ms
TpTrace Verbose: 0 : 165606, 7, 2026/02/19, 10:46:09.525, 1119606619070719, vstest.console.dll, TcpClientExtensions.MessageLoopAsync: Polling on remoteEndPoint: 127.0.0.1:39034 localEndPoint: 127.0.0.1:38723 after 1004 ms
TpTrace Verbose: 0 : 165606, 7, 2026/02/19, 10:46:10.530, 1119607624085180, vstest.console.dll, TcpClientExtensions.MessageLoopAsync: Polling on remoteEndPoint: 127.0.0.1:39034 localEndPoint: 127.0.0.1:38723 after 1004 ms
TpTrace Verbose: 0 : 165606, 7, 2026/02/19, 10:46:11.535, 1119608629080058, vstest.console.dll, TcpClientExtensions.MessageLoopAsync: Polling on remoteEndPoint: 127.0.0.1:39034 localEndPoint: 127.0.0.1:38723 after 1004 ms
TpTrace Verbose: 0 : 165606, 7, 2026/02/19, 10:46:12.540, 1119609634077536, vstest.console.dll, TcpClientExtensions.MessageLoopAsync: Polling on remoteEndPoint: 127.0.0.1:39034 localEndPoint: 127.0.0.1:38723 after 1004 ms
TpTrace Verbose: 0 : 165606, 7, 2026/02/19, 10:46:13.545, 1119610639094341, vstest.console.dll, TcpClientExtensions.MessageLoopAsync: Polling on remoteEndPoint: 127.0.0.1:39034 localEndPoint: 127.0.0.1:38723 after 1004 ms
TpTrace Verbose: 0 : 165606, 7, 2026/02/19, 10:46:14.550, 1119611644086702, vstest.console.dll, TcpClientExtensions.MessageLoopAsync: Polling on remoteEndPoint: 127.0.0.1:39034 localEndPoint: 127.0.0.1:38723 after 1004 ms
TpTrace Verbose: 0 : 165606, 7, 2026/02/19, 10:46:15.555, 1119612649053610, vstest.console.dll, TcpClientExtensions.MessageLoopAsync: Polling on remoteEndPoint: 127.0.0.1:39034 localEndPoint: 127.0.0.1:38723 after 1004 ms
TpTrace Verbose: 0 : 165606, 7, 2026/02/19, 10:46:16.560, 1119613654049512, vstest.console.dll, TcpClientExtensions.MessageLoopAsync: Polling on remoteEndPoint: 127.0.0.1:39034 localEndPoint: 127.0.0.1:38723 after 1004 ms
TpTrace Verbose: 0 : 165606, 7, 2026/02/19, 10:46:17.565, 1119614659021781, vstest.console.dll, TcpClientExtensions.MessageLoopAsync: Polling on remoteEndPoint: 127.0.0.1:39034 localEndPoint: 127.0.0.1:38723 after 1004 ms
TpTrace Verbose: 0 : 165606, 7, 2026/02/19, 10:46:18.570, 1119615664124754, vstest.console.dll, TcpClientExtensions.MessageLoopAsync: Polling on remoteEndPoint: 127.0.0.1:39034 localEndPoint: 127.0.0.1:38723 after 1005 ms
TpTrace Verbose: 0 : 165606, 7, 2026/02/19, 10:46:19.575, 1119616669095424, vstest.console.dll, TcpClientExtensions.MessageLoopAsync: Polling on remoteEndPoint: 127.0.0.1:39034 localEndPoint: 127.0.0.1:38723 after 1004 ms
TpTrace Verbose: 0 : 165606, 7, 2026/02/19, 10:46:20.580, 1119617674040055, vstest.console.dll, TcpClientExtensions.MessageLoopAsync: Polling on remoteEndPoint: 127.0.0.1:39034 localEndPoint: 127.0.0.1:38723 after 1004 ms
TpTrace Verbose: 0 : 165606, 7, 2026/02/19, 10:46:21.585, 1119618679083282, vstest.console.dll, TcpClientExtensions.MessageLoopAsync: Polling on remoteEndPoint: 127.0.0.1:39034 localEndPoint: 127.0.0.1:38723 after 1004 ms
TpTrace Verbose: 0 : 165606, 7, 2026/02/19, 10:46:22.590, 1119619683960716, vstest.console.dll, TcpClientExtensions.MessageLoopAsync: Polling on remoteEndPoint: 127.0.0.1:39034 localEndPoint: 127.0.0.1:38723 after 1004 ms
TpTrace Verbose: 0 : 165606, 7, 2026/02/19, 10:46:23.595, 1119620689059293, vstest.console.dll, TcpClientExtensions.MessageLoopAsync: Polling on remoteEndPoint: 127.0.0.1:39034 localEndPoint: 127.0.0.1:38723 after 1005 ms
TpTrace Verbose: 0 : 165606, 7, 2026/02/19, 10:46:24.600, 1119621694025003, vstest.console.dll, TcpClientExtensions.MessageLoopAsync: Polling on remoteEndPoint: 127.0.0.1:39034 localEndPoint: 127.0.0.1:38723 after 1004 ms
TpTrace Verbose: 0 : 165606, 7, 2026/02/19, 10:46:25.605, 1119622699027742, vstest.console.dll, TcpClientExtensions.MessageLoopAsync: Polling on remoteEndPoint: 127.0.0.1:39034 localEndPoint: 127.0.0.1:38723 after 1004 ms
TpTrace Verbose: 0 : 165606, 7, 2026/02/19, 10:46:26.610, 1119623703589014, vstest.console.dll, TcpClientExtensions.MessageLoopAsync: Polling on remoteEndPoint: 127.0.0.1:39034 localEndPoint: 127.0.0.1:38723 after 1004 ms
TpTrace Verbose: 0 : 165606, 7, 2026/02/19, 10:46:27.614, 1119624708142432, vstest.console.dll, TcpClientExtensions.MessageLoopAsync: Polling on remoteEndPoint: 127.0.0.1:39034 localEndPoint: 127.0.0.1:38723 after 1004 ms
TpTrace Verbose: 0 : 165606, 7, 2026/02/19, 10:46:28.619, 1119625713134176, vstest.console.dll, TcpClientExtensions.MessageLoopAsync: Polling on remoteEndPoint: 127.0.0.1:39034 localEndPoint: 127.0.0.1:38723 after 1004 ms
TpTrace Verbose: 0 : 165606, 7, 2026/02/19, 10:46:29.624, 1119626718068666, vstest.console.dll, TcpClientExtensions.MessageLoopAsync: Polling on remoteEndPoint: 127.0.0.1:39034 localEndPoint: 127.0.0.1:38723 after 1004 ms
TpTrace Verbose: 0 : 165606, 7, 2026/02/19, 10:46:30.629, 1119627723149914, vstest.console.dll, TcpClientExtensions.MessageLoopAsync: Polling on remoteEndPoint: 127.0.0.1:39034 localEndPoint: 127.0.0.1:38723 after 1004 ms
TpTrace Verbose: 0 : 165606, 7, 2026/02/19, 10:46:31.634, 1119628728078109, vstest.console.dll, TcpClientExtensions.MessageLoopAsync: Polling on remoteEndPoint: 127.0.0.1:39034 localEndPoint: 127.0.0.1:38723 after 1004 ms
TpTrace Verbose: 0 : 165606, 7, 2026/02/19, 10:46:32.639, 1119629733035936, vstest.console.dll, TcpClientExtensions.MessageLoopAsync: Polling on remoteEndPoint: 127.0.0.1:39034 localEndPoint: 127.0.0.1:38723 after 1004 ms
TpTrace Verbose: 0 : 165606, 7, 2026/02/19, 10:46:33.645, 1119630738806537, vstest.console.dll, TcpClientExtensions.MessageLoopAsync: Polling on remoteEndPoint: 127.0.0.1:39034 localEndPoint: 127.0.0.1:38723 after 1005 ms
TpTrace Verbose: 0 : 165606, 7, 2026/02/19, 10:46:34.649, 1119631743042913, vstest.console.dll, TcpClientExtensions.MessageLoopAsync: Polling on remoteEndPoint: 127.0.0.1:39034 localEndPoint: 127.0.0.1:38723 after 1004 ms
TpTrace Verbose: 0 : 165606, 7, 2026/02/19, 10:46:35.654, 1119632748051134, vstest.console.dll, TcpClientExtensions.MessageLoopAsync: Polling on remoteEndPoint: 127.0.0.1:39034 localEndPoint: 127.0.0.1:38723 after 1004 ms
TpTrace Verbose: 0 : 165606, 7, 2026/02/19, 10:46:36.659, 1119633753077719, vstest.console.dll, TcpClientExtensions.MessageLoopAsync: Polling on remoteEndPoint: 127.0.0.1:39034 localEndPoint: 127.0.0.1:38723 after 1004 ms
TpTrace Verbose: 0 : 165606, 7, 2026/02/19, 10:46:37.664, 1119634758295835, vstest.console.dll, TcpClientExtensions.MessageLoopAsync: Polling on remoteEndPoint: 127.0.0.1:39034 localEndPoint: 127.0.0.1:38723 after 1005 ms
TpTrace Verbose: 0 : 165606, 7, 2026/02/19, 10:46:38.669, 1119635763080668, vstest.console.dll, TcpClientExtensions.MessageLoopAsync: Polling on remoteEndPoint: 127.0.0.1:39034 localEndPoint: 127.0.0.1:38723 after 1004 ms
TpTrace Verbose: 0 : 165606, 7, 2026/02/19, 10:46:39.674, 1119636768061488, vstest.console.dll, TcpClientExtensions.MessageLoopAsync: Polling on remoteEndPoint: 127.0.0.1:39034 localEndPoint: 127.0.0.1:38723 after 1004 ms
TpTrace Verbose: 0 : 165606, 7, 2026/02/19, 10:46:40.679, 1119637773201606, vstest.console.dll, TcpClientExtensions.MessageLoopAsync: Polling on remoteEndPoint: 127.0.0.1:39034 localEndPoint: 127.0.0.1:38723 after 1004 ms
TpTrace Verbose: 0 : 165606, 7, 2026/02/19, 10:46:41.684, 1119638778053378, vstest.console.dll, TcpClientExtensions.MessageLoopAsync: Polling on remoteEndPoint: 127.0.0.1:39034 localEndPoint: 127.0.0.1:38723 after 1004 ms
TpTrace Verbose: 0 : 165606, 7, 2026/02/19, 10:46:42.689, 1119639783071075, vstest.console.dll, TcpClientExtensions.MessageLoopAsync: Polling on remoteEndPoint: 127.0.0.1:39034 localEndPoint: 127.0.0.1:38723 after 1004 ms
TpTrace Verbose: 0 : 165606, 7, 2026/02/19, 10:46:43.694, 1119640788034361, vstest.console.dll, TcpClientExtensions.MessageLoopAsync: Polling on remoteEndPoint: 127.0.0.1:39034 localEndPoint: 127.0.0.1:38723 after 1004 ms
TpTrace Verbose: 0 : 165606, 7, 2026/02/19, 10:46:44.699, 1119641793075207, vstest.console.dll, TcpClientExtensions.MessageLoopAsync: Polling on remoteEndPoint: 127.0.0.1:39034 localEndPoint: 127.0.0.1:38723 after 1004 ms
TpTrace Verbose: 0 : 165606, 7, 2026/02/19, 10:46:45.704, 1119642798077829, vstest.console.dll, TcpClientExtensions.MessageLoopAsync: Polling on remoteEndPoint: 127.0.0.1:39034 localEndPoint: 127.0.0.1:38723 after 1004 ms
TpTrace Verbose: 0 : 165606, 7, 2026/02/19, 10:46:46.709, 1119643803055993, vstest.console.dll, TcpClientExtensions.MessageLoopAsync: Polling on remoteEndPoint: 127.0.0.1:39034 localEndPoint: 127.0.0.1:38723 after 1004 ms
TpTrace Verbose: 0 : 165606, 7, 2026/02/19, 10:46:47.714, 1119644808023615, vstest.console.dll, TcpClientExtensions.MessageLoopAsync: Polling on remoteEndPoint: 127.0.0.1:39034 localEndPoint: 127.0.0.1:38723 after 1004 ms
TpTrace Verbose: 0 : 165606, 7, 2026/02/19, 10:46:48.719, 1119645813088246, vstest.console.dll, TcpClientExtensions.MessageLoopAsync: Polling on remoteEndPoint: 127.0.0.1:39034 localEndPoint: 127.0.0.1:38723 after 1004 ms
TpTrace Verbose: 0 : 165606, 7, 2026/02/19, 10:46:49.724, 1119646818024092, vstest.console.dll, TcpClientExtensions.MessageLoopAsync: Polling on remoteEndPoint: 127.0.0.1:39034 localEndPoint: 127.0.0.1:38723 after 1004 ms
TpTrace Verbose: 0 : 165606, 7, 2026/02/19, 10:46:50.729, 1119647823150788, vstest.console.dll, TcpClientExtensions.MessageLoopAsync: Polling on remoteEndPoint: 127.0.0.1:39034 localEndPoint: 127.0.0.1:38723 after 1005 ms
TpTrace Verbose: 0 : 165606, 7, 2026/02/19, 10:46:51.734, 1119648828081709, vstest.console.dll, TcpClientExtensions.MessageLoopAsync: Polling on remoteEndPoint: 127.0.0.1:39034 localEndPoint: 127.0.0.1:38723 after 1004 ms
TpTrace Verbose: 0 : 165606, 7, 2026/02/19, 10:46:52.739, 1119649833115601, vstest.console.dll, TcpClientExtensions.MessageLoopAsync: Polling on remoteEndPoint: 127.0.0.1:39034 localEndPoint: 127.0.0.1:38723 after 1004 ms
TpTrace Verbose: 0 : 165606, 7, 2026/02/19, 10:46:53.746, 1119650840115332, vstest.console.dll, TcpClientExtensions.MessageLoopAsync: Polling on remoteEndPoint: 127.0.0.1:39034 localEndPoint: 127.0.0.1:38723 after 1005 ms
TpTrace Verbose: 0 : 165606, 7, 2026/02/19, 10:46:54.751, 1119651845064251, vstest.console.dll, TcpClientExtensions.MessageLoopAsync: Polling on remoteEndPoint: 127.0.0.1:39034 localEndPoint: 127.0.0.1:38723 after 1004 ms
TpTrace Verbose: 0 : 165606, 7, 2026/02/19, 10:46:55.756, 1119652850067593, vstest.console.dll, TcpClientExtensions.MessageLoopAsync: Polling on remoteEndPoint: 127.0.0.1:39034 localEndPoint: 127.0.0.1:38723 after 1004 ms
TpTrace Verbose: 0 : 165606, 7, 2026/02/19, 10:46:56.761, 1119653855031703, vstest.console.dll, TcpClientExtensions.MessageLoopAsync: Polling on remoteEndPoint: 127.0.0.1:39034 localEndPoint: 127.0.0.1:38723 after 1004 ms
TpTrace Verbose: 0 : 165606, 7, 2026/02/19, 10:46:57.768, 1119654861464388, vstest.console.dll, TcpClientExtensions.MessageLoopAsync: Polling on remoteEndPoint: 127.0.0.1:39034 localEndPoint: 127.0.0.1:38723 after 1005 ms
TpTrace Verbose: 0 : 165606, 7, 2026/02/19, 10:46:58.772, 1119655866201613, vstest.console.dll, TcpClientExtensions.MessageLoopAsync: Polling on remoteEndPoint: 127.0.0.1:39034 localEndPoint: 127.0.0.1:38723 after 1004 ms
TpTrace Verbose: 0 : 165606, 7, 2026/02/19, 10:46:59.777, 1119656871027396, vstest.console.dll, TcpClientExtensions.MessageLoopAsync: Polling on remoteEndPoint: 127.0.0.1:39034 localEndPoint: 127.0.0.1:38723 after 1004 ms
TpTrace Verbose: 0 : 165606, 7, 2026/02/19, 10:47:00.782, 1119657876040510, vstest.console.dll, TcpClientExtensions.MessageLoopAsync: Polling on remoteEndPoint: 127.0.0.1:39034 localEndPoint: 127.0.0.1:38723 after 1004 ms
TpTrace Verbose: 0 : 165606, 7, 2026/02/19, 10:47:01.788, 1119658882043423, vstest.console.dll, TcpClientExtensions.MessageLoopAsync: Polling on remoteEndPoint: 127.0.0.1:39034 localEndPoint: 127.0.0.1:38723 after 1005 ms
TpTrace Verbose: 0 : 165606, 7, 2026/02/19, 10:47:02.793, 1119659887064568, vstest.console.dll, TcpClientExtensions.MessageLoopAsync: Polling on remoteEndPoint: 127.0.0.1:39034 localEndPoint: 127.0.0.1:38723 after 1004 ms
TpTrace Verbose: 0 : 165606, 7, 2026/02/19, 10:47:03.798, 1119660892027878, vstest.console.dll, TcpClientExtensions.MessageLoopAsync: Polling on remoteEndPoint: 127.0.0.1:39034 localEndPoint: 127.0.0.1:38723 after 1004 ms
TpTrace Verbose: 0 : 165606, 7, 2026/02/19, 10:47:04.804, 1119661897628279, vstest.console.dll, TcpClientExtensions.MessageLoopAsync: Polling on remoteEndPoint: 127.0.0.1:39034 localEndPoint: 127.0.0.1:38723 after 1005 ms
TpTrace Verbose: 0 : 165606, 7, 2026/02/19, 10:47:05.808, 1119662902059609, vstest.console.dll, TcpClientExtensions.MessageLoopAsync: Polling on remoteEndPoint: 127.0.0.1:39034 localEndPoint: 127.0.0.1:38723 after 1004 ms
TpTrace Verbose: 0 : 165606, 7, 2026/02/19, 10:47:06.813, 1119663907117901, vstest.console.dll, TcpClientExtensions.MessageLoopAsync: Polling on remoteEndPoint: 127.0.0.1:39034 localEndPoint: 127.0.0.1:38723 after 1004 ms
TpTrace Verbose: 0 : 165606, 7, 2026/02/19, 10:47:07.818, 1119664912058392, vstest.console.dll, TcpClientExtensions.MessageLoopAsync: Polling on remoteEndPoint: 127.0.0.1:39034 localEndPoint: 127.0.0.1:38723 after 1004 ms
TpTrace Verbose: 0 : 165606, 7, 2026/02/19, 10:47:08.823, 1119665917050116, vstest.console.dll, TcpClientExtensions.MessageLoopAsync: Polling on remoteEndPoint: 127.0.0.1:39034 localEndPoint: 127.0.0.1:38723 after 1004 ms
TpTrace Verbose: 0 : 165606, 7, 2026/02/19, 10:47:09.828, 1119666922035745, vstest.console.dll, TcpClientExtensions.MessageLoopAsync: Polling on remoteEndPoint: 127.0.0.1:39034 localEndPoint: 127.0.0.1:38723 after 1004 ms
TpTrace Verbose: 0 : 165606, 7, 2026/02/19, 10:47:10.834, 1119667927811144, vstest.console.dll, TcpClientExtensions.MessageLoopAsync: Polling on remoteEndPoint: 127.0.0.1:39034 localEndPoint: 127.0.0.1:38723 after 1005 ms
TpTrace Verbose: 0 : 165606, 7, 2026/02/19, 10:47:11.839, 1119668933053156, vstest.console.dll, TcpClientExtensions.MessageLoopAsync: Polling on remoteEndPoint: 127.0.0.1:39034 localEndPoint: 127.0.0.1:38723 after 1004 ms
TpTrace Verbose: 0 : 165606, 7, 2026/02/19, 10:47:12.844, 1119669938037279, vstest.console.dll, TcpClientExtensions.MessageLoopAsync: Polling on remoteEndPoint: 127.0.0.1:39034 localEndPoint: 127.0.0.1:38723 after 1004 ms
TpTrace Verbose: 0 : 165606, 7, 2026/02/19, 10:47:13.849, 1119670943033987, vstest.console.dll, TcpClientExtensions.MessageLoopAsync: Polling on remoteEndPoint: 127.0.0.1:39034 localEndPoint: 127.0.0.1:38723 after 1004 ms
TpTrace Verbose: 0 : 165606, 7, 2026/02/19, 10:47:14.855, 1119671948940273, vstest.console.dll, TcpClientExtensions.MessageLoopAsync: Polling on remoteEndPoint: 127.0.0.1:39034 localEndPoint: 127.0.0.1:38723 after 1005 ms
TpTrace Verbose: 0 : 165606, 7, 2026/02/19, 10:47:15.859, 1119672953094291, vstest.console.dll, TcpClientExtensions.MessageLoopAsync: Polling on remoteEndPoint: 127.0.0.1:39034 localEndPoint: 127.0.0.1:38723 after 1004 ms
TpTrace Verbose: 0 : 165606, 7, 2026/02/19, 10:47:16.864, 1119673958054392, vstest.console.dll, TcpClientExtensions.MessageLoopAsync: Polling on remoteEndPoint: 127.0.0.1:39034 localEndPoint: 127.0.0.1:38723 after 1004 ms
TpTrace Verbose: 0 : 165606, 7, 2026/02/19, 10:47:17.869, 1119674963071134, vstest.console.dll, TcpClientExtensions.MessageLoopAsync: Polling on remoteEndPoint: 127.0.0.1:39034 localEndPoint: 127.0.0.1:38723 after 1004 ms
TpTrace Verbose: 0 : 165606, 7, 2026/02/19, 10:47:18.874, 1119675968023452, vstest.console.dll, TcpClientExtensions.MessageLoopAsync: Polling on remoteEndPoint: 127.0.0.1:39034 localEndPoint: 127.0.0.1:38723 after 1004 ms
TpTrace Verbose: 0 : 165606, 7, 2026/02/19, 10:47:19.879, 1119676973049887, vstest.console.dll, TcpClientExtensions.MessageLoopAsync: Polling on remoteEndPoint: 127.0.0.1:39034 localEndPoint: 127.0.0.1:38723 after 1004 ms
TpTrace Verbose: 0 : 165606, 7, 2026/02/19, 10:47:20.884, 1119677978073857, vstest.console.dll, TcpClientExtensions.MessageLoopAsync: Polling on remoteEndPoint: 127.0.0.1:39034 localEndPoint: 127.0.0.1:38723 after 1004 ms
TpTrace Verbose: 0 : 165606, 7, 2026/02/19, 10:47:21.889, 1119678983041727, vstest.console.dll, TcpClientExtensions.MessageLoopAsync: Polling on remoteEndPoint: 127.0.0.1:39034 localEndPoint: 127.0.0.1:38723 after 1004 ms
TpTrace Verbose: 0 : 165606, 7, 2026/02/19, 10:47:22.894, 1119679988021522, vstest.console.dll, TcpClientExtensions.MessageLoopAsync: Polling on remoteEndPoint: 127.0.0.1:39034 localEndPoint: 127.0.0.1:38723 after 1004 ms
TpTrace Verbose: 0 : 165606, 7, 2026/02/19, 10:47:23.899, 1119680993056304, vstest.console.dll, TcpClientExtensions.MessageLoopAsync: Polling on remoteEndPoint: 127.0.0.1:39034 localEndPoint: 127.0.0.1:38723 after 1004 ms
TpTrace Verbose: 0 : 165606, 7, 2026/02/19, 10:47:24.904, 1119681998043058, vstest.console.dll, TcpClientExtensions.MessageLoopAsync: Polling on remoteEndPoint: 127.0.0.1:39034 localEndPoint: 127.0.0.1:38723 after 1004 ms
TpTrace Verbose: 0 : 165606, 7, 2026/02/19, 10:47:25.910, 1119683003499246, vstest.console.dll, TcpClientExtensions.MessageLoopAsync: Polling on remoteEndPoint: 127.0.0.1:39034 localEndPoint: 127.0.0.1:38723 after 1004 ms
TpTrace Verbose: 0 : 165606, 7, 2026/02/19, 10:47:26.914, 1119684008050004, vstest.console.dll, TcpClientExtensions.MessageLoopAsync: Polling on remoteEndPoint: 127.0.0.1:39034 localEndPoint: 127.0.0.1:38723 after 1004 ms
TpTrace Verbose: 0 : 165606, 7, 2026/02/19, 10:47:27.918, 1119685011952779, vstest.console.dll, TcpClientExtensions.MessageLoopAsync: Polling on remoteEndPoint: 127.0.0.1:39034 localEndPoint: 127.0.0.1:38723 after 1003 ms
TpTrace Verbose: 0 : 165606, 7, 2026/02/19, 10:47:28.923, 1119686017060900, vstest.console.dll, TcpClientExtensions.MessageLoopAsync: Polling on remoteEndPoint: 127.0.0.1:39034 localEndPoint: 127.0.0.1:38723 after 1005 ms
TpTrace Verbose: 0 : 165606, 7, 2026/02/19, 10:47:29.928, 1119687022114288, vstest.console.dll, TcpClientExtensions.MessageLoopAsync: Polling on remoteEndPoint: 127.0.0.1:39034 localEndPoint: 127.0.0.1:38723 after 1004 ms
TpTrace Verbose: 0 : 165606, 7, 2026/02/19, 10:47:30.933, 1119688027039836, vstest.console.dll, TcpClientExtensions.MessageLoopAsync: Polling on remoteEndPoint: 127.0.0.1:39034 localEndPoint: 127.0.0.1:38723 after 1004 ms
TpTrace Verbose: 0 : 165606, 7, 2026/02/19, 10:47:31.938, 1119689032056963, vstest.console.dll, TcpClientExtensions.MessageLoopAsync: Polling on remoteEndPoint: 127.0.0.1:39034 localEndPoint: 127.0.0.1:38723 after 1004 ms
TpTrace Verbose: 0 : 165606, 7, 2026/02/19, 10:47:32.943, 1119690037104806, vstest.console.dll, TcpClientExtensions.MessageLoopAsync: Polling on remoteEndPoint: 127.0.0.1:39034 localEndPoint: 127.0.0.1:38723 after 1004 ms
TpTrace Verbose: 0 : 165606, 7, 2026/02/19, 10:47:33.948, 1119691042081021, vstest.console.dll, TcpClientExtensions.MessageLoopAsync: Polling on remoteEndPoint: 127.0.0.1:39034 localEndPoint: 127.0.0.1:38723 after 1004 ms
TpTrace Verbose: 0 : 165606, 7, 2026/02/19, 10:47:34.953, 1119692047043253, vstest.console.dll, TcpClientExtensions.MessageLoopAsync: Polling on remoteEndPoint: 127.0.0.1:39034 localEndPoint: 127.0.0.1:38723 after 1004 ms
TpTrace Verbose: 0 : 165606, 7, 2026/02/19, 10:47:35.958, 1119693052060695, vstest.console.dll, TcpClientExtensions.MessageLoopAsync: Polling on remoteEndPoint: 127.0.0.1:39034 localEndPoint: 127.0.0.1:38723 after 1004 ms
TpTrace Verbose: 0 : 165606, 7, 2026/02/19, 10:47:36.963, 1119694057029154, vstest.console.dll, TcpClientExtensions.MessageLoopAsync: Polling on remoteEndPoint: 127.0.0.1:39034 localEndPoint: 127.0.0.1:38723 after 1004 ms
TpTrace Verbose: 0 : 165606, 7, 2026/02/19, 10:47:37.968, 1119695062030391, vstest.console.dll, TcpClientExtensions.MessageLoopAsync: Polling on remoteEndPoint: 127.0.0.1:39034 localEndPoint: 127.0.0.1:38723 after 1004 ms
TpTrace Verbose: 0 : 165606, 7, 2026/02/19, 10:47:38.973, 1119696067059729, vstest.console.dll, TcpClientExtensions.MessageLoopAsync: Polling on remoteEndPoint: 127.0.0.1:39034 localEndPoint: 127.0.0.1:38723 after 1004 ms
TpTrace Verbose: 0 : 165606, 7, 2026/02/19, 10:47:39.978, 1119697072049472, vstest.console.dll, TcpClientExtensions.MessageLoopAsync: Polling on remoteEndPoint: 127.0.0.1:39034 localEndPoint: 127.0.0.1:38723 after 1004 ms
TpTrace Verbose: 0 : 165606, 7, 2026/02/19, 10:47:40.983, 1119698077074570, vstest.console.dll, TcpClientExtensions.MessageLoopAsync: Polling on remoteEndPoint: 127.0.0.1:39034 localEndPoint: 127.0.0.1:38723 after 1004 ms
TpTrace Verbose: 0 : 165606, 7, 2026/02/19, 10:47:41.988, 1119699082069550, vstest.console.dll, TcpClientExtensions.MessageLoopAsync: Polling on remoteEndPoint: 127.0.0.1:39034 localEndPoint: 127.0.0.1:38723 after 1004 ms
TpTrace Verbose: 0 : 165606, 7, 2026/02/19, 10:47:42.993, 1119700087173005, vstest.console.dll, TcpClientExtensions.MessageLoopAsync: Polling on remoteEndPoint: 127.0.0.1:39034 localEndPoint: 127.0.0.1:38723 after 1005 ms
TpTrace Verbose: 0 : 165606, 7, 2026/02/19, 10:47:43.998, 1119701092036401, vstest.console.dll, TcpClientExtensions.MessageLoopAsync: Polling on remoteEndPoint: 127.0.0.1:39034 localEndPoint: 127.0.0.1:38723 after 1004 ms
TpTrace Verbose: 0 : 165606, 7, 2026/02/19, 10:47:45.003, 1119702097061501, vstest.console.dll, TcpClientExtensions.MessageLoopAsync: Polling on remoteEndPoint: 127.0.0.1:39034 localEndPoint: 127.0.0.1:38723 after 1004 ms
TpTrace Verbose: 0 : 165606, 7, 2026/02/19, 10:47:46.008, 1119703102078737, vstest.console.dll, TcpClientExtensions.MessageLoopAsync: Polling on remoteEndPoint: 127.0.0.1:39034 localEndPoint: 127.0.0.1:38723 after 1004 ms
TpTrace Verbose: 0 : 165606, 7, 2026/02/19, 10:47:47.013, 1119704107076517, vstest.console.dll, TcpClientExtensions.MessageLoopAsync: Polling on remoteEndPoint: 127.0.0.1:39034 localEndPoint: 127.0.0.1:38723 after 1004 ms
TpTrace Verbose: 0 : 165606, 7, 2026/02/19, 10:47:48.018, 1119705112219644, vstest.console.dll, TcpClientExtensions.MessageLoopAsync: Polling on remoteEndPoint: 127.0.0.1:39034 localEndPoint: 127.0.0.1:38723 after 1004 ms
TpTrace Verbose: 0 : 165606, 7, 2026/02/19, 10:47:49.023, 1119706117041200, vstest.console.dll, TcpClientExtensions.MessageLoopAsync: Polling on remoteEndPoint: 127.0.0.1:39034 localEndPoint: 127.0.0.1:38723 after 1004 ms
TpTrace Verbose: 0 : 165606, 7, 2026/02/19, 10:47:50.029, 1119707122732528, vstest.console.dll, TcpClientExtensions.MessageLoopAsync: Polling on remoteEndPoint: 127.0.0.1:39034 localEndPoint: 127.0.0.1:38723 after 1005 ms
TpTrace Verbose: 0 : 165606, 7, 2026/02/19, 10:47:51.033, 1119708127066596, vstest.console.dll, TcpClientExtensions.MessageLoopAsync: Polling on remoteEndPoint: 127.0.0.1:39034 localEndPoint: 127.0.0.1:38723 after 1004 ms
TpTrace Verbose: 0 : 165606, 7, 2026/02/19, 10:47:52.039, 1119709133076807, vstest.console.dll, TcpClientExtensions.MessageLoopAsync: Polling on remoteEndPoint: 127.0.0.1:39034 localEndPoint: 127.0.0.1:38723 after 1005 ms
TpTrace Verbose: 0 : 165606, 7, 2026/02/19, 10:47:53.044, 1119710138060990, vstest.console.dll, TcpClientExtensions.MessageLoopAsync: Polling on remoteEndPoint: 127.0.0.1:39034 localEndPoint: 127.0.0.1:38723 after 1004 ms
TpTrace Verbose: 0 : 165606, 7, 2026/02/19, 10:47:54.049, 1119711143083052, vstest.console.dll, TcpClientExtensions.MessageLoopAsync: Polling on remoteEndPoint: 127.0.0.1:39034 localEndPoint: 127.0.0.1:38723 after 1004 ms
TpTrace Verbose: 0 : 165606, 7, 2026/02/19, 10:47:55.054, 1119712148079287, vstest.console.dll, TcpClientExtensions.MessageLoopAsync: Polling on remoteEndPoint: 127.0.0.1:39034 localEndPoint: 127.0.0.1:38723 after 1004 ms
TpTrace Verbose: 0 : 165606, 7, 2026/02/19, 10:47:56.060, 1119713153506840, vstest.console.dll, TcpClientExtensions.MessageLoopAsync: Polling on remoteEndPoint: 127.0.0.1:39034 localEndPoint: 127.0.0.1:38723 after 1005 ms
TpTrace Verbose: 0 : 165606, 7, 2026/02/19, 10:47:57.065, 1119714159066911, vstest.console.dll, TcpClientExtensions.MessageLoopAsync: Polling on remoteEndPoint: 127.0.0.1:39034 localEndPoint: 127.0.0.1:38723 after 1005 ms
TpTrace Verbose: 0 : 165606, 7, 2026/02/19, 10:47:58.070, 1119715164038850, vstest.console.dll, TcpClientExtensions.MessageLoopAsync: Polling on remoteEndPoint: 127.0.0.1:39034 localEndPoint: 127.0.0.1:38723 after 1004 ms
TpTrace Verbose: 0 : 165606, 7, 2026/02/19, 10:47:59.075, 1119716169037275, vstest.console.dll, TcpClientExtensions.MessageLoopAsync: Polling on remoteEndPoint: 127.0.0.1:39034 localEndPoint: 127.0.0.1:38723 after 1004 ms
TpTrace Verbose: 0 : 165606, 7, 2026/02/19, 10:48:00.083, 1119717177029340, vstest.console.dll, TcpClientExtensions.MessageLoopAsync: Polling on remoteEndPoint: 127.0.0.1:39034 localEndPoint: 127.0.0.1:38723 after 1007 ms
TpTrace Verbose: 0 : 165606, 7, 2026/02/19, 10:48:01.088, 1119718182033869, vstest.console.dll, TcpClientExtensions.MessageLoopAsync: Polling on remoteEndPoint: 127.0.0.1:39034 localEndPoint: 127.0.0.1:38723 after 1004 ms
TpTrace Verbose: 0 : 165606, 7, 2026/02/19, 10:48:02.111, 1119719205069154, vstest.console.dll, TcpClientExtensions.MessageLoopAsync: Polling on remoteEndPoint: 127.0.0.1:39034 localEndPoint: 127.0.0.1:38723 after 1022 ms
TpTrace Verbose: 0 : 165606, 7, 2026/02/19, 10:48:03.116, 1119720210054407, vstest.console.dll, TcpClientExtensions.MessageLoopAsync: Polling on remoteEndPoint: 127.0.0.1:39034 localEndPoint: 127.0.0.1:38723 after 1004 ms
TpTrace Verbose: 0 : 165606, 7, 2026/02/19, 10:48:04.121, 1119721215077485, vstest.console.dll, TcpClientExtensions.MessageLoopAsync: Polling on remoteEndPoint: 127.0.0.1:39034 localEndPoint: 127.0.0.1:38723 after 1004 ms
TpTrace Verbose: 0 : 165606, 7, 2026/02/19, 10:48:05.126, 1119722220045511, vstest.console.dll, TcpClientExtensions.MessageLoopAsync: Polling on remoteEndPoint: 127.0.0.1:39034 localEndPoint: 127.0.0.1:38723 after 1004 ms
TpTrace Verbose: 0 : 165606, 7, 2026/02/19, 10:48:06.132, 1119723226025728, vstest.console.dll, TcpClientExtensions.MessageLoopAsync: Polling on remoteEndPoint: 127.0.0.1:39034 localEndPoint: 127.0.0.1:38723 after 1005 ms
TpTrace Verbose: 0 : 165606, 7, 2026/02/19, 10:48:07.137, 1119724231081248, vstest.console.dll, TcpClientExtensions.MessageLoopAsync: Polling on remoteEndPoint: 127.0.0.1:39034 localEndPoint: 127.0.0.1:38723 after 1004 ms
TpTrace Verbose: 0 : 165606, 7, 2026/02/19, 10:48:08.141, 1119725235148017, vstest.console.dll, TcpClientExtensions.MessageLoopAsync: Polling on remoteEndPoint: 127.0.0.1:39034 localEndPoint: 127.0.0.1:38723 after 1003 ms
TpTrace Verbose: 0 : 165606, 7, 2026/02/19, 10:48:09.146, 1119726240122887, vstest.console.dll, TcpClientExtensions.MessageLoopAsync: Polling on remoteEndPoint: 127.0.0.1:39034 localEndPoint: 127.0.0.1:38723 after 1004 ms
TpTrace Verbose: 0 : 165606, 7, 2026/02/19, 10:48:10.152, 1119727245592416, vstest.console.dll, TcpClientExtensions.MessageLoopAsync: Polling on remoteEndPoint: 127.0.0.1:39034 localEndPoint: 127.0.0.1:38723 after 1005 ms
TpTrace Verbose: 0 : 165606, 7, 2026/02/19, 10:48:11.157, 1119728250648671, vstest.console.dll, TcpClientExtensions.MessageLoopAsync: Polling on remoteEndPoint: 127.0.0.1:39034 localEndPoint: 127.0.0.1:38723 after 1004 ms
TpTrace Verbose: 0 : 165606, 7, 2026/02/19, 10:48:12.161, 1119729255084046, vstest.console.dll, TcpClientExtensions.MessageLoopAsync: Polling on remoteEndPoint: 127.0.0.1:39034 localEndPoint: 127.0.0.1:38723 after 1004 ms
TpTrace Verbose: 0 : 165606, 7, 2026/02/19, 10:48:13.166, 1119730260023961, vstest.console.dll, TcpClientExtensions.MessageLoopAsync: Polling on remoteEndPoint: 127.0.0.1:39034 localEndPoint: 127.0.0.1:38723 after 1004 ms
TpTrace Verbose: 0 : 165606, 7, 2026/02/19, 10:48:14.171, 1119731265066319, vstest.console.dll, TcpClientExtensions.MessageLoopAsync: Polling on remoteEndPoint: 127.0.0.1:39034 localEndPoint: 127.0.0.1:38723 after 1004 ms
TpTrace Verbose: 0 : 165606, 7, 2026/02/19, 10:48:15.176, 1119732270072218, vstest.console.dll, TcpClientExtensions.MessageLoopAsync: Polling on remoteEndPoint: 127.0.0.1:39034 localEndPoint: 127.0.0.1:38723 after 1004 ms
TpTrace Verbose: 0 : 165606, 7, 2026/02/19, 10:48:16.181, 1119733275028484, vstest.console.dll, TcpClientExtensions.MessageLoopAsync: Polling on remoteEndPoint: 127.0.0.1:39034 localEndPoint: 127.0.0.1:38723 after 1004 ms
TpTrace Verbose: 0 : 165606, 7, 2026/02/19, 10:48:17.186, 1119734280029609, vstest.console.dll, TcpClientExtensions.MessageLoopAsync: Polling on remoteEndPoint: 127.0.0.1:39034 localEndPoint: 127.0.0.1:38723 after 1004 ms
TpTrace Verbose: 0 : 165606, 7, 2026/02/19, 10:48:18.192, 1119735286057560, vstest.console.dll, TcpClientExtensions.MessageLoopAsync: Polling on remoteEndPoint: 127.0.0.1:39034 localEndPoint: 127.0.0.1:38723 after 1004 ms
TpTrace Verbose: 0 : 165606, 7, 2026/02/19, 10:48:19.197, 1119736291137525, vstest.console.dll, TcpClientExtensions.MessageLoopAsync: Polling on remoteEndPoint: 127.0.0.1:39034 localEndPoint: 127.0.0.1:38723 after 1005 ms
TpTrace Verbose: 0 : 165606, 7, 2026/02/19, 10:48:20.202, 1119737296078056, vstest.console.dll, TcpClientExtensions.MessageLoopAsync: Polling on remoteEndPoint: 127.0.0.1:39034 localEndPoint: 127.0.0.1:38723 after 1004 ms
TpTrace Verbose: 0 : 165606, 7, 2026/02/19, 10:48:21.207, 1119738301036953, vstest.console.dll, TcpClientExtensions.MessageLoopAsync: Polling on remoteEndPoint: 127.0.0.1:39034 localEndPoint: 127.0.0.1:38723 after 1004 ms
TpTrace Verbose: 0 : 165606, 7, 2026/02/19, 10:48:22.218, 1119739311774877, vstest.console.dll, TcpClientExtensions.MessageLoopAsync: Polling on remoteEndPoint: 127.0.0.1:39034 localEndPoint: 127.0.0.1:38723 after 1010 ms
TpTrace Verbose: 0 : 165606, 7, 2026/02/19, 10:48:23.224, 1119740318040869, vstest.console.dll, TcpClientExtensions.MessageLoopAsync: Polling on remoteEndPoint: 127.0.0.1:39034 localEndPoint: 127.0.0.1:38723 after 1005 ms
TpTrace Verbose: 0 : 165606, 7, 2026/02/19, 10:48:24.230, 1119741323512872, vstest.console.dll, TcpClientExtensions.MessageLoopAsync: Polling on remoteEndPoint: 127.0.0.1:39034 localEndPoint: 127.0.0.1:38723 after 1005 ms
TpTrace Verbose: 0 : 165606, 7, 2026/02/19, 10:48:25.234, 1119742328035712, vstest.console.dll, TcpClientExtensions.MessageLoopAsync: Polling on remoteEndPoint: 127.0.0.1:39034 localEndPoint: 127.0.0.1:38723 after 1004 ms
TpTrace Verbose: 0 : 165606, 7, 2026/02/19, 10:48:26.239, 1119743333052180, vstest.console.dll, TcpClientExtensions.MessageLoopAsync: Polling on remoteEndPoint: 127.0.0.1:39034 localEndPoint: 127.0.0.1:38723 after 1004 ms
TpTrace Verbose: 0 : 165606, 7, 2026/02/19, 10:48:27.244, 1119744338055695, vstest.console.dll, TcpClientExtensions.MessageLoopAsync: Polling on remoteEndPoint: 127.0.0.1:39034 localEndPoint: 127.0.0.1:38723 after 1004 ms
TpTrace Verbose: 0 : 165606, 7, 2026/02/19, 10:48:28.252, 1119745346050949, vstest.console.dll, TcpClientExtensions.MessageLoopAsync: Polling on remoteEndPoint: 127.0.0.1:39034 localEndPoint: 127.0.0.1:38723 after 1007 ms
TpTrace Verbose: 0 : 165606, 7, 2026/02/19, 10:48:29.257, 1119746351079054, vstest.console.dll, TcpClientExtensions.MessageLoopAsync: Polling on remoteEndPoint: 127.0.0.1:39034 localEndPoint: 127.0.0.1:38723 after 1004 ms
TpTrace Verbose: 0 : 165606, 7, 2026/02/19, 10:48:30.262, 1119747356084108, vstest.console.dll, TcpClientExtensions.MessageLoopAsync: Polling on remoteEndPoint: 127.0.0.1:39034 localEndPoint: 127.0.0.1:38723 after 1004 ms
TpTrace Verbose: 0 : 165606, 7, 2026/02/19, 10:48:31.267, 1119748361142208, vstest.console.dll, TcpClientExtensions.MessageLoopAsync: Polling on remoteEndPoint: 127.0.0.1:39034 localEndPoint: 127.0.0.1:38723 after 1004 ms
TpTrace Verbose: 0 : 165606, 7, 2026/02/19, 10:48:32.272, 1119749366023792, vstest.console.dll, TcpClientExtensions.MessageLoopAsync: Polling on remoteEndPoint: 127.0.0.1:39034 localEndPoint: 127.0.0.1:38723 after 1004 ms
TpTrace Verbose: 0 : 165606, 7, 2026/02/19, 10:48:33.277, 1119750371157402, vstest.console.dll, TcpClientExtensions.MessageLoopAsync: Polling on remoteEndPoint: 127.0.0.1:39034 localEndPoint: 127.0.0.1:38723 after 1005 ms
TpTrace Verbose: 0 : 165606, 7, 2026/02/19, 10:48:34.282, 1119751376031778, vstest.console.dll, TcpClientExtensions.MessageLoopAsync: Polling on remoteEndPoint: 127.0.0.1:39034 localEndPoint: 127.0.0.1:38723 after 1004 ms
TpTrace Verbose: 0 : 165606, 7, 2026/02/19, 10:48:35.287, 1119752381073296, vstest.console.dll, TcpClientExtensions.MessageLoopAsync: Polling on remoteEndPoint: 127.0.0.1:39034 localEndPoint: 127.0.0.1:38723 after 1004 ms
TpTrace Verbose: 0 : 165606, 7, 2026/02/19, 10:48:36.292, 1119753386030082, vstest.console.dll, TcpClientExtensions.MessageLoopAsync: Polling on remoteEndPoint: 127.0.0.1:39034 localEndPoint: 127.0.0.1:38723 after 1004 ms
TpTrace Verbose: 0 : 165606, 7, 2026/02/19, 10:48:37.297, 1119754391035345, vstest.console.dll, TcpClientExtensions.MessageLoopAsync: Polling on remoteEndPoint: 127.0.0.1:39034 localEndPoint: 127.0.0.1:38723 after 1004 ms
TpTrace Verbose: 0 : 165606, 7, 2026/02/19, 10:48:38.303, 1119755397172675, vstest.console.dll, TcpClientExtensions.MessageLoopAsync: Polling on remoteEndPoint: 127.0.0.1:39034 localEndPoint: 127.0.0.1:38723 after 1006 ms
TpTrace Verbose: 0 : 165606, 7, 2026/02/19, 10:48:39.308, 1119756402038649, vstest.console.dll, TcpClientExtensions.MessageLoopAsync: Polling on remoteEndPoint: 127.0.0.1:39034 localEndPoint: 127.0.0.1:38723 after 1004 ms
TpTrace Verbose: 0 : 165606, 7, 2026/02/19, 10:48:40.313, 1119757407100377, vstest.console.dll, TcpClientExtensions.MessageLoopAsync: Polling on remoteEndPoint: 127.0.0.1:39034 localEndPoint: 127.0.0.1:38723 after 1004 ms
TpTrace Verbose: 0 : 165606, 7, 2026/02/19, 10:48:41.318, 1119758412055416, vstest.console.dll, TcpClientExtensions.MessageLoopAsync: Polling on remoteEndPoint: 127.0.0.1:39034 localEndPoint: 127.0.0.1:38723 after 1004 ms
TpTrace Verbose: 0 : 165606, 7, 2026/02/19, 10:48:42.323, 1119759417029436, vstest.console.dll, TcpClientExtensions.MessageLoopAsync: Polling on remoteEndPoint: 127.0.0.1:39034 localEndPoint: 127.0.0.1:38723 after 1004 ms
TpTrace Verbose: 0 : 165606, 7, 2026/02/19, 10:48:43.328, 1119760422057319, vstest.console.dll, TcpClientExtensions.MessageLoopAsync: Polling on remoteEndPoint: 127.0.0.1:39034 localEndPoint: 127.0.0.1:38723 after 1004 ms
TpTrace Verbose: 0 : 165606, 7, 2026/02/19, 10:48:44.333, 1119761427071852, vstest.console.dll, TcpClientExtensions.MessageLoopAsync: Polling on remoteEndPoint: 127.0.0.1:39034 localEndPoint: 127.0.0.1:38723 after 1004 ms
TpTrace Verbose: 0 : 165606, 7, 2026/02/19, 10:48:45.341, 1119762435030945, vstest.console.dll, TcpClientExtensions.MessageLoopAsync: Polling on remoteEndPoint: 127.0.0.1:39034 localEndPoint: 127.0.0.1:38723 after 1007 ms
TpTrace Verbose: 0 : 165606, 7, 2026/02/19, 10:48:46.346, 1119763440076762, vstest.console.dll, TcpClientExtensions.MessageLoopAsync: Polling on remoteEndPoint: 127.0.0.1:39034 localEndPoint: 127.0.0.1:38723 after 1004 ms
TpTrace Verbose: 0 : 165606, 7, 2026/02/19, 10:48:47.351, 1119764445043168, vstest.console.dll, TcpClientExtensions.MessageLoopAsync: Polling on remoteEndPoint: 127.0.0.1:39034 localEndPoint: 127.0.0.1:38723 after 1004 ms
TpTrace Verbose: 0 : 165606, 7, 2026/02/19, 10:48:48.356, 1119765450080774, vstest.console.dll, TcpClientExtensions.MessageLoopAsync: Polling on remoteEndPoint: 127.0.0.1:39034 localEndPoint: 127.0.0.1:38723 after 1004 ms
TpTrace Verbose: 0 : 165606, 7, 2026/02/19, 10:48:49.361, 1119766455040411, vstest.console.dll, TcpClientExtensions.MessageLoopAsync: Polling on remoteEndPoint: 127.0.0.1:39034 localEndPoint: 127.0.0.1:38723 after 1004 ms
TpTrace Verbose: 0 : 165606, 7, 2026/02/19, 10:48:50.366, 1119767460053070, vstest.console.dll, TcpClientExtensions.MessageLoopAsync: Polling on remoteEndPoint: 127.0.0.1:39034 localEndPoint: 127.0.0.1:38723 after 1004 ms
TpTrace Verbose: 0 : 165606, 7, 2026/02/19, 10:48:51.371, 1119768465039985, vstest.console.dll, TcpClientExtensions.MessageLoopAsync: Polling on remoteEndPoint: 127.0.0.1:39034 localEndPoint: 127.0.0.1:38723 after 1004 ms
TpTrace Verbose: 0 : 165606, 7, 2026/02/19, 10:48:52.376, 1119769470033443, vstest.console.dll, TcpClientExtensions.MessageLoopAsync: Polling on remoteEndPoint: 127.0.0.1:39034 localEndPoint: 127.0.0.1:38723 after 1004 ms
TpTrace Verbose: 0 : 165606, 7, 2026/02/19, 10:48:53.381, 1119770475035068, vstest.console.dll, TcpClientExtensions.MessageLoopAsync: Polling on remoteEndPoint: 127.0.0.1:39034 localEndPoint: 127.0.0.1:38723 after 1004 ms
TpTrace Verbose: 0 : 165606, 7, 2026/02/19, 10:48:54.386, 1119771480043233, vstest.console.dll, TcpClientExtensions.MessageLoopAsync: Polling on remoteEndPoint: 127.0.0.1:39034 localEndPoint: 127.0.0.1:38723 after 1004 ms
TpTrace Verbose: 0 : 165606, 7, 2026/02/19, 10:48:55.391, 1119772485037738, vstest.console.dll, TcpClientExtensions.MessageLoopAsync: Polling on remoteEndPoint: 127.0.0.1:39034 localEndPoint: 127.0.0.1:38723 after 1004 ms
TpTrace Verbose: 0 : 165606, 7, 2026/02/19, 10:48:56.396, 1119773490032775, vstest.console.dll, TcpClientExtensions.MessageLoopAsync: Polling on remoteEndPoint: 127.0.0.1:39034 localEndPoint: 127.0.0.1:38723 after 1004 ms
TpTrace Verbose: 0 : 165606, 7, 2026/02/19, 10:48:57.404, 1119774497484519, vstest.console.dll, TcpClientExtensions.MessageLoopAsync: Polling on remoteEndPoint: 127.0.0.1:39034 localEndPoint: 127.0.0.1:38723 after 1007 ms
TpTrace Verbose: 0 : 165606, 7, 2026/02/19, 10:48:58.408, 1119775502032182, vstest.console.dll, TcpClientExtensions.MessageLoopAsync: Polling on remoteEndPoint: 127.0.0.1:39034 localEndPoint: 127.0.0.1:38723 after 1004 ms
TpTrace Verbose: 0 : 165606, 7, 2026/02/19, 10:48:59.415, 1119776508973505, vstest.console.dll, TcpClientExtensions.MessageLoopAsync: Polling on remoteEndPoint: 127.0.0.1:39034 localEndPoint: 127.0.0.1:38723 after 1006 ms
TpTrace Verbose: 0 : 165606, 7, 2026/02/19, 10:49:00.420, 1119777514096171, vstest.console.dll, TcpClientExtensions.MessageLoopAsync: Polling on remoteEndPoint: 127.0.0.1:39034 localEndPoint: 127.0.0.1:38723 after 1004 ms
TpTrace Verbose: 0 : 165606, 7, 2026/02/19, 10:49:01.426, 1119778520029593, vstest.console.dll, TcpClientExtensions.MessageLoopAsync: Polling on remoteEndPoint: 127.0.0.1:39034 localEndPoint: 127.0.0.1:38723 after 1005 ms
TpTrace Verbose: 0 : 165606, 7, 2026/02/19, 10:49:02.431, 1119779525272020, vstest.console.dll, TcpClientExtensions.MessageLoopAsync: Polling on remoteEndPoint: 127.0.0.1:39034 localEndPoint: 127.0.0.1:38723 after 1004 ms
TpTrace Verbose: 0 : 165606, 7, 2026/02/19, 10:49:03.437, 1119780531031863, vstest.console.dll, TcpClientExtensions.MessageLoopAsync: Polling on remoteEndPoint: 127.0.0.1:39034 localEndPoint: 127.0.0.1:38723 after 1005 ms
TpTrace Verbose: 0 : 165606, 7, 2026/02/19, 10:49:04.442, 1119781536033588, vstest.console.dll, TcpClientExtensions.MessageLoopAsync: Polling on remoteEndPoint: 127.0.0.1:39034 localEndPoint: 127.0.0.1:38723 after 1004 ms
TpTrace Verbose: 0 : 165606, 7, 2026/02/19, 10:49:05.447, 1119782541089525, vstest.console.dll, TcpClientExtensions.MessageLoopAsync: Polling on remoteEndPoint: 127.0.0.1:39034 localEndPoint: 127.0.0.1:38723 after 1004 ms
TpTrace Verbose: 0 : 165606, 7, 2026/02/19, 10:49:06.452, 1119783546062716, vstest.console.dll, TcpClientExtensions.MessageLoopAsync: Polling on remoteEndPoint: 127.0.0.1:39034 localEndPoint: 127.0.0.1:38723 after 1004 ms
TpTrace Verbose: 0 : 165606, 7, 2026/02/19, 10:49:07.457, 1119784551087207, vstest.console.dll, TcpClientExtensions.MessageLoopAsync: Polling on remoteEndPoint: 127.0.0.1:39034 localEndPoint: 127.0.0.1:38723 after 1004 ms
TpTrace Verbose: 0 : 165606, 7, 2026/02/19, 10:49:08.462, 1119785556036038, vstest.console.dll, TcpClientExtensions.MessageLoopAsync: Polling on remoteEndPoint: 127.0.0.1:39034 localEndPoint: 127.0.0.1:38723 after 1004 ms
TpTrace Verbose: 0 : 165606, 7, 2026/02/19, 10:49:09.468, 1119786562099987, vstest.console.dll, TcpClientExtensions.MessageLoopAsync: Polling on remoteEndPoint: 127.0.0.1:39034 localEndPoint: 127.0.0.1:38723 after 1004 ms
TpTrace Verbose: 0 : 165606, 7, 2026/02/19, 10:49:10.472, 1119787566050643, vstest.console.dll, TcpClientExtensions.MessageLoopAsync: Polling on remoteEndPoint: 127.0.0.1:39034 localEndPoint: 127.0.0.1:38723 after 1003 ms
TpTrace Verbose: 0 : 165606, 7, 2026/02/19, 10:49:11.477, 1119788571065620, vstest.console.dll, TcpClientExtensions.MessageLoopAsync: Polling on remoteEndPoint: 127.0.0.1:39034 localEndPoint: 127.0.0.1:38723 after 1004 ms
TpTrace Verbose: 0 : 165606, 7, 2026/02/19, 10:49:12.482, 1119789576047247, vstest.console.dll, TcpClientExtensions.MessageLoopAsync: Polling on remoteEndPoint: 127.0.0.1:39034 localEndPoint: 127.0.0.1:38723 after 1004 ms
TpTrace Verbose: 0 : 165606, 7, 2026/02/19, 10:49:13.487, 1119790581082035, vstest.console.dll, TcpClientExtensions.MessageLoopAsync: Polling on remoteEndPoint: 127.0.0.1:39034 localEndPoint: 127.0.0.1:38723 after 1004 ms
TpTrace Verbose: 0 : 165606, 7, 2026/02/19, 10:49:14.492, 1119791586199725, vstest.console.dll, TcpClientExtensions.MessageLoopAsync: Polling on remoteEndPoint: 127.0.0.1:39034 localEndPoint: 127.0.0.1:38723 after 1005 ms
TpTrace Verbose: 0 : 165606, 7, 2026/02/19, 10:49:15.497, 1119792591136541, vstest.console.dll, TcpClientExtensions.MessageLoopAsync: Polling on remoteEndPoint: 127.0.0.1:39034 localEndPoint: 127.0.0.1:38723 after 1004 ms
TpTrace Verbose: 0 : 165606, 7, 2026/02/19, 10:49:16.502, 1119793596099256, vstest.console.dll, TcpClientExtensions.MessageLoopAsync: Polling on remoteEndPoint: 127.0.0.1:39034 localEndPoint: 127.0.0.1:38723 after 1004 ms
TpTrace Verbose: 0 : 165606, 7, 2026/02/19, 10:49:17.507, 1119794601045784, vstest.console.dll, TcpClientExtensions.MessageLoopAsync: Polling on remoteEndPoint: 127.0.0.1:39034 localEndPoint: 127.0.0.1:38723 after 1004 ms
TpTrace Verbose: 0 : 165606, 7, 2026/02/19, 10:49:18.512, 1119795606100579, vstest.console.dll, TcpClientExtensions.MessageLoopAsync: Polling on remoteEndPoint: 127.0.0.1:39034 localEndPoint: 127.0.0.1:38723 after 1004 ms
TpTrace Verbose: 0 : 165606, 7, 2026/02/19, 10:49:19.517, 1119796611059013, vstest.console.dll, TcpClientExtensions.MessageLoopAsync: Polling on remoteEndPoint: 127.0.0.1:39034 localEndPoint: 127.0.0.1:38723 after 1004 ms
TpTrace Verbose: 0 : 165606, 7, 2026/02/19, 10:49:20.522, 1119797616031856, vstest.console.dll, TcpClientExtensions.MessageLoopAsync: Polling on remoteEndPoint: 127.0.0.1:39034 localEndPoint: 127.0.0.1:38723 after 1004 ms
TpTrace Verbose: 0 : 165606, 7, 2026/02/19, 10:49:21.527, 1119798621076625, vstest.console.dll, TcpClientExtensions.MessageLoopAsync: Polling on remoteEndPoint: 127.0.0.1:39034 localEndPoint: 127.0.0.1:38723 after 1004 ms
TpTrace Verbose: 0 : 165606, 7, 2026/02/19, 10:49:22.533, 1119799626487315, vstest.console.dll, TcpClientExtensions.MessageLoopAsync: Polling on remoteEndPoint: 127.0.0.1:39034 localEndPoint: 127.0.0.1:38723 after 1005 ms
TpTrace Verbose: 0 : 165606, 7, 2026/02/19, 10:49:23.537, 1119800631045786, vstest.console.dll, TcpClientExtensions.MessageLoopAsync: Polling on remoteEndPoint: 127.0.0.1:39034 localEndPoint: 127.0.0.1:38723 after 1004 ms
TpTrace Verbose: 0 : 165606, 7, 2026/02/19, 10:49:24.542, 1119801636039271, vstest.console.dll, TcpClientExtensions.MessageLoopAsync: Polling on remoteEndPoint: 127.0.0.1:39034 localEndPoint: 127.0.0.1:38723 after 1004 ms
TpTrace Verbose: 0 : 165606, 7, 2026/02/19, 10:49:25.547, 1119802641022805, vstest.console.dll, TcpClientExtensions.MessageLoopAsync: Polling on remoteEndPoint: 127.0.0.1:39034 localEndPoint: 127.0.0.1:38723 after 1004 ms
TpTrace Verbose: 0 : 165606, 7, 2026/02/19, 10:49:26.552, 1119803646027699, vstest.console.dll, TcpClientExtensions.MessageLoopAsync: Polling on remoteEndPoint: 127.0.0.1:39034 localEndPoint: 127.0.0.1:38723 after 1004 ms
TpTrace Verbose: 0 : 165606, 7, 2026/02/19, 10:49:27.557, 1119804651051275, vstest.console.dll, TcpClientExtensions.MessageLoopAsync: Polling on remoteEndPoint: 127.0.0.1:39034 localEndPoint: 127.0.0.1:38723 after 1004 ms
TpTrace Verbose: 0 : 165606, 7, 2026/02/19, 10:49:28.562, 1119805656030008, vstest.console.dll, TcpClientExtensions.MessageLoopAsync: Polling on remoteEndPoint: 127.0.0.1:39034 localEndPoint: 127.0.0.1:38723 after 1004 ms
TpTrace Verbose: 0 : 165606, 7, 2026/02/19, 10:49:29.567, 1119806661039690, vstest.console.dll, TcpClientExtensions.MessageLoopAsync: Polling on remoteEndPoint: 127.0.0.1:39034 localEndPoint: 127.0.0.1:38723 after 1004 ms
TpTrace Verbose: 0 : 165606, 7, 2026/02/19, 10:49:30.572, 1119807666064595, vstest.console.dll, TcpClientExtensions.MessageLoopAsync: Polling on remoteEndPoint: 127.0.0.1:39034 localEndPoint: 127.0.0.1:38723 after 1004 ms
TpTrace Verbose: 0 : 165606, 7, 2026/02/19, 10:49:31.577, 1119808671055986, vstest.console.dll, TcpClientExtensions.MessageLoopAsync: Polling on remoteEndPoint: 127.0.0.1:39034 localEndPoint: 127.0.0.1:38723 after 1004 ms
TpTrace Verbose: 0 : 165606, 7, 2026/02/19, 10:49:32.582, 1119809676047752, vstest.console.dll, TcpClientExtensions.MessageLoopAsync: Polling on remoteEndPoint: 127.0.0.1:39034 localEndPoint: 127.0.0.1:38723 after 1004 ms
TpTrace Verbose: 0 : 165606, 7, 2026/02/19, 10:49:33.587, 1119810681025786, vstest.console.dll, TcpClientExtensions.MessageLoopAsync: Polling on remoteEndPoint: 127.0.0.1:39034 localEndPoint: 127.0.0.1:38723 after 1004 ms
TpTrace Verbose: 0 : 165606, 7, 2026/02/19, 10:49:34.592, 1119811686038945, vstest.console.dll, TcpClientExtensions.MessageLoopAsync: Polling on remoteEndPoint: 127.0.0.1:39034 localEndPoint: 127.0.0.1:38723 after 1004 ms
TpTrace Verbose: 0 : 165606, 7, 2026/02/19, 10:49:35.597, 1119812691074355, vstest.console.dll, TcpClientExtensions.MessageLoopAsync: Polling on remoteEndPoint: 127.0.0.1:39034 localEndPoint: 127.0.0.1:38723 after 1004 ms
TpTrace Verbose: 0 : 165606, 7, 2026/02/19, 10:49:36.602, 1119813696062091, vstest.console.dll, TcpClientExtensions.MessageLoopAsync: Polling on remoteEndPoint: 127.0.0.1:39034 localEndPoint: 127.0.0.1:38723 after 1004 ms
TpTrace Verbose: 0 : 165606, 7, 2026/02/19, 10:49:37.607, 1119814701023200, vstest.console.dll, TcpClientExtensions.MessageLoopAsync: Polling on remoteEndPoint: 127.0.0.1:39034 localEndPoint: 127.0.0.1:38723 after 1004 ms
TpTrace Verbose: 0 : 165606, 7, 2026/02/19, 10:49:38.612, 1119815706027292, vstest.console.dll, TcpClientExtensions.MessageLoopAsync: Polling on remoteEndPoint: 127.0.0.1:39034 localEndPoint: 127.0.0.1:38723 after 1004 ms
TpTrace Verbose: 0 : 165606, 7, 2026/02/19, 10:49:39.619, 1119816712700684, vstest.console.dll, TcpClientExtensions.MessageLoopAsync: Polling on remoteEndPoint: 127.0.0.1:39034 localEndPoint: 127.0.0.1:38723 after 1006 ms
TpTrace Verbose: 0 : 165606, 7, 2026/02/19, 10:49:40.623, 1119817717033993, vstest.console.dll, TcpClientExtensions.MessageLoopAsync: Polling on remoteEndPoint: 127.0.0.1:39034 localEndPoint: 127.0.0.1:38723 after 1004 ms
TpTrace Verbose: 0 : 165606, 7, 2026/02/19, 10:49:41.628, 1119818722047055, vstest.console.dll, TcpClientExtensions.MessageLoopAsync: Polling on remoteEndPoint: 127.0.0.1:39034 localEndPoint: 127.0.0.1:38723 after 1004 ms
TpTrace Verbose: 0 : 165606, 7, 2026/02/19, 10:49:42.635, 1119819728520185, vstest.console.dll, TcpClientExtensions.MessageLoopAsync: Polling on remoteEndPoint: 127.0.0.1:39034 localEndPoint: 127.0.0.1:38723 after 1006 ms
TpTrace Verbose: 0 : 165606, 7, 2026/02/19, 10:49:43.639, 1119820733037147, vstest.console.dll, TcpClientExtensions.MessageLoopAsync: Polling on remoteEndPoint: 127.0.0.1:39034 localEndPoint: 127.0.0.1:38723 after 1004 ms
TpTrace Verbose: 0 : 165606, 7, 2026/02/19, 10:49:44.644, 1119821738038626, vstest.console.dll, TcpClientExtensions.MessageLoopAsync: Polling on remoteEndPoint: 127.0.0.1:39034 localEndPoint: 127.0.0.1:38723 after 1004 ms
TpTrace Verbose: 0 : 165606, 7, 2026/02/19, 10:49:45.646, 1119822739513901, vstest.console.dll, TcpClientExtensions.MessageLoopAsync: Polling on remoteEndPoint: 127.0.0.1:39034 localEndPoint: 127.0.0.1:38723 after 1001 ms
TpTrace Verbose: 0 : 165606, 7, 2026/02/19, 10:49:46.650, 1119823744059762, vstest.console.dll, TcpClientExtensions.MessageLoopAsync: Polling on remoteEndPoint: 127.0.0.1:39034 localEndPoint: 127.0.0.1:38723 after 1004 ms
TpTrace Verbose: 0 : 165606, 7, 2026/02/19, 10:49:47.655, 1119824749052254, vstest.console.dll, TcpClientExtensions.MessageLoopAsync: Polling on remoteEndPoint: 127.0.0.1:39034 localEndPoint: 127.0.0.1:38723 after 1004 ms
TpTrace Verbose: 0 : 165606, 7, 2026/02/19, 10:49:48.660, 1119825754021490, vstest.console.dll, TcpClientExtensions.MessageLoopAsync: Polling on remoteEndPoint: 127.0.0.1:39034 localEndPoint: 127.0.0.1:38723 after 1004 ms
TpTrace Verbose: 0 : 165606, 7, 2026/02/19, 10:49:49.665, 1119826759081384, vstest.console.dll, TcpClientExtensions.MessageLoopAsync: Polling on remoteEndPoint: 127.0.0.1:39034 localEndPoint: 127.0.0.1:38723 after 1004 ms
TpTrace Verbose: 0 : 165606, 7, 2026/02/19, 10:49:50.670, 1119827764031627, vstest.console.dll, TcpClientExtensions.MessageLoopAsync: Polling on remoteEndPoint: 127.0.0.1:39034 localEndPoint: 127.0.0.1:38723 after 1004 ms
TpTrace Verbose: 0 : 165606, 7, 2026/02/19, 10:49:51.675, 1119828769026422, vstest.console.dll, TcpClientExtensions.MessageLoopAsync: Polling on remoteEndPoint: 127.0.0.1:39034 localEndPoint: 127.0.0.1:38723 after 1004 ms
TpTrace Verbose: 0 : 165606, 7, 2026/02/19, 10:49:52.678, 1119829771912458, vstest.console.dll, TcpClientExtensions.MessageLoopAsync: Polling on remoteEndPoint: 127.0.0.1:39034 localEndPoint: 127.0.0.1:38723 after 1002 ms
TpTrace Verbose: 0 : 165606, 7, 2026/02/19, 10:49:53.682, 1119830776198175, vstest.console.dll, TcpClientExtensions.MessageLoopAsync: Polling on remoteEndPoint: 127.0.0.1:39034 localEndPoint: 127.0.0.1:38723 after 1004 ms
TpTrace Verbose: 0 : 165606, 7, 2026/02/19, 10:49:54.687, 1119831781042086, vstest.console.dll, TcpClientExtensions.MessageLoopAsync: Polling on remoteEndPoint: 127.0.0.1:39034 localEndPoint: 127.0.0.1:38723 after 1004 ms
TpTrace Verbose: 0 : 165606, 7, 2026/02/19, 10:49:55.692, 1119832786070472, vstest.console.dll, TcpClientExtensions.MessageLoopAsync: Polling on remoteEndPoint: 127.0.0.1:39034 localEndPoint: 127.0.0.1:38723 after 1004 ms
TpTrace Verbose: 0 : 165606, 7, 2026/02/19, 10:49:56.697, 1119833791046786, vstest.console.dll, TcpClientExtensions.MessageLoopAsync: Polling on remoteEndPoint: 127.0.0.1:39034 localEndPoint: 127.0.0.1:38723 after 1004 ms
TpTrace Verbose: 0 : 165606, 7, 2026/02/19, 10:49:57.702, 1119834796068047, vstest.console.dll, TcpClientExtensions.MessageLoopAsync: Polling on remoteEndPoint: 127.0.0.1:39034 localEndPoint: 127.0.0.1:38723 after 1004 ms
TpTrace Verbose: 0 : 165606, 7, 2026/02/19, 10:49:58.707, 1119835801042790, vstest.console.dll, TcpClientExtensions.MessageLoopAsync: Polling on remoteEndPoint: 127.0.0.1:39034 localEndPoint: 127.0.0.1:38723 after 1004 ms
TpTrace Verbose: 0 : 165606, 7, 2026/02/19, 10:49:59.711, 1119836805403436, vstest.console.dll, TcpClientExtensions.MessageLoopAsync: Polling on remoteEndPoint: 127.0.0.1:39034 localEndPoint: 127.0.0.1:38723 after 1004 ms
TpTrace Verbose: 0 : 165606, 7, 2026/02/19, 10:50:00.716, 1119837810129541, vstest.console.dll, TcpClientExtensions.MessageLoopAsync: Polling on remoteEndPoint: 127.0.0.1:39034 localEndPoint: 127.0.0.1:38723 after 1004 ms
TpTrace Verbose: 0 : 165606, 7, 2026/02/19, 10:50:01.721, 1119838815141005, vstest.console.dll, TcpClientExtensions.MessageLoopAsync: Polling on remoteEndPoint: 127.0.0.1:39034 localEndPoint: 127.0.0.1:38723 after 1004 ms
TpTrace Verbose: 0 : 165606, 7, 2026/02/19, 10:50:02.726, 1119839820036875, vstest.console.dll, TcpClientExtensions.MessageLoopAsync: Polling on remoteEndPoint: 127.0.0.1:39034 localEndPoint: 127.0.0.1:38723 after 1004 ms
TpTrace Verbose: 0 : 165606, 7, 2026/02/19, 10:50:03.731, 1119840825111373, vstest.console.dll, TcpClientExtensions.MessageLoopAsync: Polling on remoteEndPoint: 127.0.0.1:39034 localEndPoint: 127.0.0.1:38723 after 1004 ms
TpTrace Verbose: 0 : 165606, 7, 2026/02/19, 10:50:04.736, 1119841830059594, vstest.console.dll, TcpClientExtensions.MessageLoopAsync: Polling on remoteEndPoint: 127.0.0.1:39034 localEndPoint: 127.0.0.1:38723 after 1004 ms
TpTrace Verbose: 0 : 165606, 7, 2026/02/19, 10:50:05.741, 1119842835077718, vstest.console.dll, TcpClientExtensions.MessageLoopAsync: Polling on remoteEndPoint: 127.0.0.1:39034 localEndPoint: 127.0.0.1:38723 after 1004 ms
TpTrace Verbose: 0 : 165606, 7, 2026/02/19, 10:50:06.746, 1119843840137766, vstest.console.dll, TcpClientExtensions.MessageLoopAsync: Polling on remoteEndPoint: 127.0.0.1:39034 localEndPoint: 127.0.0.1:38723 after 1004 ms
TpTrace Verbose: 0 : 165606, 7, 2026/02/19, 10:50:07.751, 1119844845412568, vstest.console.dll, TcpClientExtensions.MessageLoopAsync: Polling on remoteEndPoint: 127.0.0.1:39034 localEndPoint: 127.0.0.1:38723 after 1005 ms
TpTrace Verbose: 0 : 165606, 7, 2026/02/19, 10:50:08.757, 1119845850503957, vstest.console.dll, TcpClientExtensions.MessageLoopAsync: Polling on remoteEndPoint: 127.0.0.1:39034 localEndPoint: 127.0.0.1:38723 after 1005 ms
TpTrace Verbose: 0 : 165606, 7, 2026/02/19, 10:50:09.761, 1119846855131766, vstest.console.dll, TcpClientExtensions.MessageLoopAsync: Polling on remoteEndPoint: 127.0.0.1:39034 localEndPoint: 127.0.0.1:38723 after 1004 ms
TpTrace Verbose: 0 : 165606, 7, 2026/02/19, 10:50:10.766, 1119847860040389, vstest.console.dll, TcpClientExtensions.MessageLoopAsync: Polling on remoteEndPoint: 127.0.0.1:39034 localEndPoint: 127.0.0.1:38723 after 1004 ms
TpTrace Verbose: 0 : 165606, 7, 2026/02/19, 10:50:11.771, 1119848865067757, vstest.console.dll, TcpClientExtensions.MessageLoopAsync: Polling on remoteEndPoint: 127.0.0.1:39034 localEndPoint: 127.0.0.1:38723 after 1004 ms
TpTrace Verbose: 0 : 165606, 7, 2026/02/19, 10:50:12.776, 1119849870104480, vstest.console.dll, TcpClientExtensions.MessageLoopAsync: Polling on remoteEndPoint: 127.0.0.1:39034 localEndPoint: 127.0.0.1:38723 after 1004 ms
TpTrace Verbose: 0 : 165606, 7, 2026/02/19, 10:50:13.782, 1119850876035620, vstest.console.dll, TcpClientExtensions.MessageLoopAsync: Polling on remoteEndPoint: 127.0.0.1:39034 localEndPoint: 127.0.0.1:38723 after 1005 ms
TpTrace Verbose: 0 : 165606, 7, 2026/02/19, 10:50:14.787, 1119851881033627, vstest.console.dll, TcpClientExtensions.MessageLoopAsync: Polling on remoteEndPoint: 127.0.0.1:39034 localEndPoint: 127.0.0.1:38723 after 1004 ms
TpTrace Verbose: 0 : 165606, 7, 2026/02/19, 10:50:15.792, 1119852886371085, vstest.console.dll, TcpClientExtensions.MessageLoopAsync: Polling on remoteEndPoint: 127.0.0.1:39034 localEndPoint: 127.0.0.1:38723 after 1005 ms
TpTrace Verbose: 0 : 165606, 7, 2026/02/19, 10:50:16.797, 1119853891090166, vstest.console.dll, TcpClientExtensions.MessageLoopAsync: Polling on remoteEndPoint: 127.0.0.1:39034 localEndPoint: 127.0.0.1:38723 after 1004 ms
TpTrace Verbose: 0 : 165606, 7, 2026/02/19, 10:50:17.802, 1119854896143694, vstest.console.dll, TcpClientExtensions.MessageLoopAsync: Polling on remoteEndPoint: 127.0.0.1:39034 localEndPoint: 127.0.0.1:38723 after 1004 ms
TpTrace Verbose: 0 : 165606, 7, 2026/02/19, 10:50:18.807, 1119855901193653, vstest.console.dll, TcpClientExtensions.MessageLoopAsync: Polling on remoteEndPoint: 127.0.0.1:39034 localEndPoint: 127.0.0.1:38723 after 1004 ms
TpTrace Verbose: 0 : 165606, 7, 2026/02/19, 10:50:19.812, 1119856906055391, vstest.console.dll, TcpClientExtensions.MessageLoopAsync: Polling on remoteEndPoint: 127.0.0.1:39034 localEndPoint: 127.0.0.1:38723 after 1004 ms
TpTrace Verbose: 0 : 165606, 7, 2026/02/19, 10:50:20.817, 1119857911051597, vstest.console.dll, TcpClientExtensions.MessageLoopAsync: Polling on remoteEndPoint: 127.0.0.1:39034 localEndPoint: 127.0.0.1:38723 after 1004 ms
TpTrace Verbose: 0 : 165606, 7, 2026/02/19, 10:50:21.822, 1119858916051339, vstest.console.dll, TcpClientExtensions.MessageLoopAsync: Polling on remoteEndPoint: 127.0.0.1:39034 localEndPoint: 127.0.0.1:38723 after 1004 ms
TpTrace Verbose: 0 : 165606, 7, 2026/02/19, 10:50:22.827, 1119859921081233, vstest.console.dll, TcpClientExtensions.MessageLoopAsync: Polling on remoteEndPoint: 127.0.0.1:39034 localEndPoint: 127.0.0.1:38723 after 1004 ms
TpTrace Verbose: 0 : 165606, 7, 2026/02/19, 10:50:23.832, 1119860926088623, vstest.console.dll, TcpClientExtensions.MessageLoopAsync: Polling on remoteEndPoint: 127.0.0.1:39034 localEndPoint: 127.0.0.1:38723 after 1004 ms
TpTrace Verbose: 0 : 165606, 7, 2026/02/19, 10:50:24.837, 1119861931059971, vstest.console.dll, TcpClientExtensions.MessageLoopAsync: Polling on remoteEndPoint: 127.0.0.1:39034 localEndPoint: 127.0.0.1:38723 after 1004 ms
TpTrace Verbose: 0 : 165606, 7, 2026/02/19, 10:50:25.842, 1119862936201297, vstest.console.dll, TcpClientExtensions.MessageLoopAsync: Polling on remoteEndPoint: 127.0.0.1:39034 localEndPoint: 127.0.0.1:38723 after 1005 ms
TpTrace Verbose: 0 : 165606, 7, 2026/02/19, 10:50:26.847, 1119863941077495, vstest.console.dll, TcpClientExtensions.MessageLoopAsync: Polling on remoteEndPoint: 127.0.0.1:39034 localEndPoint: 127.0.0.1:38723 after 1004 ms
TpTrace Verbose: 0 : 165606, 7, 2026/02/19, 10:50:27.853, 1119864947078446, vstest.console.dll, TcpClientExtensions.MessageLoopAsync: Polling on remoteEndPoint: 127.0.0.1:39034 localEndPoint: 127.0.0.1:38723 after 1005 ms
TpTrace Verbose: 0 : 165606, 7, 2026/02/19, 10:50:28.858, 1119865952028004, vstest.console.dll, TcpClientExtensions.MessageLoopAsync: Polling on remoteEndPoint: 127.0.0.1:39034 localEndPoint: 127.0.0.1:38723 after 1004 ms
TpTrace Verbose: 0 : 165606, 7, 2026/02/19, 10:50:29.864, 1119866957477186, vstest.console.dll, TcpClientExtensions.MessageLoopAsync: Polling on remoteEndPoint: 127.0.0.1:39034 localEndPoint: 127.0.0.1:38723 after 1005 ms
TpTrace Verbose: 0 : 165606, 7, 2026/02/19, 10:50:30.869, 1119867963026457, vstest.console.dll, TcpClientExtensions.MessageLoopAsync: Polling on remoteEndPoint: 127.0.0.1:39034 localEndPoint: 127.0.0.1:38723 after 1004 ms
TpTrace Verbose: 0 : 165606, 7, 2026/02/19, 10:50:31.874, 1119868968311232, vstest.console.dll, TcpClientExtensions.MessageLoopAsync: Polling on remoteEndPoint: 127.0.0.1:39034 localEndPoint: 127.0.0.1:38723 after 1005 ms
TpTrace Verbose: 0 : 165606, 7, 2026/02/19, 10:50:32.879, 1119869973039814, vstest.console.dll, TcpClientExtensions.MessageLoopAsync: Polling on remoteEndPoint: 127.0.0.1:39034 localEndPoint: 127.0.0.1:38723 after 1004 ms
TpTrace Verbose: 0 : 165606, 7, 2026/02/19, 10:50:33.884, 1119870978337701, vstest.console.dll, TcpClientExtensions.MessageLoopAsync: Polling on remoteEndPoint: 127.0.0.1:39034 localEndPoint: 127.0.0.1:38723 after 1004 ms
TpTrace Verbose: 0 : 165606, 7, 2026/02/19, 10:50:34.889, 1119871983037860, vstest.console.dll, TcpClientExtensions.MessageLoopAsync: Polling on remoteEndPoint: 127.0.0.1:39034 localEndPoint: 127.0.0.1:38723 after 1004 ms
TpTrace Verbose: 0 : 165606, 7, 2026/02/19, 10:50:35.894, 1119872988042489, vstest.console.dll, TcpClientExtensions.MessageLoopAsync: Polling on remoteEndPoint: 127.0.0.1:39034 localEndPoint: 127.0.0.1:38723 after 1004 ms
TpTrace Verbose: 0 : 165606, 7, 2026/02/19, 10:50:36.900, 1119873994035096, vstest.console.dll, TcpClientExtensions.MessageLoopAsync: Polling on remoteEndPoint: 127.0.0.1:39034 localEndPoint: 127.0.0.1:38723 after 1004 ms
TpTrace Verbose: 0 : 165606, 7, 2026/02/19, 10:50:37.908, 1119875001796056, vstest.console.dll, TcpClientExtensions.MessageLoopAsync: Polling on remoteEndPoint: 127.0.0.1:39034 localEndPoint: 127.0.0.1:38723 after 1005 ms
TpTrace Verbose: 0 : 165606, 7, 2026/02/19, 10:50:38.913, 1119876007361787, vstest.console.dll, TcpClientExtensions.MessageLoopAsync: Polling on remoteEndPoint: 127.0.0.1:39034 localEndPoint: 127.0.0.1:38723 after 1005 ms
TpTrace Verbose: 0 : 165606, 7, 2026/02/19, 10:50:39.918, 1119877012051029, vstest.console.dll, TcpClientExtensions.MessageLoopAsync: Polling on remoteEndPoint: 127.0.0.1:39034 localEndPoint: 127.0.0.1:38723 after 1004 ms
TpTrace Verbose: 0 : 165606, 7, 2026/02/19, 10:50:40.923, 1119878017073528, vstest.console.dll, TcpClientExtensions.MessageLoopAsync: Polling on remoteEndPoint: 127.0.0.1:39034 localEndPoint: 127.0.0.1:38723 after 1004 ms
TpTrace Verbose: 0 : 165606, 7, 2026/02/19, 10:50:41.928, 1119879022138907, vstest.console.dll, TcpClientExtensions.MessageLoopAsync: Polling on remoteEndPoint: 127.0.0.1:39034 localEndPoint: 127.0.0.1:38723 after 1004 ms
TpTrace Verbose: 0 : 165606, 7, 2026/02/19, 10:50:42.933, 1119880027245455, vstest.console.dll, TcpClientExtensions.MessageLoopAsync: Polling on remoteEndPoint: 127.0.0.1:39034 localEndPoint: 127.0.0.1:38723 after 1005 ms
TpTrace Verbose: 0 : 165606, 7, 2026/02/19, 10:50:43.938, 1119881032158200, vstest.console.dll, TcpClientExtensions.MessageLoopAsync: Polling on remoteEndPoint: 127.0.0.1:39034 localEndPoint: 127.0.0.1:38723 after 1004 ms
TpTrace Verbose: 0 : 165606, 7, 2026/02/19, 10:50:44.943, 1119882037157954, vstest.console.dll, TcpClientExtensions.MessageLoopAsync: Polling on remoteEndPoint: 127.0.0.1:39034 localEndPoint: 127.0.0.1:38723 after 1004 ms
TpTrace Verbose: 0 : 165606, 7, 2026/02/19, 10:50:45.948, 1119883042084317, vstest.console.dll, TcpClientExtensions.MessageLoopAsync: Polling on remoteEndPoint: 127.0.0.1:39034 localEndPoint: 127.0.0.1:38723 after 1004 ms
TpTrace Verbose: 0 : 165606, 7, 2026/02/19, 10:50:46.953, 1119884047384820, vstest.console.dll, TcpClientExtensions.MessageLoopAsync: Polling on remoteEndPoint: 127.0.0.1:39034 localEndPoint: 127.0.0.1:38723 after 1004 ms
TpTrace Verbose: 0 : 165606, 7, 2026/02/19, 10:50:47.958, 1119885052046647, vstest.console.dll, TcpClientExtensions.MessageLoopAsync: Polling on remoteEndPoint: 127.0.0.1:39034 localEndPoint: 127.0.0.1:38723 after 1004 ms
TpTrace Verbose: 0 : 165606, 7, 2026/02/19, 10:50:48.963, 1119886057071956, vstest.console.dll, TcpClientExtensions.MessageLoopAsync: Polling on remoteEndPoint: 127.0.0.1:39034 localEndPoint: 127.0.0.1:38723 after 1004 ms
TpTrace Verbose: 0 : 165606, 7, 2026/02/19, 10:50:49.968, 1119887062025255, vstest.console.dll, TcpClientExtensions.MessageLoopAsync: Polling on remoteEndPoint: 127.0.0.1:39034 localEndPoint: 127.0.0.1:38723 after 1004 ms
TpTrace Verbose: 0 : 165606, 7, 2026/02/19, 10:50:50.973, 1119888067058137, vstest.console.dll, TcpClientExtensions.MessageLoopAsync: Polling on remoteEndPoint: 127.0.0.1:39034 localEndPoint: 127.0.0.1:38723 after 1004 ms
TpTrace Verbose: 0 : 165606, 7, 2026/02/19, 10:50:51.978, 1119889072148425, vstest.console.dll, TcpClientExtensions.MessageLoopAsync: Polling on remoteEndPoint: 127.0.0.1:39034 localEndPoint: 127.0.0.1:38723 after 1005 ms
TpTrace Verbose: 0 : 165606, 7, 2026/02/19, 10:50:52.983, 1119890077081916, vstest.console.dll, TcpClientExtensions.MessageLoopAsync: Polling on remoteEndPoint: 127.0.0.1:39034 localEndPoint: 127.0.0.1:38723 after 1004 ms
TpTrace Verbose: 0 : 165606, 7, 2026/02/19, 10:50:53.988, 1119891082159519, vstest.console.dll, TcpClientExtensions.MessageLoopAsync: Polling on remoteEndPoint: 127.0.0.1:39034 localEndPoint: 127.0.0.1:38723 after 1004 ms
TpTrace Verbose: 0 : 165606, 7, 2026/02/19, 10:50:54.993, 1119892087132639, vstest.console.dll, TcpClientExtensions.MessageLoopAsync: Polling on remoteEndPoint: 127.0.0.1:39034 localEndPoint: 127.0.0.1:38723 after 1004 ms
TpTrace Verbose: 0 : 165606, 7, 2026/02/19, 10:50:55.998, 1119893092054864, vstest.console.dll, TcpClientExtensions.MessageLoopAsync: Polling on remoteEndPoint: 127.0.0.1:39034 localEndPoint: 127.0.0.1:38723 after 1004 ms
TpTrace Verbose: 0 : 165606, 7, 2026/02/19, 10:50:57.003, 1119894097058031, vstest.console.dll, TcpClientExtensions.MessageLoopAsync: Polling on remoteEndPoint: 127.0.0.1:39034 localEndPoint: 127.0.0.1:38723 after 1004 ms
TpTrace Verbose: 0 : 165606, 7, 2026/02/19, 10:50:58.008, 1119895102050552, vstest.console.dll, TcpClientExtensions.MessageLoopAsync: Polling on remoteEndPoint: 127.0.0.1:39034 localEndPoint: 127.0.0.1:38723 after 1004 ms
TpTrace Verbose: 0 : 165606, 7, 2026/02/19, 10:50:59.013, 1119896107073555, vstest.console.dll, TcpClientExtensions.MessageLoopAsync: Polling on remoteEndPoint: 127.0.0.1:39034 localEndPoint: 127.0.0.1:38723 after 1004 ms
TpTrace Verbose: 0 : 165606, 7, 2026/02/19, 10:51:00.016, 1119897110077113, vstest.console.dll, TcpClientExtensions.MessageLoopAsync: Polling on remoteEndPoint: 127.0.0.1:39034 localEndPoint: 127.0.0.1:38723 after 1002 ms
TpTrace Verbose: 0 : 165606, 7, 2026/02/19, 10:51:01.021, 1119898115217463, vstest.console.dll, TcpClientExtensions.MessageLoopAsync: Polling on remoteEndPoint: 127.0.0.1:39034 localEndPoint: 127.0.0.1:38723 after 1005 ms
TpTrace Verbose: 0 : 165606, 7, 2026/02/19, 10:51:02.026, 1119899120219211, vstest.console.dll, TcpClientExtensions.MessageLoopAsync: Polling on remoteEndPoint: 127.0.0.1:39034 localEndPoint: 127.0.0.1:38723 after 1004 ms
TpTrace Verbose: 0 : 165606, 7, 2026/02/19, 10:51:03.032, 1119900126033860, vstest.console.dll, TcpClientExtensions.MessageLoopAsync: Polling on remoteEndPoint: 127.0.0.1:39034 localEndPoint: 127.0.0.1:38723 after 1005 ms
TpTrace Verbose: 0 : 165606, 7, 2026/02/19, 10:51:04.037, 1119901131026918, vstest.console.dll, TcpClientExtensions.MessageLoopAsync: Polling on remoteEndPoint: 127.0.0.1:39034 localEndPoint: 127.0.0.1:38723 after 1004 ms
TpTrace Verbose: 0 : 165606, 7, 2026/02/19, 10:51:05.042, 1119902136045929, vstest.console.dll, TcpClientExtensions.MessageLoopAsync: Polling on remoteEndPoint: 127.0.0.1:39034 localEndPoint: 127.0.0.1:38723 after 1004 ms
TpTrace Verbose: 0 : 165606, 7, 2026/02/19, 10:51:06.047, 1119903141142073, vstest.console.dll, TcpClientExtensions.MessageLoopAsync: Polling on remoteEndPoint: 127.0.0.1:39034 localEndPoint: 127.0.0.1:38723 after 1005 ms
TpTrace Verbose: 0 : 165606, 7, 2026/02/19, 10:51:07.054, 1119904148046101, vstest.console.dll, TcpClientExtensions.MessageLoopAsync: Polling on remoteEndPoint: 127.0.0.1:39034 localEndPoint: 127.0.0.1:38723 after 1006 ms
TpTrace Verbose: 0 : 165606, 7, 2026/02/19, 10:51:08.059, 1119905153067976, vstest.console.dll, TcpClientExtensions.MessageLoopAsync: Polling on remoteEndPoint: 127.0.0.1:39034 localEndPoint: 127.0.0.1:38723 after 1004 ms
TpTrace Verbose: 0 : 165606, 7, 2026/02/19, 10:51:09.064, 1119906158059153, vstest.console.dll, TcpClientExtensions.MessageLoopAsync: Polling on remoteEndPoint: 127.0.0.1:39034 localEndPoint: 127.0.0.1:38723 after 1004 ms
TpTrace Verbose: 0 : 165606, 7, 2026/02/19, 10:51:10.069, 1119907163037601, vstest.console.dll, TcpClientExtensions.MessageLoopAsync: Polling on remoteEndPoint: 127.0.0.1:39034 localEndPoint: 127.0.0.1:38723 after 1004 ms
TpTrace Verbose: 0 : 165606, 7, 2026/02/19, 10:51:11.074, 1119908168029473, vstest.console.dll, TcpClientExtensions.MessageLoopAsync: Polling on remoteEndPoint: 127.0.0.1:39034 localEndPoint: 127.0.0.1:38723 after 1004 ms
TpTrace Verbose: 0 : 165606, 7, 2026/02/19, 10:51:12.079, 1119909173184868, vstest.console.dll, TcpClientExtensions.MessageLoopAsync: Polling on remoteEndPoint: 127.0.0.1:39034 localEndPoint: 127.0.0.1:38723 after 1004 ms
TpTrace Verbose: 0 : 165606, 7, 2026/02/19, 10:51:13.086, 1119910180150240, vstest.console.dll, TcpClientExtensions.MessageLoopAsync: Polling on remoteEndPoint: 127.0.0.1:39034 localEndPoint: 127.0.0.1:38723 after 1005 ms
TpTrace Verbose: 0 : 165606, 7, 2026/02/19, 10:51:14.091, 1119911185051156, vstest.console.dll, TcpClientExtensions.MessageLoopAsync: Polling on remoteEndPoint: 127.0.0.1:39034 localEndPoint: 127.0.0.1:38723 after 1004 ms
TpTrace Verbose: 0 : 165606, 7, 2026/02/19, 10:51:15.096, 1119912190037712, vstest.console.dll, TcpClientExtensions.MessageLoopAsync: Polling on remoteEndPoint: 127.0.0.1:39034 localEndPoint: 127.0.0.1:38723 after 1004 ms
TpTrace Verbose: 0 : 165606, 7, 2026/02/19, 10:51:16.101, 1119913195032722, vstest.console.dll, TcpClientExtensions.MessageLoopAsync: Polling on remoteEndPoint: 127.0.0.1:39034 localEndPoint: 127.0.0.1:38723 after 1004 ms
TpTrace Verbose: 0 : 165606, 7, 2026/02/19, 10:51:17.106, 1119914200033780, vstest.console.dll, TcpClientExtensions.MessageLoopAsync: Polling on remoteEndPoint: 127.0.0.1:39034 localEndPoint: 127.0.0.1:38723 after 1004 ms
TpTrace Verbose: 0 : 165606, 7, 2026/02/19, 10:51:18.111, 1119915205040622, vstest.console.dll, TcpClientExtensions.MessageLoopAsync: Polling on remoteEndPoint: 127.0.0.1:39034 localEndPoint: 127.0.0.1:38723 after 1004 ms
TpTrace Verbose: 0 : 165606, 7, 2026/02/19, 10:51:19.116, 1119916210038483, vstest.console.dll, TcpClientExtensions.MessageLoopAsync: Polling on remoteEndPoint: 127.0.0.1:39034 localEndPoint: 127.0.0.1:38723 after 1004 ms
TpTrace Verbose: 0 : 165606, 7, 2026/02/19, 10:51:20.121, 1119917215034820, vstest.console.dll, TcpClientExtensions.MessageLoopAsync: Polling on remoteEndPoint: 127.0.0.1:39034 localEndPoint: 127.0.0.1:38723 after 1004 ms
TpTrace Verbose: 0 : 165606, 7, 2026/02/19, 10:51:21.128, 1119918221838000, vstest.console.dll, TcpClientExtensions.MessageLoopAsync: Polling on remoteEndPoint: 127.0.0.1:39034 localEndPoint: 127.0.0.1:38723 after 1006 ms
TpTrace Verbose: 0 : 165606, 7, 2026/02/19, 10:51:22.133, 1119919227033527, vstest.console.dll, TcpClientExtensions.MessageLoopAsync: Polling on remoteEndPoint: 127.0.0.1:39034 localEndPoint: 127.0.0.1:38723 after 1004 ms
TpTrace Verbose: 0 : 165606, 7, 2026/02/19, 10:51:23.138, 1119920232028985, vstest.console.dll, TcpClientExtensions.MessageLoopAsync: Polling on remoteEndPoint: 127.0.0.1:39034 localEndPoint: 127.0.0.1:38723 after 1004 ms
TpTrace Verbose: 0 : 165606, 7, 2026/02/19, 10:51:24.143, 1119921237038756, vstest.console.dll, TcpClientExtensions.MessageLoopAsync: Polling on remoteEndPoint: 127.0.0.1:39034 localEndPoint: 127.0.0.1:38723 after 1004 ms
TpTrace Verbose: 0 : 165606, 7, 2026/02/19, 10:51:25.148, 1119922242075474, vstest.console.dll, TcpClientExtensions.MessageLoopAsync: Polling on remoteEndPoint: 127.0.0.1:39034 localEndPoint: 127.0.0.1:38723 after 1004 ms
TpTrace Verbose: 0 : 165606, 7, 2026/02/19, 10:51:26.149, 1119923242520872, vstest.console.dll, TcpClientExtensions.MessageLoopAsync: Polling on remoteEndPoint: 127.0.0.1:39034 localEndPoint: 127.0.0.1:38723 after 1000 ms
TpTrace Verbose: 0 : 165606, 7, 2026/02/19, 10:51:27.153, 1119924247057385, vstest.console.dll, TcpClientExtensions.MessageLoopAsync: Polling on remoteEndPoint: 127.0.0.1:39034 localEndPoint: 127.0.0.1:38723 after 1004 ms
TpTrace Verbose: 0 : 165606, 7, 2026/02/19, 10:51:28.158, 1119925252073789, vstest.console.dll, TcpClientExtensions.MessageLoopAsync: Polling on remoteEndPoint: 127.0.0.1:39034 localEndPoint: 127.0.0.1:38723 after 1004 ms
TpTrace Verbose: 0 : 165606, 7, 2026/02/19, 10:51:29.163, 1119926257056921, vstest.console.dll, TcpClientExtensions.MessageLoopAsync: Polling on remoteEndPoint: 127.0.0.1:39034 localEndPoint: 127.0.0.1:38723 after 1004 ms
TpTrace Verbose: 0 : 165606, 7, 2026/02/19, 10:51:30.168, 1119927262021095, vstest.console.dll, TcpClientExtensions.MessageLoopAsync: Polling on remoteEndPoint: 127.0.0.1:39034 localEndPoint: 127.0.0.1:38723 after 1004 ms
TpTrace Verbose: 0 : 165606, 7, 2026/02/19, 10:51:31.173, 1119928267036381, vstest.console.dll, TcpClientExtensions.MessageLoopAsync: Polling on remoteEndPoint: 127.0.0.1:39034 localEndPoint: 127.0.0.1:38723 after 1004 ms
TpTrace Verbose: 0 : 165606, 7, 2026/02/19, 10:51:32.178, 1119929272049137, vstest.console.dll, TcpClientExtensions.MessageLoopAsync: Polling on remoteEndPoint: 127.0.0.1:39034 localEndPoint: 127.0.0.1:38723 after 1004 ms
TpTrace Verbose: 0 : 165606, 7, 2026/02/19, 10:51:33.183, 1119930277034245, vstest.console.dll, TcpClientExtensions.MessageLoopAsync: Polling on remoteEndPoint: 127.0.0.1:39034 localEndPoint: 127.0.0.1:38723 after 1004 ms
TpTrace Verbose: 0 : 165606, 7, 2026/02/19, 10:51:34.188, 1119931282096275, vstest.console.dll, TcpClientExtensions.MessageLoopAsync: Polling on remoteEndPoint: 127.0.0.1:39034 localEndPoint: 127.0.0.1:38723 after 1004 ms
TpTrace Verbose: 0 : 165606, 7, 2026/02/19, 10:51:35.193, 1119932287046990, vstest.console.dll, TcpClientExtensions.MessageLoopAsync: Polling on remoteEndPoint: 127.0.0.1:39034 localEndPoint: 127.0.0.1:38723 after 1004 ms
TpTrace Verbose: 0 : 165606, 7, 2026/02/19, 10:51:36.198, 1119933292044257, vstest.console.dll, TcpClientExtensions.MessageLoopAsync: Polling on remoteEndPoint: 127.0.0.1:39034 localEndPoint: 127.0.0.1:38723 after 1004 ms
TpTrace Verbose: 0 : 165606, 7, 2026/02/19, 10:51:37.203, 1119934297031334, vstest.console.dll, TcpClientExtensions.MessageLoopAsync: Polling on remoteEndPoint: 127.0.0.1:39034 localEndPoint: 127.0.0.1:38723 after 1004 ms
TpTrace Verbose: 0 : 165606, 7, 2026/02/19, 10:51:38.208, 1119935302034532, vstest.console.dll, TcpClientExtensions.MessageLoopAsync: Polling on remoteEndPoint: 127.0.0.1:39034 localEndPoint: 127.0.0.1:38723 after 1004 ms
TpTrace Verbose: 0 : 165606, 7, 2026/02/19, 10:51:39.213, 1119936307030375, vstest.console.dll, TcpClientExtensions.MessageLoopAsync: Polling on remoteEndPoint: 127.0.0.1:39034 localEndPoint: 127.0.0.1:38723 after 1004 ms
TpTrace Verbose: 0 : 165606, 7, 2026/02/19, 10:51:40.219, 1119937313029771, vstest.console.dll, TcpClientExtensions.MessageLoopAsync: Polling on remoteEndPoint: 127.0.0.1:39034 localEndPoint: 127.0.0.1:38723 after 1005 ms
TpTrace Verbose: 0 : 165606, 7, 2026/02/19, 10:51:41.224, 1119938318033769, vstest.console.dll, TcpClientExtensions.MessageLoopAsync: Polling on remoteEndPoint: 127.0.0.1:39034 localEndPoint: 127.0.0.1:38723 after 1004 ms
TpTrace Verbose: 0 : 165606, 7, 2026/02/19, 10:51:42.229, 1119939323032329, vstest.console.dll, TcpClientExtensions.MessageLoopAsync: Polling on remoteEndPoint: 127.0.0.1:39034 localEndPoint: 127.0.0.1:38723 after 1004 ms
TpTrace Verbose: 0 : 165606, 7, 2026/02/19, 10:51:43.242, 1119940335763849, vstest.console.dll, TcpClientExtensions.MessageLoopAsync: Polling on remoteEndPoint: 127.0.0.1:39034 localEndPoint: 127.0.0.1:38723 after 1012 ms
TpTrace Verbose: 0 : 165606, 7, 2026/02/19, 10:51:44.247, 1119941341113001, vstest.console.dll, TcpClientExtensions.MessageLoopAsync: Polling on remoteEndPoint: 127.0.0.1:39034 localEndPoint: 127.0.0.1:38723 after 1004 ms
TpTrace Verbose: 0 : 165606, 7, 2026/02/19, 10:51:45.252, 1119942346280809, vstest.console.dll, TcpClientExtensions.MessageLoopAsync: Polling on remoteEndPoint: 127.0.0.1:39034 localEndPoint: 127.0.0.1:38723 after 1004 ms
TpTrace Verbose: 0 : 165606, 7, 2026/02/19, 10:51:46.257, 1119943351035431, vstest.console.dll, TcpClientExtensions.MessageLoopAsync: Polling on remoteEndPoint: 127.0.0.1:39034 localEndPoint: 127.0.0.1:38723 after 1004 ms
TpTrace Verbose: 0 : 165606, 7, 2026/02/19, 10:51:47.262, 1119944356092050, vstest.console.dll, TcpClientExtensions.MessageLoopAsync: Polling on remoteEndPoint: 127.0.0.1:39034 localEndPoint: 127.0.0.1:38723 after 1004 ms
TpTrace Verbose: 0 : 165606, 7, 2026/02/19, 10:51:48.267, 1119945361053223, vstest.console.dll, TcpClientExtensions.MessageLoopAsync: Polling on remoteEndPoint: 127.0.0.1:39034 localEndPoint: 127.0.0.1:38723 after 1004 ms
TpTrace Verbose: 0 : 165606, 7, 2026/02/19, 10:51:49.272, 1119946366035293, vstest.console.dll, TcpClientExtensions.MessageLoopAsync: Polling on remoteEndPoint: 127.0.0.1:39034 localEndPoint: 127.0.0.1:38723 after 1004 ms
TpTrace Verbose: 0 : 165606, 7, 2026/02/19, 10:51:50.277, 1119947371076065, vstest.console.dll, TcpClientExtensions.MessageLoopAsync: Polling on remoteEndPoint: 127.0.0.1:39034 localEndPoint: 127.0.0.1:38723 after 1004 ms
TpTrace Verbose: 0 : 165606, 7, 2026/02/19, 10:51:51.282, 1119948376113505, vstest.console.dll, TcpClientExtensions.MessageLoopAsync: Polling on remoteEndPoint: 127.0.0.1:39034 localEndPoint: 127.0.0.1:38723 after 1004 ms
TpTrace Verbose: 0 : 165606, 7, 2026/02/19, 10:51:52.287, 1119949381077590, vstest.console.dll, TcpClientExtensions.MessageLoopAsync: Polling on remoteEndPoint: 127.0.0.1:39034 localEndPoint: 127.0.0.1:38723 after 1004 ms
TpTrace Verbose: 0 : 165606, 7, 2026/02/19, 10:51:53.292, 1119950386074757, vstest.console.dll, TcpClientExtensions.MessageLoopAsync: Polling on remoteEndPoint: 127.0.0.1:39034 localEndPoint: 127.0.0.1:38723 after 1004 ms
TpTrace Verbose: 0 : 165606, 7, 2026/02/19, 10:51:54.297, 1119951391073373, vstest.console.dll, TcpClientExtensions.MessageLoopAsync: Polling on remoteEndPoint: 127.0.0.1:39034 localEndPoint: 127.0.0.1:38723 after 1004 ms
TpTrace Verbose: 0 : 165606, 7, 2026/02/19, 10:51:55.302, 1119952396035515, vstest.console.dll, TcpClientExtensions.MessageLoopAsync: Polling on remoteEndPoint: 127.0.0.1:39034 localEndPoint: 127.0.0.1:38723 after 1004 ms
TpTrace Verbose: 0 : 165606, 7, 2026/02/19, 10:51:56.307, 1119953401029121, vstest.console.dll, TcpClientExtensions.MessageLoopAsync: Polling on remoteEndPoint: 127.0.0.1:39034 localEndPoint: 127.0.0.1:38723 after 1004 ms
TpTrace Verbose: 0 : 165606, 7, 2026/02/19, 10:51:57.313, 1119954407045229, vstest.console.dll, TcpClientExtensions.MessageLoopAsync: Polling on remoteEndPoint: 127.0.0.1:39034 localEndPoint: 127.0.0.1:38723 after 1004 ms
TpTrace Verbose: 0 : 165606, 7, 2026/02/19, 10:51:58.318, 1119955412056456, vstest.console.dll, TcpClientExtensions.MessageLoopAsync: Polling on remoteEndPoint: 127.0.0.1:39034 localEndPoint: 127.0.0.1:38723 after 1004 ms
TpTrace Verbose: 0 : 165606, 7, 2026/02/19, 10:51:59.324, 1119956417529342, vstest.console.dll, TcpClientExtensions.MessageLoopAsync: Polling on remoteEndPoint: 127.0.0.1:39034 localEndPoint: 127.0.0.1:38723 after 1005 ms
TpTrace Verbose: 0 : 165606, 7, 2026/02/19, 10:52:00.330, 1119957423662195, vstest.console.dll, TcpClientExtensions.MessageLoopAsync: Polling on remoteEndPoint: 127.0.0.1:39034 localEndPoint: 127.0.0.1:38723 after 1006 ms
TpTrace Verbose: 0 : 165606, 7, 2026/02/19, 10:52:01.336, 1119958430027686, vstest.console.dll, TcpClientExtensions.MessageLoopAsync: Polling on remoteEndPoint: 127.0.0.1:39034 localEndPoint: 127.0.0.1:38723 after 1005 ms
TpTrace Verbose: 0 : 165606, 7, 2026/02/19, 10:52:02.341, 1119959435026799, vstest.console.dll, TcpClientExtensions.MessageLoopAsync: Polling on remoteEndPoint: 127.0.0.1:39034 localEndPoint: 127.0.0.1:38723 after 1004 ms
TpTrace Verbose: 0 : 165606, 7, 2026/02/19, 10:52:03.346, 1119960440170738, vstest.console.dll, TcpClientExtensions.MessageLoopAsync: Polling on remoteEndPoint: 127.0.0.1:39034 localEndPoint: 127.0.0.1:38723 after 1004 ms
TpTrace Verbose: 0 : 165606, 7, 2026/02/19, 10:52:04.351, 1119961445037076, vstest.console.dll, TcpClientExtensions.MessageLoopAsync: Polling on remoteEndPoint: 127.0.0.1:39034 localEndPoint: 127.0.0.1:38723 after 1004 ms
TpTrace Verbose: 0 : 165606, 7, 2026/02/19, 10:52:05.356, 1119962450173599, vstest.console.dll, TcpClientExtensions.MessageLoopAsync: Polling on remoteEndPoint: 127.0.0.1:39034 localEndPoint: 127.0.0.1:38723 after 1004 ms
TpTrace Verbose: 0 : 165606, 7, 2026/02/19, 10:52:06.361, 1119963455062136, vstest.console.dll, TcpClientExtensions.MessageLoopAsync: Polling on remoteEndPoint: 127.0.0.1:39034 localEndPoint: 127.0.0.1:38723 after 1004 ms
TpTrace Verbose: 0 : 165606, 7, 2026/02/19, 10:52:07.366, 1119964460035428, vstest.console.dll, TcpClientExtensions.MessageLoopAsync: Polling on remoteEndPoint: 127.0.0.1:39034 localEndPoint: 127.0.0.1:38723 after 1004 ms
TpTrace Verbose: 0 : 165606, 7, 2026/02/19, 10:52:08.371, 1119965465028627, vstest.console.dll, TcpClientExtensions.MessageLoopAsync: Polling on remoteEndPoint: 127.0.0.1:39034 localEndPoint: 127.0.0.1:38723 after 1004 ms
TpTrace Verbose: 0 : 165606, 7, 2026/02/19, 10:52:09.376, 1119966470038137, vstest.console.dll, TcpClientExtensions.MessageLoopAsync: Polling on remoteEndPoint: 127.0.0.1:39034 localEndPoint: 127.0.0.1:38723 after 1004 ms
TpTrace Verbose: 0 : 165606, 7, 2026/02/19, 10:52:10.381, 1119967475032325, vstest.console.dll, TcpClientExtensions.MessageLoopAsync: Polling on remoteEndPoint: 127.0.0.1:39034 localEndPoint: 127.0.0.1:38723 after 1004 ms
TpTrace Verbose: 0 : 165606, 7, 2026/02/19, 10:52:11.414, 1119968508108724, vstest.console.dll, TcpClientExtensions.MessageLoopAsync: Polling on remoteEndPoint: 127.0.0.1:39034 localEndPoint: 127.0.0.1:38723 after 1032 ms
TpTrace Verbose: 0 : 165606, 7, 2026/02/19, 10:52:12.420, 1119969514036209, vstest.console.dll, TcpClientExtensions.MessageLoopAsync: Polling on remoteEndPoint: 127.0.0.1:39034 localEndPoint: 127.0.0.1:38723 after 1004 ms
TpTrace Verbose: 0 : 165606, 7, 2026/02/19, 10:52:13.425, 1119970519035015, vstest.console.dll, TcpClientExtensions.MessageLoopAsync: Polling on remoteEndPoint: 127.0.0.1:39034 localEndPoint: 127.0.0.1:38723 after 1004 ms
TpTrace Verbose: 0 : 165606, 7, 2026/02/19, 10:52:14.430, 1119971524034759, vstest.console.dll, TcpClientExtensions.MessageLoopAsync: Polling on remoteEndPoint: 127.0.0.1:39034 localEndPoint: 127.0.0.1:38723 after 1004 ms
TpTrace Verbose: 0 : 165606, 7, 2026/02/19, 10:52:15.435, 1119972529043300, vstest.console.dll, TcpClientExtensions.MessageLoopAsync: Polling on remoteEndPoint: 127.0.0.1:39034 localEndPoint: 127.0.0.1:38723 after 1004 ms
TpTrace Verbose: 0 : 165606, 7, 2026/02/19, 10:52:16.441, 1119973535037512, vstest.console.dll, TcpClientExtensions.MessageLoopAsync: Polling on remoteEndPoint: 127.0.0.1:39034 localEndPoint: 127.0.0.1:38723 after 1005 ms
TpTrace Verbose: 0 : 165606, 7, 2026/02/19, 10:52:17.446, 1119974540041460, vstest.console.dll, TcpClientExtensions.MessageLoopAsync: Polling on remoteEndPoint: 127.0.0.1:39034 localEndPoint: 127.0.0.1:38723 after 1004 ms
TpTrace Verbose: 0 : 165606, 7, 2026/02/19, 10:52:18.451, 1119975545027668, vstest.console.dll, TcpClientExtensions.MessageLoopAsync: Polling on remoteEndPoint: 127.0.0.1:39034 localEndPoint: 127.0.0.1:38723 after 1004 ms
TpTrace Verbose: 0 : 165606, 7, 2026/02/19, 10:52:19.456, 1119976550085378, vstest.console.dll, TcpClientExtensions.MessageLoopAsync: Polling on remoteEndPoint: 127.0.0.1:39034 localEndPoint: 127.0.0.1:38723 after 1004 ms
TpTrace Verbose: 0 : 165606, 7, 2026/02/19, 10:52:20.461, 1119977555076415, vstest.console.dll, TcpClientExtensions.MessageLoopAsync: Polling on remoteEndPoint: 127.0.0.1:39034 localEndPoint: 127.0.0.1:38723 after 1004 ms
TpTrace Verbose: 0 : 165606, 7, 2026/02/19, 10:52:21.471, 1119978565031231, vstest.console.dll, TcpClientExtensions.MessageLoopAsync: Polling on remoteEndPoint: 127.0.0.1:39034 localEndPoint: 127.0.0.1:38723 after 1009 ms
TpTrace Verbose: 0 : 165606, 7, 2026/02/19, 10:52:22.476, 1119979570043637, vstest.console.dll, TcpClientExtensions.MessageLoopAsync: Polling on remoteEndPoint: 127.0.0.1:39034 localEndPoint: 127.0.0.1:38723 after 1004 ms
TpTrace Verbose: 0 : 165606, 7, 2026/02/19, 10:52:23.481, 1119980575031739, vstest.console.dll, TcpClientExtensions.MessageLoopAsync: Polling on remoteEndPoint: 127.0.0.1:39034 localEndPoint: 127.0.0.1:38723 after 1004 ms
TpTrace Verbose: 0 : 165606, 7, 2026/02/19, 10:52:24.486, 1119981580037099, vstest.console.dll, TcpClientExtensions.MessageLoopAsync: Polling on remoteEndPoint: 127.0.0.1:39034 localEndPoint: 127.0.0.1:38723 after 1004 ms
TpTrace Verbose: 0 : 165606, 7, 2026/02/19, 10:52:25.491, 1119982585118854, vstest.console.dll, TcpClientExtensions.MessageLoopAsync: Polling on remoteEndPoint: 127.0.0.1:39034 localEndPoint: 127.0.0.1:38723 after 1005 ms
TpTrace Verbose: 0 : 165606, 7, 2026/02/19, 10:52:26.496, 1119983590071051, vstest.console.dll, TcpClientExtensions.MessageLoopAsync: Polling on remoteEndPoint: 127.0.0.1:39034 localEndPoint: 127.0.0.1:38723 after 1004 ms
TpTrace Verbose: 0 : 165606, 7, 2026/02/19, 10:52:27.501, 1119984595066634, vstest.console.dll, TcpClientExtensions.MessageLoopAsync: Polling on remoteEndPoint: 127.0.0.1:39034 localEndPoint: 127.0.0.1:38723 after 1004 ms
TpTrace Verbose: 0 : 165606, 7, 2026/02/19, 10:52:28.506, 1119985600139522, vstest.console.dll, TcpClientExtensions.MessageLoopAsync: Polling on remoteEndPoint: 127.0.0.1:39034 localEndPoint: 127.0.0.1:38723 after 1005 ms
TpTrace Verbose: 0 : 165606, 7, 2026/02/19, 10:52:29.511, 1119986605088448, vstest.console.dll, TcpClientExtensions.MessageLoopAsync: Polling on remoteEndPoint: 127.0.0.1:39034 localEndPoint: 127.0.0.1:38723 after 1004 ms
TpTrace Verbose: 0 : 165606, 7, 2026/02/19, 10:52:30.516, 1119987610059588, vstest.console.dll, TcpClientExtensions.MessageLoopAsync: Polling on remoteEndPoint: 127.0.0.1:39034 localEndPoint: 127.0.0.1:38723 after 1004 ms
TpTrace Verbose: 0 : 165606, 7, 2026/02/19, 10:52:31.521, 1119988615115393, vstest.console.dll, TcpClientExtensions.MessageLoopAsync: Polling on remoteEndPoint: 127.0.0.1:39034 localEndPoint: 127.0.0.1:38723 after 1004 ms
TpTrace Verbose: 0 : 165606, 7, 2026/02/19, 10:52:32.526, 1119989620033749, vstest.console.dll, TcpClientExtensions.MessageLoopAsync: Polling on remoteEndPoint: 127.0.0.1:39034 localEndPoint: 127.0.0.1:38723 after 1004 ms
TpTrace Verbose: 0 : 165606, 7, 2026/02/19, 10:52:33.531, 1119990625077916, vstest.console.dll, TcpClientExtensions.MessageLoopAsync: Polling on remoteEndPoint: 127.0.0.1:39034 localEndPoint: 127.0.0.1:38723 after 1004 ms
TpTrace Verbose: 0 : 165606, 7, 2026/02/19, 10:52:34.536, 1119991630045783, vstest.console.dll, TcpClientExtensions.MessageLoopAsync: Polling on remoteEndPoint: 127.0.0.1:39034 localEndPoint: 127.0.0.1:38723 after 1004 ms
TpTrace Verbose: 0 : 165606, 7, 2026/02/19, 10:52:35.541, 1119992635062750, vstest.console.dll, TcpClientExtensions.MessageLoopAsync: Polling on remoteEndPoint: 127.0.0.1:39034 localEndPoint: 127.0.0.1:38723 after 1004 ms
TpTrace Verbose: 0 : 165606, 7, 2026/02/19, 10:52:36.546, 1119993640051654, vstest.console.dll, TcpClientExtensions.MessageLoopAsync: Polling on remoteEndPoint: 127.0.0.1:39034 localEndPoint: 127.0.0.1:38723 after 1004 ms
TpTrace Verbose: 0 : 165606, 7, 2026/02/19, 10:52:37.552, 1119994646103235, vstest.console.dll, TcpClientExtensions.MessageLoopAsync: Polling on remoteEndPoint: 127.0.0.1:39034 localEndPoint: 127.0.0.1:38723 after 1004 ms
TpTrace Verbose: 0 : 165606, 7, 2026/02/19, 10:52:38.559, 1119995653063757, vstest.console.dll, TcpClientExtensions.MessageLoopAsync: Polling on remoteEndPoint: 127.0.0.1:39034 localEndPoint: 127.0.0.1:38723 after 1006 ms
TpTrace Verbose: 0 : 165606, 7, 2026/02/19, 10:52:39.564, 1119996658027754, vstest.console.dll, TcpClientExtensions.MessageLoopAsync: Polling on remoteEndPoint: 127.0.0.1:39034 localEndPoint: 127.0.0.1:38723 after 1004 ms
TpTrace Verbose: 0 : 165606, 7, 2026/02/19, 10:52:40.569, 1119997663039986, vstest.console.dll, TcpClientExtensions.MessageLoopAsync: Polling on remoteEndPoint: 127.0.0.1:39034 localEndPoint: 127.0.0.1:38723 after 1004 ms
TpTrace Verbose: 0 : 165606, 7, 2026/02/19, 10:52:41.574, 1119998668044741, vstest.console.dll, TcpClientExtensions.MessageLoopAsync: Polling on remoteEndPoint: 127.0.0.1:39034 localEndPoint: 127.0.0.1:38723 after 1004 ms
TpTrace Verbose: 0 : 165606, 7, 2026/02/19, 10:52:42.579, 1119999673037320, vstest.console.dll, TcpClientExtensions.MessageLoopAsync: Polling on remoteEndPoint: 127.0.0.1:39034 localEndPoint: 127.0.0.1:38723 after 1004 ms
TpTrace Verbose: 0 : 165606, 7, 2026/02/19, 10:52:43.584, 1120000678033288, vstest.console.dll, TcpClientExtensions.MessageLoopAsync: Polling on remoteEndPoint: 127.0.0.1:39034 localEndPoint: 127.0.0.1:38723 after 1004 ms
TpTrace Verbose: 0 : 165606, 7, 2026/02/19, 10:52:44.589, 1120001683033913, vstest.console.dll, TcpClientExtensions.MessageLoopAsync: Polling on remoteEndPoint: 127.0.0.1:39034 localEndPoint: 127.0.0.1:38723 after 1004 ms
TpTrace Verbose: 0 : 165606, 7, 2026/02/19, 10:52:45.594, 1120002688063879, vstest.console.dll, TcpClientExtensions.MessageLoopAsync: Polling on remoteEndPoint: 127.0.0.1:39034 localEndPoint: 127.0.0.1:38723 after 1004 ms
TpTrace Verbose: 0 : 165606, 7, 2026/02/19, 10:52:46.599, 1120003693034374, vstest.console.dll, TcpClientExtensions.MessageLoopAsync: Polling on remoteEndPoint: 127.0.0.1:39034 localEndPoint: 127.0.0.1:38723 after 1004 ms
TpTrace Verbose: 0 : 165606, 7, 2026/02/19, 10:52:47.605, 1120004698582048, vstest.console.dll, TcpClientExtensions.MessageLoopAsync: Polling on remoteEndPoint: 127.0.0.1:39034 localEndPoint: 127.0.0.1:38723 after 1005 ms
TpTrace Verbose: 0 : 165606, 7, 2026/02/19, 10:52:48.612, 1120005705560635, vstest.console.dll, TcpClientExtensions.MessageLoopAsync: Polling on remoteEndPoint: 127.0.0.1:39034 localEndPoint: 127.0.0.1:38723 after 1006 ms
TpTrace Verbose: 0 : 165606, 7, 2026/02/19, 10:52:49.619, 1120006713183948, vstest.console.dll, TcpClientExtensions.MessageLoopAsync: Polling on remoteEndPoint: 127.0.0.1:39034 localEndPoint: 127.0.0.1:38723 after 1007 ms
TpTrace Verbose: 0 : 165606, 7, 2026/02/19, 10:52:50.624, 1120007718063445, vstest.console.dll, TcpClientExtensions.MessageLoopAsync: Polling on remoteEndPoint: 127.0.0.1:39034 localEndPoint: 127.0.0.1:38723 after 1004 ms
TpTrace Verbose: 0 : 165606, 7, 2026/02/19, 10:52:51.629, 1120008723041789, vstest.console.dll, TcpClientExtensions.MessageLoopAsync: Polling on remoteEndPoint: 127.0.0.1:39034 localEndPoint: 127.0.0.1:38723 after 1004 ms
TpTrace Verbose: 0 : 165606, 7, 2026/02/19, 10:52:52.635, 1120009728894736, vstest.console.dll, TcpClientExtensions.MessageLoopAsync: Polling on remoteEndPoint: 127.0.0.1:39034 localEndPoint: 127.0.0.1:38723 after 1005 ms
TpTrace Verbose: 0 : 165606, 7, 2026/02/19, 10:52:53.641, 1120010735076668, vstest.console.dll, TcpClientExtensions.MessageLoopAsync: Polling on remoteEndPoint: 127.0.0.1:39034 localEndPoint: 127.0.0.1:38723 after 1004 ms
TpTrace Verbose: 0 : 165606, 7, 2026/02/19, 10:52:54.646, 1120011740027947, vstest.console.dll, TcpClientExtensions.MessageLoopAsync: Polling on remoteEndPoint: 127.0.0.1:39034 localEndPoint: 127.0.0.1:38723 after 1004 ms
TpTrace Verbose: 0 : 165606, 7, 2026/02/19, 10:52:55.651, 1120012745135011, vstest.console.dll, TcpClientExtensions.MessageLoopAsync: Polling on remoteEndPoint: 127.0.0.1:39034 localEndPoint: 127.0.0.1:38723 after 1004 ms
TpTrace Verbose: 0 : 165606, 7, 2026/02/19, 10:52:56.657, 1120013750680874, vstest.console.dll, TcpClientExtensions.MessageLoopAsync: Polling on remoteEndPoint: 127.0.0.1:39034 localEndPoint: 127.0.0.1:38723 after 1005 ms
TpTrace Verbose: 0 : 165606, 7, 2026/02/19, 10:52:57.662, 1120014756235181, vstest.console.dll, TcpClientExtensions.MessageLoopAsync: Polling on remoteEndPoint: 127.0.0.1:39034 localEndPoint: 127.0.0.1:38723 after 1005 ms
TpTrace Verbose: 0 : 165606, 7, 2026/02/19, 10:52:58.688, 1120015781628299, vstest.console.dll, TcpClientExtensions.MessageLoopAsync: Polling on remoteEndPoint: 127.0.0.1:39034 localEndPoint: 127.0.0.1:38723 after 1024 ms
TpTrace Verbose: 0 : 165606, 7, 2026/02/19, 10:52:59.692, 1120016786034484, vstest.console.dll, TcpClientExtensions.MessageLoopAsync: Polling on remoteEndPoint: 127.0.0.1:39034 localEndPoint: 127.0.0.1:38723 after 1004 ms
TpTrace Verbose: 0 : 165606, 7, 2026/02/19, 10:53:00.697, 1120017791234771, vstest.console.dll, TcpClientExtensions.MessageLoopAsync: Polling on remoteEndPoint: 127.0.0.1:39034 localEndPoint: 127.0.0.1:38723 after 1005 ms
TpTrace Verbose: 0 : 165606, 7, 2026/02/19, 10:53:01.702, 1120018796065683, vstest.console.dll, TcpClientExtensions.MessageLoopAsync: Polling on remoteEndPoint: 127.0.0.1:39034 localEndPoint: 127.0.0.1:38723 after 1004 ms
TpTrace Verbose: 0 : 165606, 7, 2026/02/19, 10:53:02.709, 1120019802766846, vstest.console.dll, TcpClientExtensions.MessageLoopAsync: Polling on remoteEndPoint: 127.0.0.1:39034 localEndPoint: 127.0.0.1:38723 after 1006 ms
TpTrace Verbose: 0 : 165606, 7, 2026/02/19, 10:53:03.714, 1120020808078909, vstest.console.dll, TcpClientExtensions.MessageLoopAsync: Polling on remoteEndPoint: 127.0.0.1:39034 localEndPoint: 127.0.0.1:38723 after 1004 ms
TpTrace Verbose: 0 : 165606, 7, 2026/02/19, 10:53:04.719, 1120021813032896, vstest.console.dll, TcpClientExtensions.MessageLoopAsync: Polling on remoteEndPoint: 127.0.0.1:39034 localEndPoint: 127.0.0.1:38723 after 1004 ms
TpTrace Verbose: 0 : 165606, 7, 2026/02/19, 10:53:05.724, 1120022818083050, vstest.console.dll, TcpClientExtensions.MessageLoopAsync: Polling on remoteEndPoint: 127.0.0.1:39034 localEndPoint: 127.0.0.1:38723 after 1004 ms
TpTrace Verbose: 0 : 165606, 7, 2026/02/19, 10:53:06.730, 1120023824258259, vstest.console.dll, TcpClientExtensions.MessageLoopAsync: Polling on remoteEndPoint: 127.0.0.1:39034 localEndPoint: 127.0.0.1:38723 after 1005 ms
TpTrace Verbose: 0 : 165606, 7, 2026/02/19, 10:53:07.735, 1120024829033692, vstest.console.dll, TcpClientExtensions.MessageLoopAsync: Polling on remoteEndPoint: 127.0.0.1:39034 localEndPoint: 127.0.0.1:38723 after 1004 ms
TpTrace Verbose: 0 : 165606, 7, 2026/02/19, 10:53:08.740, 1120025834026684, vstest.console.dll, TcpClientExtensions.MessageLoopAsync: Polling on remoteEndPoint: 127.0.0.1:39034 localEndPoint: 127.0.0.1:38723 after 1004 ms
TpTrace Verbose: 0 : 165606, 7, 2026/02/19, 10:53:09.745, 1120026839028343, vstest.console.dll, TcpClientExtensions.MessageLoopAsync: Polling on remoteEndPoint: 127.0.0.1:39034 localEndPoint: 127.0.0.1:38723 after 1004 ms
TpTrace Verbose: 0 : 165606, 7, 2026/02/19, 10:53:10.750, 1120027844174594, vstest.console.dll, TcpClientExtensions.MessageLoopAsync: Polling on remoteEndPoint: 127.0.0.1:39034 localEndPoint: 127.0.0.1:38723 after 1005 ms
TpTrace Verbose: 0 : 165606, 7, 2026/02/19, 10:53:11.755, 1120028849078645, vstest.console.dll, TcpClientExtensions.MessageLoopAsync: Polling on remoteEndPoint: 127.0.0.1:39034 localEndPoint: 127.0.0.1:38723 after 1004 ms
TpTrace Verbose: 0 : 165606, 7, 2026/02/19, 10:53:12.760, 1120029854080726, vstest.console.dll, TcpClientExtensions.MessageLoopAsync: Polling on remoteEndPoint: 127.0.0.1:39034 localEndPoint: 127.0.0.1:38723 after 1004 ms
TpTrace Verbose: 0 : 165606, 7, 2026/02/19, 10:53:13.765, 1120030859079308, vstest.console.dll, TcpClientExtensions.MessageLoopAsync: Polling on remoteEndPoint: 127.0.0.1:39034 localEndPoint: 127.0.0.1:38723 after 1004 ms
TpTrace Verbose: 0 : 165606, 7, 2026/02/19, 10:53:14.772, 1120031866037937, vstest.console.dll, TcpClientExtensions.MessageLoopAsync: Polling on remoteEndPoint: 127.0.0.1:39034 localEndPoint: 127.0.0.1:38723 after 1005 ms
TpTrace Verbose: 0 : 165606, 7, 2026/02/19, 10:53:15.777, 1120032871039099, vstest.console.dll, TcpClientExtensions.MessageLoopAsync: Polling on remoteEndPoint: 127.0.0.1:39034 localEndPoint: 127.0.0.1:38723 after 1004 ms
TpTrace Verbose: 0 : 165606, 7, 2026/02/19, 10:53:16.783, 1120033877061466, vstest.console.dll, TcpClientExtensions.MessageLoopAsync: Polling on remoteEndPoint: 127.0.0.1:39034 localEndPoint: 127.0.0.1:38723 after 1005 ms
TpTrace Verbose: 0 : 165606, 7, 2026/02/19, 10:53:17.788, 1120034882043062, vstest.console.dll, TcpClientExtensions.MessageLoopAsync: Polling on remoteEndPoint: 127.0.0.1:39034 localEndPoint: 127.0.0.1:38723 after 1004 ms
TpTrace Verbose: 0 : 165606, 7, 2026/02/19, 10:53:18.793, 1120035887068174, vstest.console.dll, TcpClientExtensions.MessageLoopAsync: Polling on remoteEndPoint: 127.0.0.1:39034 localEndPoint: 127.0.0.1:38723 after 1004 ms
TpTrace Verbose: 0 : 165606, 7, 2026/02/19, 10:53:19.798, 1120036892040781, vstest.console.dll, TcpClientExtensions.MessageLoopAsync: Polling on remoteEndPoint: 127.0.0.1:39034 localEndPoint: 127.0.0.1:38723 after 1004 ms
TpTrace Verbose: 0 : 165606, 7, 2026/02/19, 10:53:20.803, 1120037897044224, vstest.console.dll, TcpClientExtensions.MessageLoopAsync: Polling on remoteEndPoint: 127.0.0.1:39034 localEndPoint: 127.0.0.1:38723 after 1004 ms
TpTrace Verbose: 0 : 165606, 7, 2026/02/19, 10:53:21.808, 1120038902087517, vstest.console.dll, TcpClientExtensions.MessageLoopAsync: Polling on remoteEndPoint: 127.0.0.1:39034 localEndPoint: 127.0.0.1:38723 after 1004 ms
TpTrace Verbose: 0 : 165606, 7, 2026/02/19, 10:53:22.813, 1120039907052693, vstest.console.dll, TcpClientExtensions.MessageLoopAsync: Polling on remoteEndPoint: 127.0.0.1:39034 localEndPoint: 127.0.0.1:38723 after 1004 ms
TpTrace Verbose: 0 : 165606, 7, 2026/02/19, 10:53:23.818, 1120040912073477, vstest.console.dll, TcpClientExtensions.MessageLoopAsync: Polling on remoteEndPoint: 127.0.0.1:39034 localEndPoint: 127.0.0.1:38723 after 1004 ms
TpTrace Verbose: 0 : 165606, 7, 2026/02/19, 10:53:24.823, 1120041917076980, vstest.console.dll, TcpClientExtensions.MessageLoopAsync: Polling on remoteEndPoint: 127.0.0.1:39034 localEndPoint: 127.0.0.1:38723 after 1004 ms
TpTrace Verbose: 0 : 165606, 7, 2026/02/19, 10:53:25.828, 1120042922131964, vstest.console.dll, TcpClientExtensions.MessageLoopAsync: Polling on remoteEndPoint: 127.0.0.1:39034 localEndPoint: 127.0.0.1:38723 after 1004 ms
TpTrace Verbose: 0 : 165606, 7, 2026/02/19, 10:53:26.833, 1120043927119512, vstest.console.dll, TcpClientExtensions.MessageLoopAsync: Polling on remoteEndPoint: 127.0.0.1:39034 localEndPoint: 127.0.0.1:38723 after 1004 ms
TpTrace Verbose: 0 : 165606, 7, 2026/02/19, 10:53:27.838, 1120044932078687, vstest.console.dll, TcpClientExtensions.MessageLoopAsync: Polling on remoteEndPoint: 127.0.0.1:39034 localEndPoint: 127.0.0.1:38723 after 1004 ms
TpTrace Verbose: 0 : 165606, 7, 2026/02/19, 10:53:28.864, 1120045957726112, vstest.console.dll, TcpClientExtensions.MessageLoopAsync: Polling on remoteEndPoint: 127.0.0.1:39034 localEndPoint: 127.0.0.1:38723 after 1025 ms
TpTrace Verbose: 0 : 165606, 7, 2026/02/19, 10:53:29.868, 1120046962029071, vstest.console.dll, TcpClientExtensions.MessageLoopAsync: Polling on remoteEndPoint: 127.0.0.1:39034 localEndPoint: 127.0.0.1:38723 after 1004 ms
TpTrace Verbose: 0 : 165606, 7, 2026/02/19, 10:53:30.873, 1120047967042391, vstest.console.dll, TcpClientExtensions.MessageLoopAsync: Polling on remoteEndPoint: 127.0.0.1:39034 localEndPoint: 127.0.0.1:38723 after 1004 ms
TpTrace Verbose: 0 : 165606, 7, 2026/02/19, 10:53:31.879, 1120048973025045, vstest.console.dll, TcpClientExtensions.MessageLoopAsync: Polling on remoteEndPoint: 127.0.0.1:39034 localEndPoint: 127.0.0.1:38723 after 1005 ms
TpTrace Verbose: 0 : 165606, 7, 2026/02/19, 10:53:32.903, 1120049997420325, vstest.console.dll, TcpClientExtensions.MessageLoopAsync: Polling on remoteEndPoint: 127.0.0.1:39034 localEndPoint: 127.0.0.1:38723 after 1024 ms
TpTrace Verbose: 0 : 165606, 7, 2026/02/19, 10:53:33.909, 1120051002802852, vstest.console.dll, TcpClientExtensions.MessageLoopAsync: Polling on remoteEndPoint: 127.0.0.1:39034 localEndPoint: 127.0.0.1:38723 after 1004 ms
TpTrace Verbose: 0 : 165606, 7, 2026/02/19, 10:53:34.914, 1120052008131606, vstest.console.dll, TcpClientExtensions.MessageLoopAsync: Polling on remoteEndPoint: 127.0.0.1:39034 localEndPoint: 127.0.0.1:38723 after 1004 ms
TpTrace Verbose: 0 : 165606, 7, 2026/02/19, 10:53:35.919, 1120053013031949, vstest.console.dll, TcpClientExtensions.MessageLoopAsync: Polling on remoteEndPoint: 127.0.0.1:39034 localEndPoint: 127.0.0.1:38723 after 1004 ms
TpTrace Verbose: 0 : 165606, 7, 2026/02/19, 10:53:36.924, 1120054018072622, vstest.console.dll, TcpClientExtensions.MessageLoopAsync: Polling on remoteEndPoint: 127.0.0.1:39034 localEndPoint: 127.0.0.1:38723 after 1004 ms
TpTrace Verbose: 0 : 165606, 7, 2026/02/19, 10:53:37.929, 1120055023063466, vstest.console.dll, TcpClientExtensions.MessageLoopAsync: Polling on remoteEndPoint: 127.0.0.1:39034 localEndPoint: 127.0.0.1:38723 after 1004 ms
TpTrace Verbose: 0 : 165606, 7, 2026/02/19, 10:53:38.934, 1120056028196742, vstest.console.dll, TcpClientExtensions.MessageLoopAsync: Polling on remoteEndPoint: 127.0.0.1:39034 localEndPoint: 127.0.0.1:38723 after 1005 ms
TpTrace Verbose: 0 : 165606, 7, 2026/02/19, 10:53:39.939, 1120057033049356, vstest.console.dll, TcpClientExtensions.MessageLoopAsync: Polling on remoteEndPoint: 127.0.0.1:39034 localEndPoint: 127.0.0.1:38723 after 1004 ms
TpTrace Verbose: 0 : 165606, 7, 2026/02/19, 10:53:40.944, 1120058038063706, vstest.console.dll, TcpClientExtensions.MessageLoopAsync: Polling on remoteEndPoint: 127.0.0.1:39034 localEndPoint: 127.0.0.1:38723 after 1004 ms
TpTrace Verbose: 0 : 165606, 7, 2026/02/19, 10:53:41.949, 1120059043052971, vstest.console.dll, TcpClientExtensions.MessageLoopAsync: Polling on remoteEndPoint: 127.0.0.1:39034 localEndPoint: 127.0.0.1:38723 after 1004 ms
TpTrace Verbose: 0 : 165606, 7, 2026/02/19, 10:53:42.955, 1120060048513847, vstest.console.dll, TcpClientExtensions.MessageLoopAsync: Polling on remoteEndPoint: 127.0.0.1:39034 localEndPoint: 127.0.0.1:38723 after 1005 ms
TpTrace Verbose: 0 : 165606, 7, 2026/02/19, 10:53:43.959, 1120061053054014, vstest.console.dll, TcpClientExtensions.MessageLoopAsync: Polling on remoteEndPoint: 127.0.0.1:39034 localEndPoint: 127.0.0.1:38723 after 1004 ms
TpTrace Verbose: 0 : 165606, 7, 2026/02/19, 10:53:44.964, 1120062058037877, vstest.console.dll, TcpClientExtensions.MessageLoopAsync: Polling on remoteEndPoint: 127.0.0.1:39034 localEndPoint: 127.0.0.1:38723 after 1004 ms
TpTrace Verbose: 0 : 165606, 7, 2026/02/19, 10:53:45.969, 1120063063053812, vstest.console.dll, TcpClientExtensions.MessageLoopAsync: Polling on remoteEndPoint: 127.0.0.1:39034 localEndPoint: 127.0.0.1:38723 after 1004 ms
TpTrace Verbose: 0 : 165606, 7, 2026/02/19, 10:53:46.974, 1120064068113374, vstest.console.dll, TcpClientExtensions.MessageLoopAsync: Polling on remoteEndPoint: 127.0.0.1:39034 localEndPoint: 127.0.0.1:38723 after 1004 ms
TpTrace Verbose: 0 : 165606, 7, 2026/02/19, 10:53:47.979, 1120065073026893, vstest.console.dll, TcpClientExtensions.MessageLoopAsync: Polling on remoteEndPoint: 127.0.0.1:39034 localEndPoint: 127.0.0.1:38723 after 1004 ms
TpTrace Verbose: 0 : 165606, 7, 2026/02/19, 10:53:48.984, 1120066078042181, vstest.console.dll, TcpClientExtensions.MessageLoopAsync: Polling on remoteEndPoint: 127.0.0.1:39034 localEndPoint: 127.0.0.1:38723 after 1004 ms
TpTrace Verbose: 0 : 165606, 7, 2026/02/19, 10:53:49.989, 1120067083374130, vstest.console.dll, TcpClientExtensions.MessageLoopAsync: Polling on remoteEndPoint: 127.0.0.1:39034 localEndPoint: 127.0.0.1:38723 after 1005 ms
TpTrace Verbose: 0 : 165606, 7, 2026/02/19, 10:53:50.994, 1120068088087009, vstest.console.dll, TcpClientExtensions.MessageLoopAsync: Polling on remoteEndPoint: 127.0.0.1:39034 localEndPoint: 127.0.0.1:38723 after 1004 ms
TpTrace Verbose: 0 : 165606, 7, 2026/02/19, 10:53:51.999, 1120069093054840, vstest.console.dll, TcpClientExtensions.MessageLoopAsync: Polling on remoteEndPoint: 127.0.0.1:39034 localEndPoint: 127.0.0.1:38723 after 1004 ms
TpTrace Verbose: 0 : 165606, 7, 2026/02/19, 10:53:53.019, 1120070113027018, vstest.console.dll, TcpClientExtensions.MessageLoopAsync: Polling on remoteEndPoint: 127.0.0.1:39034 localEndPoint: 127.0.0.1:38723 after 1019 ms
TpTrace Verbose: 0 : 165606, 7, 2026/02/19, 10:53:54.063, 1120071157373057, vstest.console.dll, TcpClientExtensions.MessageLoopAsync: Polling on remoteEndPoint: 127.0.0.1:39034 localEndPoint: 127.0.0.1:38723 after 1044 ms
TpTrace Verbose: 0 : 165606, 7, 2026/02/19, 10:53:55.069, 1120072162523905, vstest.console.dll, TcpClientExtensions.MessageLoopAsync: Polling on remoteEndPoint: 127.0.0.1:39034 localEndPoint: 127.0.0.1:38723 after 1004 ms
TpTrace Verbose: 0 : 165606, 7, 2026/02/19, 10:53:56.074, 1120073167567501, vstest.console.dll, TcpClientExtensions.MessageLoopAsync: Polling on remoteEndPoint: 127.0.0.1:39034 localEndPoint: 127.0.0.1:38723 after 1004 ms
TpTrace Verbose: 0 : 165606, 7, 2026/02/19, 10:53:57.078, 1120074172084647, vstest.console.dll, TcpClientExtensions.MessageLoopAsync: Polling on remoteEndPoint: 127.0.0.1:39034 localEndPoint: 127.0.0.1:38723 after 1004 ms
TpTrace Verbose: 0 : 165606, 7, 2026/02/19, 10:53:58.084, 1120075178312581, vstest.console.dll, TcpClientExtensions.MessageLoopAsync: Polling on remoteEndPoint: 127.0.0.1:39034 localEndPoint: 127.0.0.1:38723 after 1005 ms
TpTrace Verbose: 0 : 165606, 7, 2026/02/19, 10:53:59.089, 1120076183034889, vstest.console.dll, TcpClientExtensions.MessageLoopAsync: Polling on remoteEndPoint: 127.0.0.1:39034 localEndPoint: 127.0.0.1:38723 after 1004 ms
TpTrace Verbose: 0 : 165606, 7, 2026/02/19, 10:54:00.094, 1120077188073174, vstest.console.dll, TcpClientExtensions.MessageLoopAsync: Polling on remoteEndPoint: 127.0.0.1:39034 localEndPoint: 127.0.0.1:38723 after 1004 ms
TpTrace Verbose: 0 : 165606, 7, 2026/02/19, 10:54:01.101, 1120078194900502, vstest.console.dll, TcpClientExtensions.MessageLoopAsync: Polling on remoteEndPoint: 127.0.0.1:39034 localEndPoint: 127.0.0.1:38723 after 1006 ms
TpTrace Verbose: 0 : 165606, 7, 2026/02/19, 10:54:02.106, 1120079200155824, vstest.console.dll, TcpClientExtensions.MessageLoopAsync: Polling on remoteEndPoint: 127.0.0.1:39034 localEndPoint: 127.0.0.1:38723 after 1004 ms
TpTrace Verbose: 0 : 165606, 7, 2026/02/19, 10:54:03.111, 1120080205420569, vstest.console.dll, TcpClientExtensions.MessageLoopAsync: Polling on remoteEndPoint: 127.0.0.1:39034 localEndPoint: 127.0.0.1:38723 after 1004 ms
TpTrace Verbose: 0 : 165606, 7, 2026/02/19, 10:54:04.116, 1120081210073202, vstest.console.dll, TcpClientExtensions.MessageLoopAsync: Polling on remoteEndPoint: 127.0.0.1:39034 localEndPoint: 127.0.0.1:38723 after 1004 ms
TpTrace Verbose: 0 : 165606, 7, 2026/02/19, 10:54:05.123, 1120082217042152, vstest.console.dll, TcpClientExtensions.MessageLoopAsync: Polling on remoteEndPoint: 127.0.0.1:39034 localEndPoint: 127.0.0.1:38723 after 1006 ms
TpTrace Verbose: 0 : 165606, 7, 2026/02/19, 10:54:06.128, 1120083222042456, vstest.console.dll, TcpClientExtensions.MessageLoopAsync: Polling on remoteEndPoint: 127.0.0.1:39034 localEndPoint: 127.0.0.1:38723 after 1004 ms
TpTrace Verbose: 0 : 165606, 7, 2026/02/19, 10:54:07.133, 1120084227409536, vstest.console.dll, TcpClientExtensions.MessageLoopAsync: Polling on remoteEndPoint: 127.0.0.1:39034 localEndPoint: 127.0.0.1:38723 after 1005 ms
TpTrace Verbose: 0 : 165606, 7, 2026/02/19, 10:54:08.140, 1120085234043846, vstest.console.dll, TcpClientExtensions.MessageLoopAsync: Polling on remoteEndPoint: 127.0.0.1:39034 localEndPoint: 127.0.0.1:38723 after 1004 ms
TpTrace Verbose: 0 : 165606, 7, 2026/02/19, 10:54:09.145, 1120086239028809, vstest.console.dll, TcpClientExtensions.MessageLoopAsync: Polling on remoteEndPoint: 127.0.0.1:39034 localEndPoint: 127.0.0.1:38723 after 1004 ms
TpTrace Verbose: 0 : 165606, 7, 2026/02/19, 10:54:10.150, 1120087244036425, vstest.console.dll, TcpClientExtensions.MessageLoopAsync: Polling on remoteEndPoint: 127.0.0.1:39034 localEndPoint: 127.0.0.1:38723 after 1004 ms
TpTrace Verbose: 0 : 165606, 7, 2026/02/19, 10:54:11.155, 1120088249060553, vstest.console.dll, TcpClientExtensions.MessageLoopAsync: Polling on remoteEndPoint: 127.0.0.1:39034 localEndPoint: 127.0.0.1:38723 after 1004 ms
TpTrace Verbose: 0 : 165606, 7, 2026/02/19, 10:54:12.160, 1120089254050924, vstest.console.dll, TcpClientExtensions.MessageLoopAsync: Polling on remoteEndPoint: 127.0.0.1:39034 localEndPoint: 127.0.0.1:38723 after 1004 ms
TpTrace Verbose: 0 : 165606, 7, 2026/02/19, 10:54:13.165, 1120090259031600, vstest.console.dll, TcpClientExtensions.MessageLoopAsync: Polling on remoteEndPoint: 127.0.0.1:39034 localEndPoint: 127.0.0.1:38723 after 1004 ms
TpTrace Verbose: 0 : 165606, 7, 2026/02/19, 10:54:14.170, 1120091264036126, vstest.console.dll, TcpClientExtensions.MessageLoopAsync: Polling on remoteEndPoint: 127.0.0.1:39034 localEndPoint: 127.0.0.1:38723 after 1004 ms
TpTrace Verbose: 0 : 165606, 7, 2026/02/19, 10:54:15.175, 1120092269023639, vstest.console.dll, TcpClientExtensions.MessageLoopAsync: Polling on remoteEndPoint: 127.0.0.1:39034 localEndPoint: 127.0.0.1:38723 after 1004 ms
TpTrace Verbose: 0 : 165606, 7, 2026/02/19, 10:54:16.180, 1120093274034604, vstest.console.dll, TcpClientExtensions.MessageLoopAsync: Polling on remoteEndPoint: 127.0.0.1:39034 localEndPoint: 127.0.0.1:38723 after 1004 ms
TpTrace Verbose: 0 : 165606, 7, 2026/02/19, 10:54:17.185, 1120094279104827, vstest.console.dll, TcpClientExtensions.MessageLoopAsync: Polling on remoteEndPoint: 127.0.0.1:39034 localEndPoint: 127.0.0.1:38723 after 1004 ms
TpTrace Verbose: 0 : 165606, 7, 2026/02/19, 10:54:18.193, 1120095287052593, vstest.console.dll, TcpClientExtensions.MessageLoopAsync: Polling on remoteEndPoint: 127.0.0.1:39034 localEndPoint: 127.0.0.1:38723 after 1006 ms
TpTrace Verbose: 0 : 165606, 7, 2026/02/19, 10:54:19.205, 1120096298706243, vstest.console.dll, TcpClientExtensions.MessageLoopAsync: Polling on remoteEndPoint: 127.0.0.1:39034 localEndPoint: 127.0.0.1:38723 after 1011 ms
TpTrace Verbose: 0 : 165606, 7, 2026/02/19, 10:54:20.217, 1120097311039570, vstest.console.dll, TcpClientExtensions.MessageLoopAsync: Polling on remoteEndPoint: 127.0.0.1:39034 localEndPoint: 127.0.0.1:38723 after 1011 ms
TpTrace Verbose: 0 : 165606, 7, 2026/02/19, 10:54:21.222, 1120098316037697, vstest.console.dll, TcpClientExtensions.MessageLoopAsync: Polling on remoteEndPoint: 127.0.0.1:39034 localEndPoint: 127.0.0.1:38723 after 1004 ms
TpTrace Verbose: 0 : 165606, 7, 2026/02/19, 10:54:22.227, 1120099321031758, vstest.console.dll, TcpClientExtensions.MessageLoopAsync: Polling on remoteEndPoint: 127.0.0.1:39034 localEndPoint: 127.0.0.1:38723 after 1004 ms
TpTrace Verbose: 0 : 165606, 7, 2026/02/19, 10:54:23.233, 1120100327019609, vstest.console.dll, TcpClientExtensions.MessageLoopAsync: Polling on remoteEndPoint: 127.0.0.1:39034 localEndPoint: 127.0.0.1:38723 after 1005 ms
TpTrace Verbose: 0 : 165606, 7, 2026/02/19, 10:54:24.240, 1120101334086998, vstest.console.dll, TcpClientExtensions.MessageLoopAsync: Polling on remoteEndPoint: 127.0.0.1:39034 localEndPoint: 127.0.0.1:38723 after 1004 ms
TpTrace Verbose: 0 : 165606, 7, 2026/02/19, 10:54:25.245, 1120102339063105, vstest.console.dll, TcpClientExtensions.MessageLoopAsync: Polling on remoteEndPoint: 127.0.0.1:39034 localEndPoint: 127.0.0.1:38723 after 1004 ms
TpTrace Verbose: 0 : 165606, 7, 2026/02/19, 10:54:26.250, 1120103344055367, vstest.console.dll, TcpClientExtensions.MessageLoopAsync: Polling on remoteEndPoint: 127.0.0.1:39034 localEndPoint: 127.0.0.1:38723 after 1004 ms
TpTrace Verbose: 0 : 165606, 7, 2026/02/19, 10:54:27.255, 1120104349076961, vstest.console.dll, TcpClientExtensions.MessageLoopAsync: Polling on remoteEndPoint: 127.0.0.1:39034 localEndPoint: 127.0.0.1:38723 after 1004 ms
TpTrace Verbose: 0 : 165606, 7, 2026/02/19, 10:54:28.260, 1120105354069424, vstest.console.dll, TcpClientExtensions.MessageLoopAsync: Polling on remoteEndPoint: 127.0.0.1:39034 localEndPoint: 127.0.0.1:38723 after 1004 ms
TpTrace Verbose: 0 : 165606, 7, 2026/02/19, 10:54:29.266, 1120106359980507, vstest.console.dll, TcpClientExtensions.MessageLoopAsync: Polling on remoteEndPoint: 127.0.0.1:39034 localEndPoint: 127.0.0.1:38723 after 1005 ms
TpTrace Verbose: 0 : 165606, 7, 2026/02/19, 10:54:30.270, 1120107364340134, vstest.console.dll, TcpClientExtensions.MessageLoopAsync: Polling on remoteEndPoint: 127.0.0.1:39034 localEndPoint: 127.0.0.1:38723 after 1004 ms
TpTrace Verbose: 0 : 165606, 7, 2026/02/19, 10:54:31.277, 1120108371080460, vstest.console.dll, TcpClientExtensions.MessageLoopAsync: Polling on remoteEndPoint: 127.0.0.1:39034 localEndPoint: 127.0.0.1:38723 after 1006 ms
TpTrace Verbose: 0 : 165606, 7, 2026/02/19, 10:54:32.284, 1120109378129314, vstest.console.dll, TcpClientExtensions.MessageLoopAsync: Polling on remoteEndPoint: 127.0.0.1:39034 localEndPoint: 127.0.0.1:38723 after 1006 ms
TpTrace Verbose: 0 : 165606, 7, 2026/02/19, 10:54:33.289, 1120110383029633, vstest.console.dll, TcpClientExtensions.MessageLoopAsync: Polling on remoteEndPoint: 127.0.0.1:39034 localEndPoint: 127.0.0.1:38723 after 1004 ms
TpTrace Verbose: 0 : 165606, 7, 2026/02/19, 10:54:34.294, 1120111388038970, vstest.console.dll, TcpClientExtensions.MessageLoopAsync: Polling on remoteEndPoint: 127.0.0.1:39034 localEndPoint: 127.0.0.1:38723 after 1004 ms
TpTrace Verbose: 0 : 165606, 7, 2026/02/19, 10:54:35.303, 1120112396642254, vstest.console.dll, TcpClientExtensions.MessageLoopAsync: Polling on remoteEndPoint: 127.0.0.1:39034 localEndPoint: 127.0.0.1:38723 after 1005 ms
TpTrace Verbose: 0 : 165606, 7, 2026/02/19, 10:54:36.309, 1120113402844264, vstest.console.dll, TcpClientExtensions.MessageLoopAsync: Polling on remoteEndPoint: 127.0.0.1:39034 localEndPoint: 127.0.0.1:38723 after 1005 ms
TpTrace Verbose: 0 : 165606, 7, 2026/02/19, 10:54:37.314, 1120114407712497, vstest.console.dll, TcpClientExtensions.MessageLoopAsync: Polling on remoteEndPoint: 127.0.0.1:39034 localEndPoint: 127.0.0.1:38723 after 1004 ms
TpTrace Verbose: 0 : 165606, 7, 2026/02/19, 10:54:38.319, 1120115412872985, vstest.console.dll, TcpClientExtensions.MessageLoopAsync: Polling on remoteEndPoint: 127.0.0.1:39034 localEndPoint: 127.0.0.1:38723 after 1005 ms
TpTrace Verbose: 0 : 165606, 7, 2026/02/19, 10:54:39.333, 1120116427023135, vstest.console.dll, TcpClientExtensions.MessageLoopAsync: Polling on remoteEndPoint: 127.0.0.1:39034 localEndPoint: 127.0.0.1:38723 after 1010 ms
TpTrace Verbose: 0 : 165606, 7, 2026/02/19, 10:54:40.339, 1120117433084105, vstest.console.dll, TcpClientExtensions.MessageLoopAsync: Polling on remoteEndPoint: 127.0.0.1:39034 localEndPoint: 127.0.0.1:38723 after 1005 ms
TpTrace Verbose: 0 : 165606, 7, 2026/02/19, 10:54:41.344, 1120118438041298, vstest.console.dll, TcpClientExtensions.MessageLoopAsync: Polling on remoteEndPoint: 127.0.0.1:39034 localEndPoint: 127.0.0.1:38723 after 1004 ms
TpTrace Verbose: 0 : 165606, 7, 2026/02/19, 10:54:42.353, 1120119447038268, vstest.console.dll, TcpClientExtensions.MessageLoopAsync: Polling on remoteEndPoint: 127.0.0.1:39034 localEndPoint: 127.0.0.1:38723 after 1007 ms
TpTrace Verbose: 0 : 165606, 7, 2026/02/19, 10:54:43.358, 1120120452031073, vstest.console.dll, TcpClientExtensions.MessageLoopAsync: Polling on remoteEndPoint: 127.0.0.1:39034 localEndPoint: 127.0.0.1:38723 after 1004 ms
TpTrace Verbose: 0 : 165606, 7, 2026/02/19, 10:54:44.364, 1120121457906955, vstest.console.dll, TcpClientExtensions.MessageLoopAsync: Polling on remoteEndPoint: 127.0.0.1:39034 localEndPoint: 127.0.0.1:38723 after 1005 ms
TpTrace Verbose: 0 : 165606, 7, 2026/02/19, 10:54:45.379, 1120122473312731, vstest.console.dll, TcpClientExtensions.MessageLoopAsync: Polling on remoteEndPoint: 127.0.0.1:39034 localEndPoint: 127.0.0.1:38723 after 1014 ms
TpTrace Verbose: 0 : 165606, 7, 2026/02/19, 10:54:46.390, 1120123483758796, vstest.console.dll, TcpClientExtensions.MessageLoopAsync: Polling on remoteEndPoint: 127.0.0.1:39034 localEndPoint: 127.0.0.1:38723 after 1010 ms
TpTrace Verbose: 0 : 165606, 7, 2026/02/19, 10:54:47.395, 1120124489058464, vstest.console.dll, TcpClientExtensions.MessageLoopAsync: Polling on remoteEndPoint: 127.0.0.1:39034 localEndPoint: 127.0.0.1:38723 after 1004 ms
TpTrace Verbose: 0 : 165606, 7, 2026/02/19, 10:54:48.402, 1120125495516058, vstest.console.dll, TcpClientExtensions.MessageLoopAsync: Polling on remoteEndPoint: 127.0.0.1:39034 localEndPoint: 127.0.0.1:38723 after 1006 ms
TpTrace Verbose: 0 : 165606, 7, 2026/02/19, 10:54:49.440, 1120126534033831, vstest.console.dll, TcpClientExtensions.MessageLoopAsync: Polling on remoteEndPoint: 127.0.0.1:39034 localEndPoint: 127.0.0.1:38723 after 1038 ms
TpTrace Verbose: 0 : 165606, 7, 2026/02/19, 10:54:50.445, 1120127539031982, vstest.console.dll, TcpClientExtensions.MessageLoopAsync: Polling on remoteEndPoint: 127.0.0.1:39034 localEndPoint: 127.0.0.1:38723 after 1004 ms
TpTrace Verbose: 0 : 165606, 7, 2026/02/19, 10:54:51.450, 1120128544025274, vstest.console.dll, TcpClientExtensions.MessageLoopAsync: Polling on remoteEndPoint: 127.0.0.1:39034 localEndPoint: 127.0.0.1:38723 after 1004 ms
TpTrace Verbose: 0 : 165606, 7, 2026/02/19, 10:54:52.455, 1120129549063888, vstest.console.dll, TcpClientExtensions.MessageLoopAsync: Polling on remoteEndPoint: 127.0.0.1:39034 localEndPoint: 127.0.0.1:38723 after 1004 ms
TpTrace Verbose: 0 : 165606, 7, 2026/02/19, 10:54:53.460, 1120130554057844, vstest.console.dll, TcpClientExtensions.MessageLoopAsync: Polling on remoteEndPoint: 127.0.0.1:39034 localEndPoint: 127.0.0.1:38723 after 1004 ms
TpTrace Verbose: 0 : 165606, 7, 2026/02/19, 10:54:54.465, 1120131559059912, vstest.console.dll, TcpClientExtensions.MessageLoopAsync: Polling on remoteEndPoint: 127.0.0.1:39034 localEndPoint: 127.0.0.1:38723 after 1004 ms
TpTrace Verbose: 0 : 165606, 7, 2026/02/19, 10:54:55.470, 1120132564049352, vstest.console.dll, TcpClientExtensions.MessageLoopAsync: Polling on remoteEndPoint: 127.0.0.1:39034 localEndPoint: 127.0.0.1:38723 after 1004 ms
TpTrace Verbose: 0 : 165606, 7, 2026/02/19, 10:54:56.475, 1120133569078553, vstest.console.dll, TcpClientExtensions.MessageLoopAsync: Polling on remoteEndPoint: 127.0.0.1:39034 localEndPoint: 127.0.0.1:38723 after 1004 ms
TpTrace Verbose: 0 : 165606, 7, 2026/02/19, 10:54:57.480, 1120134574046426, vstest.console.dll, TcpClientExtensions.MessageLoopAsync: Polling on remoteEndPoint: 127.0.0.1:39034 localEndPoint: 127.0.0.1:38723 after 1004 ms
TpTrace Verbose: 0 : 165606, 7, 2026/02/19, 10:54:58.485, 1120135579245009, vstest.console.dll, TcpClientExtensions.MessageLoopAsync: Polling on remoteEndPoint: 127.0.0.1:39034 localEndPoint: 127.0.0.1:38723 after 1005 ms
TpTrace Verbose: 0 : 165606, 7, 2026/02/19, 10:54:59.490, 1120136584106789, vstest.console.dll, TcpClientExtensions.MessageLoopAsync: Polling on remoteEndPoint: 127.0.0.1:39034 localEndPoint: 127.0.0.1:38723 after 1004 ms
TpTrace Verbose: 0 : 165606, 7, 2026/02/19, 10:55:00.495, 1120137589032440, vstest.console.dll, TcpClientExtensions.MessageLoopAsync: Polling on remoteEndPoint: 127.0.0.1:39034 localEndPoint: 127.0.0.1:38723 after 1004 ms
TpTrace Verbose: 0 : 165606, 7, 2026/02/19, 10:55:01.500, 1120138594077494, vstest.console.dll, TcpClientExtensions.MessageLoopAsync: Polling on remoteEndPoint: 127.0.0.1:39034 localEndPoint: 127.0.0.1:38723 after 1004 ms
TpTrace Verbose: 0 : 165606, 7, 2026/02/19, 10:55:02.505, 1120139599135876, vstest.console.dll, TcpClientExtensions.MessageLoopAsync: Polling on remoteEndPoint: 127.0.0.1:39034 localEndPoint: 127.0.0.1:38723 after 1004 ms
TpTrace Verbose: 0 : 165606, 7, 2026/02/19, 10:55:03.510, 1120140604038174, vstest.console.dll, TcpClientExtensions.MessageLoopAsync: Polling on remoteEndPoint: 127.0.0.1:39034 localEndPoint: 127.0.0.1:38723 after 1004 ms
TpTrace Verbose: 0 : 165606, 7, 2026/02/19, 10:55:04.515, 1120141609083479, vstest.console.dll, TcpClientExtensions.MessageLoopAsync: Polling on remoteEndPoint: 127.0.0.1:39034 localEndPoint: 127.0.0.1:38723 after 1004 ms
TpTrace Verbose: 0 : 165606, 7, 2026/02/19, 10:55:05.520, 1120142614103785, vstest.console.dll, TcpClientExtensions.MessageLoopAsync: Polling on remoteEndPoint: 127.0.0.1:39034 localEndPoint: 127.0.0.1:38723 after 1004 ms
TpTrace Verbose: 0 : 165606, 7, 2026/02/19, 10:55:06.525, 1120143619212763, vstest.console.dll, TcpClientExtensions.MessageLoopAsync: Polling on remoteEndPoint: 127.0.0.1:39034 localEndPoint: 127.0.0.1:38723 after 1005 ms
TpTrace Verbose: 0 : 165606, 7, 2026/02/19, 10:55:07.530, 1120144624189103, vstest.console.dll, TcpClientExtensions.MessageLoopAsync: Polling on remoteEndPoint: 127.0.0.1:39034 localEndPoint: 127.0.0.1:38723 after 1004 ms
TpTrace Verbose: 0 : 165606, 7, 2026/02/19, 10:55:08.535, 1120145629028850, vstest.console.dll, TcpClientExtensions.MessageLoopAsync: Polling on remoteEndPoint: 127.0.0.1:39034 localEndPoint: 127.0.0.1:38723 after 1004 ms
TpTrace Verbose: 0 : 165606, 7, 2026/02/19, 10:55:09.540, 1120146634091000, vstest.console.dll, TcpClientExtensions.MessageLoopAsync: Polling on remoteEndPoint: 127.0.0.1:39034 localEndPoint: 127.0.0.1:38723 after 1005 ms
TpTrace Verbose: 0 : 165606, 7, 2026/02/19, 10:55:10.545, 1120147639032412, vstest.console.dll, TcpClientExtensions.MessageLoopAsync: Polling on remoteEndPoint: 127.0.0.1:39034 localEndPoint: 127.0.0.1:38723 after 1004 ms
TpTrace Verbose: 0 : 165606, 7, 2026/02/19, 10:55:11.550, 1120148644042776, vstest.console.dll, TcpClientExtensions.MessageLoopAsync: Polling on remoteEndPoint: 127.0.0.1:39034 localEndPoint: 127.0.0.1:38723 after 1004 ms
TpTrace Verbose: 0 : 165606, 7, 2026/02/19, 10:55:12.555, 1120149649070165, vstest.console.dll, TcpClientExtensions.MessageLoopAsync: Polling on remoteEndPoint: 127.0.0.1:39034 localEndPoint: 127.0.0.1:38723 after 1004 ms
TpTrace Verbose: 0 : 165606, 7, 2026/02/19, 10:55:13.560, 1120150654030237, vstest.console.dll, TcpClientExtensions.MessageLoopAsync: Polling on remoteEndPoint: 127.0.0.1:39034 localEndPoint: 127.0.0.1:38723 after 1004 ms
TpTrace Verbose: 0 : 165606, 7, 2026/02/19, 10:55:14.566, 1120151659579361, vstest.console.dll, TcpClientExtensions.MessageLoopAsync: Polling on remoteEndPoint: 127.0.0.1:39034 localEndPoint: 127.0.0.1:38723 after 1005 ms
TpTrace Verbose: 0 : 165606, 7, 2026/02/19, 10:55:15.574, 1120152668041364, vstest.console.dll, TcpClientExtensions.MessageLoopAsync: Polling on remoteEndPoint: 127.0.0.1:39034 localEndPoint: 127.0.0.1:38723 after 1005 ms
TpTrace Verbose: 0 : 165606, 7, 2026/02/19, 10:55:16.581, 1120153675213496, vstest.console.dll, TcpClientExtensions.MessageLoopAsync: Polling on remoteEndPoint: 127.0.0.1:39034 localEndPoint: 127.0.0.1:38723 after 1006 ms
TpTrace Verbose: 0 : 165606, 7, 2026/02/19, 10:55:17.586, 1120154680036935, vstest.console.dll, TcpClientExtensions.MessageLoopAsync: Polling on remoteEndPoint: 127.0.0.1:39034 localEndPoint: 127.0.0.1:38723 after 1004 ms
TpTrace Verbose: 0 : 165606, 7, 2026/02/19, 10:55:18.664, 1120155758243552, vstest.console.dll, TcpClientExtensions.MessageLoopAsync: Polling on remoteEndPoint: 127.0.0.1:39034 localEndPoint: 127.0.0.1:38723 after 1077 ms
TpTrace Verbose: 0 : 165606, 7, 2026/02/19, 10:55:19.669, 1120156763412970, vstest.console.dll, TcpClientExtensions.MessageLoopAsync: Polling on remoteEndPoint: 127.0.0.1:39034 localEndPoint: 127.0.0.1:38723 after 1004 ms
TpTrace Verbose: 0 : 165606, 7, 2026/02/19, 10:55:20.674, 1120157768219806, vstest.console.dll, TcpClientExtensions.MessageLoopAsync: Polling on remoteEndPoint: 127.0.0.1:39034 localEndPoint: 127.0.0.1:38723 after 1004 ms
TpTrace Verbose: 0 : 165606, 7, 2026/02/19, 10:55:21.680, 1120158774411947, vstest.console.dll, TcpClientExtensions.MessageLoopAsync: Polling on remoteEndPoint: 127.0.0.1:39034 localEndPoint: 127.0.0.1:38723 after 1005 ms
TpTrace Verbose: 0 : 165606, 7, 2026/02/19, 10:55:22.685, 1120159779039943, vstest.console.dll, TcpClientExtensions.MessageLoopAsync: Polling on remoteEndPoint: 127.0.0.1:39034 localEndPoint: 127.0.0.1:38723 after 1004 ms
TpTrace Verbose: 0 : 165606, 7, 2026/02/19, 10:55:23.694, 1120160787605093, vstest.console.dll, TcpClientExtensions.MessageLoopAsync: Polling on remoteEndPoint: 127.0.0.1:39034 localEndPoint: 127.0.0.1:38723 after 1006 ms
TpTrace Verbose: 0 : 165606, 7, 2026/02/19, 10:55:24.698, 1120161792028602, vstest.console.dll, TcpClientExtensions.MessageLoopAsync: Polling on remoteEndPoint: 127.0.0.1:39034 localEndPoint: 127.0.0.1:38723 after 1004 ms
TpTrace Verbose: 0 : 165606, 7, 2026/02/19, 10:55:25.703, 1120162797158551, vstest.console.dll, TcpClientExtensions.MessageLoopAsync: Polling on remoteEndPoint: 127.0.0.1:39034 localEndPoint: 127.0.0.1:38723 after 1004 ms
TpTrace Verbose: 0 : 165606, 7, 2026/02/19, 10:55:26.708, 1120163802027805, vstest.console.dll, TcpClientExtensions.MessageLoopAsync: Polling on remoteEndPoint: 127.0.0.1:39034 localEndPoint: 127.0.0.1:38723 after 1004 ms
TpTrace Verbose: 0 : 165606, 7, 2026/02/19, 10:55:27.717, 1120164811055296, vstest.console.dll, TcpClientExtensions.MessageLoopAsync: Polling on remoteEndPoint: 127.0.0.1:39034 localEndPoint: 127.0.0.1:38723 after 1008 ms
TpTrace Verbose: 0 : 165606, 7, 2026/02/19, 10:55:28.725, 1120165818561143, vstest.console.dll, TcpClientExtensions.MessageLoopAsync: Polling on remoteEndPoint: 127.0.0.1:39034 localEndPoint: 127.0.0.1:38723 after 1006 ms
TpTrace Verbose: 0 : 165606, 7, 2026/02/19, 10:55:29.730, 1120166824056509, vstest.console.dll, TcpClientExtensions.MessageLoopAsync: Polling on remoteEndPoint: 127.0.0.1:39034 localEndPoint: 127.0.0.1:38723 after 1005 ms
TpTrace Verbose: 0 : 165606, 7, 2026/02/19, 10:55:30.736, 1120167829503399, vstest.console.dll, TcpClientExtensions.MessageLoopAsync: Polling on remoteEndPoint: 127.0.0.1:39034 localEndPoint: 127.0.0.1:38723 after 1005 ms
TpTrace Verbose: 0 : 165606, 7, 2026/02/19, 10:55:31.740, 1120168834028643, vstest.console.dll, TcpClientExtensions.MessageLoopAsync: Polling on remoteEndPoint: 127.0.0.1:39034 localEndPoint: 127.0.0.1:38723 after 1004 ms
TpTrace Verbose: 0 : 165606, 7, 2026/02/19, 10:55:32.745, 1120169839043464, vstest.console.dll, TcpClientExtensions.MessageLoopAsync: Polling on remoteEndPoint: 127.0.0.1:39034 localEndPoint: 127.0.0.1:38723 after 1004 ms
TpTrace Verbose: 0 : 165606, 7, 2026/02/19, 10:55:33.750, 1120170844048827, vstest.console.dll, TcpClientExtensions.MessageLoopAsync: Polling on remoteEndPoint: 127.0.0.1:39034 localEndPoint: 127.0.0.1:38723 after 1004 ms
TpTrace Verbose: 0 : 165606, 7, 2026/02/19, 10:55:34.755, 1120171849033519, vstest.console.dll, TcpClientExtensions.MessageLoopAsync: Polling on remoteEndPoint: 127.0.0.1:39034 localEndPoint: 127.0.0.1:38723 after 1004 ms
TpTrace Verbose: 0 : 165606, 7, 2026/02/19, 10:55:35.776, 1120172870335639, vstest.console.dll, TcpClientExtensions.MessageLoopAsync: Polling on remoteEndPoint: 127.0.0.1:39034 localEndPoint: 127.0.0.1:38723 after 1020 ms
TpTrace Verbose: 0 : 165606, 7, 2026/02/19, 10:55:36.782, 1120173876438792, vstest.console.dll, TcpClientExtensions.MessageLoopAsync: Polling on remoteEndPoint: 127.0.0.1:39034 localEndPoint: 127.0.0.1:38723 after 1005 ms
TpTrace Verbose: 0 : 165606, 7, 2026/02/19, 10:55:37.787, 1120174881031576, vstest.console.dll, TcpClientExtensions.MessageLoopAsync: Polling on remoteEndPoint: 127.0.0.1:39034 localEndPoint: 127.0.0.1:38723 after 1004 ms
TpTrace Verbose: 0 : 165606, 7, 2026/02/19, 10:55:38.796, 1120175889608285, vstest.console.dll, TcpClientExtensions.MessageLoopAsync: Polling on remoteEndPoint: 127.0.0.1:39034 localEndPoint: 127.0.0.1:38723 after 1008 ms
TpTrace Verbose: 0 : 165606, 7, 2026/02/19, 10:55:39.800, 1120176894031225, vstest.console.dll, TcpClientExtensions.MessageLoopAsync: Polling on remoteEndPoint: 127.0.0.1:39034 localEndPoint: 127.0.0.1:38723 after 1004 ms
TpTrace Verbose: 0 : 165606, 7, 2026/02/19, 10:55:40.808, 1120177902182044, vstest.console.dll, TcpClientExtensions.MessageLoopAsync: Polling on remoteEndPoint: 127.0.0.1:39034 localEndPoint: 127.0.0.1:38723 after 1007 ms
TpTrace Verbose: 0 : 165606, 7, 2026/02/19, 10:55:41.813, 1120178907179527, vstest.console.dll, TcpClientExtensions.MessageLoopAsync: Polling on remoteEndPoint: 127.0.0.1:39034 localEndPoint: 127.0.0.1:38723 after 1004 ms
TpTrace Verbose: 0 : 165606, 7, 2026/02/19, 10:55:42.818, 1120179911745173, vstest.console.dll, TcpClientExtensions.MessageLoopAsync: Polling on remoteEndPoint: 127.0.0.1:39034 localEndPoint: 127.0.0.1:38723 after 1004 ms
TpTrace Verbose: 0 : 165606, 7, 2026/02/19, 10:55:43.822, 1120180916054932, vstest.console.dll, TcpClientExtensions.MessageLoopAsync: Polling on remoteEndPoint: 127.0.0.1:39034 localEndPoint: 127.0.0.1:38723 after 1004 ms
TpTrace Verbose: 0 : 165606, 7, 2026/02/19, 10:55:44.827, 1120181921074175, vstest.console.dll, TcpClientExtensions.MessageLoopAsync: Polling on remoteEndPoint: 127.0.0.1:39034 localEndPoint: 127.0.0.1:38723 after 1004 ms
TpTrace Verbose: 0 : 165606, 7, 2026/02/19, 10:55:45.832, 1120182926050874, vstest.console.dll, TcpClientExtensions.MessageLoopAsync: Polling on remoteEndPoint: 127.0.0.1:39034 localEndPoint: 127.0.0.1:38723 after 1004 ms
TpTrace Verbose: 0 : 165606, 7, 2026/02/19, 10:55:46.837, 1120183931160344, vstest.console.dll, TcpClientExtensions.MessageLoopAsync: Polling on remoteEndPoint: 127.0.0.1:39034 localEndPoint: 127.0.0.1:38723 after 1005 ms
TpTrace Verbose: 0 : 165606, 7, 2026/02/19, 10:55:47.842, 1120184936065147, vstest.console.dll, TcpClientExtensions.MessageLoopAsync: Polling on remoteEndPoint: 127.0.0.1:39034 localEndPoint: 127.0.0.1:38723 after 1004 ms
TpTrace Verbose: 0 : 165606, 7, 2026/02/19, 10:55:48.847, 1120185941161130, vstest.console.dll, TcpClientExtensions.MessageLoopAsync: Polling on remoteEndPoint: 127.0.0.1:39034 localEndPoint: 127.0.0.1:38723 after 1005 ms
TpTrace Verbose: 0 : 165606, 7, 2026/02/19, 10:55:49.853, 1120186946471787, vstest.console.dll, TcpClientExtensions.MessageLoopAsync: Polling on remoteEndPoint: 127.0.0.1:39034 localEndPoint: 127.0.0.1:38723 after 1005 ms
TpTrace Verbose: 0 : 165606, 7, 2026/02/19, 10:55:50.857, 1120187951031516, vstest.console.dll, TcpClientExtensions.MessageLoopAsync: Polling on remoteEndPoint: 127.0.0.1:39034 localEndPoint: 127.0.0.1:38723 after 1004 ms
TpTrace Verbose: 0 : 165606, 7, 2026/02/19, 10:55:51.863, 1120188957101579, vstest.console.dll, TcpClientExtensions.MessageLoopAsync: Polling on remoteEndPoint: 127.0.0.1:39034 localEndPoint: 127.0.0.1:38723 after 1006 ms
TpTrace Verbose: 0 : 165606, 7, 2026/02/19, 10:55:52.872, 1120189965797662, vstest.console.dll, TcpClientExtensions.MessageLoopAsync: Polling on remoteEndPoint: 127.0.0.1:39034 localEndPoint: 127.0.0.1:38723 after 1004 ms
TpTrace Verbose: 0 : 165606, 7, 2026/02/19, 10:55:53.877, 1120190971031824, vstest.console.dll, TcpClientExtensions.MessageLoopAsync: Polling on remoteEndPoint: 127.0.0.1:39034 localEndPoint: 127.0.0.1:38723 after 1004 ms
TpTrace Verbose: 0 : 165606, 7, 2026/02/19, 10:55:54.885, 1120191978510617, vstest.console.dll, TcpClientExtensions.MessageLoopAsync: Polling on remoteEndPoint: 127.0.0.1:39034 localEndPoint: 127.0.0.1:38723 after 1006 ms
TpTrace Verbose: 0 : 165606, 7, 2026/02/19, 10:55:55.893, 1120192986999513, vstest.console.dll, TcpClientExtensions.MessageLoopAsync: Polling on remoteEndPoint: 127.0.0.1:39034 localEndPoint: 127.0.0.1:38723 after 1007 ms
TpTrace Verbose: 0 : 165606, 7, 2026/02/19, 10:55:56.898, 1120193992312927, vstest.console.dll, TcpClientExtensions.MessageLoopAsync: Polling on remoteEndPoint: 127.0.0.1:39034 localEndPoint: 127.0.0.1:38723 after 1004 ms
TpTrace Verbose: 0 : 165606, 7, 2026/02/19, 10:55:57.916, 1120195009555062, vstest.console.dll, TcpClientExtensions.MessageLoopAsync: Polling on remoteEndPoint: 127.0.0.1:39034 localEndPoint: 127.0.0.1:38723 after 1016 ms
TpTrace Verbose: 0 : 165606, 7, 2026/02/19, 10:55:58.922, 1120196016036997, vstest.console.dll, TcpClientExtensions.MessageLoopAsync: Polling on remoteEndPoint: 127.0.0.1:39034 localEndPoint: 127.0.0.1:38723 after 1005 ms
TpTrace Verbose: 0 : 165606, 7, 2026/02/19, 10:55:59.932, 1120197026097020, vstest.console.dll, TcpClientExtensions.MessageLoopAsync: Polling on remoteEndPoint: 127.0.0.1:39034 localEndPoint: 127.0.0.1:38723 after 1009 ms
TpTrace Verbose: 0 : 165606, 7, 2026/02/19, 10:56:00.937, 1120198031028548, vstest.console.dll, TcpClientExtensions.MessageLoopAsync: Polling on remoteEndPoint: 127.0.0.1:39034 localEndPoint: 127.0.0.1:38723 after 1004 ms
TpTrace Verbose: 0 : 165606, 7, 2026/02/19, 10:56:01.942, 1120199036055075, vstest.console.dll, TcpClientExtensions.MessageLoopAsync: Polling on remoteEndPoint: 127.0.0.1:39034 localEndPoint: 127.0.0.1:38723 after 1004 ms
TpTrace Verbose: 0 : 165606, 7, 2026/02/19, 10:56:02.949, 1120200043037097, vstest.console.dll, TcpClientExtensions.MessageLoopAsync: Polling on remoteEndPoint: 127.0.0.1:39034 localEndPoint: 127.0.0.1:38723 after 1006 ms
TpTrace Verbose: 0 : 165606, 7, 2026/02/19, 10:56:03.962, 1120201055636572, vstest.console.dll, TcpClientExtensions.MessageLoopAsync: Polling on remoteEndPoint: 127.0.0.1:39034 localEndPoint: 127.0.0.1:38723 after 1012 ms
TpTrace Verbose: 0 : 165606, 7, 2026/02/19, 10:56:04.967, 1120202060518129, vstest.console.dll, TcpClientExtensions.MessageLoopAsync: Polling on remoteEndPoint: 127.0.0.1:39034 localEndPoint: 127.0.0.1:38723 after 1004 ms
TpTrace Verbose: 0 : 165606, 7, 2026/02/19, 10:56:06.003, 1120203097124723, vstest.console.dll, TcpClientExtensions.MessageLoopAsync: Polling on remoteEndPoint: 127.0.0.1:39034 localEndPoint: 127.0.0.1:38723 after 1036 ms
TpTrace Verbose: 0 : 165606, 7, 2026/02/19, 10:56:07.008, 1120204102032433, vstest.console.dll, TcpClientExtensions.MessageLoopAsync: Polling on remoteEndPoint: 127.0.0.1:39034 localEndPoint: 127.0.0.1:38723 after 1004 ms
TpTrace Verbose: 0 : 165606, 7, 2026/02/19, 10:56:08.014, 1120205108170879, vstest.console.dll, TcpClientExtensions.MessageLoopAsync: Polling on remoteEndPoint: 127.0.0.1:39034 localEndPoint: 127.0.0.1:38723 after 1006 ms
TpTrace Verbose: 0 : 165606, 7, 2026/02/19, 10:56:09.035, 1120206129204879, vstest.console.dll, TcpClientExtensions.MessageLoopAsync: Polling on remoteEndPoint: 127.0.0.1:39034 localEndPoint: 127.0.0.1:38723 after 1020 ms
TpTrace Verbose: 0 : 165606, 7, 2026/02/19, 10:56:10.047, 1120207140963164, vstest.console.dll, TcpClientExtensions.MessageLoopAsync: Polling on remoteEndPoint: 127.0.0.1:39034 localEndPoint: 127.0.0.1:38723 after 1010 ms
TpTrace Verbose: 0 : 165606, 7, 2026/02/19, 10:56:11.052, 1120208146104431, vstest.console.dll, TcpClientExtensions.MessageLoopAsync: Polling on remoteEndPoint: 127.0.0.1:39034 localEndPoint: 127.0.0.1:38723 after 1004 ms
TpTrace Verbose: 0 : 165606, 7, 2026/02/19, 10:56:12.061, 1120209155029259, vstest.console.dll, TcpClientExtensions.MessageLoopAsync: Polling on remoteEndPoint: 127.0.0.1:39034 localEndPoint: 127.0.0.1:38723 after 1008 ms
TpTrace Verbose: 0 : 165606, 7, 2026/02/19, 10:56:13.081, 1120210174611948, vstest.console.dll, TcpClientExtensions.MessageLoopAsync: Polling on remoteEndPoint: 127.0.0.1:39034 localEndPoint: 127.0.0.1:38723 after 1019 ms
TpTrace Verbose: 0 : 165606, 7, 2026/02/19, 10:56:14.085, 1120211179119012, vstest.console.dll, TcpClientExtensions.MessageLoopAsync: Polling on remoteEndPoint: 127.0.0.1:39034 localEndPoint: 127.0.0.1:38723 after 1004 ms
TpTrace Verbose: 0 : 165606, 7, 2026/02/19, 10:56:15.090, 1120212184034077, vstest.console.dll, TcpClientExtensions.MessageLoopAsync: Polling on remoteEndPoint: 127.0.0.1:39034 localEndPoint: 127.0.0.1:38723 after 1004 ms
TpTrace Verbose: 0 : 165606, 7, 2026/02/19, 10:56:16.095, 1120213189035718, vstest.console.dll, TcpClientExtensions.MessageLoopAsync: Polling on remoteEndPoint: 127.0.0.1:39034 localEndPoint: 127.0.0.1:38723 after 1004 ms
TpTrace Verbose: 0 : 165606, 7, 2026/02/19, 10:56:17.100, 1120214194035842, vstest.console.dll, TcpClientExtensions.MessageLoopAsync: Polling on remoteEndPoint: 127.0.0.1:39034 localEndPoint: 127.0.0.1:38723 after 1004 ms
TpTrace Verbose: 0 : 165606, 7, 2026/02/19, 10:56:18.105, 1120215199036506, vstest.console.dll, TcpClientExtensions.MessageLoopAsync: Polling on remoteEndPoint: 127.0.0.1:39034 localEndPoint: 127.0.0.1:38723 after 1004 ms
TpTrace Verbose: 0 : 165606, 7, 2026/02/19, 10:56:19.115, 1120216209385363, vstest.console.dll, TcpClientExtensions.MessageLoopAsync: Polling on remoteEndPoint: 127.0.0.1:39034 localEndPoint: 127.0.0.1:38723 after 1009 ms
TpTrace Verbose: 0 : 165606, 7, 2026/02/19, 10:56:20.120, 1120217214034882, vstest.console.dll, TcpClientExtensions.MessageLoopAsync: Polling on remoteEndPoint: 127.0.0.1:39034 localEndPoint: 127.0.0.1:38723 after 1004 ms
TpTrace Verbose: 0 : 165606, 7, 2026/02/19, 10:56:21.137, 1120218231124414, vstest.console.dll, TcpClientExtensions.MessageLoopAsync: Polling on remoteEndPoint: 127.0.0.1:39034 localEndPoint: 127.0.0.1:38723 after 1017 ms
TpTrace Verbose: 0 : 165606, 7, 2026/02/19, 10:56:22.142, 1120219236037692, vstest.console.dll, TcpClientExtensions.MessageLoopAsync: Polling on remoteEndPoint: 127.0.0.1:39034 localEndPoint: 127.0.0.1:38723 after 1004 ms
TpTrace Verbose: 0 : 165606, 7, 2026/02/19, 10:56:23.147, 1120220241041436, vstest.console.dll, TcpClientExtensions.MessageLoopAsync: Polling on remoteEndPoint: 127.0.0.1:39034 localEndPoint: 127.0.0.1:38723 after 1004 ms
TpTrace Verbose: 0 : 165606, 7, 2026/02/19, 10:56:24.152, 1120221246033039, vstest.console.dll, TcpClientExtensions.MessageLoopAsync: Polling on remoteEndPoint: 127.0.0.1:39034 localEndPoint: 127.0.0.1:38723 after 1004 ms
TpTrace Verbose: 0 : 165606, 7, 2026/02/19, 10:56:25.157, 1120222251095347, vstest.console.dll, TcpClientExtensions.MessageLoopAsync: Polling on remoteEndPoint: 127.0.0.1:39034 localEndPoint: 127.0.0.1:38723 after 1004 ms
TpTrace Verbose: 0 : 165606, 7, 2026/02/19, 10:56:26.162, 1120223256034100, vstest.console.dll, TcpClientExtensions.MessageLoopAsync: Polling on remoteEndPoint: 127.0.0.1:39034 localEndPoint: 127.0.0.1:38723 after 1004 ms
TpTrace Verbose: 0 : 165606, 7, 2026/02/19, 10:56:27.167, 1120224261090753, vstest.console.dll, TcpClientExtensions.MessageLoopAsync: Polling on remoteEndPoint: 127.0.0.1:39034 localEndPoint: 127.0.0.1:38723 after 1004 ms
TpTrace Verbose: 0 : 165606, 7, 2026/02/19, 10:56:28.172, 1120225266074552, vstest.console.dll, TcpClientExtensions.MessageLoopAsync: Polling on remoteEndPoint: 127.0.0.1:39034 localEndPoint: 127.0.0.1:38723 after 1004 ms
TpTrace Verbose: 0 : 165606, 7, 2026/02/19, 10:56:29.179, 1120226273148574, vstest.console.dll, TcpClientExtensions.MessageLoopAsync: Polling on remoteEndPoint: 127.0.0.1:39034 localEndPoint: 127.0.0.1:38723 after 1007 ms
TpTrace Verbose: 0 : 165606, 7, 2026/02/19, 10:56:30.184, 1120227278071897, vstest.console.dll, TcpClientExtensions.MessageLoopAsync: Polling on remoteEndPoint: 127.0.0.1:39034 localEndPoint: 127.0.0.1:38723 after 1004 ms
TpTrace Verbose: 0 : 165606, 7, 2026/02/19, 10:56:31.189, 1120228283049390, vstest.console.dll, TcpClientExtensions.MessageLoopAsync: Polling on remoteEndPoint: 127.0.0.1:39034 localEndPoint: 127.0.0.1:38723 after 1004 ms
TpTrace Verbose: 0 : 165606, 7, 2026/02/19, 10:56:32.194, 1120229288053940, vstest.console.dll, TcpClientExtensions.MessageLoopAsync: Polling on remoteEndPoint: 127.0.0.1:39034 localEndPoint: 127.0.0.1:38723 after 1004 ms
TpTrace Verbose: 0 : 165606, 7, 2026/02/19, 10:56:33.199, 1120230293061064, vstest.console.dll, TcpClientExtensions.MessageLoopAsync: Polling on remoteEndPoint: 127.0.0.1:39034 localEndPoint: 127.0.0.1:38723 after 1004 ms
TpTrace Verbose: 0 : 165606, 7, 2026/02/19, 10:56:34.204, 1120231298047901, vstest.console.dll, TcpClientExtensions.MessageLoopAsync: Polling on remoteEndPoint: 127.0.0.1:39034 localEndPoint: 127.0.0.1:38723 after 1004 ms
TpTrace Verbose: 0 : 165606, 7, 2026/02/19, 10:56:35.211, 1120232305031182, vstest.console.dll, TcpClientExtensions.MessageLoopAsync: Polling on remoteEndPoint: 127.0.0.1:39034 localEndPoint: 127.0.0.1:38723 after 1005 ms
TpTrace Verbose: 0 : 165606, 7, 2026/02/19, 10:56:36.216, 1120233310060749, vstest.console.dll, TcpClientExtensions.MessageLoopAsync: Polling on remoteEndPoint: 127.0.0.1:39034 localEndPoint: 127.0.0.1:38723 after 1004 ms
TpTrace Verbose: 0 : 165606, 7, 2026/02/19, 10:56:37.221, 1120234315036957, vstest.console.dll, TcpClientExtensions.MessageLoopAsync: Polling on remoteEndPoint: 127.0.0.1:39034 localEndPoint: 127.0.0.1:38723 after 1004 ms
TpTrace Verbose: 0 : 165606, 7, 2026/02/19, 10:56:38.226, 1120235320057243, vstest.console.dll, TcpClientExtensions.MessageLoopAsync: Polling on remoteEndPoint: 127.0.0.1:39034 localEndPoint: 127.0.0.1:38723 after 1004 ms
TpTrace Verbose: 0 : 165606, 7, 2026/02/19, 10:56:39.231, 1120236325049778, vstest.console.dll, TcpClientExtensions.MessageLoopAsync: Polling on remoteEndPoint: 127.0.0.1:39034 localEndPoint: 127.0.0.1:38723 after 1004 ms
TpTrace Verbose: 0 : 165606, 7, 2026/02/19, 10:56:40.236, 1120237330054948, vstest.console.dll, TcpClientExtensions.MessageLoopAsync: Polling on remoteEndPoint: 127.0.0.1:39034 localEndPoint: 127.0.0.1:38723 after 1004 ms
TpTrace Verbose: 0 : 165606, 7, 2026/02/19, 10:56:41.241, 1120238335067175, vstest.console.dll, TcpClientExtensions.MessageLoopAsync: Polling on remoteEndPoint: 127.0.0.1:39034 localEndPoint: 127.0.0.1:38723 after 1004 ms
TpTrace Verbose: 0 : 165606, 7, 2026/02/19, 10:56:42.246, 1120239340042645, vstest.console.dll, TcpClientExtensions.MessageLoopAsync: Polling on remoteEndPoint: 127.0.0.1:39034 localEndPoint: 127.0.0.1:38723 after 1004 ms
TpTrace Verbose: 0 : 165606, 7, 2026/02/19, 10:56:43.251, 1120240345077128, vstest.console.dll, TcpClientExtensions.MessageLoopAsync: Polling on remoteEndPoint: 127.0.0.1:39034 localEndPoint: 127.0.0.1:38723 after 1004 ms
TpTrace Verbose: 0 : 165606, 7, 2026/02/19, 10:56:44.256, 1120241350141504, vstest.console.dll, TcpClientExtensions.MessageLoopAsync: Polling on remoteEndPoint: 127.0.0.1:39034 localEndPoint: 127.0.0.1:38723 after 1005 ms
TpTrace Verbose: 0 : 165606, 7, 2026/02/19, 10:56:45.261, 1120242355140113, vstest.console.dll, TcpClientExtensions.MessageLoopAsync: Polling on remoteEndPoint: 127.0.0.1:39034 localEndPoint: 127.0.0.1:38723 after 1004 ms
TpTrace Verbose: 0 : 165606, 7, 2026/02/19, 10:56:46.266, 1120243360062008, vstest.console.dll, TcpClientExtensions.MessageLoopAsync: Polling on remoteEndPoint: 127.0.0.1:39034 localEndPoint: 127.0.0.1:38723 after 1004 ms
TpTrace Verbose: 0 : 165606, 7, 2026/02/19, 10:56:47.271, 1120244365036289, vstest.console.dll, TcpClientExtensions.MessageLoopAsync: Polling on remoteEndPoint: 127.0.0.1:39034 localEndPoint: 127.0.0.1:38723 after 1004 ms
TpTrace Verbose: 0 : 165606, 7, 2026/02/19, 10:56:48.276, 1120245370076017, vstest.console.dll, TcpClientExtensions.MessageLoopAsync: Polling on remoteEndPoint: 127.0.0.1:39034 localEndPoint: 127.0.0.1:38723 after 1004 ms
TpTrace Verbose: 0 : 165606, 7, 2026/02/19, 10:56:49.281, 1120246375073706, vstest.console.dll, TcpClientExtensions.MessageLoopAsync: Polling on remoteEndPoint: 127.0.0.1:39034 localEndPoint: 127.0.0.1:38723 after 1004 ms
TpTrace Verbose: 0 : 165606, 7, 2026/02/19, 10:56:50.286, 1120247380054574, vstest.console.dll, TcpClientExtensions.MessageLoopAsync: Polling on remoteEndPoint: 127.0.0.1:39034 localEndPoint: 127.0.0.1:38723 after 1004 ms
TpTrace Verbose: 0 : 165606, 7, 2026/02/19, 10:56:51.291, 1120248385036594, vstest.console.dll, TcpClientExtensions.MessageLoopAsync: Polling on remoteEndPoint: 127.0.0.1:39034 localEndPoint: 127.0.0.1:38723 after 1004 ms
TpTrace Verbose: 0 : 165606, 7, 2026/02/19, 10:56:52.296, 1120249390092062, vstest.console.dll, TcpClientExtensions.MessageLoopAsync: Polling on remoteEndPoint: 127.0.0.1:39034 localEndPoint: 127.0.0.1:38723 after 1004 ms
TpTrace Verbose: 0 : 165606, 7, 2026/02/19, 10:56:53.301, 1120250395032596, vstest.console.dll, TcpClientExtensions.MessageLoopAsync: Polling on remoteEndPoint: 127.0.0.1:39034 localEndPoint: 127.0.0.1:38723 after 1004 ms
TpTrace Verbose: 0 : 165606, 7, 2026/02/19, 10:56:54.306, 1120251400031368, vstest.console.dll, TcpClientExtensions.MessageLoopAsync: Polling on remoteEndPoint: 127.0.0.1:39034 localEndPoint: 127.0.0.1:38723 after 1004 ms
TpTrace Verbose: 0 : 165606, 7, 2026/02/19, 10:56:55.311, 1120252405068669, vstest.console.dll, TcpClientExtensions.MessageLoopAsync: Polling on remoteEndPoint: 127.0.0.1:39034 localEndPoint: 127.0.0.1:38723 after 1004 ms
TpTrace Verbose: 0 : 165606, 7, 2026/02/19, 10:56:56.316, 1120253410044293, vstest.console.dll, TcpClientExtensions.MessageLoopAsync: Polling on remoteEndPoint: 127.0.0.1:39034 localEndPoint: 127.0.0.1:38723 after 1004 ms
TpTrace Verbose: 0 : 165606, 7, 2026/02/19, 10:56:57.321, 1120254415068461, vstest.console.dll, TcpClientExtensions.MessageLoopAsync: Polling on remoteEndPoint: 127.0.0.1:39034 localEndPoint: 127.0.0.1:38723 after 1004 ms
TpTrace Verbose: 0 : 165606, 7, 2026/02/19, 10:56:58.326, 1120255420060937, vstest.console.dll, TcpClientExtensions.MessageLoopAsync: Polling on remoteEndPoint: 127.0.0.1:39034 localEndPoint: 127.0.0.1:38723 after 1004 ms
TpTrace Verbose: 0 : 165606, 7, 2026/02/19, 10:56:59.332, 1120256426026234, vstest.console.dll, TcpClientExtensions.MessageLoopAsync: Polling on remoteEndPoint: 127.0.0.1:39034 localEndPoint: 127.0.0.1:38723 after 1005 ms
TpTrace Verbose: 0 : 165606, 7, 2026/02/19, 10:57:00.338, 1120257432067744, vstest.console.dll, TcpClientExtensions.MessageLoopAsync: Polling on remoteEndPoint: 127.0.0.1:39034 localEndPoint: 127.0.0.1:38723 after 1005 ms
TpTrace Verbose: 0 : 165606, 7, 2026/02/19, 10:57:01.343, 1120258437032716, vstest.console.dll, TcpClientExtensions.MessageLoopAsync: Polling on remoteEndPoint: 127.0.0.1:39034 localEndPoint: 127.0.0.1:38723 after 1004 ms
TpTrace Verbose: 0 : 165606, 7, 2026/02/19, 10:57:02.348, 1120259442071969, vstest.console.dll, TcpClientExtensions.MessageLoopAsync: Polling on remoteEndPoint: 127.0.0.1:39034 localEndPoint: 127.0.0.1:38723 after 1004 ms
TpTrace Verbose: 0 : 165606, 7, 2026/02/19, 10:57:03.354, 1120260447476603, vstest.console.dll, TcpClientExtensions.MessageLoopAsync: Polling on remoteEndPoint: 127.0.0.1:39034 localEndPoint: 127.0.0.1:38723 after 1005 ms
TpTrace Verbose: 0 : 165606, 7, 2026/02/19, 10:57:04.374, 1120261467799162, vstest.console.dll, TcpClientExtensions.MessageLoopAsync: Polling on remoteEndPoint: 127.0.0.1:39034 localEndPoint: 127.0.0.1:38723 after 1020 ms
TpTrace Verbose: 0 : 165606, 7, 2026/02/19, 10:57:05.378, 1120262472031026, vstest.console.dll, TcpClientExtensions.MessageLoopAsync: Polling on remoteEndPoint: 127.0.0.1:39034 localEndPoint: 127.0.0.1:38723 after 1004 ms
TpTrace Verbose: 0 : 165606, 7, 2026/02/19, 10:57:06.384, 1120263477508811, vstest.console.dll, TcpClientExtensions.MessageLoopAsync: Polling on remoteEndPoint: 127.0.0.1:39034 localEndPoint: 127.0.0.1:38723 after 1005 ms
TpTrace Verbose: 0 : 165606, 7, 2026/02/19, 10:57:07.390, 1120264484033715, vstest.console.dll, TcpClientExtensions.MessageLoopAsync: Polling on remoteEndPoint: 127.0.0.1:39034 localEndPoint: 127.0.0.1:38723 after 1005 ms
TpTrace Verbose: 0 : 165606, 7, 2026/02/19, 10:57:08.396, 1120265490035216, vstest.console.dll, TcpClientExtensions.MessageLoopAsync: Polling on remoteEndPoint: 127.0.0.1:39034 localEndPoint: 127.0.0.1:38723 after 1005 ms
TpTrace Verbose: 0 : 165606, 7, 2026/02/19, 10:57:09.401, 1120266495033490, vstest.console.dll, TcpClientExtensions.MessageLoopAsync: Polling on remoteEndPoint: 127.0.0.1:39034 localEndPoint: 127.0.0.1:38723 after 1004 ms
TpTrace Verbose: 0 : 165606, 7, 2026/02/19, 10:57:10.410, 1120267503756635, vstest.console.dll, TcpClientExtensions.MessageLoopAsync: Polling on remoteEndPoint: 127.0.0.1:39034 localEndPoint: 127.0.0.1:38723 after 1008 ms
TpTrace Verbose: 0 : 165606, 7, 2026/02/19, 10:57:11.431, 1120268525036316, vstest.console.dll, TcpClientExtensions.MessageLoopAsync: Polling on remoteEndPoint: 127.0.0.1:39034 localEndPoint: 127.0.0.1:38723 after 1004 ms
TpTrace Verbose: 0 : 165606, 7, 2026/02/19, 10:57:12.436, 1120269530040024, vstest.console.dll, TcpClientExtensions.MessageLoopAsync: Polling on remoteEndPoint: 127.0.0.1:39034 localEndPoint: 127.0.0.1:38723 after 1004 ms
TpTrace Verbose: 0 : 165606, 7, 2026/02/19, 10:57:13.441, 1120270535048990, vstest.console.dll, TcpClientExtensions.MessageLoopAsync: Polling on remoteEndPoint: 127.0.0.1:39034 localEndPoint: 127.0.0.1:38723 after 1004 ms
TpTrace Verbose: 0 : 165606, 7, 2026/02/19, 10:57:14.446, 1120271540079769, vstest.console.dll, TcpClientExtensions.MessageLoopAsync: Polling on remoteEndPoint: 127.0.0.1:39034 localEndPoint: 127.0.0.1:38723 after 1004 ms
TpTrace Verbose: 0 : 165606, 7, 2026/02/19, 10:57:15.451, 1120272545029327, vstest.console.dll, TcpClientExtensions.MessageLoopAsync: Polling on remoteEndPoint: 127.0.0.1:39034 localEndPoint: 127.0.0.1:38723 after 1004 ms
TpTrace Verbose: 0 : 165606, 7, 2026/02/19, 10:57:16.457, 1120273551058668, vstest.console.dll, TcpClientExtensions.MessageLoopAsync: Polling on remoteEndPoint: 127.0.0.1:39034 localEndPoint: 127.0.0.1:38723 after 1005 ms
TpTrace Verbose: 0 : 165606, 7, 2026/02/19, 10:57:17.462, 1120274556035631, vstest.console.dll, TcpClientExtensions.MessageLoopAsync: Polling on remoteEndPoint: 127.0.0.1:39034 localEndPoint: 127.0.0.1:38723 after 1004 ms
TpTrace Verbose: 0 : 165606, 7, 2026/02/19, 10:57:18.467, 1120275561030564, vstest.console.dll, TcpClientExtensions.MessageLoopAsync: Polling on remoteEndPoint: 127.0.0.1:39034 localEndPoint: 127.0.0.1:38723 after 1004 ms
TpTrace Verbose: 0 : 165606, 7, 2026/02/19, 10:57:19.472, 1120276566294865, vstest.console.dll, TcpClientExtensions.MessageLoopAsync: Polling on remoteEndPoint: 127.0.0.1:39034 localEndPoint: 127.0.0.1:38723 after 1004 ms
TpTrace Verbose: 0 : 165606, 7, 2026/02/19, 10:57:20.483, 1120277576706045, vstest.console.dll, TcpClientExtensions.MessageLoopAsync: Polling on remoteEndPoint: 127.0.0.1:39034 localEndPoint: 127.0.0.1:38723 after 1010 ms
TpTrace Verbose: 0 : 165606, 7, 2026/02/19, 10:57:21.488, 1120278582039250, vstest.console.dll, TcpClientExtensions.MessageLoopAsync: Polling on remoteEndPoint: 127.0.0.1:39034 localEndPoint: 127.0.0.1:38723 after 1004 ms
TpTrace Verbose: 0 : 165606, 7, 2026/02/19, 10:57:22.493, 1120279587138789, vstest.console.dll, TcpClientExtensions.MessageLoopAsync: Polling on remoteEndPoint: 127.0.0.1:39034 localEndPoint: 127.0.0.1:38723 after 1004 ms
TpTrace Verbose: 0 : 165606, 7, 2026/02/19, 10:57:23.498, 1120280592035673, vstest.console.dll, TcpClientExtensions.MessageLoopAsync: Polling on remoteEndPoint: 127.0.0.1:39034 localEndPoint: 127.0.0.1:38723 after 1004 ms
TpTrace Verbose: 0 : 165606, 7, 2026/02/19, 10:57:24.503, 1120281597063737, vstest.console.dll, TcpClientExtensions.MessageLoopAsync: Polling on remoteEndPoint: 127.0.0.1:39034 localEndPoint: 127.0.0.1:38723 after 1004 ms
TpTrace Verbose: 0 : 165606, 7, 2026/02/19, 10:57:25.508, 1120282602090433, vstest.console.dll, TcpClientExtensions.MessageLoopAsync: Polling on remoteEndPoint: 127.0.0.1:39034 localEndPoint: 127.0.0.1:38723 after 1004 ms
TpTrace Verbose: 0 : 165606, 7, 2026/02/19, 10:57:26.513, 1120283607090630, vstest.console.dll, TcpClientExtensions.MessageLoopAsync: Polling on remoteEndPoint: 127.0.0.1:39034 localEndPoint: 127.0.0.1:38723 after 1004 ms
TpTrace Verbose: 0 : 165606, 7, 2026/02/19, 10:57:27.518, 1120284612059512, vstest.console.dll, TcpClientExtensions.MessageLoopAsync: Polling on remoteEndPoint: 127.0.0.1:39034 localEndPoint: 127.0.0.1:38723 after 1004 ms
TpTrace Verbose: 0 : 165606, 7, 2026/02/19, 10:57:28.523, 1120285617039435, vstest.console.dll, TcpClientExtensions.MessageLoopAsync: Polling on remoteEndPoint: 127.0.0.1:39034 localEndPoint: 127.0.0.1:38723 after 1004 ms
TpTrace Verbose: 0 : 165606, 7, 2026/02/19, 10:57:29.528, 1120286622046630, vstest.console.dll, TcpClientExtensions.MessageLoopAsync: Polling on remoteEndPoint: 127.0.0.1:39034 localEndPoint: 127.0.0.1:38723 after 1004 ms
TpTrace Verbose: 0 : 165606, 7, 2026/02/19, 10:57:30.533, 1120287627037293, vstest.console.dll, TcpClientExtensions.MessageLoopAsync: Polling on remoteEndPoint: 127.0.0.1:39034 localEndPoint: 127.0.0.1:38723 after 1004 ms
TpTrace Verbose: 0 : 165606, 7, 2026/02/19, 10:57:31.538, 1120288632028712, vstest.console.dll, TcpClientExtensions.MessageLoopAsync: Polling on remoteEndPoint: 127.0.0.1:39034 localEndPoint: 127.0.0.1:38723 after 1004 ms
TpTrace Verbose: 0 : 165606, 7, 2026/02/19, 10:57:32.543, 1120289637293272, vstest.console.dll, TcpClientExtensions.MessageLoopAsync: Polling on remoteEndPoint: 127.0.0.1:39034 localEndPoint: 127.0.0.1:38723 after 1004 ms
TpTrace Verbose: 0 : 165606, 7, 2026/02/19, 10:57:33.548, 1120290642030685, vstest.console.dll, TcpClientExtensions.MessageLoopAsync: Polling on remoteEndPoint: 127.0.0.1:39034 localEndPoint: 127.0.0.1:38723 after 1004 ms
TpTrace Verbose: 0 : 165606, 7, 2026/02/19, 10:57:34.553, 1120291647024124, vstest.console.dll, TcpClientExtensions.MessageLoopAsync: Polling on remoteEndPoint: 127.0.0.1:39034 localEndPoint: 127.0.0.1:38723 after 1004 ms
TpTrace Verbose: 0 : 165606, 7, 2026/02/19, 10:57:35.558, 1120292652094574, vstest.console.dll, TcpClientExtensions.MessageLoopAsync: Polling on remoteEndPoint: 127.0.0.1:39034 localEndPoint: 127.0.0.1:38723 after 1005 ms
TpTrace Verbose: 0 : 165606, 7, 2026/02/19, 10:57:36.563, 1120293657115674, vstest.console.dll, TcpClientExtensions.MessageLoopAsync: Polling on remoteEndPoint: 127.0.0.1:39034 localEndPoint: 127.0.0.1:38723 after 1004 ms
TpTrace Verbose: 0 : 165606, 7, 2026/02/19, 10:57:37.568, 1120294662055031, vstest.console.dll, TcpClientExtensions.MessageLoopAsync: Polling on remoteEndPoint: 127.0.0.1:39034 localEndPoint: 127.0.0.1:38723 after 1004 ms
TpTrace Verbose: 0 : 165606, 7, 2026/02/19, 10:57:38.573, 1120295667178109, vstest.console.dll, TcpClientExtensions.MessageLoopAsync: Polling on remoteEndPoint: 127.0.0.1:39034 localEndPoint: 127.0.0.1:38723 after 1005 ms
TpTrace Verbose: 0 : 165606, 7, 2026/02/19, 10:57:39.578, 1120296672183005, vstest.console.dll, TcpClientExtensions.MessageLoopAsync: Polling on remoteEndPoint: 127.0.0.1:39034 localEndPoint: 127.0.0.1:38723 after 1004 ms
TpTrace Verbose: 0 : 165606, 7, 2026/02/19, 10:57:40.583, 1120297677045452, vstest.console.dll, TcpClientExtensions.MessageLoopAsync: Polling on remoteEndPoint: 127.0.0.1:39034 localEndPoint: 127.0.0.1:38723 after 1004 ms
TpTrace Verbose: 0 : 165606, 7, 2026/02/19, 10:57:41.588, 1120298682111238, vstest.console.dll, TcpClientExtensions.MessageLoopAsync: Polling on remoteEndPoint: 127.0.0.1:39034 localEndPoint: 127.0.0.1:38723 after 1004 ms
TpTrace Verbose: 0 : 165606, 7, 2026/02/19, 10:57:42.593, 1120299687038020, vstest.console.dll, TcpClientExtensions.MessageLoopAsync: Polling on remoteEndPoint: 127.0.0.1:39034 localEndPoint: 127.0.0.1:38723 after 1004 ms
TpTrace Verbose: 0 : 165606, 7, 2026/02/19, 10:57:43.598, 1120300692071209, vstest.console.dll, TcpClientExtensions.MessageLoopAsync: Polling on remoteEndPoint: 127.0.0.1:39034 localEndPoint: 127.0.0.1:38723 after 1004 ms
TpTrace Verbose: 0 : 165606, 7, 2026/02/19, 10:57:44.603, 1120301697029136, vstest.console.dll, TcpClientExtensions.MessageLoopAsync: Polling on remoteEndPoint: 127.0.0.1:39034 localEndPoint: 127.0.0.1:38723 after 1004 ms
TpTrace Verbose: 0 : 165606, 7, 2026/02/19, 10:57:45.608, 1120302702032601, vstest.console.dll, TcpClientExtensions.MessageLoopAsync: Polling on remoteEndPoint: 127.0.0.1:39034 localEndPoint: 127.0.0.1:38723 after 1004 ms
TpTrace Verbose: 0 : 165606, 7, 2026/02/19, 10:57:46.613, 1120303707029324, vstest.console.dll, TcpClientExtensions.MessageLoopAsync: Polling on remoteEndPoint: 127.0.0.1:39034 localEndPoint: 127.0.0.1:38723 after 1004 ms
TpTrace Verbose: 0 : 165606, 7, 2026/02/19, 10:57:47.618, 1120304712037502, vstest.console.dll, TcpClientExtensions.MessageLoopAsync: Polling on remoteEndPoint: 127.0.0.1:39034 localEndPoint: 127.0.0.1:38723 after 1004 ms
TpTrace Verbose: 0 : 165606, 7, 2026/02/19, 10:57:48.628, 1120305721616912, vstest.console.dll, TcpClientExtensions.MessageLoopAsync: Polling on remoteEndPoint: 127.0.0.1:39034 localEndPoint: 127.0.0.1:38723 after 1009 ms
TpTrace Verbose: 0 : 165606, 7, 2026/02/19, 10:57:49.633, 1120306727033847, vstest.console.dll, TcpClientExtensions.MessageLoopAsync: Polling on remoteEndPoint: 127.0.0.1:39034 localEndPoint: 127.0.0.1:38723 after 1004 ms
TpTrace Verbose: 0 : 165606, 7, 2026/02/19, 10:57:50.638, 1120307732066377, vstest.console.dll, TcpClientExtensions.MessageLoopAsync: Polling on remoteEndPoint: 127.0.0.1:39034 localEndPoint: 127.0.0.1:38723 after 1004 ms
TpTrace Verbose: 0 : 165606, 7, 2026/02/19, 10:57:51.643, 1120308737048956, vstest.console.dll, TcpClientExtensions.MessageLoopAsync: Polling on remoteEndPoint: 127.0.0.1:39034 localEndPoint: 127.0.0.1:38723 after 1004 ms
TpTrace Verbose: 0 : 165606, 7, 2026/02/19, 10:57:52.648, 1120309742074074, vstest.console.dll, TcpClientExtensions.MessageLoopAsync: Polling on remoteEndPoint: 127.0.0.1:39034 localEndPoint: 127.0.0.1:38723 after 1004 ms
TpTrace Verbose: 0 : 165606, 7, 2026/02/19, 10:57:53.656, 1120310750052323, vstest.console.dll, TcpClientExtensions.MessageLoopAsync: Polling on remoteEndPoint: 127.0.0.1:39034 localEndPoint: 127.0.0.1:38723 after 1007 ms
TpTrace Verbose: 0 : 165606, 7, 2026/02/19, 10:57:54.661, 1120311755106981, vstest.console.dll, TcpClientExtensions.MessageLoopAsync: Polling on remoteEndPoint: 127.0.0.1:39034 localEndPoint: 127.0.0.1:38723 after 1004 ms
TpTrace Verbose: 0 : 165606, 7, 2026/02/19, 10:57:55.666, 1120312760060730, vstest.console.dll, TcpClientExtensions.MessageLoopAsync: Polling on remoteEndPoint: 127.0.0.1:39034 localEndPoint: 127.0.0.1:38723 after 1004 ms
TpTrace Verbose: 0 : 165606, 7, 2026/02/19, 10:57:56.673, 1120313767035234, vstest.console.dll, TcpClientExtensions.MessageLoopAsync: Polling on remoteEndPoint: 127.0.0.1:39034 localEndPoint: 127.0.0.1:38723 after 1004 ms
TpTrace Verbose: 0 : 165606, 7, 2026/02/19, 10:57:57.678, 1120314772230281, vstest.console.dll, TcpClientExtensions.MessageLoopAsync: Polling on remoteEndPoint: 127.0.0.1:39034 localEndPoint: 127.0.0.1:38723 after 1004 ms
TpTrace Verbose: 0 : 165606, 7, 2026/02/19, 10:57:58.683, 1120315776855734, vstest.console.dll, TcpClientExtensions.MessageLoopAsync: Polling on remoteEndPoint: 127.0.0.1:39034 localEndPoint: 127.0.0.1:38723 after 1004 ms
TpTrace Verbose: 0 : 165606, 7, 2026/02/19, 10:57:59.687, 1120316781051726, vstest.console.dll, TcpClientExtensions.MessageLoopAsync: Polling on remoteEndPoint: 127.0.0.1:39034 localEndPoint: 127.0.0.1:38723 after 1004 ms
TpTrace Verbose: 0 : 165606, 7, 2026/02/19, 10:58:00.692, 1120317786077981, vstest.console.dll, TcpClientExtensions.MessageLoopAsync: Polling on remoteEndPoint: 127.0.0.1:39034 localEndPoint: 127.0.0.1:38723 after 1004 ms
TpTrace Verbose: 0 : 165606, 7, 2026/02/19, 10:58:01.697, 1120318791132479, vstest.console.dll, TcpClientExtensions.MessageLoopAsync: Polling on remoteEndPoint: 127.0.0.1:39034 localEndPoint: 127.0.0.1:38723 after 1005 ms
TpTrace Verbose: 0 : 165606, 7, 2026/02/19, 10:58:02.702, 1120319796034763, vstest.console.dll, TcpClientExtensions.MessageLoopAsync: Polling on remoteEndPoint: 127.0.0.1:39034 localEndPoint: 127.0.0.1:38723 after 1004 ms
TpTrace Verbose: 0 : 165606, 7, 2026/02/19, 10:58:03.707, 1120320801039265, vstest.console.dll, TcpClientExtensions.MessageLoopAsync: Polling on remoteEndPoint: 127.0.0.1:39034 localEndPoint: 127.0.0.1:38723 after 1004 ms
TpTrace Verbose: 0 : 165606, 7, 2026/02/19, 10:58:04.712, 1120321806072456, vstest.console.dll, TcpClientExtensions.MessageLoopAsync: Polling on remoteEndPoint: 127.0.0.1:39034 localEndPoint: 127.0.0.1:38723 after 1004 ms
TpTrace Verbose: 0 : 165606, 7, 2026/02/19, 10:58:05.717, 1120322811122443, vstest.console.dll, TcpClientExtensions.MessageLoopAsync: Polling on remoteEndPoint: 127.0.0.1:39034 localEndPoint: 127.0.0.1:38723 after 1004 ms
TpTrace Verbose: 0 : 165606, 7, 2026/02/19, 10:58:06.722, 1120323816030427, vstest.console.dll, TcpClientExtensions.MessageLoopAsync: Polling on remoteEndPoint: 127.0.0.1:39034 localEndPoint: 127.0.0.1:38723 after 1004 ms
TpTrace Verbose: 0 : 165606, 7, 2026/02/19, 10:58:07.728, 1120324821684869, vstest.console.dll, TcpClientExtensions.MessageLoopAsync: Polling on remoteEndPoint: 127.0.0.1:39034 localEndPoint: 127.0.0.1:38723 after 1005 ms
TpTrace Verbose: 0 : 165606, 7, 2026/02/19, 10:58:08.735, 1120325829155302, vstest.console.dll, TcpClientExtensions.MessageLoopAsync: Polling on remoteEndPoint: 127.0.0.1:39034 localEndPoint: 127.0.0.1:38723 after 1007 ms
TpTrace Verbose: 0 : 165606, 7, 2026/02/19, 10:58:09.740, 1120326834183838, vstest.console.dll, TcpClientExtensions.MessageLoopAsync: Polling on remoteEndPoint: 127.0.0.1:39034 localEndPoint: 127.0.0.1:38723 after 1004 ms
TpTrace Verbose: 0 : 165606, 7, 2026/02/19, 10:58:10.745, 1120327839030298, vstest.console.dll, TcpClientExtensions.MessageLoopAsync: Polling on remoteEndPoint: 127.0.0.1:39034 localEndPoint: 127.0.0.1:38723 after 1004 ms
TpTrace Verbose: 0 : 165606, 7, 2026/02/19, 10:58:11.748, 1120328841963546, vstest.console.dll, TcpClientExtensions.MessageLoopAsync: Polling on remoteEndPoint: 127.0.0.1:39034 localEndPoint: 127.0.0.1:38723 after 1002 ms
TpTrace Verbose: 0 : 165606, 7, 2026/02/19, 10:58:12.753, 1120329847061187, vstest.console.dll, TcpClientExtensions.MessageLoopAsync: Polling on remoteEndPoint: 127.0.0.1:39034 localEndPoint: 127.0.0.1:38723 after 1005 ms
TpTrace Verbose: 0 : 165606, 7, 2026/02/19, 10:58:13.758, 1120330852089620, vstest.console.dll, TcpClientExtensions.MessageLoopAsync: Polling on remoteEndPoint: 127.0.0.1:39034 localEndPoint: 127.0.0.1:38723 after 1004 ms
TpTrace Verbose: 0 : 165606, 7, 2026/02/19, 10:58:14.763, 1120331857080051, vstest.console.dll, TcpClientExtensions.MessageLoopAsync: Polling on remoteEndPoint: 127.0.0.1:39034 localEndPoint: 127.0.0.1:38723 after 1004 ms
TpTrace Verbose: 0 : 165606, 7, 2026/02/19, 10:58:15.768, 1120332862268911, vstest.console.dll, TcpClientExtensions.MessageLoopAsync: Polling on remoteEndPoint: 127.0.0.1:39034 localEndPoint: 127.0.0.1:38723 after 1005 ms
TpTrace Verbose: 0 : 165606, 7, 2026/02/19, 10:58:16.775, 1120333869033269, vstest.console.dll, TcpClientExtensions.MessageLoopAsync: Polling on remoteEndPoint: 127.0.0.1:39034 localEndPoint: 127.0.0.1:38723 after 1004 ms
TpTrace Verbose: 0 : 165606, 7, 2026/02/19, 10:58:17.780, 1120334874043026, vstest.console.dll, TcpClientExtensions.MessageLoopAsync: Polling on remoteEndPoint: 127.0.0.1:39034 localEndPoint: 127.0.0.1:38723 after 1004 ms
TpTrace Verbose: 0 : 165606, 7, 2026/02/19, 10:58:18.786, 1120335879629515, vstest.console.dll, TcpClientExtensions.MessageLoopAsync: Polling on remoteEndPoint: 127.0.0.1:39034 localEndPoint: 127.0.0.1:38723 after 1005 ms
TpTrace Verbose: 0 : 165606, 7, 2026/02/19, 10:58:19.791, 1120336885066379, vstest.console.dll, TcpClientExtensions.MessageLoopAsync: Polling on remoteEndPoint: 127.0.0.1:39034 localEndPoint: 127.0.0.1:38723 after 1004 ms
TpTrace Verbose: 0 : 165606, 7, 2026/02/19, 10:58:20.796, 1120337890029557, vstest.console.dll, TcpClientExtensions.MessageLoopAsync: Polling on remoteEndPoint: 127.0.0.1:39034 localEndPoint: 127.0.0.1:38723 after 1004 ms
TpTrace Verbose: 0 : 165606, 7, 2026/02/19, 10:58:21.801, 1120338895048404, vstest.console.dll, TcpClientExtensions.MessageLoopAsync: Polling on remoteEndPoint: 127.0.0.1:39034 localEndPoint: 127.0.0.1:38723 after 1004 ms
TpTrace Verbose: 0 : 165606, 7, 2026/02/19, 10:58:22.806, 1120339900073158, vstest.console.dll, TcpClientExtensions.MessageLoopAsync: Polling on remoteEndPoint: 127.0.0.1:39034 localEndPoint: 127.0.0.1:38723 after 1004 ms
TpTrace Verbose: 0 : 165606, 7, 2026/02/19, 10:58:23.811, 1120340905052475, vstest.console.dll, TcpClientExtensions.MessageLoopAsync: Polling on remoteEndPoint: 127.0.0.1:39034 localEndPoint: 127.0.0.1:38723 after 1004 ms
TpTrace Verbose: 0 : 165606, 7, 2026/02/19, 10:58:24.816, 1120341910172219, vstest.console.dll, TcpClientExtensions.MessageLoopAsync: Polling on remoteEndPoint: 127.0.0.1:39034 localEndPoint: 127.0.0.1:38723 after 1004 ms
TpTrace Verbose: 0 : 165606, 7, 2026/02/19, 10:58:25.821, 1120342915046497, vstest.console.dll, TcpClientExtensions.MessageLoopAsync: Polling on remoteEndPoint: 127.0.0.1:39034 localEndPoint: 127.0.0.1:38723 after 1004 ms
TpTrace Verbose: 0 : 165606, 7, 2026/02/19, 10:58:26.827, 1120343921031289, vstest.console.dll, TcpClientExtensions.MessageLoopAsync: Polling on remoteEndPoint: 127.0.0.1:39034 localEndPoint: 127.0.0.1:38723 after 1005 ms
TpTrace Verbose: 0 : 165606, 7, 2026/02/19, 10:58:27.832, 1120344926030188, vstest.console.dll, TcpClientExtensions.MessageLoopAsync: Polling on remoteEndPoint: 127.0.0.1:39034 localEndPoint: 127.0.0.1:38723 after 1004 ms
TpTrace Verbose: 0 : 165606, 7, 2026/02/19, 10:58:28.837, 1120345931036163, vstest.console.dll, TcpClientExtensions.MessageLoopAsync: Polling on remoteEndPoint: 127.0.0.1:39034 localEndPoint: 127.0.0.1:38723 after 1004 ms
TpTrace Verbose: 0 : 165606, 7, 2026/02/19, 10:58:29.842, 1120346936040992, vstest.console.dll, TcpClientExtensions.MessageLoopAsync: Polling on remoteEndPoint: 127.0.0.1:39034 localEndPoint: 127.0.0.1:38723 after 1004 ms
TpTrace Verbose: 0 : 165606, 7, 2026/02/19, 10:58:30.847, 1120347941047386, vstest.console.dll, TcpClientExtensions.MessageLoopAsync: Polling on remoteEndPoint: 127.0.0.1:39034 localEndPoint: 127.0.0.1:38723 after 1004 ms
TpTrace Verbose: 0 : 165606, 7, 2026/02/19, 10:58:31.852, 1120348946072757, vstest.console.dll, TcpClientExtensions.MessageLoopAsync: Polling on remoteEndPoint: 127.0.0.1:39034 localEndPoint: 127.0.0.1:38723 after 1004 ms
TpTrace Verbose: 0 : 165606, 7, 2026/02/19, 10:58:32.857, 1120349951032772, vstest.console.dll, TcpClientExtensions.MessageLoopAsync: Polling on remoteEndPoint: 127.0.0.1:39034 localEndPoint: 127.0.0.1:38723 after 1004 ms
TpTrace Verbose: 0 : 165606, 7, 2026/02/19, 10:58:33.862, 1120350956134060, vstest.console.dll, TcpClientExtensions.MessageLoopAsync: Polling on remoteEndPoint: 127.0.0.1:39034 localEndPoint: 127.0.0.1:38723 after 1005 ms
TpTrace Verbose: 0 : 165606, 7, 2026/02/19, 10:58:34.864, 1120351957945706, vstest.console.dll, TcpClientExtensions.MessageLoopAsync: Polling on remoteEndPoint: 127.0.0.1:39034 localEndPoint: 127.0.0.1:38723 after 1001 ms
TpTrace Verbose: 0 : 165606, 7, 2026/02/19, 10:58:35.869, 1120352963090436, vstest.console.dll, TcpClientExtensions.MessageLoopAsync: Polling on remoteEndPoint: 127.0.0.1:39034 localEndPoint: 127.0.0.1:38723 after 1005 ms
TpTrace Verbose: 0 : 165606, 7, 2026/02/19, 10:58:36.874, 1120353968060829, vstest.console.dll, TcpClientExtensions.MessageLoopAsync: Polling on remoteEndPoint: 127.0.0.1:39034 localEndPoint: 127.0.0.1:38723 after 1004 ms
TpTrace Verbose: 0 : 165606, 7, 2026/02/19, 10:58:37.879, 1120354973064765, vstest.console.dll, TcpClientExtensions.MessageLoopAsync: Polling on remoteEndPoint: 127.0.0.1:39034 localEndPoint: 127.0.0.1:38723 after 1004 ms
TpTrace Verbose: 0 : 165606, 7, 2026/02/19, 10:58:38.885, 1120355978484950, vstest.console.dll, TcpClientExtensions.MessageLoopAsync: Polling on remoteEndPoint: 127.0.0.1:39034 localEndPoint: 127.0.0.1:38723 after 1005 ms
TpTrace Verbose: 0 : 165606, 7, 2026/02/19, 10:58:39.889, 1120356983022184, vstest.console.dll, TcpClientExtensions.MessageLoopAsync: Polling on remoteEndPoint: 127.0.0.1:39034 localEndPoint: 127.0.0.1:38723 after 1004 ms
TpTrace Verbose: 0 : 165606, 7, 2026/02/19, 10:58:40.894, 1120357988072752, vstest.console.dll, TcpClientExtensions.MessageLoopAsync: Polling on remoteEndPoint: 127.0.0.1:39034 localEndPoint: 127.0.0.1:38723 after 1004 ms
TpTrace Verbose: 0 : 165606, 7, 2026/02/19, 10:58:41.899, 1120358993134809, vstest.console.dll, TcpClientExtensions.MessageLoopAsync: Polling on remoteEndPoint: 127.0.0.1:39034 localEndPoint: 127.0.0.1:38723 after 1004 ms
TpTrace Verbose: 0 : 165606, 7, 2026/02/19, 10:58:42.904, 1120359998061001, vstest.console.dll, TcpClientExtensions.MessageLoopAsync: Polling on remoteEndPoint: 127.0.0.1:39034 localEndPoint: 127.0.0.1:38723 after 1004 ms
TpTrace Verbose: 0 : 165606, 7, 2026/02/19, 10:58:43.909, 1120361003023508, vstest.console.dll, TcpClientExtensions.MessageLoopAsync: Polling on remoteEndPoint: 127.0.0.1:39034 localEndPoint: 127.0.0.1:38723 after 1004 ms
TpTrace Verbose: 0 : 165606, 7, 2026/02/19, 10:58:44.914, 1120362008027530, vstest.console.dll, TcpClientExtensions.MessageLoopAsync: Polling on remoteEndPoint: 127.0.0.1:39034 localEndPoint: 127.0.0.1:38723 after 1004 ms
TpTrace Verbose: 0 : 165606, 7, 2026/02/19, 10:58:45.919, 1120363013032486, vstest.console.dll, TcpClientExtensions.MessageLoopAsync: Polling on remoteEndPoint: 127.0.0.1:39034 localEndPoint: 127.0.0.1:38723 after 1004 ms
TpTrace Verbose: 0 : 165606, 7, 2026/02/19, 10:58:46.924, 1120364018134291, vstest.console.dll, TcpClientExtensions.MessageLoopAsync: Polling on remoteEndPoint: 127.0.0.1:39034 localEndPoint: 127.0.0.1:38723 after 1005 ms
TpTrace Verbose: 0 : 165606, 7, 2026/02/19, 10:58:47.929, 1120365023047457, vstest.console.dll, TcpClientExtensions.MessageLoopAsync: Polling on remoteEndPoint: 127.0.0.1:39034 localEndPoint: 127.0.0.1:38723 after 1004 ms
TpTrace Verbose: 0 : 165606, 7, 2026/02/19, 10:58:48.934, 1120366028038830, vstest.console.dll, TcpClientExtensions.MessageLoopAsync: Polling on remoteEndPoint: 127.0.0.1:39034 localEndPoint: 127.0.0.1:38723 after 1004 ms
TpTrace Verbose: 0 : 165606, 7, 2026/02/19, 10:58:49.939, 1120367033038467, vstest.console.dll, TcpClientExtensions.MessageLoopAsync: Polling on remoteEndPoint: 127.0.0.1:39034 localEndPoint: 127.0.0.1:38723 after 1004 ms
TpTrace Verbose: 0 : 165606, 7, 2026/02/19, 10:58:50.944, 1120368038066009, vstest.console.dll, TcpClientExtensions.MessageLoopAsync: Polling on remoteEndPoint: 127.0.0.1:39034 localEndPoint: 127.0.0.1:38723 after 1004 ms
TpTrace Verbose: 0 : 165606, 7, 2026/02/19, 10:58:51.949, 1120369043137199, vstest.console.dll, TcpClientExtensions.MessageLoopAsync: Polling on remoteEndPoint: 127.0.0.1:39034 localEndPoint: 127.0.0.1:38723 after 1005 ms
TpTrace Verbose: 0 : 165606, 7, 2026/02/19, 10:58:52.954, 1120370048049511, vstest.console.dll, TcpClientExtensions.MessageLoopAsync: Polling on remoteEndPoint: 127.0.0.1:39034 localEndPoint: 127.0.0.1:38723 after 1004 ms
TpTrace Verbose: 0 : 165606, 7, 2026/02/19, 10:58:53.958, 1120371051878559, vstest.console.dll, TcpClientExtensions.MessageLoopAsync: Polling on remoteEndPoint: 127.0.0.1:39034 localEndPoint: 127.0.0.1:38723 after 1003 ms
TpTrace Verbose: 0 : 165606, 7, 2026/02/19, 10:58:54.963, 1120372056975562, vstest.console.dll, TcpClientExtensions.MessageLoopAsync: Polling on remoteEndPoint: 127.0.0.1:39034 localEndPoint: 127.0.0.1:38723 after 1005 ms
TpTrace Verbose: 0 : 165606, 7, 2026/02/19, 10:58:55.968, 1120373062091621, vstest.console.dll, TcpClientExtensions.MessageLoopAsync: Polling on remoteEndPoint: 127.0.0.1:39034 localEndPoint: 127.0.0.1:38723 after 1005 ms
TpTrace Verbose: 0 : 165606, 7, 2026/02/19, 10:58:56.973, 1120374067062526, vstest.console.dll, TcpClientExtensions.MessageLoopAsync: Polling on remoteEndPoint: 127.0.0.1:39034 localEndPoint: 127.0.0.1:38723 after 1004 ms
TpTrace Verbose: 0 : 165606, 7, 2026/02/19, 10:58:57.978, 1120375072084978, vstest.console.dll, TcpClientExtensions.MessageLoopAsync: Polling on remoteEndPoint: 127.0.0.1:39034 localEndPoint: 127.0.0.1:38723 after 1004 ms
TpTrace Verbose: 0 : 165606, 7, 2026/02/19, 10:58:58.983, 1120376077042268, vstest.console.dll, TcpClientExtensions.MessageLoopAsync: Polling on remoteEndPoint: 127.0.0.1:39034 localEndPoint: 127.0.0.1:38723 after 1004 ms
TpTrace Verbose: 0 : 165606, 7, 2026/02/19, 10:58:59.988, 1120377082154162, vstest.console.dll, TcpClientExtensions.MessageLoopAsync: Polling on remoteEndPoint: 127.0.0.1:39034 localEndPoint: 127.0.0.1:38723 after 1005 ms
TpTrace Verbose: 0 : 165606, 7, 2026/02/19, 10:59:00.993, 1120378087070916, vstest.console.dll, TcpClientExtensions.MessageLoopAsync: Polling on remoteEndPoint: 127.0.0.1:39034 localEndPoint: 127.0.0.1:38723 after 1004 ms
TpTrace Verbose: 0 : 165606, 7, 2026/02/19, 10:59:01.998, 1120379092052865, vstest.console.dll, TcpClientExtensions.MessageLoopAsync: Polling on remoteEndPoint: 127.0.0.1:39034 localEndPoint: 127.0.0.1:38723 after 1004 ms
TpTrace Verbose: 0 : 165606, 7, 2026/02/19, 10:59:03.003, 1120380097151208, vstest.console.dll, TcpClientExtensions.MessageLoopAsync: Polling on remoteEndPoint: 127.0.0.1:39034 localEndPoint: 127.0.0.1:38723 after 1005 ms
TpTrace Verbose: 0 : 165606, 7, 2026/02/19, 10:59:04.008, 1120381102031800, vstest.console.dll, TcpClientExtensions.MessageLoopAsync: Polling on remoteEndPoint: 127.0.0.1:39034 localEndPoint: 127.0.0.1:38723 after 1004 ms
TpTrace Verbose: 0 : 165606, 7, 2026/02/19, 10:59:05.013, 1120382107093949, vstest.console.dll, TcpClientExtensions.MessageLoopAsync: Polling on remoteEndPoint: 127.0.0.1:39034 localEndPoint: 127.0.0.1:38723 after 1004 ms
TpTrace Verbose: 0 : 165606, 7, 2026/02/19, 10:59:06.016, 1120383110291517, vstest.console.dll, TcpClientExtensions.MessageLoopAsync: Polling on remoteEndPoint: 127.0.0.1:39034 localEndPoint: 127.0.0.1:38723 after 1003 ms
TpTrace Verbose: 0 : 165606, 7, 2026/02/19, 10:59:07.021, 1120384115046028, vstest.console.dll, TcpClientExtensions.MessageLoopAsync: Polling on remoteEndPoint: 127.0.0.1:39034 localEndPoint: 127.0.0.1:38723 after 1004 ms
TpTrace Verbose: 0 : 165606, 7, 2026/02/19, 10:59:08.026, 1120385120085951, vstest.console.dll, TcpClientExtensions.MessageLoopAsync: Polling on remoteEndPoint: 127.0.0.1:39034 localEndPoint: 127.0.0.1:38723 after 1004 ms
TpTrace Verbose: 0 : 165606, 7, 2026/02/19, 10:59:09.031, 1120386125038344, vstest.console.dll, TcpClientExtensions.MessageLoopAsync: Polling on remoteEndPoint: 127.0.0.1:39034 localEndPoint: 127.0.0.1:38723 after 1004 ms
TpTrace Verbose: 0 : 165606, 7, 2026/02/19, 10:59:10.036, 1120387130168977, vstest.console.dll, TcpClientExtensions.MessageLoopAsync: Polling on remoteEndPoint: 127.0.0.1:39034 localEndPoint: 127.0.0.1:38723 after 1005 ms
TpTrace Verbose: 0 : 165606, 7, 2026/02/19, 10:59:11.041, 1120388135022948, vstest.console.dll, TcpClientExtensions.MessageLoopAsync: Polling on remoteEndPoint: 127.0.0.1:39034 localEndPoint: 127.0.0.1:38723 after 1004 ms
TpTrace Verbose: 0 : 165606, 7, 2026/02/19, 10:59:12.046, 1120389140064397, vstest.console.dll, TcpClientExtensions.MessageLoopAsync: Polling on remoteEndPoint: 127.0.0.1:39034 localEndPoint: 127.0.0.1:38723 after 1004 ms
TpTrace Verbose: 0 : 165606, 7, 2026/02/19, 10:59:13.051, 1120390145059831, vstest.console.dll, TcpClientExtensions.MessageLoopAsync: Polling on remoteEndPoint: 127.0.0.1:39034 localEndPoint: 127.0.0.1:38723 after 1004 ms
TpTrace Verbose: 0 : 165606, 7, 2026/02/19, 10:59:14.056, 1120391150086962, vstest.console.dll, TcpClientExtensions.MessageLoopAsync: Polling on remoteEndPoint: 127.0.0.1:39034 localEndPoint: 127.0.0.1:38723 after 1004 ms
TpTrace Verbose: 0 : 165606, 7, 2026/02/19, 10:59:15.061, 1120392155034254, vstest.console.dll, TcpClientExtensions.MessageLoopAsync: Polling on remoteEndPoint: 127.0.0.1:39034 localEndPoint: 127.0.0.1:38723 after 1004 ms
TpTrace Verbose: 0 : 165606, 7, 2026/02/19, 10:59:16.066, 1120393160060996, vstest.console.dll, TcpClientExtensions.MessageLoopAsync: Polling on remoteEndPoint: 127.0.0.1:39034 localEndPoint: 127.0.0.1:38723 after 1004 ms
TpTrace Verbose: 0 : 165606, 7, 2026/02/19, 10:59:17.071, 1120394165036651, vstest.console.dll, TcpClientExtensions.MessageLoopAsync: Polling on remoteEndPoint: 127.0.0.1:39034 localEndPoint: 127.0.0.1:38723 after 1004 ms
TpTrace Verbose: 0 : 165606, 7, 2026/02/19, 10:59:18.076, 1120395170038687, vstest.console.dll, TcpClientExtensions.MessageLoopAsync: Polling on remoteEndPoint: 127.0.0.1:39034 localEndPoint: 127.0.0.1:38723 after 1004 ms
TpTrace Verbose: 0 : 165606, 7, 2026/02/19, 10:59:19.081, 1120396175036144, vstest.console.dll, TcpClientExtensions.MessageLoopAsync: Polling on remoteEndPoint: 127.0.0.1:39034 localEndPoint: 127.0.0.1:38723 after 1004 ms
TpTrace Verbose: 0 : 165606, 7, 2026/02/19, 10:59:20.086, 1120397180369426, vstest.console.dll, TcpClientExtensions.MessageLoopAsync: Polling on remoteEndPoint: 127.0.0.1:39034 localEndPoint: 127.0.0.1:38723 after 1005 ms
TpTrace Verbose: 0 : 165606, 7, 2026/02/19, 10:59:21.091, 1120398185094867, vstest.console.dll, TcpClientExtensions.MessageLoopAsync: Polling on remoteEndPoint: 127.0.0.1:39034 localEndPoint: 127.0.0.1:38723 after 1004 ms
TpTrace Verbose: 0 : 165606, 7, 2026/02/19, 10:59:22.096, 1120399190086202, vstest.console.dll, TcpClientExtensions.MessageLoopAsync: Polling on remoteEndPoint: 127.0.0.1:39034 localEndPoint: 127.0.0.1:38723 after 1004 ms
TpTrace Verbose: 0 : 165606, 7, 2026/02/19, 10:59:23.101, 1120400195117312, vstest.console.dll, TcpClientExtensions.MessageLoopAsync: Polling on remoteEndPoint: 127.0.0.1:39034 localEndPoint: 127.0.0.1:38723 after 1004 ms
TpTrace Verbose: 0 : 165606, 7, 2026/02/19, 10:59:24.106, 1120401200054321, vstest.console.dll, TcpClientExtensions.MessageLoopAsync: Polling on remoteEndPoint: 127.0.0.1:39034 localEndPoint: 127.0.0.1:38723 after 1004 ms
TpTrace Verbose: 0 : 165606, 7, 2026/02/19, 10:59:25.111, 1120402205049401, vstest.console.dll, TcpClientExtensions.MessageLoopAsync: Polling on remoteEndPoint: 127.0.0.1:39034 localEndPoint: 127.0.0.1:38723 after 1004 ms
TpTrace Verbose: 0 : 165606, 7, 2026/02/19, 10:59:26.116, 1120403210037334, vstest.console.dll, TcpClientExtensions.MessageLoopAsync: Polling on remoteEndPoint: 127.0.0.1:39034 localEndPoint: 127.0.0.1:38723 after 1004 ms
TpTrace Verbose: 0 : 165606, 7, 2026/02/19, 10:59:27.121, 1120404215135373, vstest.console.dll, TcpClientExtensions.MessageLoopAsync: Polling on remoteEndPoint: 127.0.0.1:39034 localEndPoint: 127.0.0.1:38723 after 1005 ms
TpTrace Verbose: 0 : 165606, 7, 2026/02/19, 10:59:28.126, 1120405220058630, vstest.console.dll, TcpClientExtensions.MessageLoopAsync: Polling on remoteEndPoint: 127.0.0.1:39034 localEndPoint: 127.0.0.1:38723 after 1004 ms
TpTrace Verbose: 0 : 165606, 7, 2026/02/19, 10:59:29.133, 1120406227030569, vstest.console.dll, TcpClientExtensions.MessageLoopAsync: Polling on remoteEndPoint: 127.0.0.1:39034 localEndPoint: 127.0.0.1:38723 after 1006 ms
TpTrace Verbose: 0 : 165606, 7, 2026/02/19, 10:59:30.138, 1120407232032040, vstest.console.dll, TcpClientExtensions.MessageLoopAsync: Polling on remoteEndPoint: 127.0.0.1:39034 localEndPoint: 127.0.0.1:38723 after 1004 ms
TpTrace Verbose: 0 : 165606, 7, 2026/02/19, 10:59:31.143, 1120408237102352, vstest.console.dll, TcpClientExtensions.MessageLoopAsync: Polling on remoteEndPoint: 127.0.0.1:39034 localEndPoint: 127.0.0.1:38723 after 1005 ms
TpTrace Verbose: 0 : 165606, 7, 2026/02/19, 10:59:32.148, 1120409242043888, vstest.console.dll, TcpClientExtensions.MessageLoopAsync: Polling on remoteEndPoint: 127.0.0.1:39034 localEndPoint: 127.0.0.1:38723 after 1004 ms
TpTrace Verbose: 0 : 165606, 7, 2026/02/19, 10:59:33.153, 1120410247067306, vstest.console.dll, TcpClientExtensions.MessageLoopAsync: Polling on remoteEndPoint: 127.0.0.1:39034 localEndPoint: 127.0.0.1:38723 after 1004 ms
TpTrace Verbose: 0 : 165606, 7, 2026/02/19, 10:59:34.158, 1120411252087944, vstest.console.dll, TcpClientExtensions.MessageLoopAsync: Polling on remoteEndPoint: 127.0.0.1:39034 localEndPoint: 127.0.0.1:38723 after 1004 ms
TpTrace Verbose: 0 : 165606, 7, 2026/02/19, 10:59:35.163, 1120412257395396, vstest.console.dll, TcpClientExtensions.MessageLoopAsync: Polling on remoteEndPoint: 127.0.0.1:39034 localEndPoint: 127.0.0.1:38723 after 1004 ms
TpTrace Verbose: 0 : 165606, 7, 2026/02/19, 10:59:36.168, 1120413262038394, vstest.console.dll, TcpClientExtensions.MessageLoopAsync: Polling on remoteEndPoint: 127.0.0.1:39034 localEndPoint: 127.0.0.1:38723 after 1004 ms
TpTrace Verbose: 0 : 165606, 7, 2026/02/19, 10:59:37.173, 1120414267054912, vstest.console.dll, TcpClientExtensions.MessageLoopAsync: Polling on remoteEndPoint: 127.0.0.1:39034 localEndPoint: 127.0.0.1:38723 after 1004 ms
TpTrace Verbose: 0 : 165606, 7, 2026/02/19, 10:59:38.178, 1120415272066821, vstest.console.dll, TcpClientExtensions.MessageLoopAsync: Polling on remoteEndPoint: 127.0.0.1:39034 localEndPoint: 127.0.0.1:38723 after 1004 ms
TpTrace Verbose: 0 : 165606, 7, 2026/02/19, 10:59:39.183, 1120416277064518, vstest.console.dll, TcpClientExtensions.MessageLoopAsync: Polling on remoteEndPoint: 127.0.0.1:39034 localEndPoint: 127.0.0.1:38723 after 1004 ms
TpTrace Verbose: 0 : 165606, 7, 2026/02/19, 10:59:40.188, 1120417282136144, vstest.console.dll, TcpClientExtensions.MessageLoopAsync: Polling on remoteEndPoint: 127.0.0.1:39034 localEndPoint: 127.0.0.1:38723 after 1004 ms
TpTrace Verbose: 0 : 165606, 7, 2026/02/19, 10:59:41.193, 1120418287025098, vstest.console.dll, TcpClientExtensions.MessageLoopAsync: Polling on remoteEndPoint: 127.0.0.1:39034 localEndPoint: 127.0.0.1:38723 after 1004 ms
TpTrace Verbose: 0 : 165606, 7, 2026/02/19, 10:59:42.198, 1120419292057916, vstest.console.dll, TcpClientExtensions.MessageLoopAsync: Polling on remoteEndPoint: 127.0.0.1:39034 localEndPoint: 127.0.0.1:38723 after 1004 ms
TpTrace Verbose: 0 : 165606, 7, 2026/02/19, 10:59:43.203, 1120420297050227, vstest.console.dll, TcpClientExtensions.MessageLoopAsync: Polling on remoteEndPoint: 127.0.0.1:39034 localEndPoint: 127.0.0.1:38723 after 1004 ms
TpTrace Verbose: 0 : 165606, 7, 2026/02/19, 10:59:44.208, 1120421302043089, vstest.console.dll, TcpClientExtensions.MessageLoopAsync: Polling on remoteEndPoint: 127.0.0.1:39034 localEndPoint: 127.0.0.1:38723 after 1004 ms
TpTrace Verbose: 0 : 165606, 7, 2026/02/19, 10:59:45.213, 1120422307135195, vstest.console.dll, TcpClientExtensions.MessageLoopAsync: Polling on remoteEndPoint: 127.0.0.1:39034 localEndPoint: 127.0.0.1:38723 after 1005 ms
TpTrace Verbose: 0 : 165606, 7, 2026/02/19, 10:59:46.218, 1120423312078227, vstest.console.dll, TcpClientExtensions.MessageLoopAsync: Polling on remoteEndPoint: 127.0.0.1:39034 localEndPoint: 127.0.0.1:38723 after 1004 ms
TpTrace Verbose: 0 : 165606, 7, 2026/02/19, 10:59:47.223, 1120424317033113, vstest.console.dll, TcpClientExtensions.MessageLoopAsync: Polling on remoteEndPoint: 127.0.0.1:39034 localEndPoint: 127.0.0.1:38723 after 1004 ms
TpTrace Verbose: 0 : 165606, 7, 2026/02/19, 10:59:48.230, 1120425324084814, vstest.console.dll, TcpClientExtensions.MessageLoopAsync: Polling on remoteEndPoint: 127.0.0.1:39034 localEndPoint: 127.0.0.1:38723 after 1005 ms
TpTrace Verbose: 0 : 165606, 7, 2026/02/19, 10:59:49.235, 1120426329031851, vstest.console.dll, TcpClientExtensions.MessageLoopAsync: Polling on remoteEndPoint: 127.0.0.1:39034 localEndPoint: 127.0.0.1:38723 after 1004 ms
TpTrace Verbose: 0 : 165606, 7, 2026/02/19, 10:59:50.240, 1120427334402840, vstest.console.dll, TcpClientExtensions.MessageLoopAsync: Polling on remoteEndPoint: 127.0.0.1:39034 localEndPoint: 127.0.0.1:38723 after 1004 ms
TpTrace Verbose: 0 : 165606, 7, 2026/02/19, 10:59:51.245, 1120428339059955, vstest.console.dll, TcpClientExtensions.MessageLoopAsync: Polling on remoteEndPoint: 127.0.0.1:39034 localEndPoint: 127.0.0.1:38723 after 1004 ms
TpTrace Verbose: 0 : 165606, 7, 2026/02/19, 10:59:52.250, 1120429344051513, vstest.console.dll, TcpClientExtensions.MessageLoopAsync: Polling on remoteEndPoint: 127.0.0.1:39034 localEndPoint: 127.0.0.1:38723 after 1004 ms
TpTrace Verbose: 0 : 165606, 7, 2026/02/19, 10:59:53.255, 1120430349048253, vstest.console.dll, TcpClientExtensions.MessageLoopAsync: Polling on remoteEndPoint: 127.0.0.1:39034 localEndPoint: 127.0.0.1:38723 after 1004 ms
TpTrace Verbose: 0 : 165606, 7, 2026/02/19, 10:59:54.260, 1120431354057260, vstest.console.dll, TcpClientExtensions.MessageLoopAsync: Polling on remoteEndPoint: 127.0.0.1:39034 localEndPoint: 127.0.0.1:38723 after 1004 ms
TpTrace Verbose: 0 : 165606, 7, 2026/02/19, 10:59:55.265, 1120432359053721, vstest.console.dll, TcpClientExtensions.MessageLoopAsync: Polling on remoteEndPoint: 127.0.0.1:39034 localEndPoint: 127.0.0.1:38723 after 1004 ms
TpTrace Verbose: 0 : 165606, 7, 2026/02/19, 10:59:56.270, 1120433364027975, vstest.console.dll, TcpClientExtensions.MessageLoopAsync: Polling on remoteEndPoint: 127.0.0.1:39034 localEndPoint: 127.0.0.1:38723 after 1004 ms
TpTrace Verbose: 0 : 165606, 7, 2026/02/19, 10:59:57.275, 1120434369071182, vstest.console.dll, TcpClientExtensions.MessageLoopAsync: Polling on remoteEndPoint: 127.0.0.1:39034 localEndPoint: 127.0.0.1:38723 after 1004 ms
TpTrace Verbose: 0 : 165606, 7, 2026/02/19, 10:59:58.280, 1120435374048481, vstest.console.dll, TcpClientExtensions.MessageLoopAsync: Polling on remoteEndPoint: 127.0.0.1:39034 localEndPoint: 127.0.0.1:38723 after 1004 ms
TpTrace Verbose: 0 : 165606, 7, 2026/02/19, 10:59:59.286, 1120436380043578, vstest.console.dll, TcpClientExtensions.MessageLoopAsync: Polling on remoteEndPoint: 127.0.0.1:39034 localEndPoint: 127.0.0.1:38723 after 1005 ms
TpTrace Verbose: 0 : 165606, 7, 2026/02/19, 11:00:00.291, 1120437385050084, vstest.console.dll, TcpClientExtensions.MessageLoopAsync: Polling on remoteEndPoint: 127.0.0.1:39034 localEndPoint: 127.0.0.1:38723 after 1004 ms
TpTrace Verbose: 0 : 165606, 7, 2026/02/19, 11:00:01.296, 1120438390034267, vstest.console.dll, TcpClientExtensions.MessageLoopAsync: Polling on remoteEndPoint: 127.0.0.1:39034 localEndPoint: 127.0.0.1:38723 after 1004 ms
TpTrace Verbose: 0 : 165606, 7, 2026/02/19, 11:00:02.301, 1120439395033409, vstest.console.dll, TcpClientExtensions.MessageLoopAsync: Polling on remoteEndPoint: 127.0.0.1:39034 localEndPoint: 127.0.0.1:38723 after 1004 ms
TpTrace Verbose: 0 : 165606, 7, 2026/02/19, 11:00:03.306, 1120440400034196, vstest.console.dll, TcpClientExtensions.MessageLoopAsync: Polling on remoteEndPoint: 127.0.0.1:39034 localEndPoint: 127.0.0.1:38723 after 1004 ms
TpTrace Verbose: 0 : 165606, 7, 2026/02/19, 11:00:04.311, 1120441405029505, vstest.console.dll, TcpClientExtensions.MessageLoopAsync: Polling on remoteEndPoint: 127.0.0.1:39034 localEndPoint: 127.0.0.1:38723 after 1004 ms
TpTrace Verbose: 0 : 165606, 7, 2026/02/19, 11:00:05.316, 1120442410032832, vstest.console.dll, TcpClientExtensions.MessageLoopAsync: Polling on remoteEndPoint: 127.0.0.1:39034 localEndPoint: 127.0.0.1:38723 after 1004 ms
TpTrace Verbose: 0 : 165606, 7, 2026/02/19, 11:00:06.321, 1120443415025546, vstest.console.dll, TcpClientExtensions.MessageLoopAsync: Polling on remoteEndPoint: 127.0.0.1:39034 localEndPoint: 127.0.0.1:38723 after 1004 ms
TpTrace Verbose: 0 : 165606, 7, 2026/02/19, 11:00:07.326, 1120444420031573, vstest.console.dll, TcpClientExtensions.MessageLoopAsync: Polling on remoteEndPoint: 127.0.0.1:39034 localEndPoint: 127.0.0.1:38723 after 1004 ms
TpTrace Verbose: 0 : 165606, 7, 2026/02/19, 11:00:08.331, 1120445425270266, vstest.console.dll, TcpClientExtensions.MessageLoopAsync: Polling on remoteEndPoint: 127.0.0.1:39034 localEndPoint: 127.0.0.1:38723 after 1004 ms
TpTrace Verbose: 0 : 165606, 7, 2026/02/19, 11:00:09.338, 1120446432118713, vstest.console.dll, TcpClientExtensions.MessageLoopAsync: Polling on remoteEndPoint: 127.0.0.1:39034 localEndPoint: 127.0.0.1:38723 after 1006 ms
TpTrace Verbose: 0 : 165606, 7, 2026/02/19, 11:00:10.343, 1120447437033856, vstest.console.dll, TcpClientExtensions.MessageLoopAsync: Polling on remoteEndPoint: 127.0.0.1:39034 localEndPoint: 127.0.0.1:38723 after 1004 ms
TpTrace Verbose: 0 : 165606, 7, 2026/02/19, 11:00:11.355, 1120448448692214, vstest.console.dll, TcpClientExtensions.MessageLoopAsync: Polling on remoteEndPoint: 127.0.0.1:39034 localEndPoint: 127.0.0.1:38723 after 1011 ms
TpTrace Verbose: 0 : 165606, 7, 2026/02/19, 11:00:12.360, 1120449454212802, vstest.console.dll, TcpClientExtensions.MessageLoopAsync: Polling on remoteEndPoint: 127.0.0.1:39034 localEndPoint: 127.0.0.1:38723 after 1005 ms
TpTrace Verbose: 0 : 165606, 7, 2026/02/19, 11:00:13.365, 1120450459033289, vstest.console.dll, TcpClientExtensions.MessageLoopAsync: Polling on remoteEndPoint: 127.0.0.1:39034 localEndPoint: 127.0.0.1:38723 after 1004 ms
TpTrace Verbose: 0 : 165606, 7, 2026/02/19, 11:00:14.370, 1120451464103718, vstest.console.dll, TcpClientExtensions.MessageLoopAsync: Polling on remoteEndPoint: 127.0.0.1:39034 localEndPoint: 127.0.0.1:38723 after 1004 ms
TpTrace Verbose: 0 : 165606, 7, 2026/02/19, 11:00:15.375, 1120452469107202, vstest.console.dll, TcpClientExtensions.MessageLoopAsync: Polling on remoteEndPoint: 127.0.0.1:39034 localEndPoint: 127.0.0.1:38723 after 1004 ms
TpTrace Verbose: 0 : 165606, 7, 2026/02/19, 11:00:16.380, 1120453474026277, vstest.console.dll, TcpClientExtensions.MessageLoopAsync: Polling on remoteEndPoint: 127.0.0.1:39034 localEndPoint: 127.0.0.1:38723 after 1004 ms
TpTrace Verbose: 0 : 165606, 7, 2026/02/19, 11:00:17.386, 1120454480046074, vstest.console.dll, TcpClientExtensions.MessageLoopAsync: Polling on remoteEndPoint: 127.0.0.1:39034 localEndPoint: 127.0.0.1:38723 after 1005 ms
TpTrace Verbose: 0 : 165606, 7, 2026/02/19, 11:00:18.393, 1120455486567586, vstest.console.dll, TcpClientExtensions.MessageLoopAsync: Polling on remoteEndPoint: 127.0.0.1:39034 localEndPoint: 127.0.0.1:38723 after 1006 ms
TpTrace Verbose: 0 : 165606, 7, 2026/02/19, 11:00:19.397, 1120456491038883, vstest.console.dll, TcpClientExtensions.MessageLoopAsync: Polling on remoteEndPoint: 127.0.0.1:39034 localEndPoint: 127.0.0.1:38723 after 1004 ms
TpTrace Verbose: 0 : 165606, 7, 2026/02/19, 11:00:20.402, 1120457496036931, vstest.console.dll, TcpClientExtensions.MessageLoopAsync: Polling on remoteEndPoint: 127.0.0.1:39034 localEndPoint: 127.0.0.1:38723 after 1004 ms
TpTrace Verbose: 0 : 165606, 7, 2026/02/19, 11:00:21.408, 1120458501482856, vstest.console.dll, TcpClientExtensions.MessageLoopAsync: Polling on remoteEndPoint: 127.0.0.1:39034 localEndPoint: 127.0.0.1:38723 after 1004 ms
TpTrace Verbose: 0 : 165606, 7, 2026/02/19, 11:00:22.412, 1120459506242071, vstest.console.dll, TcpClientExtensions.MessageLoopAsync: Polling on remoteEndPoint: 127.0.0.1:39034 localEndPoint: 127.0.0.1:38723 after 1004 ms
TpTrace Verbose: 0 : 165606, 7, 2026/02/19, 11:00:23.417, 1120460511034458, vstest.console.dll, TcpClientExtensions.MessageLoopAsync: Polling on remoteEndPoint: 127.0.0.1:39034 localEndPoint: 127.0.0.1:38723 after 1004 ms
TpTrace Verbose: 0 : 165606, 7, 2026/02/19, 11:00:24.423, 1120461517038961, vstest.console.dll, TcpClientExtensions.MessageLoopAsync: Polling on remoteEndPoint: 127.0.0.1:39034 localEndPoint: 127.0.0.1:38723 after 1005 ms
TpTrace Verbose: 0 : 165606, 7, 2026/02/19, 11:00:25.428, 1120462522051712, vstest.console.dll, TcpClientExtensions.MessageLoopAsync: Polling on remoteEndPoint: 127.0.0.1:39034 localEndPoint: 127.0.0.1:38723 after 1004 ms
TpTrace Verbose: 0 : 165606, 7, 2026/02/19, 11:00:26.433, 1120463527203121, vstest.console.dll, TcpClientExtensions.MessageLoopAsync: Polling on remoteEndPoint: 127.0.0.1:39034 localEndPoint: 127.0.0.1:38723 after 1005 ms
TpTrace Verbose: 0 : 165606, 7, 2026/02/19, 11:00:27.438, 1120464532071190, vstest.console.dll, TcpClientExtensions.MessageLoopAsync: Polling on remoteEndPoint: 127.0.0.1:39034 localEndPoint: 127.0.0.1:38723 after 1004 ms
TpTrace Verbose: 0 : 165606, 7, 2026/02/19, 11:00:28.443, 1120465537035805, vstest.console.dll, TcpClientExtensions.MessageLoopAsync: Polling on remoteEndPoint: 127.0.0.1:39034 localEndPoint: 127.0.0.1:38723 after 1004 ms
TpTrace Verbose: 0 : 165606, 7, 2026/02/19, 11:00:29.448, 1120466542105151, vstest.console.dll, TcpClientExtensions.MessageLoopAsync: Polling on remoteEndPoint: 127.0.0.1:39034 localEndPoint: 127.0.0.1:38723 after 1004 ms
TpTrace Verbose: 0 : 165606, 7, 2026/02/19, 11:00:30.455, 1120467548648850, vstest.console.dll, TcpClientExtensions.MessageLoopAsync: Polling on remoteEndPoint: 127.0.0.1:39034 localEndPoint: 127.0.0.1:38723 after 1004 ms
TpTrace Verbose: 0 : 165606, 7, 2026/02/19, 11:00:31.460, 1120468554072434, vstest.console.dll, TcpClientExtensions.MessageLoopAsync: Polling on remoteEndPoint: 127.0.0.1:39034 localEndPoint: 127.0.0.1:38723 after 1005 ms
TpTrace Verbose: 0 : 165606, 7, 2026/02/19, 11:00:32.465, 1120469559156361, vstest.console.dll, TcpClientExtensions.MessageLoopAsync: Polling on remoteEndPoint: 127.0.0.1:39034 localEndPoint: 127.0.0.1:38723 after 1005 ms
TpTrace Verbose: 0 : 165606, 7, 2026/02/19, 11:00:33.470, 1120470564038658, vstest.console.dll, TcpClientExtensions.MessageLoopAsync: Polling on remoteEndPoint: 127.0.0.1:39034 localEndPoint: 127.0.0.1:38723 after 1004 ms
TpTrace Verbose: 0 : 165606, 7, 2026/02/19, 11:00:34.475, 1120471569054162, vstest.console.dll, TcpClientExtensions.MessageLoopAsync: Polling on remoteEndPoint: 127.0.0.1:39034 localEndPoint: 127.0.0.1:38723 after 1004 ms
TpTrace Verbose: 0 : 165606, 7, 2026/02/19, 11:00:35.480, 1120472574030415, vstest.console.dll, TcpClientExtensions.MessageLoopAsync: Polling on remoteEndPoint: 127.0.0.1:39034 localEndPoint: 127.0.0.1:38723 after 1004 ms
TpTrace Verbose: 0 : 165606, 7, 2026/02/19, 11:00:36.485, 1120473579071658, vstest.console.dll, TcpClientExtensions.MessageLoopAsync: Polling on remoteEndPoint: 127.0.0.1:39034 localEndPoint: 127.0.0.1:38723 after 1004 ms
TpTrace Verbose: 0 : 165606, 7, 2026/02/19, 11:00:37.490, 1120474584059622, vstest.console.dll, TcpClientExtensions.MessageLoopAsync: Polling on remoteEndPoint: 127.0.0.1:39034 localEndPoint: 127.0.0.1:38723 after 1004 ms
TpTrace Verbose: 0 : 165606, 7, 2026/02/19, 11:00:38.495, 1120475589037714, vstest.console.dll, TcpClientExtensions.MessageLoopAsync: Polling on remoteEndPoint: 127.0.0.1:39034 localEndPoint: 127.0.0.1:38723 after 1004 ms
TpTrace Verbose: 0 : 165606, 7, 2026/02/19, 11:00:39.501, 1120476594526492, vstest.console.dll, TcpClientExtensions.MessageLoopAsync: Polling on remoteEndPoint: 127.0.0.1:39034 localEndPoint: 127.0.0.1:38723 after 1004 ms
TpTrace Verbose: 0 : 165606, 7, 2026/02/19, 11:00:40.505, 1120477599055640, vstest.console.dll, TcpClientExtensions.MessageLoopAsync: Polling on remoteEndPoint: 127.0.0.1:39034 localEndPoint: 127.0.0.1:38723 after 1004 ms
TpTrace Verbose: 0 : 165606, 7, 2026/02/19, 11:00:41.510, 1120478604062676, vstest.console.dll, TcpClientExtensions.MessageLoopAsync: Polling on remoteEndPoint: 127.0.0.1:39034 localEndPoint: 127.0.0.1:38723 after 1004 ms
TpTrace Verbose: 0 : 165606, 7, 2026/02/19, 11:00:42.512, 1120479605657231, vstest.console.dll, TcpClientExtensions.MessageLoopAsync: Polling on remoteEndPoint: 127.0.0.1:39034 localEndPoint: 127.0.0.1:38723 after 1001 ms
TpTrace Verbose: 0 : 165606, 7, 2026/02/19, 11:00:43.516, 1120480610070683, vstest.console.dll, TcpClientExtensions.MessageLoopAsync: Polling on remoteEndPoint: 127.0.0.1:39034 localEndPoint: 127.0.0.1:38723 after 1004 ms
TpTrace Verbose: 0 : 165606, 7, 2026/02/19, 11:00:44.521, 1120481615083911, vstest.console.dll, TcpClientExtensions.MessageLoopAsync: Polling on remoteEndPoint: 127.0.0.1:39034 localEndPoint: 127.0.0.1:38723 after 1004 ms
TpTrace Verbose: 0 : 165606, 7, 2026/02/19, 11:00:45.526, 1120482620183133, vstest.console.dll, TcpClientExtensions.MessageLoopAsync: Polling on remoteEndPoint: 127.0.0.1:39034 localEndPoint: 127.0.0.1:38723 after 1005 ms
TpTrace Verbose: 0 : 165606, 7, 2026/02/19, 11:00:46.531, 1120483625027267, vstest.console.dll, TcpClientExtensions.MessageLoopAsync: Polling on remoteEndPoint: 127.0.0.1:39034 localEndPoint: 127.0.0.1:38723 after 1004 ms
TpTrace Verbose: 0 : 165606, 7, 2026/02/19, 11:00:47.536, 1120484630027667, vstest.console.dll, TcpClientExtensions.MessageLoopAsync: Polling on remoteEndPoint: 127.0.0.1:39034 localEndPoint: 127.0.0.1:38723 after 1004 ms
TpTrace Verbose: 0 : 165606, 7, 2026/02/19, 11:00:48.541, 1120485635033956, vstest.console.dll, TcpClientExtensions.MessageLoopAsync: Polling on remoteEndPoint: 127.0.0.1:39034 localEndPoint: 127.0.0.1:38723 after 1004 ms
TpTrace Verbose: 0 : 165606, 7, 2026/02/19, 11:00:49.546, 1120486640048659, vstest.console.dll, TcpClientExtensions.MessageLoopAsync: Polling on remoteEndPoint: 127.0.0.1:39034 localEndPoint: 127.0.0.1:38723 after 1004 ms
TpTrace Verbose: 0 : 165606, 7, 2026/02/19, 11:00:50.551, 1120487645140321, vstest.console.dll, TcpClientExtensions.MessageLoopAsync: Polling on remoteEndPoint: 127.0.0.1:39034 localEndPoint: 127.0.0.1:38723 after 1004 ms
TpTrace Verbose: 0 : 165606, 7, 2026/02/19, 11:00:51.557, 1120488651028040, vstest.console.dll, TcpClientExtensions.MessageLoopAsync: Polling on remoteEndPoint: 127.0.0.1:39034 localEndPoint: 127.0.0.1:38723 after 1005 ms
TpTrace Verbose: 0 : 165606, 7, 2026/02/19, 11:00:52.562, 1120489656032247, vstest.console.dll, TcpClientExtensions.MessageLoopAsync: Polling on remoteEndPoint: 127.0.0.1:39034 localEndPoint: 127.0.0.1:38723 after 1004 ms
TpTrace Verbose: 0 : 165606, 7, 2026/02/19, 11:00:53.567, 1120490661036254, vstest.console.dll, TcpClientExtensions.MessageLoopAsync: Polling on remoteEndPoint: 127.0.0.1:39034 localEndPoint: 127.0.0.1:38723 after 1004 ms
TpTrace Verbose: 0 : 165606, 7, 2026/02/19, 11:00:54.572, 1120491666030545, vstest.console.dll, TcpClientExtensions.MessageLoopAsync: Polling on remoteEndPoint: 127.0.0.1:39034 localEndPoint: 127.0.0.1:38723 after 1004 ms
TpTrace Verbose: 0 : 165606, 7, 2026/02/19, 11:00:55.577, 1120492671032651, vstest.console.dll, TcpClientExtensions.MessageLoopAsync: Polling on remoteEndPoint: 127.0.0.1:39034 localEndPoint: 127.0.0.1:38723 after 1004 ms
TpTrace Verbose: 0 : 165606, 7, 2026/02/19, 11:00:56.582, 1120493676038555, vstest.console.dll, TcpClientExtensions.MessageLoopAsync: Polling on remoteEndPoint: 127.0.0.1:39034 localEndPoint: 127.0.0.1:38723 after 1004 ms
TpTrace Verbose: 0 : 165606, 7, 2026/02/19, 11:00:57.587, 1120494681053368, vstest.console.dll, TcpClientExtensions.MessageLoopAsync: Polling on remoteEndPoint: 127.0.0.1:39034 localEndPoint: 127.0.0.1:38723 after 1004 ms
TpTrace Verbose: 0 : 165606, 7, 2026/02/19, 11:00:58.592, 1120495686030461, vstest.console.dll, TcpClientExtensions.MessageLoopAsync: Polling on remoteEndPoint: 127.0.0.1:39034 localEndPoint: 127.0.0.1:38723 after 1004 ms
TpTrace Verbose: 0 : 165606, 7, 2026/02/19, 11:00:59.598, 1120496692059483, vstest.console.dll, TcpClientExtensions.MessageLoopAsync: Polling on remoteEndPoint: 127.0.0.1:39034 localEndPoint: 127.0.0.1:38723 after 1004 ms
TpTrace Verbose: 0 : 165606, 7, 2026/02/19, 11:01:00.603, 1120497697067518, vstest.console.dll, TcpClientExtensions.MessageLoopAsync: Polling on remoteEndPoint: 127.0.0.1:39034 localEndPoint: 127.0.0.1:38723 after 1004 ms
TpTrace Verbose: 0 : 165606, 7, 2026/02/19, 11:01:01.608, 1120498702109958, vstest.console.dll, TcpClientExtensions.MessageLoopAsync: Polling on remoteEndPoint: 127.0.0.1:39034 localEndPoint: 127.0.0.1:38723 after 1004 ms
TpTrace Verbose: 0 : 165606, 7, 2026/02/19, 11:01:02.613, 1120499707121005, vstest.console.dll, TcpClientExtensions.MessageLoopAsync: Polling on remoteEndPoint: 127.0.0.1:39034 localEndPoint: 127.0.0.1:38723 after 1004 ms
TpTrace Verbose: 0 : 165606, 7, 2026/02/19, 11:01:03.618, 1120500712036895, vstest.console.dll, TcpClientExtensions.MessageLoopAsync: Polling on remoteEndPoint: 127.0.0.1:39034 localEndPoint: 127.0.0.1:38723 after 1004 ms
TpTrace Verbose: 0 : 165606, 7, 2026/02/19, 11:01:04.623, 1120501717420953, vstest.console.dll, TcpClientExtensions.MessageLoopAsync: Polling on remoteEndPoint: 127.0.0.1:39034 localEndPoint: 127.0.0.1:38723 after 1005 ms
TpTrace Verbose: 0 : 165606, 7, 2026/02/19, 11:01:05.629, 1120502722670371, vstest.console.dll, TcpClientExtensions.MessageLoopAsync: Polling on remoteEndPoint: 127.0.0.1:39034 localEndPoint: 127.0.0.1:38723 after 1004 ms
TpTrace Verbose: 0 : 165606, 7, 2026/02/19, 11:01:06.633, 1120503727034969, vstest.console.dll, TcpClientExtensions.MessageLoopAsync: Polling on remoteEndPoint: 127.0.0.1:39034 localEndPoint: 127.0.0.1:38723 after 1004 ms
TpTrace Verbose: 0 : 165606, 7, 2026/02/19, 11:01:07.638, 1120504732032731, vstest.console.dll, TcpClientExtensions.MessageLoopAsync: Polling on remoteEndPoint: 127.0.0.1:39034 localEndPoint: 127.0.0.1:38723 after 1004 ms
TpTrace Verbose: 0 : 165606, 7, 2026/02/19, 11:01:08.643, 1120505737034523, vstest.console.dll, TcpClientExtensions.MessageLoopAsync: Polling on remoteEndPoint: 127.0.0.1:39034 localEndPoint: 127.0.0.1:38723 after 1004 ms
TpTrace Verbose: 0 : 165606, 7, 2026/02/19, 11:01:09.648, 1120506742138466, vstest.console.dll, TcpClientExtensions.MessageLoopAsync: Polling on remoteEndPoint: 127.0.0.1:39034 localEndPoint: 127.0.0.1:38723 after 1004 ms
TpTrace Verbose: 0 : 165606, 7, 2026/02/19, 11:01:10.653, 1120507747042930, vstest.console.dll, TcpClientExtensions.MessageLoopAsync: Polling on remoteEndPoint: 127.0.0.1:39034 localEndPoint: 127.0.0.1:38723 after 1004 ms
TpTrace Verbose: 0 : 165606, 7, 2026/02/19, 11:01:11.658, 1120508752066228, vstest.console.dll, TcpClientExtensions.MessageLoopAsync: Polling on remoteEndPoint: 127.0.0.1:39034 localEndPoint: 127.0.0.1:38723 after 1004 ms
TpTrace Verbose: 0 : 165606, 7, 2026/02/19, 11:01:12.663, 1120509757096297, vstest.console.dll, TcpClientExtensions.MessageLoopAsync: Polling on remoteEndPoint: 127.0.0.1:39034 localEndPoint: 127.0.0.1:38723 after 1004 ms
TpTrace Verbose: 0 : 165606, 7, 2026/02/19, 11:01:13.668, 1120510762072440, vstest.console.dll, TcpClientExtensions.MessageLoopAsync: Polling on remoteEndPoint: 127.0.0.1:39034 localEndPoint: 127.0.0.1:38723 after 1004 ms
TpTrace Verbose: 0 : 165606, 7, 2026/02/19, 11:01:14.673, 1120511767037728, vstest.console.dll, TcpClientExtensions.MessageLoopAsync: Polling on remoteEndPoint: 127.0.0.1:39034 localEndPoint: 127.0.0.1:38723 after 1004 ms
TpTrace Verbose: 0 : 165606, 7, 2026/02/19, 11:01:15.678, 1120512772074162, vstest.console.dll, TcpClientExtensions.MessageLoopAsync: Polling on remoteEndPoint: 127.0.0.1:39034 localEndPoint: 127.0.0.1:38723 after 1004 ms
TpTrace Verbose: 0 : 165606, 7, 2026/02/19, 11:01:16.683, 1120513777072406, vstest.console.dll, TcpClientExtensions.MessageLoopAsync: Polling on remoteEndPoint: 127.0.0.1:39034 localEndPoint: 127.0.0.1:38723 after 1004 ms
TpTrace Verbose: 0 : 165606, 7, 2026/02/19, 11:01:17.688, 1120514782072517, vstest.console.dll, TcpClientExtensions.MessageLoopAsync: Polling on remoteEndPoint: 127.0.0.1:39034 localEndPoint: 127.0.0.1:38723 after 1004 ms
TpTrace Verbose: 0 : 165606, 7, 2026/02/19, 11:01:18.693, 1120515787070181, vstest.console.dll, TcpClientExtensions.MessageLoopAsync: Polling on remoteEndPoint: 127.0.0.1:39034 localEndPoint: 127.0.0.1:38723 after 1004 ms
TpTrace Verbose: 0 : 165606, 7, 2026/02/19, 11:01:19.694, 1120516788296199, vstest.console.dll, TcpClientExtensions.MessageLoopAsync: Polling on remoteEndPoint: 127.0.0.1:39034 localEndPoint: 127.0.0.1:38723 after 1001 ms
TpTrace Verbose: 0 : 165606, 7, 2026/02/19, 11:01:20.699, 1120517793056026, vstest.console.dll, TcpClientExtensions.MessageLoopAsync: Polling on remoteEndPoint: 127.0.0.1:39034 localEndPoint: 127.0.0.1:38723 after 1004 ms
TpTrace Verbose: 0 : 165606, 7, 2026/02/19, 11:01:21.704, 1120518798055145, vstest.console.dll, TcpClientExtensions.MessageLoopAsync: Polling on remoteEndPoint: 127.0.0.1:39034 localEndPoint: 127.0.0.1:38723 after 1004 ms
TpTrace Verbose: 0 : 165606, 7, 2026/02/19, 11:01:22.710, 1120519803566502, vstest.console.dll, TcpClientExtensions.MessageLoopAsync: Polling on remoteEndPoint: 127.0.0.1:39034 localEndPoint: 127.0.0.1:38723 after 1005 ms
TpTrace Verbose: 0 : 165606, 7, 2026/02/19, 11:01:23.715, 1120520808990006, vstest.console.dll, TcpClientExtensions.MessageLoopAsync: Polling on remoteEndPoint: 127.0.0.1:39034 localEndPoint: 127.0.0.1:38723 after 1005 ms
TpTrace Verbose: 0 : 165606, 7, 2026/02/19, 11:01:24.720, 1120521814033883, vstest.console.dll, TcpClientExtensions.MessageLoopAsync: Polling on remoteEndPoint: 127.0.0.1:39034 localEndPoint: 127.0.0.1:38723 after 1004 ms
TpTrace Verbose: 0 : 165606, 7, 2026/02/19, 11:01:25.726, 1120522820026358, vstest.console.dll, TcpClientExtensions.MessageLoopAsync: Polling on remoteEndPoint: 127.0.0.1:39034 localEndPoint: 127.0.0.1:38723 after 1005 ms
TpTrace Verbose: 0 : 165606, 7, 2026/02/19, 11:01:26.731, 1120523825331336, vstest.console.dll, TcpClientExtensions.MessageLoopAsync: Polling on remoteEndPoint: 127.0.0.1:39034 localEndPoint: 127.0.0.1:38723 after 1005 ms
TpTrace Verbose: 0 : 165606, 7, 2026/02/19, 11:01:27.738, 1120524832028994, vstest.console.dll, TcpClientExtensions.MessageLoopAsync: Polling on remoteEndPoint: 127.0.0.1:39034 localEndPoint: 127.0.0.1:38723 after 1006 ms
TpTrace Verbose: 0 : 165606, 7, 2026/02/19, 11:01:28.743, 1120525837042014, vstest.console.dll, TcpClientExtensions.MessageLoopAsync: Polling on remoteEndPoint: 127.0.0.1:39034 localEndPoint: 127.0.0.1:38723 after 1004 ms
TpTrace Verbose: 0 : 165606, 7, 2026/02/19, 11:01:29.753, 1120526846905530, vstest.console.dll, TcpClientExtensions.MessageLoopAsync: Polling on remoteEndPoint: 127.0.0.1:39034 localEndPoint: 127.0.0.1:38723 after 1009 ms
TpTrace Verbose: 0 : 165606, 7, 2026/02/19, 11:01:30.768, 1120527862196411, vstest.console.dll, TcpClientExtensions.MessageLoopAsync: Polling on remoteEndPoint: 127.0.0.1:39034 localEndPoint: 127.0.0.1:38723 after 1014 ms
TpTrace Verbose: 0 : 165606, 7, 2026/02/19, 11:01:31.773, 1120528867032167, vstest.console.dll, TcpClientExtensions.MessageLoopAsync: Polling on remoteEndPoint: 127.0.0.1:39034 localEndPoint: 127.0.0.1:38723 after 1004 ms
TpTrace Verbose: 0 : 165606, 7, 2026/02/19, 11:01:32.786, 1120529879565765, vstest.console.dll, TcpClientExtensions.MessageLoopAsync: Polling on remoteEndPoint: 127.0.0.1:39034 localEndPoint: 127.0.0.1:38723 after 1012 ms
TpTrace Verbose: 0 : 165606, 7, 2026/02/19, 11:01:34.007, 1120531101166725, vstest.console.dll, TcpClientExtensions.MessageLoopAsync: Polling on remoteEndPoint: 127.0.0.1:39034 localEndPoint: 127.0.0.1:38723 after 1221 ms
TpTrace Verbose: 0 : 165606, 7, 2026/02/19, 11:01:35.013, 1120532106658892, vstest.console.dll, TcpClientExtensions.MessageLoopAsync: Polling on remoteEndPoint: 127.0.0.1:39034 localEndPoint: 127.0.0.1:38723 after 1004 ms
TpTrace Verbose: 0 : 165606, 7, 2026/02/19, 11:01:36.175, 1120533269089717, vstest.console.dll, TcpClientExtensions.MessageLoopAsync: Polling on remoteEndPoint: 127.0.0.1:39034 localEndPoint: 127.0.0.1:38723 after 1160 ms
TpTrace Verbose: 0 : 165606, 7, 2026/02/19, 11:01:37.181, 1120534274455614, vstest.console.dll, TcpClientExtensions.MessageLoopAsync: Polling on remoteEndPoint: 127.0.0.1:39034 localEndPoint: 127.0.0.1:38723 after 1004 ms
TpTrace Verbose: 0 : 165606, 7, 2026/02/19, 11:01:38.198, 1120535291896392, vstest.console.dll, TcpClientExtensions.MessageLoopAsync: Polling on remoteEndPoint: 127.0.0.1:39034 localEndPoint: 127.0.0.1:38723 after 1016 ms
TpTrace Verbose: 0 : 165606, 7, 2026/02/19, 11:01:39.202, 1120536296031888, vstest.console.dll, TcpClientExtensions.MessageLoopAsync: Polling on remoteEndPoint: 127.0.0.1:39034 localEndPoint: 127.0.0.1:38723 after 1004 ms
TpTrace Verbose: 0 : 165606, 7, 2026/02/19, 11:01:40.208, 1120537301546378, vstest.console.dll, TcpClientExtensions.MessageLoopAsync: Polling on remoteEndPoint: 127.0.0.1:39034 localEndPoint: 127.0.0.1:38723 after 1005 ms
TpTrace Verbose: 0 : 165606, 7, 2026/02/19, 11:01:41.212, 1120538306033319, vstest.console.dll, TcpClientExtensions.MessageLoopAsync: Polling on remoteEndPoint: 127.0.0.1:39034 localEndPoint: 127.0.0.1:38723 after 1004 ms
TpTrace Verbose: 0 : 165606, 7, 2026/02/19, 11:01:42.218, 1120539312036729, vstest.console.dll, TcpClientExtensions.MessageLoopAsync: Polling on remoteEndPoint: 127.0.0.1:39034 localEndPoint: 127.0.0.1:38723 after 1005 ms
TpTrace Verbose: 0 : 165606, 7, 2026/02/19, 11:01:43.223, 1120540317033501, vstest.console.dll, TcpClientExtensions.MessageLoopAsync: Polling on remoteEndPoint: 127.0.0.1:39034 localEndPoint: 127.0.0.1:38723 after 1004 ms
TpTrace Verbose: 0 : 165606, 7, 2026/02/19, 11:01:44.228, 1120541322036096, vstest.console.dll, TcpClientExtensions.MessageLoopAsync: Polling on remoteEndPoint: 127.0.0.1:39034 localEndPoint: 127.0.0.1:38723 after 1004 ms
TpTrace Verbose: 0 : 165606, 7, 2026/02/19, 11:01:45.233, 1120542327083446, vstest.console.dll, TcpClientExtensions.MessageLoopAsync: Polling on remoteEndPoint: 127.0.0.1:39034 localEndPoint: 127.0.0.1:38723 after 1004 ms
TpTrace Verbose: 0 : 165606, 7, 2026/02/19, 11:01:46.238, 1120543332032523, vstest.console.dll, TcpClientExtensions.MessageLoopAsync: Polling on remoteEndPoint: 127.0.0.1:39034 localEndPoint: 127.0.0.1:38723 after 1004 ms
TpTrace Verbose: 0 : 165606, 7, 2026/02/19, 11:01:47.243, 1120544337051356, vstest.console.dll, TcpClientExtensions.MessageLoopAsync: Polling on remoteEndPoint: 127.0.0.1:39034 localEndPoint: 127.0.0.1:38723 after 1004 ms
TpTrace Verbose: 0 : 165606, 7, 2026/02/19, 11:01:48.250, 1120545343557066, vstest.console.dll, TcpClientExtensions.MessageLoopAsync: Polling on remoteEndPoint: 127.0.0.1:39034 localEndPoint: 127.0.0.1:38723 after 1006 ms
TpTrace Verbose: 0 : 165606, 7, 2026/02/19, 11:01:49.260, 1120546354038737, vstest.console.dll, TcpClientExtensions.MessageLoopAsync: Polling on remoteEndPoint: 127.0.0.1:39034 localEndPoint: 127.0.0.1:38723 after 1004 ms
TpTrace Verbose: 0 : 165606, 7, 2026/02/19, 11:01:50.265, 1120547359045653, vstest.console.dll, TcpClientExtensions.MessageLoopAsync: Polling on remoteEndPoint: 127.0.0.1:39034 localEndPoint: 127.0.0.1:38723 after 1004 ms
TpTrace Verbose: 0 : 165606, 7, 2026/02/19, 11:01:51.270, 1120548364030655, vstest.console.dll, TcpClientExtensions.MessageLoopAsync: Polling on remoteEndPoint: 127.0.0.1:39034 localEndPoint: 127.0.0.1:38723 after 1004 ms
TpTrace Verbose: 0 : 165606, 7, 2026/02/19, 11:01:52.275, 1120549369050128, vstest.console.dll, TcpClientExtensions.MessageLoopAsync: Polling on remoteEndPoint: 127.0.0.1:39034 localEndPoint: 127.0.0.1:38723 after 1004 ms
TpTrace Verbose: 0 : 165606, 7, 2026/02/19, 11:01:53.281, 1120550375032701, vstest.console.dll, TcpClientExtensions.MessageLoopAsync: Polling on remoteEndPoint: 127.0.0.1:39034 localEndPoint: 127.0.0.1:38723 after 1005 ms
TpTrace Verbose: 0 : 165606, 7, 2026/02/19, 11:01:54.286, 1120551380039023, vstest.console.dll, TcpClientExtensions.MessageLoopAsync: Polling on remoteEndPoint: 127.0.0.1:39034 localEndPoint: 127.0.0.1:38723 after 1004 ms
TpTrace Verbose: 0 : 165606, 7, 2026/02/19, 11:01:55.291, 1120552385093818, vstest.console.dll, TcpClientExtensions.MessageLoopAsync: Polling on remoteEndPoint: 127.0.0.1:39034 localEndPoint: 127.0.0.1:38723 after 1004 ms
TpTrace Verbose: 0 : 165606, 7, 2026/02/19, 11:01:56.296, 1120553390029213, vstest.console.dll, TcpClientExtensions.MessageLoopAsync: Polling on remoteEndPoint: 127.0.0.1:39034 localEndPoint: 127.0.0.1:38723 after 1004 ms
TpTrace Verbose: 0 : 165606, 7, 2026/02/19, 11:01:57.299, 1120554392658109, vstest.console.dll, TcpClientExtensions.MessageLoopAsync: Polling on remoteEndPoint: 127.0.0.1:39034 localEndPoint: 127.0.0.1:38723 after 1002 ms
TpTrace Verbose: 0 : 165606, 7, 2026/02/19, 11:01:58.304, 1120555398061914, vstest.console.dll, TcpClientExtensions.MessageLoopAsync: Polling on remoteEndPoint: 127.0.0.1:39034 localEndPoint: 127.0.0.1:38723 after 1005 ms
TpTrace Verbose: 0 : 165606, 7, 2026/02/19, 11:01:59.309, 1120556403028737, vstest.console.dll, TcpClientExtensions.MessageLoopAsync: Polling on remoteEndPoint: 127.0.0.1:39034 localEndPoint: 127.0.0.1:38723 after 1004 ms
TpTrace Verbose: 0 : 165606, 7, 2026/02/19, 11:02:00.314, 1120557408071404, vstest.console.dll, TcpClientExtensions.MessageLoopAsync: Polling on remoteEndPoint: 127.0.0.1:39034 localEndPoint: 127.0.0.1:38723 after 1004 ms
TpTrace Verbose: 0 : 165606, 7, 2026/02/19, 11:02:01.319, 1120558413032258, vstest.console.dll, TcpClientExtensions.MessageLoopAsync: Polling on remoteEndPoint: 127.0.0.1:39034 localEndPoint: 127.0.0.1:38723 after 1004 ms
TpTrace Verbose: 0 : 165606, 7, 2026/02/19, 11:02:02.324, 1120559418030170, vstest.console.dll, TcpClientExtensions.MessageLoopAsync: Polling on remoteEndPoint: 127.0.0.1:39034 localEndPoint: 127.0.0.1:38723 after 1004 ms
TpTrace Verbose: 0 : 165606, 7, 2026/02/19, 11:02:03.326, 1120560419635937, vstest.console.dll, TcpClientExtensions.MessageLoopAsync: Polling on remoteEndPoint: 127.0.0.1:39034 localEndPoint: 127.0.0.1:38723 after 1001 ms
TpTrace Verbose: 0 : 165606, 7, 2026/02/19, 11:02:04.330, 1120561424049064, vstest.console.dll, TcpClientExtensions.MessageLoopAsync: Polling on remoteEndPoint: 127.0.0.1:39034 localEndPoint: 127.0.0.1:38723 after 1004 ms
TpTrace Verbose: 0 : 165606, 7, 2026/02/19, 11:02:05.335, 1120562429076434, vstest.console.dll, TcpClientExtensions.MessageLoopAsync: Polling on remoteEndPoint: 127.0.0.1:39034 localEndPoint: 127.0.0.1:38723 after 1004 ms
TpTrace Verbose: 0 : 165606, 7, 2026/02/19, 11:02:06.340, 1120563434076820, vstest.console.dll, TcpClientExtensions.MessageLoopAsync: Polling on remoteEndPoint: 127.0.0.1:39034 localEndPoint: 127.0.0.1:38723 after 1004 ms
TpTrace Verbose: 0 : 165606, 7, 2026/02/19, 11:02:07.345, 1120564439052558, vstest.console.dll, TcpClientExtensions.MessageLoopAsync: Polling on remoteEndPoint: 127.0.0.1:39034 localEndPoint: 127.0.0.1:38723 after 1004 ms
TpTrace Verbose: 0 : 165606, 7, 2026/02/19, 11:02:08.350, 1120565444055458, vstest.console.dll, TcpClientExtensions.MessageLoopAsync: Polling on remoteEndPoint: 127.0.0.1:39034 localEndPoint: 127.0.0.1:38723 after 1004 ms
TpTrace Verbose: 0 : 165606, 7, 2026/02/19, 11:02:09.355, 1120566449022744, vstest.console.dll, TcpClientExtensions.MessageLoopAsync: Polling on remoteEndPoint: 127.0.0.1:39034 localEndPoint: 127.0.0.1:38723 after 1004 ms
TpTrace Verbose: 0 : 165606, 7, 2026/02/19, 11:02:10.360, 1120567454348523, vstest.console.dll, TcpClientExtensions.MessageLoopAsync: Polling on remoteEndPoint: 127.0.0.1:39034 localEndPoint: 127.0.0.1:38723 after 1004 ms
TpTrace Verbose: 0 : 165606, 7, 2026/02/19, 11:02:11.365, 1120568459088190, vstest.console.dll, TcpClientExtensions.MessageLoopAsync: Polling on remoteEndPoint: 127.0.0.1:39034 localEndPoint: 127.0.0.1:38723 after 1004 ms
TpTrace Verbose: 0 : 165606, 7, 2026/02/19, 11:02:12.371, 1120569464727268, vstest.console.dll, TcpClientExtensions.MessageLoopAsync: Polling on remoteEndPoint: 127.0.0.1:39034 localEndPoint: 127.0.0.1:38723 after 1004 ms
TpTrace Verbose: 0 : 165606, 7, 2026/02/19, 11:02:13.376, 1120570470028389, vstest.console.dll, TcpClientExtensions.MessageLoopAsync: Polling on remoteEndPoint: 127.0.0.1:39034 localEndPoint: 127.0.0.1:38723 after 1004 ms
TpTrace Verbose: 0 : 165606, 7, 2026/02/19, 11:02:14.382, 1120571476095179, vstest.console.dll, TcpClientExtensions.MessageLoopAsync: Polling on remoteEndPoint: 127.0.0.1:39034 localEndPoint: 127.0.0.1:38723 after 1004 ms
TpTrace Verbose: 0 : 165606, 7, 2026/02/19, 11:02:15.387, 1120572481040859, vstest.console.dll, TcpClientExtensions.MessageLoopAsync: Polling on remoteEndPoint: 127.0.0.1:39034 localEndPoint: 127.0.0.1:38723 after 1004 ms
TpTrace Verbose: 0 : 165606, 7, 2026/02/19, 11:02:16.392, 1120573486033312, vstest.console.dll, TcpClientExtensions.MessageLoopAsync: Polling on remoteEndPoint: 127.0.0.1:39034 localEndPoint: 127.0.0.1:38723 after 1004 ms
TpTrace Verbose: 0 : 165606, 7, 2026/02/19, 11:02:17.397, 1120574491029166, vstest.console.dll, TcpClientExtensions.MessageLoopAsync: Polling on remoteEndPoint: 127.0.0.1:39034 localEndPoint: 127.0.0.1:38723 after 1004 ms
TpTrace Verbose: 0 : 165606, 7, 2026/02/19, 11:02:18.403, 1120575497041073, vstest.console.dll, TcpClientExtensions.MessageLoopAsync: Polling on remoteEndPoint: 127.0.0.1:39034 localEndPoint: 127.0.0.1:38723 after 1005 ms
TpTrace Verbose: 0 : 165606, 7, 2026/02/19, 11:02:19.409, 1120576502620268, vstest.console.dll, TcpClientExtensions.MessageLoopAsync: Polling on remoteEndPoint: 127.0.0.1:39034 localEndPoint: 127.0.0.1:38723 after 1005 ms
TpTrace Verbose: 0 : 165606, 7, 2026/02/19, 11:02:20.414, 1120577508025982, vstest.console.dll, TcpClientExtensions.MessageLoopAsync: Polling on remoteEndPoint: 127.0.0.1:39034 localEndPoint: 127.0.0.1:38723 after 1004 ms
TpTrace Verbose: 0 : 165606, 7, 2026/02/19, 11:02:21.419, 1120578513073636, vstest.console.dll, TcpClientExtensions.MessageLoopAsync: Polling on remoteEndPoint: 127.0.0.1:39034 localEndPoint: 127.0.0.1:38723 after 1004 ms
TpTrace Verbose: 0 : 165606, 7, 2026/02/19, 11:02:22.424, 1120579518047231, vstest.console.dll, TcpClientExtensions.MessageLoopAsync: Polling on remoteEndPoint: 127.0.0.1:39034 localEndPoint: 127.0.0.1:38723 after 1004 ms
TpTrace Verbose: 0 : 165606, 7, 2026/02/19, 11:02:23.429, 1120580523065773, vstest.console.dll, TcpClientExtensions.MessageLoopAsync: Polling on remoteEndPoint: 127.0.0.1:39034 localEndPoint: 127.0.0.1:38723 after 1004 ms
TpTrace Verbose: 0 : 165606, 7, 2026/02/19, 11:02:24.434, 1120581528036495, vstest.console.dll, TcpClientExtensions.MessageLoopAsync: Polling on remoteEndPoint: 127.0.0.1:39034 localEndPoint: 127.0.0.1:38723 after 1004 ms
TpTrace Verbose: 0 : 165606, 7, 2026/02/19, 11:02:25.439, 1120582533029706, vstest.console.dll, TcpClientExtensions.MessageLoopAsync: Polling on remoteEndPoint: 127.0.0.1:39034 localEndPoint: 127.0.0.1:38723 after 1004 ms
TpTrace Verbose: 0 : 165606, 7, 2026/02/19, 11:02:26.444, 1120583538059411, vstest.console.dll, TcpClientExtensions.MessageLoopAsync: Polling on remoteEndPoint: 127.0.0.1:39034 localEndPoint: 127.0.0.1:38723 after 1004 ms
TpTrace Verbose: 0 : 165606, 7, 2026/02/19, 11:02:27.449, 1120584543048628, vstest.console.dll, TcpClientExtensions.MessageLoopAsync: Polling on remoteEndPoint: 127.0.0.1:39034 localEndPoint: 127.0.0.1:38723 after 1004 ms
TpTrace Verbose: 0 : 165606, 7, 2026/02/19, 11:02:28.454, 1120585548239958, vstest.console.dll, TcpClientExtensions.MessageLoopAsync: Polling on remoteEndPoint: 127.0.0.1:39034 localEndPoint: 127.0.0.1:38723 after 1004 ms
TpTrace Verbose: 0 : 165606, 7, 2026/02/19, 11:02:29.459, 1120586553028542, vstest.console.dll, TcpClientExtensions.MessageLoopAsync: Polling on remoteEndPoint: 127.0.0.1:39034 localEndPoint: 127.0.0.1:38723 after 1004 ms
TpTrace Verbose: 0 : 165606, 7, 2026/02/19, 11:02:30.464, 1120587558058174, vstest.console.dll, TcpClientExtensions.MessageLoopAsync: Polling on remoteEndPoint: 127.0.0.1:39034 localEndPoint: 127.0.0.1:38723 after 1004 ms
TpTrace Verbose: 0 : 165606, 7, 2026/02/19, 11:02:31.469, 1120588563074846, vstest.console.dll, TcpClientExtensions.MessageLoopAsync: Polling on remoteEndPoint: 127.0.0.1:39034 localEndPoint: 127.0.0.1:38723 after 1004 ms
TpTrace Verbose: 0 : 165606, 7, 2026/02/19, 11:02:32.474, 1120589568051643, vstest.console.dll, TcpClientExtensions.MessageLoopAsync: Polling on remoteEndPoint: 127.0.0.1:39034 localEndPoint: 127.0.0.1:38723 after 1004 ms
TpTrace Verbose: 0 : 165606, 7, 2026/02/19, 11:02:33.479, 1120590573158927, vstest.console.dll, TcpClientExtensions.MessageLoopAsync: Polling on remoteEndPoint: 127.0.0.1:39034 localEndPoint: 127.0.0.1:38723 after 1005 ms
TpTrace Verbose: 0 : 165606, 7, 2026/02/19, 11:02:34.484, 1120591578035385, vstest.console.dll, TcpClientExtensions.MessageLoopAsync: Polling on remoteEndPoint: 127.0.0.1:39034 localEndPoint: 127.0.0.1:38723 after 1004 ms
TpTrace Verbose: 0 : 165606, 7, 2026/02/19, 11:02:35.489, 1120592583175551, vstest.console.dll, TcpClientExtensions.MessageLoopAsync: Polling on remoteEndPoint: 127.0.0.1:39034 localEndPoint: 127.0.0.1:38723 after 1005 ms
TpTrace Verbose: 0 : 165606, 7, 2026/02/19, 11:02:36.494, 1120593588136811, vstest.console.dll, TcpClientExtensions.MessageLoopAsync: Polling on remoteEndPoint: 127.0.0.1:39034 localEndPoint: 127.0.0.1:38723 after 1004 ms
TpTrace Verbose: 0 : 165606, 7, 2026/02/19, 11:02:37.499, 1120594593057844, vstest.console.dll, TcpClientExtensions.MessageLoopAsync: Polling on remoteEndPoint: 127.0.0.1:39034 localEndPoint: 127.0.0.1:38723 after 1004 ms
TpTrace Verbose: 0 : 165606, 7, 2026/02/19, 11:02:38.504, 1120595598140973, vstest.console.dll, TcpClientExtensions.MessageLoopAsync: Polling on remoteEndPoint: 127.0.0.1:39034 localEndPoint: 127.0.0.1:38723 after 1005 ms
TpTrace Verbose: 0 : 165606, 7, 2026/02/19, 11:02:39.509, 1120596603031952, vstest.console.dll, TcpClientExtensions.MessageLoopAsync: Polling on remoteEndPoint: 127.0.0.1:39034 localEndPoint: 127.0.0.1:38723 after 1004 ms
TpTrace Verbose: 0 : 165606, 7, 2026/02/19, 11:02:40.514, 1120597608106272, vstest.console.dll, TcpClientExtensions.MessageLoopAsync: Polling on remoteEndPoint: 127.0.0.1:39034 localEndPoint: 127.0.0.1:38723 after 1005 ms
TpTrace Verbose: 0 : 165606, 7, 2026/02/19, 11:02:41.519, 1120598613039238, vstest.console.dll, TcpClientExtensions.MessageLoopAsync: Polling on remoteEndPoint: 127.0.0.1:39034 localEndPoint: 127.0.0.1:38723 after 1004 ms
TpTrace Verbose: 0 : 165606, 7, 2026/02/19, 11:02:42.524, 1120599618061202, vstest.console.dll, TcpClientExtensions.MessageLoopAsync: Polling on remoteEndPoint: 127.0.0.1:39034 localEndPoint: 127.0.0.1:38723 after 1004 ms
TpTrace Verbose: 0 : 165606, 7, 2026/02/19, 11:02:43.529, 1120600623033049, vstest.console.dll, TcpClientExtensions.MessageLoopAsync: Polling on remoteEndPoint: 127.0.0.1:39034 localEndPoint: 127.0.0.1:38723 after 1004 ms
TpTrace Verbose: 0 : 165606, 7, 2026/02/19, 11:02:44.534, 1120601628049000, vstest.console.dll, TcpClientExtensions.MessageLoopAsync: Polling on remoteEndPoint: 127.0.0.1:39034 localEndPoint: 127.0.0.1:38723 after 1004 ms
TpTrace Verbose: 0 : 165606, 7, 2026/02/19, 11:02:45.539, 1120602633031182, vstest.console.dll, TcpClientExtensions.MessageLoopAsync: Polling on remoteEndPoint: 127.0.0.1:39034 localEndPoint: 127.0.0.1:38723 after 1004 ms
TpTrace Verbose: 0 : 165606, 7, 2026/02/19, 11:02:46.544, 1120603638033830, vstest.console.dll, TcpClientExtensions.MessageLoopAsync: Polling on remoteEndPoint: 127.0.0.1:39034 localEndPoint: 127.0.0.1:38723 after 1004 ms
TpTrace Verbose: 0 : 165606, 7, 2026/02/19, 11:02:47.549, 1120604643038128, vstest.console.dll, TcpClientExtensions.MessageLoopAsync: Polling on remoteEndPoint: 127.0.0.1:39034 localEndPoint: 127.0.0.1:38723 after 1004 ms
TpTrace Verbose: 0 : 165606, 7, 2026/02/19, 11:02:48.554, 1120605648083731, vstest.console.dll, TcpClientExtensions.MessageLoopAsync: Polling on remoteEndPoint: 127.0.0.1:39034 localEndPoint: 127.0.0.1:38723 after 1004 ms
TpTrace Verbose: 0 : 165606, 7, 2026/02/19, 11:02:49.559, 1120606653033709, vstest.console.dll, TcpClientExtensions.MessageLoopAsync: Polling on remoteEndPoint: 127.0.0.1:39034 localEndPoint: 127.0.0.1:38723 after 1004 ms
TpTrace Verbose: 0 : 165606, 7, 2026/02/19, 11:02:50.564, 1120607658033732, vstest.console.dll, TcpClientExtensions.MessageLoopAsync: Polling on remoteEndPoint: 127.0.0.1:39034 localEndPoint: 127.0.0.1:38723 after 1004 ms
TpTrace Verbose: 0 : 165606, 7, 2026/02/19, 11:02:51.569, 1120608663028245, vstest.console.dll, TcpClientExtensions.MessageLoopAsync: Polling on remoteEndPoint: 127.0.0.1:39034 localEndPoint: 127.0.0.1:38723 after 1004 ms
TpTrace Verbose: 0 : 165606, 7, 2026/02/19, 11:02:52.574, 1120609668035680, vstest.console.dll, TcpClientExtensions.MessageLoopAsync: Polling on remoteEndPoint: 127.0.0.1:39034 localEndPoint: 127.0.0.1:38723 after 1004 ms
TpTrace Verbose: 0 : 165606, 7, 2026/02/19, 11:02:53.579, 1120610673034459, vstest.console.dll, TcpClientExtensions.MessageLoopAsync: Polling on remoteEndPoint: 127.0.0.1:39034 localEndPoint: 127.0.0.1:38723 after 1004 ms
TpTrace Verbose: 0 : 165606, 7, 2026/02/19, 11:02:54.586, 1120611680036094, vstest.console.dll, TcpClientExtensions.MessageLoopAsync: Polling on remoteEndPoint: 127.0.0.1:39034 localEndPoint: 127.0.0.1:38723 after 1006 ms
TpTrace Verbose: 0 : 165606, 7, 2026/02/19, 11:02:55.591, 1120612685025016, vstest.console.dll, TcpClientExtensions.MessageLoopAsync: Polling on remoteEndPoint: 127.0.0.1:39034 localEndPoint: 127.0.0.1:38723 after 1004 ms
TpTrace Verbose: 0 : 165606, 7, 2026/02/19, 11:02:56.596, 1120613690188254, vstest.console.dll, TcpClientExtensions.MessageLoopAsync: Polling on remoteEndPoint: 127.0.0.1:39034 localEndPoint: 127.0.0.1:38723 after 1005 ms
TpTrace Verbose: 0 : 165606, 7, 2026/02/19, 11:02:57.601, 1120614695066585, vstest.console.dll, TcpClientExtensions.MessageLoopAsync: Polling on remoteEndPoint: 127.0.0.1:39034 localEndPoint: 127.0.0.1:38723 after 1004 ms
TpTrace Verbose: 0 : 165606, 7, 2026/02/19, 11:02:58.606, 1120615700137853, vstest.console.dll, TcpClientExtensions.MessageLoopAsync: Polling on remoteEndPoint: 127.0.0.1:39034 localEndPoint: 127.0.0.1:38723 after 1005 ms
TpTrace Verbose: 0 : 165606, 7, 2026/02/19, 11:02:59.611, 1120616705066100, vstest.console.dll, TcpClientExtensions.MessageLoopAsync: Polling on remoteEndPoint: 127.0.0.1:39034 localEndPoint: 127.0.0.1:38723 after 1004 ms
TpTrace Verbose: 0 : 165606, 7, 2026/02/19, 11:03:00.616, 1120617710027775, vstest.console.dll, TcpClientExtensions.MessageLoopAsync: Polling on remoteEndPoint: 127.0.0.1:39034 localEndPoint: 127.0.0.1:38723 after 1004 ms
TpTrace Verbose: 0 : 165606, 7, 2026/02/19, 11:03:01.621, 1120618715042832, vstest.console.dll, TcpClientExtensions.MessageLoopAsync: Polling on remoteEndPoint: 127.0.0.1:39034 localEndPoint: 127.0.0.1:38723 after 1004 ms
TpTrace Verbose: 0 : 165606, 7, 2026/02/19, 11:03:02.626, 1120619720173651, vstest.console.dll, TcpClientExtensions.MessageLoopAsync: Polling on remoteEndPoint: 127.0.0.1:39034 localEndPoint: 127.0.0.1:38723 after 1004 ms
TpTrace Verbose: 0 : 165606, 7, 2026/02/19, 11:03:03.631, 1120620725062348, vstest.console.dll, TcpClientExtensions.MessageLoopAsync: Polling on remoteEndPoint: 127.0.0.1:39034 localEndPoint: 127.0.0.1:38723 after 1004 ms
TpTrace Verbose: 0 : 165606, 7, 2026/02/19, 11:03:04.636, 1120621730031271, vstest.console.dll, TcpClientExtensions.MessageLoopAsync: Polling on remoteEndPoint: 127.0.0.1:39034 localEndPoint: 127.0.0.1:38723 after 1004 ms
TpTrace Verbose: 0 : 165606, 7, 2026/02/19, 11:03:05.641, 1120622735052882, vstest.console.dll, TcpClientExtensions.MessageLoopAsync: Polling on remoteEndPoint: 127.0.0.1:39034 localEndPoint: 127.0.0.1:38723 after 1004 ms
TpTrace Verbose: 0 : 165606, 7, 2026/02/19, 11:03:06.646, 1120623740065118, vstest.console.dll, TcpClientExtensions.MessageLoopAsync: Polling on remoteEndPoint: 127.0.0.1:39034 localEndPoint: 127.0.0.1:38723 after 1004 ms
TpTrace Verbose: 0 : 165606, 7, 2026/02/19, 11:03:07.651, 1120624745116562, vstest.console.dll, TcpClientExtensions.MessageLoopAsync: Polling on remoteEndPoint: 127.0.0.1:39034 localEndPoint: 127.0.0.1:38723 after 1004 ms
TpTrace Verbose: 0 : 165606, 7, 2026/02/19, 11:03:08.656, 1120625750108653, vstest.console.dll, TcpClientExtensions.MessageLoopAsync: Polling on remoteEndPoint: 127.0.0.1:39034 localEndPoint: 127.0.0.1:38723 after 1004 ms
TpTrace Verbose: 0 : 165606, 7, 2026/02/19, 11:03:09.661, 1120626755058236, vstest.console.dll, TcpClientExtensions.MessageLoopAsync: Polling on remoteEndPoint: 127.0.0.1:39034 localEndPoint: 127.0.0.1:38723 after 1004 ms
TpTrace Verbose: 0 : 165606, 7, 2026/02/19, 11:03:10.666, 1120627760086413, vstest.console.dll, TcpClientExtensions.MessageLoopAsync: Polling on remoteEndPoint: 127.0.0.1:39034 localEndPoint: 127.0.0.1:38723 after 1004 ms
TpTrace Verbose: 0 : 165606, 7, 2026/02/19, 11:03:11.671, 1120628765049899, vstest.console.dll, TcpClientExtensions.MessageLoopAsync: Polling on remoteEndPoint: 127.0.0.1:39034 localEndPoint: 127.0.0.1:38723 after 1004 ms
TpTrace Verbose: 0 : 165606, 7, 2026/02/19, 11:03:12.676, 1120629770059839, vstest.console.dll, TcpClientExtensions.MessageLoopAsync: Polling on remoteEndPoint: 127.0.0.1:39034 localEndPoint: 127.0.0.1:38723 after 1004 ms
TpTrace Verbose: 0 : 165606, 7, 2026/02/19, 11:03:13.681, 1120630775036693, vstest.console.dll, TcpClientExtensions.MessageLoopAsync: Polling on remoteEndPoint: 127.0.0.1:39034 localEndPoint: 127.0.0.1:38723 after 1004 ms
TpTrace Verbose: 0 : 165606, 7, 2026/02/19, 11:03:14.686, 1120631780038734, vstest.console.dll, TcpClientExtensions.MessageLoopAsync: Polling on remoteEndPoint: 127.0.0.1:39034 localEndPoint: 127.0.0.1:38723 after 1004 ms
TpTrace Verbose: 0 : 165606, 7, 2026/02/19, 11:03:15.691, 1120632785216041, vstest.console.dll, TcpClientExtensions.MessageLoopAsync: Polling on remoteEndPoint: 127.0.0.1:39034 localEndPoint: 127.0.0.1:38723 after 1004 ms
TpTrace Verbose: 0 : 165606, 7, 2026/02/19, 11:03:16.696, 1120633790033465, vstest.console.dll, TcpClientExtensions.MessageLoopAsync: Polling on remoteEndPoint: 127.0.0.1:39034 localEndPoint: 127.0.0.1:38723 after 1004 ms
TpTrace Verbose: 0 : 165606, 7, 2026/02/19, 11:03:17.701, 1120634795032282, vstest.console.dll, TcpClientExtensions.MessageLoopAsync: Polling on remoteEndPoint: 127.0.0.1:39034 localEndPoint: 127.0.0.1:38723 after 1004 ms
TpTrace Verbose: 0 : 165606, 7, 2026/02/19, 11:03:18.706, 1120635800039029, vstest.console.dll, TcpClientExtensions.MessageLoopAsync: Polling on remoteEndPoint: 127.0.0.1:39034 localEndPoint: 127.0.0.1:38723 after 1004 ms
TpTrace Verbose: 0 : 165606, 7, 2026/02/19, 11:03:19.711, 1120636805040226, vstest.console.dll, TcpClientExtensions.MessageLoopAsync: Polling on remoteEndPoint: 127.0.0.1:39034 localEndPoint: 127.0.0.1:38723 after 1004 ms
TpTrace Verbose: 0 : 165606, 7, 2026/02/19, 11:03:20.716, 1120637810037456, vstest.console.dll, TcpClientExtensions.MessageLoopAsync: Polling on remoteEndPoint: 127.0.0.1:39034 localEndPoint: 127.0.0.1:38723 after 1004 ms
TpTrace Verbose: 0 : 165606, 7, 2026/02/19, 11:03:21.721, 1120638815033343, vstest.console.dll, TcpClientExtensions.MessageLoopAsync: Polling on remoteEndPoint: 127.0.0.1:39034 localEndPoint: 127.0.0.1:38723 after 1004 ms
TpTrace Verbose: 0 : 165606, 7, 2026/02/19, 11:03:22.727, 1120639820457064, vstest.console.dll, TcpClientExtensions.MessageLoopAsync: Polling on remoteEndPoint: 127.0.0.1:39034 localEndPoint: 127.0.0.1:38723 after 1004 ms
TpTrace Verbose: 0 : 165606, 7, 2026/02/19, 11:03:23.731, 1120640825032070, vstest.console.dll, TcpClientExtensions.MessageLoopAsync: Polling on remoteEndPoint: 127.0.0.1:39034 localEndPoint: 127.0.0.1:38723 after 1004 ms
TpTrace Verbose: 0 : 165606, 7, 2026/02/19, 11:03:24.736, 1120641830037943, vstest.console.dll, TcpClientExtensions.MessageLoopAsync: Polling on remoteEndPoint: 127.0.0.1:39034 localEndPoint: 127.0.0.1:38723 after 1004 ms
TpTrace Verbose: 0 : 165606, 7, 2026/02/19, 11:03:25.741, 1120642835087937, vstest.console.dll, TcpClientExtensions.MessageLoopAsync: Polling on remoteEndPoint: 127.0.0.1:39034 localEndPoint: 127.0.0.1:38723 after 1004 ms
TpTrace Verbose: 0 : 165606, 7, 2026/02/19, 11:03:26.746, 1120643840036834, vstest.console.dll, TcpClientExtensions.MessageLoopAsync: Polling on remoteEndPoint: 127.0.0.1:39034 localEndPoint: 127.0.0.1:38723 after 1004 ms
TpTrace Verbose: 0 : 165606, 7, 2026/02/19, 11:03:27.751, 1120644845032969, vstest.console.dll, TcpClientExtensions.MessageLoopAsync: Polling on remoteEndPoint: 127.0.0.1:39034 localEndPoint: 127.0.0.1:38723 after 1004 ms
TpTrace Verbose: 0 : 165606, 7, 2026/02/19, 11:03:28.756, 1120645850031856, vstest.console.dll, TcpClientExtensions.MessageLoopAsync: Polling on remoteEndPoint: 127.0.0.1:39034 localEndPoint: 127.0.0.1:38723 after 1004 ms
TpTrace Verbose: 0 : 165606, 7, 2026/02/19, 11:03:29.761, 1120646855035451, vstest.console.dll, TcpClientExtensions.MessageLoopAsync: Polling on remoteEndPoint: 127.0.0.1:39034 localEndPoint: 127.0.0.1:38723 after 1004 ms
TpTrace Verbose: 0 : 165606, 7, 2026/02/19, 11:03:30.766, 1120647860035409, vstest.console.dll, TcpClientExtensions.MessageLoopAsync: Polling on remoteEndPoint: 127.0.0.1:39034 localEndPoint: 127.0.0.1:38723 after 1004 ms
TpTrace Verbose: 0 : 165606, 7, 2026/02/19, 11:03:31.771, 1120648865037249, vstest.console.dll, TcpClientExtensions.MessageLoopAsync: Polling on remoteEndPoint: 127.0.0.1:39034 localEndPoint: 127.0.0.1:38723 after 1004 ms
TpTrace Verbose: 0 : 165606, 7, 2026/02/19, 11:03:32.776, 1120649870390542, vstest.console.dll, TcpClientExtensions.MessageLoopAsync: Polling on remoteEndPoint: 127.0.0.1:39034 localEndPoint: 127.0.0.1:38723 after 1004 ms
TpTrace Verbose: 0 : 165606, 7, 2026/02/19, 11:03:33.781, 1120650875350202, vstest.console.dll, TcpClientExtensions.MessageLoopAsync: Polling on remoteEndPoint: 127.0.0.1:39034 localEndPoint: 127.0.0.1:38723 after 1004 ms
TpTrace Verbose: 0 : 165606, 7, 2026/02/19, 11:03:34.786, 1120651880043810, vstest.console.dll, TcpClientExtensions.MessageLoopAsync: Polling on remoteEndPoint: 127.0.0.1:39034 localEndPoint: 127.0.0.1:38723 after 1004 ms
TpTrace Verbose: 0 : 165606, 7, 2026/02/19, 11:03:35.793, 1120652886710276, vstest.console.dll, TcpClientExtensions.MessageLoopAsync: Polling on remoteEndPoint: 127.0.0.1:39034 localEndPoint: 127.0.0.1:38723 after 1005 ms
TpTrace Verbose: 0 : 165606, 7, 2026/02/19, 11:03:36.798, 1120653892042960, vstest.console.dll, TcpClientExtensions.MessageLoopAsync: Polling on remoteEndPoint: 127.0.0.1:39034 localEndPoint: 127.0.0.1:38723 after 1004 ms
TpTrace Verbose: 0 : 165606, 7, 2026/02/19, 11:03:37.803, 1120654897035628, vstest.console.dll, TcpClientExtensions.MessageLoopAsync: Polling on remoteEndPoint: 127.0.0.1:39034 localEndPoint: 127.0.0.1:38723 after 1004 ms
TpTrace Verbose: 0 : 165606, 7, 2026/02/19, 11:03:38.808, 1120655902040542, vstest.console.dll, TcpClientExtensions.MessageLoopAsync: Polling on remoteEndPoint: 127.0.0.1:39034 localEndPoint: 127.0.0.1:38723 after 1004 ms
TpTrace Verbose: 0 : 165606, 7, 2026/02/19, 11:03:39.813, 1120656907035307, vstest.console.dll, TcpClientExtensions.MessageLoopAsync: Polling on remoteEndPoint: 127.0.0.1:39034 localEndPoint: 127.0.0.1:38723 after 1004 ms
TpTrace Verbose: 0 : 165606, 7, 2026/02/19, 11:03:40.818, 1120657912034772, vstest.console.dll, TcpClientExtensions.MessageLoopAsync: Polling on remoteEndPoint: 127.0.0.1:39034 localEndPoint: 127.0.0.1:38723 after 1004 ms
TpTrace Verbose: 0 : 165606, 7, 2026/02/19, 11:03:41.823, 1120658917063252, vstest.console.dll, TcpClientExtensions.MessageLoopAsync: Polling on remoteEndPoint: 127.0.0.1:39034 localEndPoint: 127.0.0.1:38723 after 1004 ms
TpTrace Verbose: 0 : 165606, 7, 2026/02/19, 11:03:42.828, 1120659922048353, vstest.console.dll, TcpClientExtensions.MessageLoopAsync: Polling on remoteEndPoint: 127.0.0.1:39034 localEndPoint: 127.0.0.1:38723 after 1004 ms
TpTrace Verbose: 0 : 165606, 7, 2026/02/19, 11:03:43.833, 1120660927053321, vstest.console.dll, TcpClientExtensions.MessageLoopAsync: Polling on remoteEndPoint: 127.0.0.1:39034 localEndPoint: 127.0.0.1:38723 after 1004 ms
TpTrace Verbose: 0 : 165606, 7, 2026/02/19, 11:03:44.838, 1120661932055228, vstest.console.dll, TcpClientExtensions.MessageLoopAsync: Polling on remoteEndPoint: 127.0.0.1:39034 localEndPoint: 127.0.0.1:38723 after 1004 ms
TpTrace Verbose: 0 : 165606, 7, 2026/02/19, 11:03:45.843, 1120662937063336, vstest.console.dll, TcpClientExtensions.MessageLoopAsync: Polling on remoteEndPoint: 127.0.0.1:39034 localEndPoint: 127.0.0.1:38723 after 1004 ms
TpTrace Verbose: 0 : 165606, 7, 2026/02/19, 11:03:46.848, 1120663942048385, vstest.console.dll, TcpClientExtensions.MessageLoopAsync: Polling on remoteEndPoint: 127.0.0.1:39034 localEndPoint: 127.0.0.1:38723 after 1004 ms
TpTrace Verbose: 0 : 165606, 7, 2026/02/19, 11:03:47.853, 1120664947093157, vstest.console.dll, TcpClientExtensions.MessageLoopAsync: Polling on remoteEndPoint: 127.0.0.1:39034 localEndPoint: 127.0.0.1:38723 after 1004 ms
TpTrace Verbose: 0 : 165606, 7, 2026/02/19, 11:03:48.858, 1120665952087104, vstest.console.dll, TcpClientExtensions.MessageLoopAsync: Polling on remoteEndPoint: 127.0.0.1:39034 localEndPoint: 127.0.0.1:38723 after 1004 ms
TpTrace Verbose: 0 : 165606, 7, 2026/02/19, 11:03:49.863, 1120666957040565, vstest.console.dll, TcpClientExtensions.MessageLoopAsync: Polling on remoteEndPoint: 127.0.0.1:39034 localEndPoint: 127.0.0.1:38723 after 1004 ms
TpTrace Verbose: 0 : 165606, 7, 2026/02/19, 11:03:50.868, 1120667962067138, vstest.console.dll, TcpClientExtensions.MessageLoopAsync: Polling on remoteEndPoint: 127.0.0.1:39034 localEndPoint: 127.0.0.1:38723 after 1004 ms
TpTrace Verbose: 0 : 165606, 7, 2026/02/19, 11:03:51.873, 1120668967083086, vstest.console.dll, TcpClientExtensions.MessageLoopAsync: Polling on remoteEndPoint: 127.0.0.1:39034 localEndPoint: 127.0.0.1:38723 after 1004 ms
TpTrace Verbose: 0 : 165606, 7, 2026/02/19, 11:03:52.879, 1120669972501339, vstest.console.dll, TcpClientExtensions.MessageLoopAsync: Polling on remoteEndPoint: 127.0.0.1:39034 localEndPoint: 127.0.0.1:38723 after 1005 ms
TpTrace Verbose: 0 : 165606, 7, 2026/02/19, 11:03:53.881, 1120670975030818, vstest.console.dll, TcpClientExtensions.MessageLoopAsync: Polling on remoteEndPoint: 127.0.0.1:39034 localEndPoint: 127.0.0.1:38723 after 1002 ms
TpTrace Verbose: 0 : 165606, 7, 2026/02/19, 11:03:54.886, 1120671980059905, vstest.console.dll, TcpClientExtensions.MessageLoopAsync: Polling on remoteEndPoint: 127.0.0.1:39034 localEndPoint: 127.0.0.1:38723 after 1004 ms
TpTrace Verbose: 0 : 165606, 7, 2026/02/19, 11:03:55.891, 1120672985139935, vstest.console.dll, TcpClientExtensions.MessageLoopAsync: Polling on remoteEndPoint: 127.0.0.1:39034 localEndPoint: 127.0.0.1:38723 after 1005 ms
TpTrace Verbose: 0 : 165606, 7, 2026/02/19, 11:03:56.896, 1120673990232186, vstest.console.dll, TcpClientExtensions.MessageLoopAsync: Polling on remoteEndPoint: 127.0.0.1:39034 localEndPoint: 127.0.0.1:38723 after 1005 ms
TpTrace Verbose: 0 : 165606, 7, 2026/02/19, 11:03:57.901, 1120674995135424, vstest.console.dll, TcpClientExtensions.MessageLoopAsync: Polling on remoteEndPoint: 127.0.0.1:39034 localEndPoint: 127.0.0.1:38723 after 1004 ms
TpTrace Verbose: 0 : 165606, 7, 2026/02/19, 11:03:58.906, 1120676000065752, vstest.console.dll, TcpClientExtensions.MessageLoopAsync: Polling on remoteEndPoint: 127.0.0.1:39034 localEndPoint: 127.0.0.1:38723 after 1004 ms
TpTrace Verbose: 0 : 165606, 7, 2026/02/19, 11:03:59.913, 1120677006790198, vstest.console.dll, TcpClientExtensions.MessageLoopAsync: Polling on remoteEndPoint: 127.0.0.1:39034 localEndPoint: 127.0.0.1:38723 after 1006 ms
TpTrace Verbose: 0 : 165606, 7, 2026/02/19, 11:04:00.917, 1120678011043656, vstest.console.dll, TcpClientExtensions.MessageLoopAsync: Polling on remoteEndPoint: 127.0.0.1:39034 localEndPoint: 127.0.0.1:38723 after 1004 ms
TpTrace Verbose: 0 : 165606, 7, 2026/02/19, 11:04:01.922, 1120679016072198, vstest.console.dll, TcpClientExtensions.MessageLoopAsync: Polling on remoteEndPoint: 127.0.0.1:39034 localEndPoint: 127.0.0.1:38723 after 1004 ms
TpTrace Verbose: 0 : 165606, 7, 2026/02/19, 11:04:02.927, 1120680021024544, vstest.console.dll, TcpClientExtensions.MessageLoopAsync: Polling on remoteEndPoint: 127.0.0.1:39034 localEndPoint: 127.0.0.1:38723 after 1004 ms
TpTrace Verbose: 0 : 165606, 7, 2026/02/19, 11:04:03.932, 1120681026030856, vstest.console.dll, TcpClientExtensions.MessageLoopAsync: Polling on remoteEndPoint: 127.0.0.1:39034 localEndPoint: 127.0.0.1:38723 after 1004 ms
TpTrace Verbose: 0 : 165606, 7, 2026/02/19, 11:04:04.937, 1120682031214410, vstest.console.dll, TcpClientExtensions.MessageLoopAsync: Polling on remoteEndPoint: 127.0.0.1:39034 localEndPoint: 127.0.0.1:38723 after 1004 ms
TpTrace Verbose: 0 : 165606, 7, 2026/02/19, 11:04:05.943, 1120683037053981, vstest.console.dll, TcpClientExtensions.MessageLoopAsync: Polling on remoteEndPoint: 127.0.0.1:39034 localEndPoint: 127.0.0.1:38723 after 1005 ms
TpTrace Verbose: 0 : 165606, 7, 2026/02/19, 11:04:06.948, 1120684042035961, vstest.console.dll, TcpClientExtensions.MessageLoopAsync: Polling on remoteEndPoint: 127.0.0.1:39034 localEndPoint: 127.0.0.1:38723 after 1004 ms
TpTrace Verbose: 0 : 165606, 7, 2026/02/19, 11:04:07.952, 1120685046287694, vstest.console.dll, TcpClientExtensions.MessageLoopAsync: Polling on remoteEndPoint: 127.0.0.1:39034 localEndPoint: 127.0.0.1:38723 after 1004 ms
TpTrace Verbose: 0 : 165606, 7, 2026/02/19, 11:04:08.957, 1120686051091164, vstest.console.dll, TcpClientExtensions.MessageLoopAsync: Polling on remoteEndPoint: 127.0.0.1:39034 localEndPoint: 127.0.0.1:38723 after 1004 ms
TpTrace Verbose: 0 : 165606, 7, 2026/02/19, 11:04:09.962, 1120687056161494, vstest.console.dll, TcpClientExtensions.MessageLoopAsync: Polling on remoteEndPoint: 127.0.0.1:39034 localEndPoint: 127.0.0.1:38723 after 1004 ms
TpTrace Verbose: 0 : 165606, 7, 2026/02/19, 11:04:10.967, 1120688061024432, vstest.console.dll, TcpClientExtensions.MessageLoopAsync: Polling on remoteEndPoint: 127.0.0.1:39034 localEndPoint: 127.0.0.1:38723 after 1004 ms
TpTrace Verbose: 0 : 165606, 7, 2026/02/19, 11:04:11.972, 1120689066080020, vstest.console.dll, TcpClientExtensions.MessageLoopAsync: Polling on remoteEndPoint: 127.0.0.1:39034 localEndPoint: 127.0.0.1:38723 after 1004 ms
TpTrace Verbose: 0 : 165606, 7, 2026/02/19, 11:04:12.977, 1120690070729277, vstest.console.dll, TcpClientExtensions.MessageLoopAsync: Polling on remoteEndPoint: 127.0.0.1:39034 localEndPoint: 127.0.0.1:38723 after 1004 ms
TpTrace Verbose: 0 : 165606, 7, 2026/02/19, 11:04:13.981, 1120691075080747, vstest.console.dll, TcpClientExtensions.MessageLoopAsync: Polling on remoteEndPoint: 127.0.0.1:39034 localEndPoint: 127.0.0.1:38723 after 1004 ms
TpTrace Verbose: 0 : 165606, 7, 2026/02/19, 11:04:14.987, 1120692080687931, vstest.console.dll, TcpClientExtensions.MessageLoopAsync: Polling on remoteEndPoint: 127.0.0.1:39034 localEndPoint: 127.0.0.1:38723 after 1004 ms
TpTrace Verbose: 0 : 165606, 7, 2026/02/19, 11:04:15.991, 1120693085031895, vstest.console.dll, TcpClientExtensions.MessageLoopAsync: Polling on remoteEndPoint: 127.0.0.1:39034 localEndPoint: 127.0.0.1:38723 after 1004 ms
TpTrace Verbose: 0 : 165606, 7, 2026/02/19, 11:04:16.996, 1120694090054958, vstest.console.dll, TcpClientExtensions.MessageLoopAsync: Polling on remoteEndPoint: 127.0.0.1:39034 localEndPoint: 127.0.0.1:38723 after 1004 ms
TpTrace Verbose: 0 : 165606, 7, 2026/02/19, 11:04:18.001, 1120695095060820, vstest.console.dll, TcpClientExtensions.MessageLoopAsync: Polling on remoteEndPoint: 127.0.0.1:39034 localEndPoint: 127.0.0.1:38723 after 1004 ms
TpTrace Verbose: 0 : 165606, 7, 2026/02/19, 11:04:19.006, 1120696100048373, vstest.console.dll, TcpClientExtensions.MessageLoopAsync: Polling on remoteEndPoint: 127.0.0.1:39034 localEndPoint: 127.0.0.1:38723 after 1004 ms
TpTrace Verbose: 0 : 165606, 7, 2026/02/19, 11:04:20.011, 1120697105175886, vstest.console.dll, TcpClientExtensions.MessageLoopAsync: Polling on remoteEndPoint: 127.0.0.1:39034 localEndPoint: 127.0.0.1:38723 after 1005 ms
TpTrace Verbose: 0 : 165606, 7, 2026/02/19, 11:04:21.016, 1120698110031419, vstest.console.dll, TcpClientExtensions.MessageLoopAsync: Polling on remoteEndPoint: 127.0.0.1:39034 localEndPoint: 127.0.0.1:38723 after 1004 ms
TpTrace Verbose: 0 : 165606, 7, 2026/02/19, 11:04:22.022, 1120699115959029, vstest.console.dll, TcpClientExtensions.MessageLoopAsync: Polling on remoteEndPoint: 127.0.0.1:39034 localEndPoint: 127.0.0.1:38723 after 1005 ms
TpTrace Verbose: 0 : 165606, 7, 2026/02/19, 11:04:23.030, 1120700124047768, vstest.console.dll, TcpClientExtensions.MessageLoopAsync: Polling on remoteEndPoint: 127.0.0.1:39034 localEndPoint: 127.0.0.1:38723 after 1007 ms
TpTrace Verbose: 0 : 165606, 7, 2026/02/19, 11:04:24.035, 1120701129076655, vstest.console.dll, TcpClientExtensions.MessageLoopAsync: Polling on remoteEndPoint: 127.0.0.1:39034 localEndPoint: 127.0.0.1:38723 after 1004 ms
TpTrace Verbose: 0 : 165606, 7, 2026/02/19, 11:04:25.040, 1120702134145645, vstest.console.dll, TcpClientExtensions.MessageLoopAsync: Polling on remoteEndPoint: 127.0.0.1:39034 localEndPoint: 127.0.0.1:38723 after 1004 ms
TpTrace Verbose: 0 : 165606, 7, 2026/02/19, 11:04:26.045, 1120703139048337, vstest.console.dll, TcpClientExtensions.MessageLoopAsync: Polling on remoteEndPoint: 127.0.0.1:39034 localEndPoint: 127.0.0.1:38723 after 1004 ms
TpTrace Verbose: 0 : 165606, 7, 2026/02/19, 11:04:27.050, 1120704144052272, vstest.console.dll, TcpClientExtensions.MessageLoopAsync: Polling on remoteEndPoint: 127.0.0.1:39034 localEndPoint: 127.0.0.1:38723 after 1004 ms
TpTrace Verbose: 0 : 165606, 7, 2026/02/19, 11:04:28.055, 1120705149041893, vstest.console.dll, TcpClientExtensions.MessageLoopAsync: Polling on remoteEndPoint: 127.0.0.1:39034 localEndPoint: 127.0.0.1:38723 after 1004 ms
TpTrace Verbose: 0 : 165606, 7, 2026/02/19, 11:04:29.060, 1120706154158494, vstest.console.dll, TcpClientExtensions.MessageLoopAsync: Polling on remoteEndPoint: 127.0.0.1:39034 localEndPoint: 127.0.0.1:38723 after 1005 ms
TpTrace Verbose: 0 : 165606, 7, 2026/02/19, 11:04:30.063, 1120707156553202, vstest.console.dll, TcpClientExtensions.MessageLoopAsync: Polling on remoteEndPoint: 127.0.0.1:39034 localEndPoint: 127.0.0.1:38723 after 1002 ms
TpTrace Verbose: 0 : 165606, 7, 2026/02/19, 11:04:31.067, 1120708161027689, vstest.console.dll, TcpClientExtensions.MessageLoopAsync: Polling on remoteEndPoint: 127.0.0.1:39034 localEndPoint: 127.0.0.1:38723 after 1004 ms
TpTrace Verbose: 0 : 165606, 7, 2026/02/19, 11:04:32.072, 1120709166059231, vstest.console.dll, TcpClientExtensions.MessageLoopAsync: Polling on remoteEndPoint: 127.0.0.1:39034 localEndPoint: 127.0.0.1:38723 after 1004 ms
TpTrace Verbose: 0 : 165606, 7, 2026/02/19, 11:04:33.077, 1120710171064593, vstest.console.dll, TcpClientExtensions.MessageLoopAsync: Polling on remoteEndPoint: 127.0.0.1:39034 localEndPoint: 127.0.0.1:38723 after 1004 ms
TpTrace Verbose: 0 : 165606, 7, 2026/02/19, 11:04:34.082, 1120711176067817, vstest.console.dll, TcpClientExtensions.MessageLoopAsync: Polling on remoteEndPoint: 127.0.0.1:39034 localEndPoint: 127.0.0.1:38723 after 1004 ms
TpTrace Verbose: 0 : 165606, 7, 2026/02/19, 11:04:35.087, 1120712181021187, vstest.console.dll, TcpClientExtensions.MessageLoopAsync: Polling on remoteEndPoint: 127.0.0.1:39034 localEndPoint: 127.0.0.1:38723 after 1004 ms
TpTrace Verbose: 0 : 165606, 7, 2026/02/19, 11:04:36.092, 1120713186035241, vstest.console.dll, TcpClientExtensions.MessageLoopAsync: Polling on remoteEndPoint: 127.0.0.1:39034 localEndPoint: 127.0.0.1:38723 after 1004 ms
TpTrace Verbose: 0 : 165606, 7, 2026/02/19, 11:04:37.097, 1120714191028587, vstest.console.dll, TcpClientExtensions.MessageLoopAsync: Polling on remoteEndPoint: 127.0.0.1:39034 localEndPoint: 127.0.0.1:38723 after 1004 ms
TpTrace Verbose: 0 : 165606, 7, 2026/02/19, 11:04:38.102, 1120715196025598, vstest.console.dll, TcpClientExtensions.MessageLoopAsync: Polling on remoteEndPoint: 127.0.0.1:39034 localEndPoint: 127.0.0.1:38723 after 1004 ms
TpTrace Verbose: 0 : 165606, 7, 2026/02/19, 11:04:39.107, 1120716201054901, vstest.console.dll, TcpClientExtensions.MessageLoopAsync: Polling on remoteEndPoint: 127.0.0.1:39034 localEndPoint: 127.0.0.1:38723 after 1004 ms
TpTrace Verbose: 0 : 165606, 7, 2026/02/19, 11:04:40.112, 1120717206094934, vstest.console.dll, TcpClientExtensions.MessageLoopAsync: Polling on remoteEndPoint: 127.0.0.1:39034 localEndPoint: 127.0.0.1:38723 after 1004 ms
TpTrace Verbose: 0 : 165606, 7, 2026/02/19, 11:04:41.117, 1120718211128997, vstest.console.dll, TcpClientExtensions.MessageLoopAsync: Polling on remoteEndPoint: 127.0.0.1:39034 localEndPoint: 127.0.0.1:38723 after 1004 ms
TpTrace Verbose: 0 : 165606, 7, 2026/02/19, 11:04:42.123, 1120719217025811, vstest.console.dll, TcpClientExtensions.MessageLoopAsync: Polling on remoteEndPoint: 127.0.0.1:39034 localEndPoint: 127.0.0.1:38723 after 1005 ms
TpTrace Verbose: 0 : 165606, 7, 2026/02/19, 11:04:43.128, 1120720222099260, vstest.console.dll, TcpClientExtensions.MessageLoopAsync: Polling on remoteEndPoint: 127.0.0.1:39034 localEndPoint: 127.0.0.1:38723 after 1004 ms
TpTrace Verbose: 0 : 165606, 7, 2026/02/19, 11:04:44.135, 1120721229025524, vstest.console.dll, TcpClientExtensions.MessageLoopAsync: Polling on remoteEndPoint: 127.0.0.1:39034 localEndPoint: 127.0.0.1:38723 after 1006 ms
TpTrace Verbose: 0 : 165606, 7, 2026/02/19, 11:04:45.140, 1120722234038781, vstest.console.dll, TcpClientExtensions.MessageLoopAsync: Polling on remoteEndPoint: 127.0.0.1:39034 localEndPoint: 127.0.0.1:38723 after 1004 ms
TpTrace Verbose: 0 : 165606, 7, 2026/02/19, 11:04:46.145, 1120723239059300, vstest.console.dll, TcpClientExtensions.MessageLoopAsync: Polling on remoteEndPoint: 127.0.0.1:39034 localEndPoint: 127.0.0.1:38723 after 1004 ms
TpTrace Verbose: 0 : 165606, 7, 2026/02/19, 11:04:47.150, 1120724244028904, vstest.console.dll, TcpClientExtensions.MessageLoopAsync: Polling on remoteEndPoint: 127.0.0.1:39034 localEndPoint: 127.0.0.1:38723 after 1004 ms
TpTrace Verbose: 0 : 165606, 7, 2026/02/19, 11:04:48.155, 1120725249033733, vstest.console.dll, TcpClientExtensions.MessageLoopAsync: Polling on remoteEndPoint: 127.0.0.1:39034 localEndPoint: 127.0.0.1:38723 after 1004 ms
TpTrace Verbose: 0 : 165606, 7, 2026/02/19, 11:04:49.161, 1120726255249721, vstest.console.dll, TcpClientExtensions.MessageLoopAsync: Polling on remoteEndPoint: 127.0.0.1:39034 localEndPoint: 127.0.0.1:38723 after 1005 ms
TpTrace Verbose: 0 : 165606, 7, 2026/02/19, 11:04:50.166, 1120727260138741, vstest.console.dll, TcpClientExtensions.MessageLoopAsync: Polling on remoteEndPoint: 127.0.0.1:39034 localEndPoint: 127.0.0.1:38723 after 1004 ms
TpTrace Verbose: 0 : 165606, 7, 2026/02/19, 11:04:51.171, 1120728265029522, vstest.console.dll, TcpClientExtensions.MessageLoopAsync: Polling on remoteEndPoint: 127.0.0.1:39034 localEndPoint: 127.0.0.1:38723 after 1004 ms
TpTrace Verbose: 0 : 165606, 7, 2026/02/19, 11:04:52.176, 1120729270037793, vstest.console.dll, TcpClientExtensions.MessageLoopAsync: Polling on remoteEndPoint: 127.0.0.1:39034 localEndPoint: 127.0.0.1:38723 after 1004 ms
TpTrace Verbose: 0 : 165606, 7, 2026/02/19, 11:04:53.183, 1120730277097602, vstest.console.dll, TcpClientExtensions.MessageLoopAsync: Polling on remoteEndPoint: 127.0.0.1:39034 localEndPoint: 127.0.0.1:38723 after 1006 ms
TpTrace Verbose: 0 : 165606, 7, 2026/02/19, 11:04:54.188, 1120731282065766, vstest.console.dll, TcpClientExtensions.MessageLoopAsync: Polling on remoteEndPoint: 127.0.0.1:39034 localEndPoint: 127.0.0.1:38723 after 1004 ms
TpTrace Verbose: 0 : 165606, 7, 2026/02/19, 11:04:55.194, 1120732287953607, vstest.console.dll, TcpClientExtensions.MessageLoopAsync: Polling on remoteEndPoint: 127.0.0.1:39034 localEndPoint: 127.0.0.1:38723 after 1005 ms
TpTrace Verbose: 0 : 165606, 7, 2026/02/19, 11:04:56.199, 1120733293028012, vstest.console.dll, TcpClientExtensions.MessageLoopAsync: Polling on remoteEndPoint: 127.0.0.1:39034 localEndPoint: 127.0.0.1:38723 after 1004 ms
TpTrace Verbose: 0 : 165606, 7, 2026/02/19, 11:04:57.204, 1120734298178635, vstest.console.dll, TcpClientExtensions.MessageLoopAsync: Polling on remoteEndPoint: 127.0.0.1:39034 localEndPoint: 127.0.0.1:38723 after 1004 ms
TpTrace Verbose: 0 : 165606, 7, 2026/02/19, 11:04:58.209, 1120735303049622, vstest.console.dll, TcpClientExtensions.MessageLoopAsync: Polling on remoteEndPoint: 127.0.0.1:39034 localEndPoint: 127.0.0.1:38723 after 1004 ms
TpTrace Verbose: 0 : 165606, 7, 2026/02/19, 11:04:59.214, 1120736308045638, vstest.console.dll, TcpClientExtensions.MessageLoopAsync: Polling on remoteEndPoint: 127.0.0.1:39034 localEndPoint: 127.0.0.1:38723 after 1004 ms
TpTrace Verbose: 0 : 165606, 7, 2026/02/19, 11:05:00.219, 1120737313034169, vstest.console.dll, TcpClientExtensions.MessageLoopAsync: Polling on remoteEndPoint: 127.0.0.1:39034 localEndPoint: 127.0.0.1:38723 after 1004 ms
TpTrace Verbose: 0 : 165606, 7, 2026/02/19, 11:05:01.225, 1120738318850296, vstest.console.dll, TcpClientExtensions.MessageLoopAsync: Polling on remoteEndPoint: 127.0.0.1:39034 localEndPoint: 127.0.0.1:38723 after 1005 ms
TpTrace Verbose: 0 : 165606, 7, 2026/02/19, 11:05:02.230, 1120739324032395, vstest.console.dll, TcpClientExtensions.MessageLoopAsync: Polling on remoteEndPoint: 127.0.0.1:39034 localEndPoint: 127.0.0.1:38723 after 1004 ms
TpTrace Verbose: 0 : 165606, 7, 2026/02/19, 11:05:03.235, 1120740329038695, vstest.console.dll, TcpClientExtensions.MessageLoopAsync: Polling on remoteEndPoint: 127.0.0.1:39034 localEndPoint: 127.0.0.1:38723 after 1004 ms
TpTrace Verbose: 0 : 165606, 7, 2026/02/19, 11:05:04.240, 1120741334035142, vstest.console.dll, TcpClientExtensions.MessageLoopAsync: Polling on remoteEndPoint: 127.0.0.1:39034 localEndPoint: 127.0.0.1:38723 after 1004 ms
TpTrace Verbose: 0 : 165606, 7, 2026/02/19, 11:05:05.245, 1120742339317537, vstest.console.dll, TcpClientExtensions.MessageLoopAsync: Polling on remoteEndPoint: 127.0.0.1:39034 localEndPoint: 127.0.0.1:38723 after 1005 ms
TpTrace Verbose: 0 : 165606, 7, 2026/02/19, 11:05:06.251, 1120743345109388, vstest.console.dll, TcpClientExtensions.MessageLoopAsync: Polling on remoteEndPoint: 127.0.0.1:39034 localEndPoint: 127.0.0.1:38723 after 1004 ms
TpTrace Verbose: 0 : 165606, 7, 2026/02/19, 11:05:07.256, 1120744350054689, vstest.console.dll, TcpClientExtensions.MessageLoopAsync: Polling on remoteEndPoint: 127.0.0.1:39034 localEndPoint: 127.0.0.1:38723 after 1004 ms
TpTrace Verbose: 0 : 165606, 7, 2026/02/19, 11:05:08.261, 1120745355046523, vstest.console.dll, TcpClientExtensions.MessageLoopAsync: Polling on remoteEndPoint: 127.0.0.1:39034 localEndPoint: 127.0.0.1:38723 after 1004 ms
TpTrace Verbose: 0 : 165606, 7, 2026/02/19, 11:05:09.266, 1120746360050263, vstest.console.dll, TcpClientExtensions.MessageLoopAsync: Polling on remoteEndPoint: 127.0.0.1:39034 localEndPoint: 127.0.0.1:38723 after 1004 ms
TpTrace Verbose: 0 : 165606, 7, 2026/02/19, 11:05:10.271, 1120747365056919, vstest.console.dll, TcpClientExtensions.MessageLoopAsync: Polling on remoteEndPoint: 127.0.0.1:39034 localEndPoint: 127.0.0.1:38723 after 1004 ms
TpTrace Verbose: 0 : 165606, 7, 2026/02/19, 11:05:11.276, 1120748370121388, vstest.console.dll, TcpClientExtensions.MessageLoopAsync: Polling on remoteEndPoint: 127.0.0.1:39034 localEndPoint: 127.0.0.1:38723 after 1005 ms
TpTrace Verbose: 0 : 165606, 7, 2026/02/19, 11:05:12.281, 1120749375084776, vstest.console.dll, TcpClientExtensions.MessageLoopAsync: Polling on remoteEndPoint: 127.0.0.1:39034 localEndPoint: 127.0.0.1:38723 after 1004 ms
TpTrace Verbose: 0 : 165606, 7, 2026/02/19, 11:05:13.286, 1120750380040356, vstest.console.dll, TcpClientExtensions.MessageLoopAsync: Polling on remoteEndPoint: 127.0.0.1:39034 localEndPoint: 127.0.0.1:38723 after 1004 ms
TpTrace Verbose: 0 : 165606, 7, 2026/02/19, 11:05:14.291, 1120751385070879, vstest.console.dll, TcpClientExtensions.MessageLoopAsync: Polling on remoteEndPoint: 127.0.0.1:39034 localEndPoint: 127.0.0.1:38723 after 1004 ms
TpTrace Verbose: 0 : 165606, 7, 2026/02/19, 11:05:15.296, 1120752390049575, vstest.console.dll, TcpClientExtensions.MessageLoopAsync: Polling on remoteEndPoint: 127.0.0.1:39034 localEndPoint: 127.0.0.1:38723 after 1004 ms
TpTrace Verbose: 0 : 165606, 7, 2026/02/19, 11:05:16.301, 1120753395035967, vstest.console.dll, TcpClientExtensions.MessageLoopAsync: Polling on remoteEndPoint: 127.0.0.1:39034 localEndPoint: 127.0.0.1:38723 after 1004 ms
TpTrace Verbose: 0 : 165606, 7, 2026/02/19, 11:05:17.306, 1120754400036940, vstest.console.dll, TcpClientExtensions.MessageLoopAsync: Polling on remoteEndPoint: 127.0.0.1:39034 localEndPoint: 127.0.0.1:38723 after 1004 ms
TpTrace Verbose: 0 : 165606, 7, 2026/02/19, 11:05:18.312, 1120755406040542, vstest.console.dll, TcpClientExtensions.MessageLoopAsync: Polling on remoteEndPoint: 127.0.0.1:39034 localEndPoint: 127.0.0.1:38723 after 1004 ms
TpTrace Verbose: 0 : 165606, 7, 2026/02/19, 11:05:19.317, 1120756411087673, vstest.console.dll, TcpClientExtensions.MessageLoopAsync: Polling on remoteEndPoint: 127.0.0.1:39034 localEndPoint: 127.0.0.1:38723 after 1004 ms
TpTrace Verbose: 0 : 165606, 7, 2026/02/19, 11:05:20.322, 1120757416045284, vstest.console.dll, TcpClientExtensions.MessageLoopAsync: Polling on remoteEndPoint: 127.0.0.1:39034 localEndPoint: 127.0.0.1:38723 after 1004 ms
TpTrace Verbose: 0 : 165606, 7, 2026/02/19, 11:05:21.328, 1120758422025388, vstest.console.dll, TcpClientExtensions.MessageLoopAsync: Polling on remoteEndPoint: 127.0.0.1:39034 localEndPoint: 127.0.0.1:38723 after 1005 ms
TpTrace Verbose: 0 : 165606, 7, 2026/02/19, 11:05:22.333, 1120759427065822, vstest.console.dll, TcpClientExtensions.MessageLoopAsync: Polling on remoteEndPoint: 127.0.0.1:39034 localEndPoint: 127.0.0.1:38723 after 1004 ms
TpTrace Verbose: 0 : 165606, 7, 2026/02/19, 11:05:23.338, 1120760432132630, vstest.console.dll, TcpClientExtensions.MessageLoopAsync: Polling on remoteEndPoint: 127.0.0.1:39034 localEndPoint: 127.0.0.1:38723 after 1005 ms
TpTrace Verbose: 0 : 165606, 7, 2026/02/19, 11:05:24.343, 1120761437063416, vstest.console.dll, TcpClientExtensions.MessageLoopAsync: Polling on remoteEndPoint: 127.0.0.1:39034 localEndPoint: 127.0.0.1:38723 after 1004 ms
TpTrace Verbose: 0 : 165606, 7, 2026/02/19, 11:05:25.348, 1120762442062878, vstest.console.dll, TcpClientExtensions.MessageLoopAsync: Polling on remoteEndPoint: 127.0.0.1:39034 localEndPoint: 127.0.0.1:38723 after 1004 ms
TpTrace Verbose: 0 : 165606, 7, 2026/02/19, 11:05:26.353, 1120763447076728, vstest.console.dll, TcpClientExtensions.MessageLoopAsync: Polling on remoteEndPoint: 127.0.0.1:39034 localEndPoint: 127.0.0.1:38723 after 1004 ms
TpTrace Verbose: 0 : 165606, 7, 2026/02/19, 11:05:27.358, 1120764452029539, vstest.console.dll, TcpClientExtensions.MessageLoopAsync: Polling on remoteEndPoint: 127.0.0.1:39034 localEndPoint: 127.0.0.1:38723 after 1004 ms
TpTrace Verbose: 0 : 165606, 7, 2026/02/19, 11:05:28.363, 1120765457036505, vstest.console.dll, TcpClientExtensions.MessageLoopAsync: Polling on remoteEndPoint: 127.0.0.1:39034 localEndPoint: 127.0.0.1:38723 after 1004 ms
TpTrace Verbose: 0 : 165606, 7, 2026/02/19, 11:05:29.368, 1120766462158838, vstest.console.dll, TcpClientExtensions.MessageLoopAsync: Polling on remoteEndPoint: 127.0.0.1:39034 localEndPoint: 127.0.0.1:38723 after 1005 ms
TpTrace Verbose: 0 : 165606, 7, 2026/02/19, 11:05:30.373, 1120767467042280, vstest.console.dll, TcpClientExtensions.MessageLoopAsync: Polling on remoteEndPoint: 127.0.0.1:39034 localEndPoint: 127.0.0.1:38723 after 1004 ms
TpTrace Verbose: 0 : 165606, 7, 2026/02/19, 11:05:31.378, 1120768472086265, vstest.console.dll, TcpClientExtensions.MessageLoopAsync: Polling on remoteEndPoint: 127.0.0.1:39034 localEndPoint: 127.0.0.1:38723 after 1004 ms
TpTrace Verbose: 0 : 165606, 7, 2026/02/19, 11:05:32.383, 1120769477043850, vstest.console.dll, TcpClientExtensions.MessageLoopAsync: Polling on remoteEndPoint: 127.0.0.1:39034 localEndPoint: 127.0.0.1:38723 after 1004 ms
TpTrace Verbose: 0 : 165606, 7, 2026/02/19, 11:05:33.388, 1120770482025113, vstest.console.dll, TcpClientExtensions.MessageLoopAsync: Polling on remoteEndPoint: 127.0.0.1:39034 localEndPoint: 127.0.0.1:38723 after 1004 ms
TpTrace Verbose: 0 : 165606, 7, 2026/02/19, 11:05:34.393, 1120771487071255, vstest.console.dll, TcpClientExtensions.MessageLoopAsync: Polling on remoteEndPoint: 127.0.0.1:39034 localEndPoint: 127.0.0.1:38723 after 1004 ms
TpTrace Verbose: 0 : 165606, 7, 2026/02/19, 11:05:35.398, 1120772492027624, vstest.console.dll, TcpClientExtensions.MessageLoopAsync: Polling on remoteEndPoint: 127.0.0.1:39034 localEndPoint: 127.0.0.1:38723 after 1004 ms
TpTrace Verbose: 0 : 165606, 7, 2026/02/19, 11:05:36.401, 1120773495087627, vstest.console.dll, TcpClientExtensions.MessageLoopAsync: Polling on remoteEndPoint: 127.0.0.1:39034 localEndPoint: 127.0.0.1:38723 after 1002 ms
TpTrace Verbose: 0 : 165606, 7, 2026/02/19, 11:05:37.406, 1120774500025763, vstest.console.dll, TcpClientExtensions.MessageLoopAsync: Polling on remoteEndPoint: 127.0.0.1:39034 localEndPoint: 127.0.0.1:38723 after 1004 ms
TpTrace Verbose: 0 : 165606, 7, 2026/02/19, 11:05:38.411, 1120775505042879, vstest.console.dll, TcpClientExtensions.MessageLoopAsync: Polling on remoteEndPoint: 127.0.0.1:39034 localEndPoint: 127.0.0.1:38723 after 1004 ms
TpTrace Verbose: 0 : 165606, 7, 2026/02/19, 11:05:39.416, 1120776510035182, vstest.console.dll, TcpClientExtensions.MessageLoopAsync: Polling on remoteEndPoint: 127.0.0.1:39034 localEndPoint: 127.0.0.1:38723 after 1004 ms
TpTrace Verbose: 0 : 165606, 7, 2026/02/19, 11:05:40.421, 1120777515030785, vstest.console.dll, TcpClientExtensions.MessageLoopAsync: Polling on remoteEndPoint: 127.0.0.1:39034 localEndPoint: 127.0.0.1:38723 after 1004 ms
TpTrace Verbose: 0 : 165606, 7, 2026/02/19, 11:05:41.426, 1120778520065466, vstest.console.dll, TcpClientExtensions.MessageLoopAsync: Polling on remoteEndPoint: 127.0.0.1:39034 localEndPoint: 127.0.0.1:38723 after 1004 ms
TpTrace Verbose: 0 : 165606, 7, 2026/02/19, 11:05:42.431, 1120779525081151, vstest.console.dll, TcpClientExtensions.MessageLoopAsync: Polling on remoteEndPoint: 127.0.0.1:39034 localEndPoint: 127.0.0.1:38723 after 1004 ms
TpTrace Verbose: 0 : 165606, 7, 2026/02/19, 11:05:43.436, 1120780530072400, vstest.console.dll, TcpClientExtensions.MessageLoopAsync: Polling on remoteEndPoint: 127.0.0.1:39034 localEndPoint: 127.0.0.1:38723 after 1004 ms
TpTrace Verbose: 0 : 165606, 7, 2026/02/19, 11:05:44.441, 1120781535036553, vstest.console.dll, TcpClientExtensions.MessageLoopAsync: Polling on remoteEndPoint: 127.0.0.1:39034 localEndPoint: 127.0.0.1:38723 after 1004 ms
TpTrace Verbose: 0 : 165606, 7, 2026/02/19, 11:05:45.446, 1120782540112630, vstest.console.dll, TcpClientExtensions.MessageLoopAsync: Polling on remoteEndPoint: 127.0.0.1:39034 localEndPoint: 127.0.0.1:38723 after 1004 ms
TpTrace Verbose: 0 : 165606, 7, 2026/02/19, 11:05:46.451, 1120783545038871, vstest.console.dll, TcpClientExtensions.MessageLoopAsync: Polling on remoteEndPoint: 127.0.0.1:39034 localEndPoint: 127.0.0.1:38723 after 1004 ms
TpTrace Verbose: 0 : 165606, 7, 2026/02/19, 11:05:47.456, 1120784550060884, vstest.console.dll, TcpClientExtensions.MessageLoopAsync: Polling on remoteEndPoint: 127.0.0.1:39034 localEndPoint: 127.0.0.1:38723 after 1004 ms
TpTrace Verbose: 0 : 165606, 7, 2026/02/19, 11:05:48.461, 1120785555064816, vstest.console.dll, TcpClientExtensions.MessageLoopAsync: Polling on remoteEndPoint: 127.0.0.1:39034 localEndPoint: 127.0.0.1:38723 after 1004 ms
TpTrace Verbose: 0 : 165606, 7, 2026/02/19, 11:05:49.466, 1120786560046777, vstest.console.dll, TcpClientExtensions.MessageLoopAsync: Polling on remoteEndPoint: 127.0.0.1:39034 localEndPoint: 127.0.0.1:38723 after 1004 ms
TpTrace Verbose: 0 : 165606, 7, 2026/02/19, 11:05:50.471, 1120787565059489, vstest.console.dll, TcpClientExtensions.MessageLoopAsync: Polling on remoteEndPoint: 127.0.0.1:39034 localEndPoint: 127.0.0.1:38723 after 1004 ms
TpTrace Verbose: 0 : 165606, 7, 2026/02/19, 11:05:51.476, 1120788570182716, vstest.console.dll, TcpClientExtensions.MessageLoopAsync: Polling on remoteEndPoint: 127.0.0.1:39034 localEndPoint: 127.0.0.1:38723 after 1005 ms
TpTrace Verbose: 0 : 165606, 7, 2026/02/19, 11:05:52.482, 1120789575829736, vstest.console.dll, TcpClientExtensions.MessageLoopAsync: Polling on remoteEndPoint: 127.0.0.1:39034 localEndPoint: 127.0.0.1:38723 after 1005 ms
TpTrace Verbose: 0 : 165606, 7, 2026/02/19, 11:05:53.487, 1120790580843520, vstest.console.dll, TcpClientExtensions.MessageLoopAsync: Polling on remoteEndPoint: 127.0.0.1:39034 localEndPoint: 127.0.0.1:38723 after 1004 ms
TpTrace Verbose: 0 : 165606, 7, 2026/02/19, 11:05:54.491, 1120791585059022, vstest.console.dll, TcpClientExtensions.MessageLoopAsync: Polling on remoteEndPoint: 127.0.0.1:39034 localEndPoint: 127.0.0.1:38723 after 1004 ms
TpTrace Verbose: 0 : 165606, 7, 2026/02/19, 11:05:55.496, 1120792590039243, vstest.console.dll, TcpClientExtensions.MessageLoopAsync: Polling on remoteEndPoint: 127.0.0.1:39034 localEndPoint: 127.0.0.1:38723 after 1004 ms
TpTrace Verbose: 0 : 165606, 7, 2026/02/19, 11:05:56.501, 1120793595035862, vstest.console.dll, TcpClientExtensions.MessageLoopAsync: Polling on remoteEndPoint: 127.0.0.1:39034 localEndPoint: 127.0.0.1:38723 after 1004 ms
TpTrace Verbose: 0 : 165606, 7, 2026/02/19, 11:05:57.506, 1120794600033682, vstest.console.dll, TcpClientExtensions.MessageLoopAsync: Polling on remoteEndPoint: 127.0.0.1:39034 localEndPoint: 127.0.0.1:38723 after 1004 ms
TpTrace Verbose: 0 : 165606, 7, 2026/02/19, 11:05:58.516, 1120795610048062, vstest.console.dll, TcpClientExtensions.MessageLoopAsync: Polling on remoteEndPoint: 127.0.0.1:39034 localEndPoint: 127.0.0.1:38723 after 1009 ms
TpTrace Verbose: 0 : 165606, 7, 2026/02/19, 11:05:59.521, 1120796615029868, vstest.console.dll, TcpClientExtensions.MessageLoopAsync: Polling on remoteEndPoint: 127.0.0.1:39034 localEndPoint: 127.0.0.1:38723 after 1004 ms
TpTrace Verbose: 0 : 165606, 7, 2026/02/19, 11:06:00.526, 1120797620035505, vstest.console.dll, TcpClientExtensions.MessageLoopAsync: Polling on remoteEndPoint: 127.0.0.1:39034 localEndPoint: 127.0.0.1:38723 after 1004 ms
TpTrace Verbose: 0 : 165606, 7, 2026/02/19, 11:06:01.531, 1120798625199672, vstest.console.dll, TcpClientExtensions.MessageLoopAsync: Polling on remoteEndPoint: 127.0.0.1:39034 localEndPoint: 127.0.0.1:38723 after 1004 ms
TpTrace Verbose: 0 : 165606, 7, 2026/02/19, 11:06:02.536, 1120799630290255, vstest.console.dll, TcpClientExtensions.MessageLoopAsync: Polling on remoteEndPoint: 127.0.0.1:39034 localEndPoint: 127.0.0.1:38723 after 1004 ms
TpTrace Verbose: 0 : 165606, 7, 2026/02/19, 11:06:03.541, 1120800635046758, vstest.console.dll, TcpClientExtensions.MessageLoopAsync: Polling on remoteEndPoint: 127.0.0.1:39034 localEndPoint: 127.0.0.1:38723 after 1004 ms
TpTrace Verbose: 0 : 165606, 7, 2026/02/19, 11:06:04.546, 1120801640049197, vstest.console.dll, TcpClientExtensions.MessageLoopAsync: Polling on remoteEndPoint: 127.0.0.1:39034 localEndPoint: 127.0.0.1:38723 after 1004 ms
TpTrace Verbose: 0 : 165606, 7, 2026/02/19, 11:06:05.551, 1120802645037356, vstest.console.dll, TcpClientExtensions.MessageLoopAsync: Polling on remoteEndPoint: 127.0.0.1:39034 localEndPoint: 127.0.0.1:38723 after 1004 ms
TpTrace Verbose: 0 : 165606, 7, 2026/02/19, 11:06:06.556, 1120803650075432, vstest.console.dll, TcpClientExtensions.MessageLoopAsync: Polling on remoteEndPoint: 127.0.0.1:39034 localEndPoint: 127.0.0.1:38723 after 1004 ms
TpTrace Verbose: 0 : 165606, 7, 2026/02/19, 11:06:07.561, 1120804655077590, vstest.console.dll, TcpClientExtensions.MessageLoopAsync: Polling on remoteEndPoint: 127.0.0.1:39034 localEndPoint: 127.0.0.1:38723 after 1004 ms
TpTrace Verbose: 0 : 165606, 7, 2026/02/19, 11:06:08.566, 1120805660066953, vstest.console.dll, TcpClientExtensions.MessageLoopAsync: Polling on remoteEndPoint: 127.0.0.1:39034 localEndPoint: 127.0.0.1:38723 after 1004 ms
TpTrace Verbose: 0 : 165606, 7, 2026/02/19, 11:06:09.568, 1120806662042298, vstest.console.dll, TcpClientExtensions.MessageLoopAsync: Polling on remoteEndPoint: 127.0.0.1:39034 localEndPoint: 127.0.0.1:38723 after 1001 ms
TpTrace Verbose: 0 : 165606, 7, 2026/02/19, 11:06:10.573, 1120807667163568, vstest.console.dll, TcpClientExtensions.MessageLoopAsync: Polling on remoteEndPoint: 127.0.0.1:39034 localEndPoint: 127.0.0.1:38723 after 1005 ms
TpTrace Verbose: 0 : 165606, 7, 2026/02/19, 11:06:11.578, 1120808672154389, vstest.console.dll, TcpClientExtensions.MessageLoopAsync: Polling on remoteEndPoint: 127.0.0.1:39034 localEndPoint: 127.0.0.1:38723 after 1004 ms
TpTrace Verbose: 0 : 165606, 7, 2026/02/19, 11:06:12.583, 1120809677028934, vstest.console.dll, TcpClientExtensions.MessageLoopAsync: Polling on remoteEndPoint: 127.0.0.1:39034 localEndPoint: 127.0.0.1:38723 after 1004 ms
